 MFCEdit

 Timestamp is 6836a58c (Wed May 28 14:56:28 2025)

 Preferred load address is 0000000140000000

 Start         Length     Name                   Class
 0001:00000000 000000b0H .text$di                CODE
 0001:000000b0 00013e80H .text$mn                CODE
 0001:00013f30 00000040H .text$mn$00             CODE
 0001:00013f70 00000d40H .text$x                 CODE
 0001:00014cb0 00000087H .text$yd                CODE
 0002:00000000 00001108H .idata$5                DATA
 0002:00001108 00000038H .00cfg                  DATA
 0002:00001140 00000008H .CRT$XCA                DATA
 0002:00001148 00000008H .CRT$XCAA               DATA
 0002:00001150 00000018H .CRT$XCL                DATA
 0002:00001168 00000010H .CRT$XCU                DATA
 0002:00001178 00000008H .CRT$XCZ                DATA
 0002:00001180 00000008H .CRT$XIA                DATA
 0002:00001188 00000008H .CRT$XIAA               DATA
 0002:00001190 00000008H .CRT$XIAC               DATA
 0002:00001198 00000008H .CRT$XIZ                DATA
 0002:000011a0 00000008H .CRT$XLA                DATA
 0002:000011a8 00000008H .CRT$XLZ                DATA
 0002:000011b0 00000008H .CRT$XPA                DATA
 0002:000011b8 00000008H .CRT$XPZ                DATA
 0002:000011c0 00000008H .CRT$XTA                DATA
 0002:000011c8 00000018H .CRT$XTZ                DATA
 0002:000011d0 00000000H .gehcont$y              DATA
 0002:000011d0 00000000H .gfids$y                DATA
 0002:000011e0 000050a0H .rdata                  DATA
 0002:00006280 00000000H .rdata$CastGuardVftablesA DATA
 0002:00006280 00000000H .rdata$CastGuardVftablesC DATA
 0002:00006280 00000030H .rdata$T                DATA
 0002:000062b0 00002134H .rdata$r                DATA
 0002:000083e4 00000094H .rdata$voltmd           DATA
 0002:00008478 000003e8H .rdata$zzzdbg           DATA
 0002:00008860 00000008H .rtc$IAA                DATA
 0002:00008868 00000008H .rtc$IZZ                DATA
 0002:00008870 00000008H .rtc$TAA                DATA
 0002:00008878 00000008H .rtc$TZZ                DATA
 0002:00008880 00000004H .tls                    DATA
 0002:00008884 00000004H .tls$                   DATA
 0002:00008888 00000008H .tls$ZZZ                DATA
 0002:00008890 000020a8H .xdata                  DATA
 0002:0000a938 00000250H .xdata$x                DATA
 0002:0000ab88 00000000H ATL$__a                 DATA
 0002:0000ab88 00000000H ATL$__z                 DATA
 0002:0000ab88 00000000H .edata                  DATA
 0002:0000ab88 00000168H .idata$2                DATA
 0002:0000acf0 00000018H .idata$3                DATA
 0002:0000ad08 00001108H .idata$4                DATA
 0002:0000be10 00001738H .idata$6                DATA
 0003:00000000 000000f0H .data                   DATA
 0003:000000f0 00000200H .data$r                 DATA
 0003:000002f0 00000c50H .data$rs                DATA
 0003:00000f40 00000828H .bss                    DATA
 0004:00000000 00001488H .pdata                  DATA
 0005:00000000 00000920H .rsrc$01                DATA
 0005:00000920 000135c8H .rsrc$02                DATA

  Address         Publics by Value              Rva+Base               Lib:Object

 0000:00000000       __AbsoluteZero             0000000000000000     <absolute>
 0000:00000000       ___safe_se_handler_count   0000000000000000     <absolute>
 0000:00000000       ___safe_se_handler_table   0000000000000000     <absolute>
 0000:00000000       __arm64x_extra_rfe_table   0000000000000000     <absolute>
 0000:00000000       __arm64x_extra_rfe_table_size 0000000000000000     <absolute>
 0000:00000000       __arm64x_native_entrypoint 0000000000000000     <absolute>
 0000:00000000       __arm64x_redirection_metadata 0000000000000000     <absolute>
 0000:00000000       __arm64x_redirection_metadata_count 0000000000000000     <absolute>
 0000:00000000       __dynamic_value_reloc_table 0000000000000000     <absolute>
 0000:00000000       __enclave_config           0000000000000000     <absolute>
 0000:00000000       __guard_check_icall_a64n_fptr 0000000000000000     <absolute>
 0000:00000000       __guard_eh_cont_count      0000000000000000     <absolute>
 0000:00000000       __guard_eh_cont_table      0000000000000000     <absolute>
 0000:00000000       __guard_fids_count         0000000000000000     <absolute>
 0000:00000000       __guard_fids_table         0000000000000000     <absolute>
 0000:00000000       __guard_iat_count          0000000000000000     <absolute>
 0000:00000000       __guard_iat_table          0000000000000000     <absolute>
 0000:00000000       __guard_longjmp_count      0000000000000000     <absolute>
 0000:00000000       __guard_longjmp_table      0000000000000000     <absolute>
 0000:00000000       __hybrid_auxiliary_delayload_iat 0000000000000000     <absolute>
 0000:00000000       __hybrid_auxiliary_delayload_iat_copy 0000000000000000     <absolute>
 0000:00000000       __hybrid_auxiliary_iat     0000000000000000     <absolute>
 0000:00000000       __hybrid_auxiliary_iat_copy 0000000000000000     <absolute>
 0000:00000000       __hybrid_code_map          0000000000000000     <absolute>
 0000:00000000       __hybrid_code_map_count    0000000000000000     <absolute>
 0000:00000000       __hybrid_image_info_bitfield 0000000000000000     <absolute>
 0000:00000000       __x64_code_ranges_to_entry_points 0000000000000000     <absolute>
 0000:00000000       __x64_code_ranges_to_entry_points_count 0000000000000000     <absolute>
 0000:00000100       __guard_flags              0000000000000100     <absolute>
 0000:00000000       __ImageBase                0000000140000000     <linker-defined>
 0001:000000b0       ?CreateObject@CMainFrame@@SAPEAVCObject@@XZ 00000001400010b0 f   MainFrm.obj
 0001:00000120       ?_GetBaseClass@CMainFrame@@KAPEAUCRuntimeClass@@XZ 0000000140001120 f   MainFrm.obj
 0001:00000130       ?GetRuntimeClass@CMainFrame@@UEBAPEAUCRuntimeClass@@XZ 0000000140001130 f   MainFrm.obj
 0001:00000140       ?GetMessageMap@CMainFrame@@MEBAPEBUAFX_MSGMAP@@XZ 0000000140001140 f   MainFrm.obj
 0001:00000150       ??_ECMainFrame@@UEAAPEAXI@Z 0000000140001150 f i * CIL library *:* CIL module *
 0001:00000150       ??_GCMainFrame@@UEAAPEAXI@Z 0000000140001150 f i MainFrm.obj
 0001:000001d0       ?OnCreate@CMainFrame@@IEAAHPEAUtagCREATESTRUCTW@@@Z 00000001400011d0 f   MainFrm.obj
 0001:000002f0       ?PreCreateWindow@CMainFrame@@UEAAHAEAUtagCREATESTRUCTW@@@Z 00000001400012f0 f   MainFrm.obj
 0001:00000310       ?AssertValid@CObject@@UEBAXXZ 0000000140001310 f i MainFrm.obj
 0001:00000310       ?Clear@CVARIANTTool@@UEAAXXZ 0000000140001310 f i MFCEditView.obj
 0001:00000310       ?Clear@IVARIANTApplication@@UEAAXXZ 0000000140001310 f i MFCEditView.obj
 0001:00000310       ?DoDataExchange@CAboutDlg@@MEAAXPEAVCDataExchange@@@Z 0000000140001310 f i MFCEdit.obj
 0001:00000310       ?DoDataExchange@CWnd@@MEAAXPEAVCDataExchange@@@Z 0000000140001310 f i MainFrm.obj
 0001:00000310       ?Dump@CObject@@UEBAXAEAVCDumpContext@@@Z 0000000140001310 f i MainFrm.obj
 0001:00000310       ?InitializeSearchContent@CDocument@@UEAAXXZ 0000000140001310 f i MFCEditDoc.obj
 0001:00000310       ?OnBeforeRichPreviewFontChanged@CDocument@@UEAAXXZ 0000000140001310 f i MFCEditDoc.obj
 0001:00000310       ?OnRichPreviewBackColorChanged@CDocument@@UEAAXXZ 0000000140001310 f i MFCEditDoc.obj
 0001:00000310       ?OnRichPreviewFontChanged@CDocument@@UEAAXXZ 0000000140001310 f i MFCEditDoc.obj
 0001:00000310       ?OnRichPreviewSiteChanged@CDocument@@UEAAXXZ 0000000140001310 f i MFCEditDoc.obj
 0001:00000310       ?OnRichPreviewTextColorChanged@CDocument@@UEAAXXZ 0000000140001310 f i MFCEditDoc.obj
 0001:00000310       ?Serialize@CMFCEditDoc@@UEAAXAEAVCArchive@@@Z 0000000140001310 f i MFCEditDoc.obj
 0001:00000310       ?Serialize@CObject@@UEAAXAEAVCArchive@@@Z 0000000140001310 f i MainFrm.obj
 0001:00000310       ?__empty_global_delete@@YAXPEAX_K@Z 0000000140001310 f i MainFrm.obj
 0001:00000310       ?__global_delete@@YAXPEAX_K@Z 0000000140001310 f i * CIL library *:* CIL module *
 0001:00000310       _guard_check_icall_nop     0000000140001310 f i msvcrt:guard_support.obj
 0001:00000310       _initialize_denormal_control 0000000140001310 f i msvcrt:denormal_control.obj
 0001:00000310       _initialize_invalid_parameter_handler 0000000140001310 f i msvcrt:invalid_parameter_handler.obj
 0001:00000320       ?GetTrackingID@CFrameWnd@@UEAAIXZ 0000000140001320 f i MainFrm.obj
 0001:00000330       ??3CObject@@SAXPEAX@Z      0000000140001330 f i MainFrm.obj
 0001:00000340       ?GetMessageMap@CMFCEditApp@@MEBAPEBUAFX_MSGMAP@@XZ 0000000140001340 f   MFCEdit.obj
 0001:00000350       ??_ECMFCEditApp@@UEAAPEAXI@Z 0000000140001350 f i * CIL library *:* CIL module *
 0001:00000350       ??_GCMFCEditApp@@UEAAPEAXI@Z 0000000140001350 f i MFCEdit.obj
 0001:000003a0       ?InitInstance@CMFCEditApp@@UEAAHXZ 00000001400013a0 f   MFCEdit.obj
 0001:00000540       ?ExitInstance@CMFCEditApp@@UEAAHXZ 0000000140001540 f   MFCEdit.obj
 0001:00000560       ??_ECAboutDlg@@UEAAPEAXI@Z 0000000140001560 f i * CIL library *:* CIL module *
 0001:00000560       ??_GCAboutDlg@@UEAAPEAXI@Z 0000000140001560 f i MFCEdit.obj
 0001:000005e0       ??1CAboutDlg@@UEAA@XZ      00000001400015e0 f i MFCEdit.obj
 0001:00000620       ?GetMessageMap@CAboutDlg@@MEBAPEBUAFX_MSGMAP@@XZ 0000000140001620 f   MFCEdit.obj
 0001:00000630       ?OnAppAbout@CMFCEditApp@@QEAAXXZ 0000000140001630 f   MFCEdit.obj
 0001:000006e0       ?Create@CDialog@@UEAAHIPEAVCWnd@@@Z 00000001400016e0 f i MFCEdit.obj
 0001:000006f0       ?EndModalState@CWnd@@UEAAXXZ 00000001400016f0 f i MFCEdit.obj
 0001:00000700       ?BeginModalState@CWnd@@UEAAXXZ 0000000140001700 f i MFCEdit.obj
 0001:00000710       ?GetApplicationRecoveryPingInterval@CWinApp@@UEAAKXZ 0000000140001710 f i MFCEdit.obj
 0001:00000720       ?GetApplicationRecoveryParameter@CWinApp@@UEAAPEAXXZ 0000000140001720 f i MFCEdit.obj
 0001:00000720       ?GetApplicationRestartFlags@CWinApp@@UEAAKXZ 0000000140001720 f i MFCEdit.obj
 0001:00000720       ?_Get_deleter@_Ref_count_base@std@@UEBAPEAXAEBVtype_info@@@Z 0000000140001720 f i MFCEditView.obj
 0001:00000720       __scrt_exe_initialize_mta  0000000140001720 f i msvcrt:utility_desktop.obj
 0001:00000720       __scrt_initialize_winrt    0000000140001720 f i msvcrt:utility_desktop.obj
 0001:00000720       __scrt_stub_for_initialize_mta 0000000140001720 f i msvcrt:utility_desktop.obj
 0001:00000720       _get_startup_commit_mode   0000000140001720 f i msvcrt:commit_mode.obj
 0001:00000720       _get_startup_new_mode      0000000140001720 f i msvcrt:new_mode.obj
 0001:00000720       _get_startup_thread_locale_mode 0000000140001720 f i msvcrt:thread_locale.obj
 0001:00000720       _matherr                   0000000140001720 f i msvcrt:matherr.obj
 0001:00000730       ?RestoreAutosavedFilesAtRestart@CWinApp@@UEBAHXZ 0000000140001730 f i MFCEdit.obj
 0001:00000740       ?ReopenPreviousFilesAtRestart@CWinApp@@UEBAHXZ 0000000140001740 f i MFCEdit.obj
 0001:00000750       ?SupportsAutosaveAtInterval@CWinApp@@UEBAHXZ 0000000140001750 f i MFCEdit.obj
 0001:00000760       ?SupportsAutosaveAtRestart@CWinApp@@UEBAHXZ 0000000140001760 f i MFCEdit.obj
 0001:00000770       ?SupportsApplicationRecovery@CWinApp@@UEBAHXZ 0000000140001770 f i MFCEdit.obj
 0001:00000780       ?SupportsRestartManager@CWinApp@@UEBAHXZ 0000000140001780 f i MFCEdit.obj
 0001:00000790       ??_ECBrush@@UEAAPEAXI@Z    0000000140001790 f i * CIL library *:* CIL module *
 0001:00000790       ??_GCBrush@@UEAAPEAXI@Z    0000000140001790 f i MFCEdit.obj
 0001:000007f0       ??_ECGdiObject@@UEAAPEAXI@Z 00000001400017f0 f i * CIL library *:* CIL module *
 0001:000007f0       ??_GCGdiObject@@UEAAPEAXI@Z 00000001400017f0 f i MFCEdit.obj
 0001:00000840       ??1CGdiObject@@UEAA@XZ     0000000140001840 f i MFCEdit.obj
 0001:00000890       ?CreateObject@CMFCEditDoc@@SAPEAVCObject@@XZ 0000000140001890 f   MFCEditDoc.obj
 0001:000008e0       ?_GetBaseClass@CMFCEditDoc@@KAPEAUCRuntimeClass@@XZ 00000001400018e0 f   MFCEditDoc.obj
 0001:000008f0       ?GetRuntimeClass@CMFCEditDoc@@UEBAPEAUCRuntimeClass@@XZ 00000001400018f0 f   MFCEditDoc.obj
 0001:00000900       ?GetMessageMap@CMFCEditDoc@@MEBAPEBUAFX_MSGMAP@@XZ 0000000140001900 f   MFCEditDoc.obj
 0001:00000910       ??_ECMFCEditDoc@@UEAAPEAXI@Z 0000000140001910 f i * CIL library *:* CIL module *
 0001:00000910       ??_GCMFCEditDoc@@UEAAPEAXI@Z 0000000140001910 f i MFCEditDoc.obj
 0001:00000970       ?OnNewDocument@CMFCEditDoc@@UEAAHXZ 0000000140001970 f   MFCEditDoc.obj
 0001:00000990       ?SetModifiedFlag@CDocument@@UEAAXH@Z 0000000140001990 f i MFCEditDoc.obj
 0001:000009a0       ?IsModified@CDocument@@UEAAHXZ 00000001400019a0 f i MFCEditDoc.obj
 0001:000009b0       ??_ECDocumentAdapter@CDocument@@UEAAPEAXI@Z 00000001400019b0 f i * CIL library *:* CIL module *
 0001:000009b0       ??_GCDocumentAdapter@CDocument@@UEAAPEAXI@Z 00000001400019b0 f i MFCEditDoc.obj
 0001:00000a10       ??_EIDocument@ATL@@UEAAPEAXI@Z 0000000140001a10 f i * CIL library *:* CIL module *
 0001:00000a10       ??_GIDocument@ATL@@UEAAPEAXI@Z 0000000140001a10 f i MFCEditDoc.obj
 0001:00000a40       ?Release@IDocument@ATL@@UEAAJXZ 0000000140001a40 f i MFCEditDoc.obj
 0001:00000a80       ?LoadFromStream@CDocumentAdapter@CDocument@@UEAAJPEAUIStream@@K@Z 0000000140001a80 f i MFCEditDoc.obj
 0001:00000b00       ?InitializeSearchContent@CDocumentAdapter@CDocument@@UEAAXXZ 0000000140001b00 f i MFCEditDoc.obj
 0001:00000b20       ?BeginReadChunks@CDocumentAdapter@CDocument@@UEAAXXZ 0000000140001b20 f i MFCEditDoc.obj
 0001:00000b40       ?GetThumbnail@CDocumentAdapter@CDocument@@UEAAHIPEAPEAUHBITMAP__@@PEAW4WTS_ALPHATYPE@@@Z 0000000140001b40 f i MFCEditDoc.obj
 0001:00000b60       ?ClearChunkList@CDocumentAdapter@CDocument@@UEAAXXZ 0000000140001b60 f i MFCEditDoc.obj
 0001:00000b80       ?SetChunkValue@CDocumentAdapter@CDocument@@UEAAHPEAUIFilterChunkValue@ATL@@@Z 0000000140001b80 f i MFCEditDoc.obj
 0001:00000ba0       ?ReadNextChunkValue@CDocumentAdapter@CDocument@@UEAAHPEAPEAUIFilterChunkValue@ATL@@@Z 0000000140001ba0 f i MFCEditDoc.obj
 0001:00000bc0       ?RemoveChunk@CDocumentAdapter@CDocument@@UEAAXAEBU_GUID@@K@Z 0000000140001bc0 f i MFCEditDoc.obj
 0001:00000be0       ?FindChunk@CDocumentAdapter@CDocument@@UEAAPEAU__POSITION@@AEBU_GUID@@K@Z 0000000140001be0 f i MFCEditDoc.obj
 0001:00000c00       ?GetContainer@CDocumentAdapter@CDocument@@UEBAPEAXXZ 0000000140001c00 f i MFCEditDoc.obj
 0001:00000c10       ?AddRef@IDocument@ATL@@UEAAJXZ 0000000140001c10 f i MFCEditDoc.obj
 0001:00000c20       ?GetAdapter@CDocument@@UEAAPEAUIDocument@ATL@@XZ 0000000140001c20 f i MFCEditDoc.obj
 0001:00000cb0       ?AddRef@IVARIANTAbstract@@UEAAKXZ 0000000140001cb0 f i MFCEditView.obj
 0001:00000cc0       ?Release@IVARIANTAbstract@@UEAAKXZ 0000000140001cc0 f i MFCEditView.obj
 0001:00000cf0       ??_ECVARIANTTool@@UEAAPEAXI@Z 0000000140001cf0 f i * CIL library *:* CIL module *
 0001:00000cf0       ??_EIVARIANTAbstract@@UEAAPEAXI@Z 0000000140001cf0 f i * CIL library *:* CIL module *
 0001:00000cf0       ??_GCVARIANTTool@@UEAAPEAXI@Z 0000000140001cf0 f i MFCEditView.obj
 0001:00000cf0       ??_GIVARIANTAbstract@@UEAAPEAXI@Z 0000000140001cf0 f i MFCEditView.obj
 0001:00000d20       ??_E_Node_base@std@@UEAAPEAXI@Z 0000000140001d20 f i * CIL library *:* CIL module *
 0001:00000d20       ??_E_Node_endif@std@@UEAAPEAXI@Z 0000000140001d20 f i * CIL library *:* CIL module *
 0001:00000d20       ??_G_Node_base@std@@UEAAPEAXI@Z 0000000140001d20 f i MFCEditView.obj
 0001:00000d20       ??_G_Node_endif@std@@UEAAPEAXI@Z 0000000140001d20 f i MFCEditView.obj
 0001:00000d50       ??_E_Root_node@std@@UEAAPEAXI@Z 0000000140001d50 f i * CIL library *:* CIL module *
 0001:00000d50       ??_G_Root_node@std@@UEAAPEAXI@Z 0000000140001d50 f i MFCEditView.obj
 0001:00000d80       ??_E_Node_back@std@@UEAAPEAXI@Z 0000000140001d80 f i * CIL library *:* CIL module *
 0001:00000d80       ??_E_Node_capture@std@@UEAAPEAXI@Z 0000000140001d80 f i * CIL library *:* CIL module *
 0001:00000d80       ??_E_Node_end_group@std@@UEAAPEAXI@Z 0000000140001d80 f i * CIL library *:* CIL module *
 0001:00000d80       ??_E_Node_end_rep@std@@UEAAPEAXI@Z 0000000140001d80 f i * CIL library *:* CIL module *
 0001:00000d80       ??_G_Node_back@std@@UEAAPEAXI@Z 0000000140001d80 f i MFCEditView.obj
 0001:00000d80       ??_G_Node_capture@std@@UEAAPEAXI@Z 0000000140001d80 f i MFCEditView.obj
 0001:00000d80       ??_G_Node_end_group@std@@UEAAPEAXI@Z 0000000140001d80 f i MFCEditView.obj
 0001:00000d80       ??_G_Node_end_rep@std@@UEAAPEAXI@Z 0000000140001d80 f i MFCEditView.obj
 0001:00000db0       ??_E_Node_assert@std@@UEAAPEAXI@Z 0000000140001db0 f i * CIL library *:* CIL module *
 0001:00000db0       ??_G_Node_assert@std@@UEAAPEAXI@Z 0000000140001db0 f i MFCEditView.obj
 0001:00000e40       ??_E_Node_if@std@@UEAAPEAXI@Z 0000000140001e40 f i * CIL library *:* CIL module *
 0001:00000e40       ??_G_Node_if@std@@UEAAPEAXI@Z 0000000140001e40 f i MFCEditView.obj
 0001:00000f00       ??_E_Node_rep@std@@UEAAPEAXI@Z 0000000140001f00 f i * CIL library *:* CIL module *
 0001:00000f00       ??_G_Node_rep@std@@UEAAPEAXI@Z 0000000140001f00 f i MFCEditView.obj
 0001:00000f30       ?_Calculate_loop_simplicity@std@@YAXPEAV_Node_base@1@0PEAV_Node_rep@1@@Z 0000000140001f30 f i MFCEditView.obj
 0001:00001010       ?GetMessageMap@CSimpleEdit@@MEBAPEBUAFX_MSGMAP@@XZ 0000000140002010 f   MFCEditView.obj
 0001:00001020       ?OnKeyDown@CSimpleEdit@@IEAAXIII@Z 0000000140002020 f   MFCEditView.obj
 0001:000010a0       ?CreateObject@CMFCEditView@@SAPEAVCObject@@XZ 00000001400020a0 f   MFCEditView.obj
 0001:00001210       ?_GetBaseClass@CMFCEditView@@KAPEAUCRuntimeClass@@XZ 0000000140002210 f   MFCEditView.obj
 0001:00001220       ?GetRuntimeClass@CMFCEditView@@UEBAPEAUCRuntimeClass@@XZ 0000000140002220 f   MFCEditView.obj
 0001:00001230       ?GetMessageMap@CMFCEditView@@MEBAPEBUAFX_MSGMAP@@XZ 0000000140002230 f   MFCEditView.obj
 0001:00001240       ??_ECMFCEditView@@UEAAPEAXI@Z 0000000140002240 f i * CIL library *:* CIL module *
 0001:00001240       ??_GCMFCEditView@@UEAAPEAXI@Z 0000000140002240 f i MFCEditView.obj
 0001:000012e0       ??_ECSimpleEdit@@UEAAPEAXI@Z 00000001400022e0 f i * CIL library *:* CIL module *
 0001:000012e0       ??_GCSimpleEdit@@UEAAPEAXI@Z 00000001400022e0 f i MFCEditView.obj
 0001:00001330       ?DoDataExchange@CMFCEditView@@MEAAXPEAVCDataExchange@@@Z 0000000140002330 f   MFCEditView.obj
 0001:00001390       ?PreCreateWindow@CMFCEditView@@UEAAHAEAUtagCREATESTRUCTW@@@Z 0000000140002390 f   MFCEditView.obj
 0001:000013a0       ?PasteTemplate@@YAXAEAVCEdit@@@Z 00000001400023a0 f   MFCEditView.obj
 0001:00001640       ??_D?$basic_stringstream@_WU?$char_traits@_W@std@@V?$allocator@_W@2@@std@@QEAAXXZ 0000000140002640 f i MFCEditView.obj
 0001:000016a0       ?PreTranslateMessage@CMFCEditView@@MEAAHPEAUtagMSG@@@Z 00000001400026a0 f   MFCEditView.obj
 0001:00001900       ?OnInitialUpdate@CMFCEditView@@MEAAXXZ 0000000140002900 f   MFCEditView.obj
 0001:00001c00       ?SetFont@CMFCEditView@@QEAAXH@Z 0000000140002c00 f   MFCEditView.obj
 0001:00001da0       ?TypeId@CVARIANTTool@@UEBAHXZ 0000000140002da0 f i MFCEditView.obj
 0001:00001db0       ?inetGet@CVARIANTTool@@IEAA?AUtagVARIANT@@U2@@Z 0000000140002db0 f i MFCEditView.obj
 0001:000025f0       ?Value@CVARIANTTool@@IEAA?AUtagVARIANT@@U2@0@Z 00000001400035f0 f i MFCEditView.obj
 0001:00003040       ?OpenTextFile@CVARIANTTool@@IEAA?AUtagVARIANT@@U2@@Z 0000000140004040 f i MFCEditView.obj
 0001:00003490       ?QueryInterface@CVARIANTTool@@UEAAJAEBU_GUID@@PEAPEAX@Z 0000000140004490 f i MFCEditView.obj
 0001:00003490       ?QueryInterface@IVARIANTApplication@@UEAAJAEBU_GUID@@PEAPEAX@Z 0000000140004490 f i MFCEditView.obj
 0001:000034d0       ?Invoke@CVARIANTTool@@UEAA?AUtagVARIANT@@PEB_WPEAU2@H@Z 00000001400044d0 f i MFCEditView.obj
 0001:00003860       ??1?$CComPtr@UIXMLHTTPRequest@@@ATL@@QEAA@XZ 0000000140004860 f i MFCEditView.obj
 0001:00003880       ??1?$queue@V?$shared_ptr@Ust@?1??Value@CVARIANTTool@@IEAA?AUtagVARIANT@@U4@0@Z@@std@@V?$deque@V?$shared_ptr@Ust@?1??Value@CVARIANTTool@@IEAA?AUtagVARIANT@@U4@0@Z@@std@@V?$allocator@V?$shared_ptr@Ust@?1??Value@CVARIANTTool@@IEAA?AUtagVARIANT@@U4@0@Z@@std@@@2@@2@@std@@QEAA@XZ 0000000140004880 f i MFCEditView.obj
 0001:00003890       ??_D?$basic_stringstream@DU?$char_traits@D@std@@V?$allocator@D@2@@std@@QEAAXXZ 0000000140004890 f i MFCEditView.obj
 0001:000038f0       ?TypeId@IVARIANTApplication@@UEBAHXZ 00000001400048f0 f i MFCEditView.obj
 0001:00003900       ?Test@IVARIANTApplication@@QEAA?AUtagVARIANT@@U2@@Z 0000000140004900 f i MFCEditView.obj
 0001:00003cf0       ?Invoke@IVARIANTApplication@@UEAA?AUtagVARIANT@@PEB_WPEAU2@H@Z 0000000140004cf0 f i MFCEditView.obj
 0001:00004010       ??_EIVARIANTApplication@@UEAAPEAXI@Z 0000000140005010 f i * CIL library *:* CIL module *
 0001:00004010       ??_GIVARIANTApplication@@UEAAPEAXI@Z 0000000140005010 f i MFCEditView.obj
 0001:00004040       ?OnBnClickedBtnRun@CMFCEditView@@QEAAXXZ 0000000140005040 f   MFCEditView.obj
 0001:000045c0       ?OnBnClickedBtnSave@CMFCEditView@@QEAAXXZ 00000001400055c0 f   MFCEditView.obj
 0001:000046a0       ?OnSelchangeCombo1@CMFCEditView@@QEAAXXZ 00000001400056a0 f   MFCEditView.obj
 0001:00004930       ?OnBnClickedButton2@CMFCEditView@@QEAAXXZ 0000000140005930 f   MFCEditView.obj
 0001:00004960       ?OnBnClickedBtnClear@CMFCEditView@@QEAAXXZ 0000000140005960 f   MFCEditView.obj
 0001:000049f0       ?OnDestroy@CMFCEditView@@QEAAXXZ 00000001400059f0 f   MFCEditView.obj
 0001:00004b30       ?OnSelchangeCmbFont@CMFCEditView@@QEAAXXZ 0000000140005b30 f   MFCEditView.obj
 0001:00004c90       ?OnKillfocusEdInput@CMFCEditView@@QEAAXXZ 0000000140005c90 f   MFCEditView.obj
 0001:00004cc0       ?OnSetfocusEdInput@CMFCEditView@@QEAAXXZ 0000000140005cc0 f   MFCEditView.obj
 0001:00004d70       ?WriteUtf8File@@YA_NAEBV?$CStringT@_WV?$StrTraitMFC_DLL@_WV?$ChTraitsCRT@_W@ATL@@@@@ATL@@0@Z 0000000140005d70 f   MFCEditView.obj
 0001:00004f90       ?Split@@YA?AV?$vector@V?$basic_string@_WU?$char_traits@_W@std@@V?$allocator@_W@2@@std@@V?$allocator@V?$basic_string@_WU?$char_traits@_W@std@@V?$allocator@_W@2@@std@@@2@@std@@V?$basic_string@_WU?$char_traits@_W@std@@V?$allocator@_W@2@@2@0@Z 0000000140005f90 f   MFCEditView.obj
 0001:000054a0       ??1?$regex_token_iterator@V?$_String_const_iterator@V?$_String_val@U?$_Simple_types@_W@std@@@std@@@std@@_WV?$regex_traits@_W@2@@std@@QEAA@XZ 00000001400064a0 f i MFCEditView.obj
 0001:00005520       ??1?$match_results@V?$_String_const_iterator@V?$_String_val@U?$_Simple_types@_W@std@@@std@@@std@@V?$allocator@V?$sub_match@V?$_String_const_iterator@V?$_String_val@U?$_Simple_types@_W@std@@@std@@@std@@@std@@@2@@std@@QEAA@XZ 0000000140006520 f i MFCEditView.obj
 0001:00005530       ??1?$regex_iterator@V?$_String_const_iterator@V?$_String_val@U?$_Simple_types@_W@std@@@std@@@std@@_WV?$regex_traits@_W@2@@std@@QEAA@XZ 0000000140006530 f i MFCEditView.obj
 0001:00005540       ?getUnixTime@@YA_JH@Z      0000000140006540 f   MFCEditView.obj
 0001:000055d0       ?inetStockData_YahooFinanceUri@@YA?AV?$basic_string@_WU?$char_traits@_W@std@@V?$allocator@_W@2@@std@@V12@H@Z 00000001400065d0 f   MFCEditView.obj
 0001:000058a0       ??0?$regex_token_iterator@V?$_String_const_iterator@V?$_String_val@U?$_Simple_types@_W@std@@@std@@@std@@_WV?$regex_traits@_W@2@@std@@QEAA@V?$_String_const_iterator@V?$_String_val@U?$_Simple_types@_W@std@@@std@@@1@0AEBV?$basic_regex@_WV?$regex_traits@_W@std@@@1@HW4match_flag_type@regex_constants@1@@Z 00000001400068a0 f i MFCEditView.obj
 0001:00005a60       ??1?$basic_regex@_WV?$regex_traits@_W@std@@@std@@QEAA@XZ 0000000140006a60 f i MFCEditView.obj
 0001:00005b00       ??1?$vector@DV?$allocator@D@std@@@std@@QEAA@XZ 0000000140006b00 f i MFCEditView.obj
 0001:00005b60       ??1?$vector@V_variant_t@@V?$allocator@V_variant_t@@@std@@@std@@QEAA@XZ 0000000140006b60 f i MFCEditView.obj
 0001:00005c20       ??1?$vector@_WV?$allocator@_W@std@@@std@@QEAA@XZ 0000000140006c20 f i MFCEditView.obj
 0001:00005c80       ?seekpos@?$basic_stringbuf@DU?$char_traits@D@std@@V?$allocator@D@2@@std@@MEAA?AV?$fpos@U_Mbstatet@@@2@V32@H@Z 0000000140006c80 f i MFCEditView.obj
 0001:00005db0       ?seekoff@?$basic_stringbuf@DU?$char_traits@D@std@@V?$allocator@D@2@@std@@MEAA?AV?$fpos@U_Mbstatet@@@2@_JHH@Z 0000000140006db0 f i MFCEditView.obj
 0001:00005f40       ?underflow@?$basic_stringbuf@DU?$char_traits@D@std@@V?$allocator@D@2@@std@@MEAAHXZ 0000000140006f40 f i MFCEditView.obj
 0001:00005fc0       ?pbackfail@?$basic_stringbuf@DU?$char_traits@D@std@@V?$allocator@D@2@@std@@MEAAHH@Z 0000000140006fc0 f i MFCEditView.obj
 0001:00006020       ?overflow@?$basic_stringbuf@DU?$char_traits@D@std@@V?$allocator@D@2@@std@@MEAAHH@Z 0000000140007020 f i MFCEditView.obj
 0001:00006220       ??1?$basic_stringbuf@DU?$char_traits@D@std@@V?$allocator@D@2@@std@@UEAA@XZ 0000000140007220 f i MFCEditView.obj
 0001:000062e0       ??1?$deque@V?$shared_ptr@Ust@?1??Value@CVARIANTTool@@IEAA?AUtagVARIANT@@U4@0@Z@@std@@V?$allocator@V?$shared_ptr@Ust@?1??Value@CVARIANTTool@@IEAA?AUtagVARIANT@@U4@0@Z@@std@@@2@@std@@QEAA@XZ 00000001400072e0 f i MFCEditView.obj
 0001:00006400       ??1?$shared_ptr@Ust@?1??Value@CVARIANTTool@@IEAA?AUtagVARIANT@@U4@0@Z@@std@@QEAA@XZ 0000000140007400 f i MFCEditView.obj
 0001:00006450       ??1?$vector@V?$basic_string@_WU?$char_traits@_W@std@@V?$allocator@_W@2@@std@@V?$allocator@V?$basic_string@_WU?$char_traits@_W@std@@V?$allocator@_W@2@@std@@@2@@std@@QEAA@XZ 0000000140007450 f i MFCEditView.obj
 0001:000064c0       ?seekpos@?$basic_stringbuf@_WU?$char_traits@_W@std@@V?$allocator@_W@2@@std@@MEAA?AV?$fpos@U_Mbstatet@@@2@V32@H@Z 00000001400074c0 f i MFCEditView.obj
 0001:00006600       ?seekoff@?$basic_stringbuf@_WU?$char_traits@_W@std@@V?$allocator@_W@2@@std@@MEAA?AV?$fpos@U_Mbstatet@@@2@_JHH@Z 0000000140007600 f i MFCEditView.obj
 0001:000067c0       ?underflow@?$basic_stringbuf@_WU?$char_traits@_W@std@@V?$allocator@_W@2@@std@@MEAAGXZ 00000001400077c0 f i MFCEditView.obj
 0001:00006840       ?pbackfail@?$basic_stringbuf@_WU?$char_traits@_W@std@@V?$allocator@_W@2@@std@@MEAAGG@Z 0000000140007840 f i MFCEditView.obj
 0001:000068a0       ?overflow@?$basic_stringbuf@_WU?$char_traits@_W@std@@V?$allocator@_W@2@@std@@MEAAGG@Z 00000001400078a0 f i MFCEditView.obj
 0001:00006ae0       ??1?$basic_stringbuf@_WU?$char_traits@_W@std@@V?$allocator@_W@2@@std@@UEAA@XZ 0000000140007ae0 f i MFCEditView.obj
 0001:00006bb0       ?do_hash@?$collate@_W@std@@MEBAJPEB_W0@Z 0000000140007bb0 f i MFCEditView.obj
 0001:00006c00       ?do_transform@?$collate@_W@std@@MEBA?AV?$basic_string@_WU?$char_traits@_W@std@@V?$allocator@_W@2@@2@PEB_W0@Z 0000000140007c00 f i MFCEditView.obj
 0001:00006db0       ?do_compare@?$collate@_W@std@@MEBAHPEB_W000@Z 0000000140007db0 f i MFCEditView.obj
 0001:00006e00       ??0?$basic_string@_WU?$char_traits@_W@std@@V?$allocator@_W@2@@std@@QEAA@AEBV01@@Z 0000000140007e00 f i MFCEditView.obj
 0001:00006f30       ??1?$regex_traits@_W@std@@QEAA@XZ 0000000140007f30 f i MFCEditView.obj
 0001:00006f70       ??_E?$basic_stringbuf@DU?$char_traits@D@std@@V?$allocator@D@2@@std@@UEAAPEAXI@Z 0000000140007f70 f i * CIL library *:* CIL module *
 0001:00006f70       ??_G?$basic_stringbuf@DU?$char_traits@D@std@@V?$allocator@D@2@@std@@UEAAPEAXI@Z 0000000140007f70 f i MFCEditView.obj
 0001:00006fb0       ??_E?$basic_stringstream@DU?$char_traits@D@std@@V?$allocator@D@2@@std@@UEAAPEAXI@Z 0000000140007fb0 f i * CIL library *:* CIL module *
 0001:00006fb0       ??_G?$basic_stringstream@DU?$char_traits@D@std@@V?$allocator@D@2@@std@@UEAAPEAXI@Z 0000000140007fb0 f i MFCEditView.obj
 0001:00007050       ??_E?$basic_stringbuf@_WU?$char_traits@_W@std@@V?$allocator@_W@2@@std@@UEAAPEAXI@Z 0000000140008050 f i * CIL library *:* CIL module *
 0001:00007050       ??_G?$basic_stringbuf@_WU?$char_traits@_W@std@@V?$allocator@_W@2@@std@@UEAAPEAXI@Z 0000000140008050 f i MFCEditView.obj
 0001:00007090       ??_E?$basic_stringstream@_WU?$char_traits@_W@std@@V?$allocator@_W@2@@std@@UEAAPEAXI@Z 0000000140008090 f i * CIL library *:* CIL module *
 0001:00007090       ??_G?$basic_stringstream@_WU?$char_traits@_W@std@@V?$allocator@_W@2@@std@@UEAAPEAXI@Z 0000000140008090 f i MFCEditView.obj
 0001:00007130       ??_E?$collate@_W@std@@MEAAPEAXI@Z 0000000140008130 f i * CIL library *:* CIL module *
 0001:00007130       ??_G?$collate@_W@std@@MEAAPEAXI@Z 0000000140008130 f i MFCEditView.obj
 0001:00007180       ??1sentry@?$basic_ostream@_WU?$char_traits@_W@std@@@std@@QEAA@XZ 0000000140008180 f i MFCEditView.obj
 0001:000071c0       ?_Tidy@?$vector@V?$sub_match@V?$_String_const_iterator@V?$_String_val@U?$_Simple_types@_W@std@@@std@@@std@@@std@@V?$allocator@V?$sub_match@V?$_String_const_iterator@V?$_String_val@U?$_Simple_types@_W@std@@@std@@@std@@@std@@@2@@std@@AEAAXXZ 00000001400081c0 f i MFCEditView.obj
 0001:00007240       ??E?$regex_token_iterator@V?$_String_const_iterator@V?$_String_val@U?$_Simple_types@_W@std@@@std@@@std@@_WV?$regex_traits@_W@2@@std@@QEAAAEAV01@XZ 0000000140008240 f i MFCEditView.obj
 0001:00007530       ??8?$regex_token_iterator@V?$_String_const_iterator@V?$_String_val@U?$_Simple_types@_W@std@@@std@@@std@@_WV?$regex_traits@_W@2@@std@@QEBA_NAEBV01@@Z 0000000140008530 f i MFCEditView.obj
 0001:000076f0       ??0?$regex_token_iterator@V?$_String_const_iterator@V?$_String_val@U?$_Simple_types@_W@std@@@std@@@std@@_WV?$regex_traits@_W@2@@std@@QEAA@AEBV01@@Z 00000001400086f0 f i MFCEditView.obj
 0001:00007840       ?_Tidy@?$basic_regex@_WV?$regex_traits@_W@std@@@std@@AEAAXXZ 0000000140008840 f i MFCEditView.obj
 0001:000078c0       ??0?$regex_iterator@V?$_String_const_iterator@V?$_String_val@U?$_Simple_types@_W@std@@@std@@@std@@_WV?$regex_traits@_W@2@@std@@QEAA@AEBV01@@Z 00000001400088c0 f i MFCEditView.obj
 0001:00007a60       ??1_Sentry_base@?$basic_ostream@DU?$char_traits@D@std@@@std@@QEAA@XZ 0000000140008a60 f i MFCEditView.obj
 0001:00007a60       ??1_Sentry_base@?$basic_ostream@_WU?$char_traits@_W@std@@@std@@QEAA@XZ 0000000140008a60 f i MFCEditView.obj
 0001:00007a90       ?assign@?$basic_string@DU?$char_traits@D@std@@V?$allocator@D@2@@std@@QEAAAEAV12@QEBD_K@Z 0000000140008a90 f i MFCEditView.obj
 0001:00007bf0       ??$?6_WU?$char_traits@_W@std@@@std@@YAAEAV?$basic_ostream@_WU?$char_traits@_W@std@@@0@AEAV10@PEB_W@Z 0000000140008bf0 f i MFCEditView.obj
 0001:00007dd0       ??$?6_WU?$char_traits@_W@std@@@std@@YAAEAV?$basic_ostream@_WU?$char_traits@_W@std@@@0@AEAV10@_W@Z 0000000140008dd0 f i MFCEditView.obj
 0001:00007fa0       ??$?6U?$char_traits@D@std@@@std@@YAAEAV?$basic_ostream@DU?$char_traits@D@std@@@0@AEAV10@PEBD@Z 0000000140008fa0 f i MFCEditView.obj
 0001:00008180       ??$?0U?$char_traits@_W@std@@V?$allocator@_W@1@@?$basic_regex@_WV?$regex_traits@_W@std@@@std@@QEAA@AEBV?$basic_string@_WU?$char_traits@_W@std@@V?$allocator@_W@2@@1@W4syntax_option_type@regex_constants@1@@Z 0000000140009180 f i MFCEditView.obj
 0001:00008420       ??$_Regex_search2@V?$_String_const_iterator@V?$_String_val@U?$_Simple_types@_W@std@@@std@@@std@@V?$allocator@V?$sub_match@V?$_String_const_iterator@V?$_String_val@U?$_Simple_types@_W@std@@@std@@@std@@@std@@@2@_WV?$regex_traits@_W@2@V12@@std@@YA_NV?$_String_const_iterator@V?$_String_val@U?$_Simple_types@_W@std@@@std@@@0@0PEAV?$match_results@V?$_String_const_iterator@V?$_String_val@U?$_Simple_types@_W@std@@@std@@@std@@V?$allocator@V?$sub_match@V?$_String_const_iterator@V?$_String_val@U?$_Simple_types@_W@std@@@std@@@std@@@std@@@2@@0@AEBV?$basic_regex@_WV?$regex_traits@_W@std@@@0@W4match_flag_type@regex_constants@0@0@Z 0000000140009420 f i MFCEditView.obj
 0001:00008660       ??$_Destroy_range@V?$allocator@V?$basic_string@_WU?$char_traits@_W@std@@V?$allocator@_W@2@@std@@@std@@@std@@YAXPEAV?$basic_string@_WU?$char_traits@_W@std@@V?$allocator@_W@2@@0@QEAV10@AEAV?$allocator@V?$basic_string@_WU?$char_traits@_W@std@@V?$allocator@_W@2@@std@@@0@@Z 0000000140009660 f i MFCEditView.obj
 0001:000086f0       ??$_Reallocate_grow_by@V<lambda_a3050a43f3157934f354774ab3dd2e02>@@_K_W@?$basic_string@_WU?$char_traits@_W@std@@V?$allocator@_W@2@@std@@AEAAAEAV01@_KV<lambda_a3050a43f3157934f354774ab3dd2e02>@@_K_W@Z 00000001400096f0 f i MFCEditView.obj
 0001:000088a0       ??$_Reallocate_for@V<lambda_3fa8b2c8193a0f3144fc4b1b8f243931>@@PEB_W@?$basic_string@_WU?$char_traits@_W@std@@V?$allocator@_W@2@@std@@AEAAAEAV01@_KV<lambda_3fa8b2c8193a0f3144fc4b1b8f243931>@@PEB_W@Z 00000001400098a0 f i MFCEditView.obj
 0001:00008a00       ??1?$_Matcher@V?$_String_const_iterator@V?$_String_val@U?$_Simple_types@_W@std@@@std@@@std@@_WV?$regex_traits@_W@2@V12@@std@@QEAA@XZ 0000000140009a00 f i MFCEditView.obj
 0001:00008a80       ??1?$_Tgt_state_t@V?$_String_const_iterator@V?$_String_val@U?$_Simple_types@_W@std@@@std@@@std@@@std@@QEAA@XZ 0000000140009a80 f i MFCEditView.obj
 0001:00008b30       ??1?$_Bt_state_t@V?$_String_const_iterator@V?$_String_val@U?$_Simple_types@_W@std@@@std@@@std@@@std@@QEAA@XZ 0000000140009b30 f i MFCEditView.obj
 0001:00008b90       ??0?$_Matcher@V?$_String_const_iterator@V?$_String_val@U?$_Simple_types@_W@std@@@std@@@std@@_WV?$regex_traits@_W@2@V12@@std@@QEAA@V?$_String_const_iterator@V?$_String_val@U?$_Simple_types@_W@std@@@std@@@1@0AEBV?$regex_traits@_W@1@PEAV_Root_node@1@IW4syntax_option_type@regex_constants@1@W4match_flag_type@61@@Z 0000000140009b90 f i MFCEditView.obj
 0001:00008ce0       ??1sentry@?$basic_ostream@DU?$char_traits@D@std@@@std@@QEAA@XZ 0000000140009ce0 f i MFCEditView.obj
 0001:00008d20       ?_Delete_this@?$_Ref_count_obj2@Ust@?1??Value@CVARIANTTool@@IEAA?AUtagVARIANT@@U4@0@Z@@std@@EEAAXXZ 0000000140009d20 f i MFCEditView.obj
 0001:00008d40       ?_Destroy@?$_Ref_count_obj2@Ust@?1??Value@CVARIANTTool@@IEAA?AUtagVARIANT@@U4@0@Z@@std@@EEAAXXZ 0000000140009d40 f i MFCEditView.obj
 0001:00008db0       ?_Growmap@?$deque@V?$shared_ptr@Ust@?1??Value@CVARIANTTool@@IEAA?AUtagVARIANT@@U4@0@Z@@std@@V?$allocator@V?$shared_ptr@Ust@?1??Value@CVARIANTTool@@IEAA?AUtagVARIANT@@U4@0@Z@@std@@@2@@std@@AEAAX_K@Z 0000000140009db0 f i MFCEditView.obj
 0001:00008fa0       ?_Buy_nonzero@?$vector@HV?$allocator@H@std@@@std@@AEAAX_K@Z 0000000140009fa0 f i MFCEditView.obj
 0001:00009040       ??1?$vector@U_Loop_vals_t@std@@V?$allocator@U_Loop_vals_t@std@@@2@@std@@QEAA@XZ 000000014000a040 f i MFCEditView.obj
 0001:000090a0       ??1?$vector@_NV?$allocator@_N@std@@@std@@QEAA@XZ 000000014000a0a0 f i MFCEditView.obj
 0001:00009100       ??_E?$_Ref_count_obj2@Ust@?1??Value@CVARIANTTool@@IEAA?AUtagVARIANT@@U4@0@Z@@std@@UEAAPEAXI@Z 000000014000a100 f i * CIL library *:* CIL module *
 0001:00009100       ??_G?$_Ref_count_obj2@Ust@?1??Value@CVARIANTTool@@IEAA?AUtagVARIANT@@U4@0@Z@@std@@UEAAPEAXI@Z 000000014000a100 f i MFCEditView.obj
 0001:00009130       ?_Xlength@?$vector@DV?$allocator@D@std@@@std@@CAXXZ 000000014000a130 f i MFCEditView.obj
 0001:00009130       ?_Xlength@?$vector@HV?$allocator@H@std@@@std@@CAXXZ 000000014000a130 f i MFCEditView.obj
 0001:00009130       ?_Xlength@?$vector@IV?$allocator@I@std@@@std@@CAXXZ 000000014000a130 f i MFCEditView.obj
 0001:00009130       ?_Xlength@?$vector@U_Grp_t@?$_Tgt_state_t@V?$_String_const_iterator@V?$_String_val@U?$_Simple_types@_W@std@@@std@@@std@@@std@@V?$allocator@U_Grp_t@?$_Tgt_state_t@V?$_String_const_iterator@V?$_String_val@U?$_Simple_types@_W@std@@@std@@@std@@@std@@@3@@std@@CAXXZ 000000014000a130 f i MFCEditView.obj
 0001:00009130       ?_Xlength@?$vector@U_Loop_vals_t@std@@V?$allocator@U_Loop_vals_t@std@@@2@@std@@CAXXZ 000000014000a130 f i MFCEditView.obj
 0001:00009130       ?_Xlength@?$vector@V?$basic_string@_WU?$char_traits@_W@std@@V?$allocator@_W@2@@std@@V?$allocator@V?$basic_string@_WU?$char_traits@_W@std@@V?$allocator@_W@2@@std@@@2@@std@@CAXXZ 000000014000a130 f i MFCEditView.obj
 0001:00009130       ?_Xlength@?$vector@V?$sub_match@V?$_String_const_iterator@V?$_String_val@U?$_Simple_types@_W@std@@@std@@@std@@@std@@V?$allocator@V?$sub_match@V?$_String_const_iterator@V?$_String_val@U?$_Simple_types@_W@std@@@std@@@std@@@std@@@2@@std@@CAXXZ 000000014000a130 f i MFCEditView.obj
 0001:00009130       ?_Xlength@?$vector@V_variant_t@@V?$allocator@V_variant_t@@@std@@@std@@CAXXZ 000000014000a130 f i MFCEditView.obj
 0001:00009130       ?_Xlength@?$vector@_WV?$allocator@_W@std@@@std@@CAXXZ 000000014000a130 f i MFCEditView.obj
 0001:00009150       ?_Xlen@?$deque@V?$shared_ptr@Ust@?1??Value@CVARIANTTool@@IEAA?AUtagVARIANT@@U4@0@Z@@std@@V?$allocator@V?$shared_ptr@Ust@?1??Value@CVARIANTTool@@IEAA?AUtagVARIANT@@U4@0@Z@@std@@@2@@std@@CAXXZ 000000014000a150 f i MFCEditView.obj
 0001:00009170       ??$_Insert_string@_WU?$char_traits@_W@std@@_K@std@@YAAEAV?$basic_ostream@_WU?$char_traits@_W@std@@@0@AEAV10@QEB_W_K@Z 000000014000a170 f i MFCEditView.obj
 0001:00009340       ??$_Emplace_reallocate@AEBV_variant_t@@@?$vector@V_variant_t@@V?$allocator@V_variant_t@@@std@@@std@@AEAAPEAV_variant_t@@QEAV2@AEBV2@@Z 000000014000a340 f i MFCEditView.obj
 0001:000096b0       ??$_Emplace_reallocate@V?$basic_string@_WU?$char_traits@_W@std@@V?$allocator@_W@2@@std@@@?$vector@V?$basic_string@_WU?$char_traits@_W@std@@V?$allocator@_W@2@@std@@V?$allocator@V?$basic_string@_WU?$char_traits@_W@std@@V?$allocator@_W@2@@std@@@2@@std@@AEAAPEAV?$basic_string@_WU?$char_traits@_W@std@@V?$allocator@_W@2@@1@QEAV21@$$QEAV21@@Z 000000014000a6b0 f i MFCEditView.obj
 0001:00009990       ?_Skip@?$_Matcher@V?$_String_const_iterator@V?$_String_val@U?$_Simple_types@_W@std@@@std@@@std@@_WV?$regex_traits@_W@2@V12@@std@@QEAA?AV?$_String_const_iterator@V?$_String_val@U?$_Simple_types@_W@std@@@std@@@2@V32@0PEAV_Node_base@2@@Z 000000014000a990 f i MFCEditView.obj
 0001:00009d40       ??$_Match@V?$allocator@V?$sub_match@V?$_String_const_iterator@V?$_String_val@U?$_Simple_types@_W@std@@@std@@@std@@@std@@@std@@@?$_Matcher@V?$_String_const_iterator@V?$_String_val@U?$_Simple_types@_W@std@@@std@@@std@@_WV?$regex_traits@_W@2@V12@@std@@QEAA_NPEAV?$match_results@V?$_String_const_iterator@V?$_String_val@U?$_Simple_types@_W@std@@@std@@@std@@V?$allocator@V?$sub_match@V?$_String_const_iterator@V?$_String_val@U?$_Simple_types@_W@std@@@std@@@std@@@std@@@2@@1@_N@Z 000000014000ad40 f i MFCEditView.obj
 0001:00009f60       ??$use_facet@V?$collate@_W@std@@@std@@YAAEBV?$collate@_W@0@AEBVlocale@0@@Z 000000014000af60 f i MFCEditView.obj
 0001:0000a160       ??1?$_Parser@PEB_W_WV?$regex_traits@_W@std@@@std@@QEAA@XZ 000000014000b160 f i MFCEditView.obj
 0001:0000a1c0       ??1_Reallocation_guard@?$vector@V_variant_t@@V?$allocator@V_variant_t@@@std@@@std@@QEAA@XZ 000000014000b1c0 f i MFCEditView.obj
 0001:0000a250       ?_Resize@?$match_results@V?$_String_const_iterator@V?$_String_val@U?$_Simple_types@_W@std@@@std@@@std@@V?$allocator@V?$sub_match@V?$_String_const_iterator@V?$_String_val@U?$_Simple_types@_W@std@@@std@@@std@@@std@@@2@@std@@QEAAXI@Z 000000014000b250 f i MFCEditView.obj
 0001:0000a310       ?resize@?$vector@_NV?$allocator@_N@std@@@std@@QEAAX_K_N@Z 000000014000b310 f i MFCEditView.obj
 0001:0000a4b0       ?translate@?$_Regex_traits@_W@std@@QEBA_W_W@Z 000000014000b4b0 f i MFCEditView.obj
 0001:0000a560       ??_E?$_Node_class@_WV?$regex_traits@_W@std@@@std@@UEAAPEAXI@Z 000000014000b560 f i * CIL library *:* CIL module *
 0001:0000a560       ??_G?$_Node_class@_WV?$regex_traits@_W@std@@@std@@UEAAPEAXI@Z 000000014000b560 f i MFCEditView.obj
 0001:0000a670       ?erase@?$vector@_NV?$allocator@_N@std@@@std@@QEAA?AV?$_Vb_iterator@U?$_Wrap_alloc@V?$allocator@I@std@@@std@@@2@V?$_Vb_const_iterator@U?$_Wrap_alloc@V?$allocator@I@std@@@std@@@2@0@Z 000000014000b670 f i MFCEditView.obj
 0001:0000a8e0       ?_Insert_x@?$vector@_NV?$allocator@_N@std@@@std@@QEAA_KV?$_Vb_const_iterator@U?$_Wrap_alloc@V?$allocator@I@std@@@std@@@2@_K@Z 000000014000b8e0 f i MFCEditView.obj
 0001:0000ab60       ?_Xlen@?$vector@_NV?$allocator@_N@std@@@std@@SAXXZ 000000014000bb60 f i MFCEditView.obj
 0001:0000ab80       ?_Match_pat@?$_Matcher@V?$_String_const_iterator@V?$_String_val@U?$_Simple_types@_W@std@@@std@@@std@@_WV?$regex_traits@_W@2@V12@@std@@AEAA_NPEAV_Node_base@2@@Z 000000014000bb80 f i MFCEditView.obj
 0001:0000b340       ?_Compile@?$_Parser@PEB_W_WV?$regex_traits@_W@std@@@std@@QEAAPEAV_Root_node@2@XZ 000000014000c340 f i MFCEditView.obj
 0001:0000b550       ??$_Compare@V?$_String_const_iterator@V?$_String_val@U?$_Simple_types@_W@std@@@std@@@std@@PEB_WV?$regex_traits@_W@2@@std@@YA?AV?$_String_const_iterator@V?$_String_val@U?$_Simple_types@_W@std@@@std@@@0@V10@0PEB_W1AEBV?$regex_traits@_W@0@W4syntax_option_type@regex_constants@0@@Z 000000014000c550 f i MFCEditView.obj
 0001:0000b6e0       ??$_Lookup_equiv@_WV?$regex_traits@_W@std@@@std@@YA_NGPEBU?$_Sequence@_W@0@AEBV?$regex_traits@_W@0@@Z 000000014000c6e0 f i MFCEditView.obj
 0001:0000baa0       ??$_Resize_reallocate@U_Value_init_tag@std@@@?$vector@U_Loop_vals_t@std@@V?$allocator@U_Loop_vals_t@std@@@2@@std@@AEAAX_KAEBU_Value_init_tag@1@@Z 000000014000caa0 f i MFCEditView.obj
 0001:0000bc10       ??$fill_n@V?$_Vb_iterator@U?$_Wrap_alloc@V?$allocator@I@std@@@std@@@std@@_K_N@std@@YA?AV?$_Vb_iterator@U?$_Wrap_alloc@V?$allocator@I@std@@@std@@@0@V10@_KAEB_N@Z 000000014000cc10 f i MFCEditView.obj
 0001:0000bd60       ??0?$_Bt_state_t@V?$_String_const_iterator@V?$_String_val@U?$_Simple_types@_W@std@@@std@@@std@@@std@@QEAA@AEBV01@@Z 000000014000cd60 f i MFCEditView.obj
 0001:0000be10       ??1?$_Uninitialized_backout_al@V?$allocator@V_variant_t@@@std@@@std@@QEAA@XZ 000000014000ce10 f i MFCEditView.obj
 0001:0000be50       ??1?$_Tidy_guard@V?$_Builder@PEB_W_WV?$regex_traits@_W@std@@@std@@@std@@QEAA@XZ 000000014000ce50 f i MFCEditView.obj
 0001:0000beb0       ?_Do_if@?$_Matcher@V?$_String_const_iterator@V?$_String_val@U?$_Simple_types@_W@std@@@std@@@std@@_WV?$regex_traits@_W@2@V12@@std@@AEAA_NPEAV_Node_if@2@@Z 000000014000ceb0 f i MFCEditView.obj
 0001:0000c260       ?_Do_rep@?$_Matcher@V?$_String_const_iterator@V?$_String_val@U?$_Simple_types@_W@std@@@std@@@std@@_WV?$regex_traits@_W@2@V12@@std@@AEAA_NPEAV_Node_rep@2@_NH@Z 000000014000d260 f i MFCEditView.obj
 0001:0000c520       ?_Do_class@?$_Matcher@V?$_String_const_iterator@V?$_String_val@U?$_Simple_types@_W@std@@@std@@@std@@_WV?$regex_traits@_W@2@V12@@std@@AEAA_NPEAV_Node_base@2@@Z 000000014000d520 f i MFCEditView.obj
 0001:0000c780       ?_Error@?$_Parser@PEB_W_WV?$regex_traits@_W@std@@@std@@AEAAXW4error_type@regex_constants@2@@Z 000000014000d780 f i MFCEditView.obj
 0001:0000c790       ?_Trans@?$_Parser@PEB_W_WV?$regex_traits@_W@std@@@std@@AEAAXXZ 000000014000d790 f i MFCEditView.obj
 0001:0000ca70       ?_Disjunction@?$_Parser@PEB_W_WV?$regex_traits@_W@std@@@std@@AEAAXXZ 000000014000da70 f i MFCEditView.obj
 0001:0000ccc0       ?_End_group@?$_Builder@PEB_W_WV?$regex_traits@_W@std@@@std@@QEAAXPEAV_Node_base@2@@Z 000000014000dcc0 f i MFCEditView.obj
 0001:0000cd70       ??$_Compare@V?$_String_const_iterator@V?$_String_val@U?$_Simple_types@_W@std@@@std@@@std@@V12@V?$regex_traits@_W@2@@std@@YA?AV?$_String_const_iterator@V?$_String_val@U?$_Simple_types@_W@std@@@std@@@0@V10@000AEBV?$regex_traits@_W@0@W4syntax_option_type@regex_constants@0@@Z 000000014000dd70 f i MFCEditView.obj
 0001:0000cf30       ??$transform_primary@V?$_String_iterator@V?$_String_val@U?$_Simple_types@_W@std@@@std@@@std@@@?$_Regex_traits@_W@std@@QEBA?AV?$basic_string@_WU?$char_traits@_W@std@@V?$allocator@_W@2@@1@V?$_String_iterator@V?$_String_val@U?$_Simple_types@_W@std@@@std@@@1@0@Z 000000014000df30 f i MFCEditView.obj
 0001:0000d140       ??$_Resize_reallocate@U_Value_init_tag@std@@@?$vector@U_Grp_t@?$_Tgt_state_t@V?$_String_const_iterator@V?$_String_val@U?$_Simple_types@_W@std@@@std@@@std@@@std@@V?$allocator@U_Grp_t@?$_Tgt_state_t@V?$_String_const_iterator@V?$_String_val@U?$_Simple_types@_W@std@@@std@@@std@@@std@@@3@@std@@AEAAX_KAEBU_Value_init_tag@1@@Z 000000014000e140 f i MFCEditView.obj
 0001:0000d2d0       ??$_Resize_reallocate@U_Value_init_tag@std@@@?$vector@V?$sub_match@V?$_String_const_iterator@V?$_String_val@U?$_Simple_types@_W@std@@@std@@@std@@@std@@V?$allocator@V?$sub_match@V?$_String_const_iterator@V?$_String_val@U?$_Simple_types@_W@std@@@std@@@std@@@std@@@2@@std@@AEAAX_KAEBU_Value_init_tag@1@@Z 000000014000e2d0 f i MFCEditView.obj
 0001:0000d4b0       ??$_Resize_reallocate@I@?$vector@IV?$allocator@I@std@@@std@@AEAAX_KAEBI@Z 000000014000e4b0 f i MFCEditView.obj
 0001:0000d640       ??$_Assign_counted_range@PEAU_Grp_t@?$_Tgt_state_t@V?$_String_const_iterator@V?$_String_val@U?$_Simple_types@_W@std@@@std@@@std@@@std@@@?$vector@U_Grp_t@?$_Tgt_state_t@V?$_String_const_iterator@V?$_String_val@U?$_Simple_types@_W@std@@@std@@@std@@@std@@V?$allocator@U_Grp_t@?$_Tgt_state_t@V?$_String_const_iterator@V?$_String_val@U?$_Simple_types@_W@std@@@std@@@std@@@std@@@3@@std@@AEAAXPEAU_Grp_t@?$_Tgt_state_t@V?$_String_const_iterator@V?$_String_val@U?$_Simple_types@_W@std@@@std@@@std@@@1@_K@Z 000000014000e640 f i MFCEditView.obj
 0001:0000d790       ??$_Assign_counted_range@PEAI@?$vector@IV?$allocator@I@std@@@std@@AEAAXPEAI_K@Z 000000014000e790 f i MFCEditView.obj
 0001:0000d8d0       ??0?$_Tgt_state_t@V?$_String_const_iterator@V?$_String_val@U?$_Simple_types@_W@std@@@std@@@std@@@std@@QEAA@AEBV01@@Z 000000014000e8d0 f i MFCEditView.obj
 0001:0000d9c0       ?_Buy_raw@?$vector@U_Grp_t@?$_Tgt_state_t@V?$_String_const_iterator@V?$_String_val@U?$_Simple_types@_W@std@@@std@@@std@@@std@@V?$allocator@U_Grp_t@?$_Tgt_state_t@V?$_String_const_iterator@V?$_String_val@U?$_Simple_types@_W@std@@@std@@@std@@@std@@@3@@std@@AEAAX_K@Z 000000014000e9c0 f i MFCEditView.obj
 0001:0000da50       ?_Buy_raw@?$vector@IV?$allocator@I@std@@@std@@AEAAX_K@Z 000000014000ea50 f i MFCEditView.obj
 0001:0000dae0       ?_Do_rep0@?$_Matcher@V?$_String_const_iterator@V?$_String_val@U?$_Simple_types@_W@std@@@std@@@std@@_WV?$regex_traits@_W@2@V12@@std@@AEAA_NPEAV_Node_rep@2@_N@Z 000000014000eae0 f i MFCEditView.obj
 0001:0000df10       ?_Alternative@?$_Parser@PEB_W_WV?$regex_traits@_W@std@@@std@@AEAA_NXZ 000000014000ef10 f i MFCEditView.obj
 0001:0000e590       ?_New_node@?$_Builder@PEB_W_WV?$regex_traits@_W@std@@@std@@AEAAPEAV_Node_base@2@W4_Node_type@2@@Z 000000014000f590 f i MFCEditView.obj
 0001:0000e620       ??$_Copy_vbool@V?$_Vb_iterator@U?$_Wrap_alloc@V?$allocator@I@std@@@std@@@std@@V12@@std@@YA?AV?$_Vb_iterator@U?$_Wrap_alloc@V?$allocator@I@std@@@std@@@0@V10@00@Z 000000014000f620 f i MFCEditView.obj
 0001:0000ea90       ?_CharacterClass@?$_Parser@PEB_W_WV?$regex_traits@_W@std@@@std@@AEAAXXZ 000000014000fa90 f i MFCEditView.obj
 0001:0000ec30       ?_AtomEscape@?$_Parser@PEB_W_WV?$regex_traits@_W@std@@@std@@AEAAXXZ 000000014000fc30 f i MFCEditView.obj
 0001:0000edb0       ?_Wrapped_disjunction@?$_Parser@PEB_W_WV?$regex_traits@_W@std@@@std@@AEAA_NXZ 000000014000fdb0 f i MFCEditView.obj
 0001:0000ef80       ?_Quantifier@?$_Parser@PEB_W_WV?$regex_traits@_W@std@@@std@@AEAAXXZ 000000014000ff80 f i MFCEditView.obj
 0001:0000f210       ?_Add_char@?$_Builder@PEB_W_WV?$regex_traits@_W@std@@@std@@QEAAX_W@Z 0000000140010210 f i MFCEditView.obj
 0001:0000f330       ?_DecimalDigits@?$_Parser@PEB_W_WV?$regex_traits@_W@std@@@std@@AEAA_NW4error_type@regex_constants@2@@Z 0000000140010330 f i MFCEditView.obj
 0001:0000f440       ?_CharacterClassEscape@?$_Parser@PEB_W_WV?$regex_traits@_W@std@@@std@@AEAA_N_N@Z 0000000140010440 f i MFCEditView.obj
 0001:0000f550       ?_ClassRanges@?$_Parser@PEB_W_WV?$regex_traits@_W@std@@@std@@AEAAXXZ 0000000140010550 f i MFCEditView.obj
 0001:0000f820       ?_CharacterEscape@?$_Parser@PEB_W_WV?$regex_traits@_W@std@@@std@@AEAA_NXZ 0000000140010820 f i MFCEditView.obj
 0001:0000fe40       ?_Do_capture_group@?$_Parser@PEB_W_WV?$regex_traits@_W@std@@@std@@AEAAXXZ 0000000140010e40 f i MFCEditView.obj
 0001:0000ffc0       ?_Do_assert_group@?$_Parser@PEB_W_WV?$regex_traits@_W@std@@@std@@AEAAX_N@Z 0000000140010fc0 f i MFCEditView.obj
 0001:000100d0       ?_Add_class@?$_Builder@PEB_W_WV?$regex_traits@_W@std@@@std@@QEAAXXZ 00000001400110d0 f i MFCEditView.obj
 0001:00010170       ?_Add_rep@?$_Builder@PEB_W_WV?$regex_traits@_W@std@@@std@@QEAAXHH_N@Z 0000000140011170 f i MFCEditView.obj
 0001:00010490       ??_E?$_Node_str@_W@std@@UEAAPEAXI@Z 0000000140011490 f i * CIL library *:* CIL module *
 0001:00010490       ??_G?$_Node_str@_W@std@@UEAAPEAXI@Z 0000000140011490 f i MFCEditView.obj
 0001:000104e0       ?_HexDigits@?$_Parser@PEB_W_WV?$regex_traits@_W@std@@@std@@AEAAXH@Z 00000001400114e0 f i MFCEditView.obj
 0001:00010600       ?_ClassAtom@?$_Parser@PEB_W_WV?$regex_traits@_W@std@@@std@@AEAA?AW4_Prs_ret@2@XZ 0000000140011600 f i MFCEditView.obj
 0001:000109f0       ?_Add_range@?$_Builder@PEB_W_WV?$regex_traits@_W@std@@@std@@QEAAX_W0@Z 00000001400119f0 f i MFCEditView.obj
 0001:00010ba0       ?_Add_named_class@?$_Builder@PEB_W_WV?$regex_traits@_W@std@@@std@@QEAAXF_N@Z 0000000140011ba0 f i MFCEditView.obj
 0001:00010c80       ?_Add_char_to_array@?$_Builder@PEB_W_WV?$regex_traits@_W@std@@@std@@AEAAX_W@Z 0000000140011c80 f i MFCEditView.obj
 0001:00010d40       ??$lookup_classname@PEB_W@?$_Regex_traits@_W@std@@QEBAFPEB_W0_N@Z 0000000140011d40 f i MFCEditView.obj
 0001:00010eb0       ??1?$unique_ptr@V_Facet_base@std@@U?$default_delete@V_Facet_base@std@@@2@@std@@QEAA@XZ 0000000140011eb0 f i MFCEditView.obj
 0001:00010eb0       ??1?$unique_ptr@V_Node_assert@std@@U?$default_delete@V_Node_assert@std@@@2@@std@@QEAA@XZ 0000000140011eb0 f i MFCEditView.obj
 0001:00010ed0       ?_Do_ex_class@?$_Parser@PEB_W_WV?$regex_traits@_W@std@@@std@@AEAAXW4_Meta_type@2@@Z 0000000140011ed0 f i MFCEditView.obj
 0001:00011130       ?_Add_equiv@?$_Builder@PEB_W_WV?$regex_traits@_W@std@@@std@@QEAAXPEB_W0_J@Z 0000000140012130 f i MFCEditView.obj
 0001:00011330       ?_Char_to_elts@?$_Builder@PEB_W_WV?$regex_traits@_W@std@@@std@@AEAAXPEB_W0_JPEAPEAU?$_Sequence@_W@2@@Z 0000000140012330 f i MFCEditView.obj
 0001:00011420       ??$transform_primary@PEA_W@?$_Regex_traits@_W@std@@QEBA?AV?$basic_string@_WU?$char_traits@_W@std@@V?$allocator@_W@2@@1@PEA_W0@Z 0000000140012420 f i MFCEditView.obj
 0001:00011420       ??$transform_primary@PEB_W@?$_Regex_traits@_W@std@@QEBA?AV?$basic_string@_WU?$char_traits@_W@std@@V?$allocator@_W@2@@1@PEB_W0@Z 0000000140012420 f i MFCEditView.obj
 0001:00011614       ??_E?$basic_stringstream@_WU?$char_traits@_W@std@@V?$allocator@_W@2@@std@@$4PPPPPPPM@A@EAAPEAXI@Z 0000000140012614 f i MFCEditView.obj
 0001:00011620       ??_E?$basic_stringstream@DU?$char_traits@D@std@@V?$allocator@D@2@@std@@$4PPPPPPPM@A@EAAPEAXI@Z 0000000140012620 f i MFCEditView.obj
 0001:00011630       ?accHitTest@CFormView@@UEAAJJJPEAUtagVARIANT@@@Z 0000000140012630 f i MFCEditView.obj
 0001:00011640       ?accLocation@CFormView@@UEAAJPEAJ000UtagVARIANT@@@Z 0000000140012640 f i MFCEditView.obj
 0001:00011690       ?get_accName@CFormView@@UEAAJUtagVARIANT@@PEAPEA_W@Z 0000000140012690 f i MFCEditView.obj
 0001:000116c0       ?get_accChild@CFormView@@UEAAJUtagVARIANT@@PEAPEAUIDispatch@@@Z 00000001400126c0 f i MFCEditView.obj
 0001:000116f0       ?get_accChildCount@CFormView@@UEAAJPEAJ@Z 00000001400126f0 f i MFCEditView.obj
 0001:00011710       ?name@locale@std@@QEBA?AV?$basic_string@DU?$char_traits@D@std@@V?$allocator@D@2@@2@XZ 0000000140012710 f i MFCEditView.obj
 0001:00011940       ??$_Get_index@$0A@@id@locale@std@@QEAA_KXZ 0000000140012940 f i MFCEditView.obj
 0001:000119c0       ??0bad_cast@std@@QEAA@XZ   00000001400129c0 f i MFCEditView.obj
 0001:000119f0       ??1bad_array_new_length@std@@UEAA@XZ 00000001400129f0 f i MFCEditView.obj
 0001:000119f0       ??1bad_cast@std@@UEAA@XZ   00000001400129f0 f i MFCEditView.obj
 0001:00011a10       ??_Ebad_alloc@std@@UEAAPEAXI@Z 0000000140012a10 f i * CIL library *:* CIL module *
 0001:00011a10       ??_Ebad_array_new_length@std@@UEAAPEAXI@Z 0000000140012a10 f i * CIL library *:* CIL module *
 0001:00011a10       ??_Ebad_cast@std@@UEAAPEAXI@Z 0000000140012a10 f i * CIL library *:* CIL module *
 0001:00011a10       ??_Eexception@std@@UEAAPEAXI@Z 0000000140012a10 f i * CIL library *:* CIL module *
 0001:00011a10       ??_Gbad_alloc@std@@UEAAPEAXI@Z 0000000140012a10 f i MFCEditView.obj
 0001:00011a10       ??_Gbad_array_new_length@std@@UEAAPEAXI@Z 0000000140012a10 f i MFCEditView.obj
 0001:00011a10       ??_Gbad_cast@std@@UEAAPEAXI@Z 0000000140012a10 f i MFCEditView.obj
 0001:00011a10       ??_Gexception@std@@UEAAPEAXI@Z 0000000140012a10 f i MFCEditView.obj
 0001:00011a60       ??0bad_cast@std@@QEAA@AEBV01@@Z 0000000140012a60 f i MFCEditView.obj
 0001:00011aa0       ?_Throw_bad_cast@std@@YAXXZ 0000000140012aa0 f i MFCEditView.obj
 0001:00011ac0       ??1locale@std@@QEAA@XZ     0000000140012ac0 f i MFCEditView.obj
 0001:00011b00       ??HATL@@YA?AV?$CStringT@_WV?$StrTraitMFC_DLL@_WV?$ChTraitsCRT@_W@ATL@@@@@0@PEB_WAEBV10@@Z 0000000140012b00 f i MFCEditView.obj
 0001:00011b70       ??1CWaitCursor@@QEAA@XZ    0000000140012b70 f i MFCEditView.obj
 0001:00011bc0       ??1?$basic_string@DU?$char_traits@D@std@@V?$allocator@D@2@@std@@QEAA@XZ 0000000140012bc0 f i MFCEditView.obj
 0001:00011c20       ??4?$basic_string@_WU?$char_traits@_W@std@@V?$allocator@_W@2@@std@@QEAAAEAV01@$$QEAV01@@Z 0000000140012c20 f i MFCEditView.obj
 0001:00011cc0       ??1_variant_t@@QEAA@XZ     0000000140012cc0 f i MFCEditView.obj
 0001:00011cd0       ?_Free@_bstr_t@@AEAAXXZ    0000000140012cd0 f i MFCEditView.obj
 0001:00011d40       ??1_bstr_t@@QEAA@XZ        0000000140012d40 f i MFCEditView.obj
 0001:00011d50       ??1CFont@@UEAA@XZ          0000000140012d50 f i MFCEditView.obj
 0001:00011d60       ??_ECFont@@UEAAPEAXI@Z     0000000140012d60 f i * CIL library *:* CIL module *
 0001:00011d60       ??_GCFont@@UEAAPEAXI@Z     0000000140012d60 f i MFCEditView.obj
 0001:00011dc0       ??HATL@@YA?AV?$CStringT@_WV?$StrTraitMFC_DLL@_WV?$ChTraitsCRT@_W@ATL@@@@@0@AEBV10@PEB_W@Z 0000000140012dc0 f i MFCEditView.obj
 0001:00011e30       ??1?$basic_string@_WU?$char_traits@_W@std@@V?$allocator@_W@2@@std@@QEAA@XZ 0000000140012e30 f i MFCEditView.obj
 0001:00011ea0       ?_Xlen_string@std@@YAXXZ   0000000140012ea0 f i MFCEditView.obj
 0001:00011ec0       ??0bad_array_new_length@std@@QEAA@XZ 0000000140012ec0 f i MFCEditView.obj
 0001:00011ef0       ??0bad_array_new_length@std@@QEAA@AEBV01@@Z 0000000140012ef0 f i MFCEditView.obj
 0001:00011f30       ??0bad_alloc@std@@QEAA@AEBV01@@Z 0000000140012f30 f i MFCEditView.obj
 0001:00011f70       ??0exception@std@@QEAA@AEBV01@@Z 0000000140012f70 f i MFCEditView.obj
 0001:00011fb0       ?_Throw_bad_array_new_length@std@@YAXXZ 0000000140012fb0 f i MFCEditView.obj
 0001:00011fd0       ??$_Construct@$00PEB_W@?$basic_string@_WU?$char_traits@_W@std@@V?$allocator@_W@2@@std@@AEAAXQEB_W_K@Z 0000000140012fd0 f i MFCEditView.obj
 0001:00012100       ??0?$basic_string@_WU?$char_traits@_W@std@@V?$allocator@_W@2@@std@@QEAA@QEB_W@Z 0000000140013100 f i MFCEditView.obj
 0001:00012140       ??_ECComboBox@@UEAAPEAXI@Z 0000000140013140 f i * CIL library *:* CIL module *
 0001:00012140       ??_GCComboBox@@UEAAPEAXI@Z 0000000140013140 f i MFCEditView.obj
 0001:00012190       ?what@exception@std@@UEBAPEBDXZ 0000000140013190 f i MFCEditView.obj
 0001:000121b0       ?_AtlInitializeCriticalSectionEx@ATL@@YAHPEAU_RTL_CRITICAL_SECTION@@KK@Z 00000001400131b0 f i pch.obj
 0001:000121b7       ??3@YAXPEAX@Z              00000001400131b7 f   mfc140u:mfc140u.dll
 0001:000121bd       ?GetThisMessageMap@CFrameWnd@@KAPEBUAFX_MSGMAP@@XZ 00000001400131bd f   mfc140u:mfc140u.dll
 0001:000121c3       ?OnCmdMsg@CFrameWnd@@UEAAHIHPEAXPEAUAFX_CMDHANDLERINFO@@@Z 00000001400131c3 f   mfc140u:mfc140u.dll
 0001:000121c9       ?OnFinalRelease@CWnd@@UEAAXXZ 00000001400131c9 f   mfc140u:mfc140u.dll
 0001:000121cf       ?IsInvokeAllowed@CCmdTarget@@UEAAHJ@Z 00000001400131cf f   mfc140u:mfc140u.dll
 0001:000121d5       ?GetDispatchIID@CCmdTarget@@UEAAHPEAU_GUID@@@Z 00000001400131d5 f   mfc140u:mfc140u.dll
 0001:000121db       ?GetTypeInfoCount@CCmdTarget@@UEAAIXZ 00000001400131db f   mfc140u:mfc140u.dll
 0001:000121e1       ?GetTypeLibCache@CCmdTarget@@UEAAPEAVCTypeLibCache@@XZ 00000001400131e1 f   mfc140u:mfc140u.dll
 0001:000121e7       ?GetTypeLib@CCmdTarget@@UEAAJKPEAPEAUITypeLib@@@Z 00000001400131e7 f   mfc140u:mfc140u.dll
 0001:000121ed       ?GetCommandMap@CCmdTarget@@MEBAPEBUAFX_OLECMDMAP@@XZ 00000001400131ed f   mfc140u:mfc140u.dll
 0001:000121f3       ?GetDispatchMap@CCmdTarget@@MEBAPEBUAFX_DISPMAP@@XZ 00000001400131f3 f   mfc140u:mfc140u.dll
 0001:000121f9       ?GetConnectionMap@CCmdTarget@@MEBAPEBUAFX_CONNECTIONMAP@@XZ 00000001400131f9 f   mfc140u:mfc140u.dll
 0001:000121ff       ?GetInterfaceMap@CWnd@@MEBAPEBUAFX_INTERFACEMAP@@XZ 00000001400131ff f   mfc140u:mfc140u.dll
 0001:00012205       ?GetEventSinkMap@CCmdTarget@@MEBAPEBUAFX_EVENTSINKMAP@@XZ 0000000140013205 f   mfc140u:mfc140u.dll
 0001:0001220b       ?OnCreateAggregates@CCmdTarget@@UEAAHXZ 000000014001320b f   mfc140u:mfc140u.dll
 0001:00012211       ?GetInterfaceHook@CCmdTarget@@UEAAPEAUIUnknown@@PEBX@Z 0000000140013211 f   mfc140u:mfc140u.dll
 0001:00012217       ?GetExtraConnectionPoints@CCmdTarget@@MEAAHPEAVCPtrArray@@@Z 0000000140013217 f   mfc140u:mfc140u.dll
 0001:0001221d       ?GetConnectionHook@CCmdTarget@@MEAAPEAUIConnectionPoint@@AEBU_GUID@@@Z 000000014001321d f   mfc140u:mfc140u.dll
 0001:00012223       ?PreSubclassWindow@CWnd@@UEAAXXZ 0000000140013223 f   mfc140u:mfc140u.dll
 0001:00012229       ?Create@CWnd@@UEAAHPEB_W0KAEBUtagRECT@@PEAV1@IPEAUCCreateContext@@@Z 0000000140013229 f   mfc140u:mfc140u.dll
 0001:0001222f       ?CreateEx@CWnd@@UEAAHKPEB_W0KAEBUtagRECT@@PEAV1@IPEAX@Z 000000014001322f f   mfc140u:mfc140u.dll
 0001:00012235       ?CreateEx@CWnd@@UEAAHKPEB_W0KHHHHPEAUHWND__@@PEAUHMENU__@@PEAX@Z 0000000140013235 f   mfc140u:mfc140u.dll
 0001:0001223b       ?DestroyWindow@CWnd@@UEAAHXZ 000000014001323b f   mfc140u:mfc140u.dll
 0001:00012241       ?CalcWindowRect@CWnd@@UEAAXPEAUtagRECT@@I@Z 0000000140013241 f   mfc140u:mfc140u.dll
 0001:00012247       ?GetMenu@CFrameWnd@@UEBAPEAVCMenu@@XZ 0000000140013247 f   mfc140u:mfc140u.dll
 0001:0001224d       ?SetMenu@CFrameWnd@@UEAAHPEAVCMenu@@@Z 000000014001324d f   mfc140u:mfc140u.dll
 0001:00012253       ?OnToolHitTest@CWnd@@UEBA_JVCPoint@@PEAUtagTOOLINFOW@@@Z 0000000140013253 f   mfc140u:mfc140u.dll
 0001:00012259       ?GetScrollBarCtrl@CWnd@@UEBAPEAVCScrollBar@@H@Z 0000000140013259 f   mfc140u:mfc140u.dll
 0001:0001225f       ?WinHelpW@CWnd@@UEAAX_KI@Z 000000014001325f f   mfc140u:mfc140u.dll
 0001:00012265       ?HtmlHelpW@CWnd@@UEAAX_KI@Z 0000000140013265 f   mfc140u:mfc140u.dll
 0001:0001226b       ?WinHelpInternal@CWnd@@UEAAX_KI@Z 000000014001326b f   mfc140u:mfc140u.dll
 0001:00012271       ?ContinueModal@CWnd@@UEAAHXZ 0000000140013271 f   mfc140u:mfc140u.dll
 0001:00012277       ?EndModalLoop@CWnd@@UEAAXH@Z 0000000140013277 f   mfc140u:mfc140u.dll
 0001:0001227d       ?OnDrawIconicThumbnailOrLivePreview@CWnd@@UEAAXAEAVCDC@@VCRect@@VCSize@@HAEAH@Z 000000014001327d f   mfc140u:mfc140u.dll
 0001:00012283       ?EnsureStdObj@CWnd@@UEAAJXZ 0000000140013283 f   mfc140u:mfc140u.dll
 0001:00012289       ?get_accParent@CWnd@@UEAAJPEAPEAUIDispatch@@@Z 0000000140013289 f   mfc140u:mfc140u.dll
 0001:0001228f       ?get_accChildCount@CWnd@@UEAAJPEAJ@Z 000000014001328f f   mfc140u:mfc140u.dll
 0001:00012295       ?get_accChild@CWnd@@UEAAJUtagVARIANT@@PEAPEAUIDispatch@@@Z 0000000140013295 f   mfc140u:mfc140u.dll
 0001:0001229b       ?get_accName@CWnd@@UEAAJUtagVARIANT@@PEAPEA_W@Z 000000014001329b f   mfc140u:mfc140u.dll
 0001:000122a1       ?get_accValue@CWnd@@UEAAJUtagVARIANT@@PEAPEA_W@Z 00000001400132a1 f   mfc140u:mfc140u.dll
 0001:000122a7       ?get_accDescription@CWnd@@UEAAJUtagVARIANT@@PEAPEA_W@Z 00000001400132a7 f   mfc140u:mfc140u.dll
 0001:000122ad       ?get_accRole@CWnd@@UEAAJUtagVARIANT@@PEAU2@@Z 00000001400132ad f   mfc140u:mfc140u.dll
 0001:000122b3       ?get_accState@CWnd@@UEAAJUtagVARIANT@@PEAU2@@Z 00000001400132b3 f   mfc140u:mfc140u.dll
 0001:000122b9       ?get_accHelp@CWnd@@UEAAJUtagVARIANT@@PEAPEA_W@Z 00000001400132b9 f   mfc140u:mfc140u.dll
 0001:000122bf       ?get_accHelpTopic@CWnd@@UEAAJPEAPEA_WUtagVARIANT@@PEAJ@Z 00000001400132bf f   mfc140u:mfc140u.dll
 0001:000122c5       ?get_accKeyboardShortcut@CWnd@@UEAAJUtagVARIANT@@PEAPEA_W@Z 00000001400132c5 f   mfc140u:mfc140u.dll
 0001:000122cb       ?get_accFocus@CWnd@@UEAAJPEAUtagVARIANT@@@Z 00000001400132cb f   mfc140u:mfc140u.dll
 0001:000122d1       ?get_accSelection@CWnd@@UEAAJPEAUtagVARIANT@@@Z 00000001400132d1 f   mfc140u:mfc140u.dll
 0001:000122d7       ?get_accDefaultAction@CWnd@@UEAAJUtagVARIANT@@PEAPEA_W@Z 00000001400132d7 f   mfc140u:mfc140u.dll
 0001:000122dd       ?accSelect@CWnd@@UEAAJJUtagVARIANT@@@Z 00000001400132dd f   mfc140u:mfc140u.dll
 0001:000122e3       ?accLocation@CWnd@@UEAAJPEAJ000UtagVARIANT@@@Z 00000001400132e3 f   mfc140u:mfc140u.dll
 0001:000122e9       ?accNavigate@CWnd@@UEAAJJUtagVARIANT@@PEAU2@@Z 00000001400132e9 f   mfc140u:mfc140u.dll
 0001:000122ef       ?accHitTest@CWnd@@UEAAJJJPEAUtagVARIANT@@@Z 00000001400132ef f   mfc140u:mfc140u.dll
 0001:000122f5       ?accDoDefaultAction@CWnd@@UEAAJUtagVARIANT@@@Z 00000001400132f5 f   mfc140u:mfc140u.dll
 0001:000122fb       ?put_accName@CWnd@@UEAAJUtagVARIANT@@PEA_W@Z 00000001400132fb f   mfc140u:mfc140u.dll
 0001:00012301       ?put_accValue@CWnd@@UEAAJUtagVARIANT@@PEA_W@Z 0000000140013301 f   mfc140u:mfc140u.dll
 0001:00012307       ?SetProxy@CWnd@@UEAAJPEAUIAccessibleProxy@@@Z 0000000140013307 f   mfc140u:mfc140u.dll
 0001:0001230d       ?CreateAccessibleProxy@CWnd@@UEAAJ_K_JPEA_J@Z 000000014001330d f   mfc140u:mfc140u.dll
 0001:00012313       ?OnCommand@CFrameWnd@@MEAAH_K_J@Z 0000000140013313 f   mfc140u:mfc140u.dll
 0001:00012319       ?OnNotify@CWnd@@MEAAH_K_JPEA_J@Z 0000000140013319 f   mfc140u:mfc140u.dll
 0001:0001231f       ?GetSuperWndProcAddr@CWnd@@MEAAPEAP6A_JPEAUHWND__@@I_K_J@ZXZ 000000014001331f f   mfc140u:mfc140u.dll
 0001:00012325       ?BeginModalState@CFrameWnd@@UEAAXXZ 0000000140013325 f   mfc140u:mfc140u.dll
 0001:0001232b       ?EndModalState@CFrameWnd@@UEAAXXZ 000000014001332b f   mfc140u:mfc140u.dll
 0001:00012331       ?PreTranslateMessage@CFrameWnd@@UEAAHPEAUtagMSG@@@Z 0000000140013331 f   mfc140u:mfc140u.dll
 0001:00012337       ?OnAmbientProperty@CWnd@@UEAAHPEAVCOleControlSite@@JPEAUtagVARIANT@@@Z 0000000140013337 f   mfc140u:mfc140u.dll
 0001:0001233d       ?WindowProc@CWnd@@MEAA_JI_K_J@Z 000000014001333d f   mfc140u:mfc140u.dll
 0001:00012343       ?OnWndMsg@CWnd@@MEAAHI_K_JPEA_J@Z 0000000140013343 f   mfc140u:mfc140u.dll
 0001:00012349       ?DefWindowProcW@CWnd@@MEAA_JI_K_J@Z 0000000140013349 f   mfc140u:mfc140u.dll
 0001:0001234f       ?PostNcDestroy@CFrameWnd@@MEAAXXZ 000000014001334f f   mfc140u:mfc140u.dll
 0001:00012355       ?OnChildNotify@CWnd@@MEAAHI_K_JPEA_J@Z 0000000140013355 f   mfc140u:mfc140u.dll
 0001:0001235b       ?OnTouchInputs@CWnd@@MEAAHIPEAUtagTOUCHINPUT@@@Z 000000014001335b f   mfc140u:mfc140u.dll
 0001:00012361       ?OnTouchInput@CWnd@@MEAAHVCPoint@@HHPEAUtagTOUCHINPUT@@@Z 0000000140013361 f   mfc140u:mfc140u.dll
 0001:00012367       ?GetGestureStatus@CWnd@@MEAAKVCPoint@@@Z 0000000140013367 f   mfc140u:mfc140u.dll
 0001:0001236d       ?OnGestureZoom@CWnd@@MEAAHVCPoint@@J@Z 000000014001336d f   mfc140u:mfc140u.dll
 0001:00012373       ?OnGesturePan@CWnd@@MEAAHVCPoint@@0@Z 0000000140013373 f   mfc140u:mfc140u.dll
 0001:00012379       ?OnGestureRotate@CWnd@@MEAAHVCPoint@@N@Z 0000000140013379 f   mfc140u:mfc140u.dll
 0001:0001237f       ?OnGestureTwoFingerTap@CWnd@@MEAAHVCPoint@@@Z 000000014001337f f   mfc140u:mfc140u.dll
 0001:00012385       ?OnGesturePressAndTap@CWnd@@MEAAHVCPoint@@J@Z 0000000140013385 f   mfc140u:mfc140u.dll
 0001:0001238b       ?ResizeDynamicLayout@CWnd@@MEAAXXZ 000000014001338b f   mfc140u:mfc140u.dll
 0001:00012391       ?CheckAutoCenter@CWnd@@UEAAHXZ 0000000140013391 f   mfc140u:mfc140u.dll
 0001:00012397       ?IsFrameWnd@CFrameWnd@@UEBAHXZ 0000000140013397 f   mfc140u:mfc140u.dll
 0001:0001239d       ?CreateControlContainer@CWnd@@MEAAHPEAPEAVCOleControlContainer@@@Z 000000014001339d f   mfc140u:mfc140u.dll
 0001:000123a3       ?CreateControlSite@CWnd@@MEAAHPEAVCOleControlContainer@@PEAPEAVCOleControlSite@@IAEBU_GUID@@@Z 00000001400133a3 f   mfc140u:mfc140u.dll
 0001:000123a9       ?SetOccDialogInfo@CWnd@@MEAAHPEAU_AFX_OCC_DIALOG_INFO@@@Z 00000001400133a9 f   mfc140u:mfc140u.dll
 0001:000123af       ?GetOccDialogInfo@CWnd@@MEAAPEAU_AFX_OCC_DIALOG_INFO@@XZ 00000001400133af f   mfc140u:mfc140u.dll
 0001:000123b5       ?Create@CFrameWnd@@UEAAHPEB_W0KAEBUtagRECT@@PEAVCWnd@@0KPEAUCCreateContext@@@Z 00000001400133b5 f   mfc140u:mfc140u.dll
 0001:000123bb       ?LoadFrame@CFrameWnd@@UEAAHIKPEAVCWnd@@PEAUCCreateContext@@@Z 00000001400133bb f   mfc140u:mfc140u.dll
 0001:000123c1       ?GetActiveDocument@CFrameWnd@@UEAAPEAVCDocument@@XZ 00000001400133c1 f   mfc140u:mfc140u.dll
 0001:000123c7       ?GetActiveFrame@CFrameWnd@@UEAAPEAV1@XZ 00000001400133c7 f   mfc140u:mfc140u.dll
 0001:000123cd       ?GetMessageString@CFrameWnd@@UEBAXIAEAV?$CStringT@_WV?$StrTraitMFC_DLL@_WV?$ChTraitsCRT@_W@ATL@@@@@ATL@@@Z 00000001400133cd f   mfc140u:mfc140u.dll
 0001:000123d3       ?RecalcLayout@CFrameWnd@@UEAAXH@Z 00000001400133d3 f   mfc140u:mfc140u.dll
 0001:000123d9       ?ActivateFrame@CFrameWnd@@UEAAXH@Z 00000001400133d9 f   mfc140u:mfc140u.dll
 0001:000123df       ?SetMenuBarVisibility@CFrameWnd@@UEAAXK@Z 00000001400133df f   mfc140u:mfc140u.dll
 0001:000123e5       ?GetMenuBarVisibility@CFrameWnd@@UEBAKXZ 00000001400133e5 f   mfc140u:mfc140u.dll
 0001:000123eb       ?SetMenuBarState@CFrameWnd@@UEAAHK@Z 00000001400133eb f   mfc140u:mfc140u.dll
 0001:000123f1       ?GetMenuBarState@CFrameWnd@@UEBAKXZ 00000001400133f1 f   mfc140u:mfc140u.dll
 0001:000123f7       ?OnSetPreviewMode@CFrameWnd@@UEAAXHPEAUCPrintPreviewState@@@Z 00000001400133f7 f   mfc140u:mfc140u.dll
 0001:000123fd       ?GetMessageBar@CFrameWnd@@UEAAPEAVCWnd@@XZ 00000001400133fd f   mfc140u:mfc140u.dll
 0001:00012403       ?NegotiateBorderSpace@CFrameWnd@@UEAAHIPEAUtagRECT@@@Z 0000000140013403 f   mfc140u:mfc140u.dll
 0001:00012409       ?OnCreateClient@CFrameWnd@@MEAAHPEAUtagCREATESTRUCTW@@PEAUCCreateContext@@@Z 0000000140013409 f   mfc140u:mfc140u.dll
 0001:0001240f       ?OnUpdateFrameTitle@CFrameWnd@@UEAAXH@Z 000000014001340f f   mfc140u:mfc140u.dll
 0001:00012415       ?OnUpdateFrameMenu@CFrameWnd@@UEAAXPEAUHMENU__@@@Z 0000000140013415 f   mfc140u:mfc140u.dll
 0001:0001241b       ?GetDefaultAccelerator@CFrameWnd@@UEAAPEAUHACCEL__@@XZ 000000014001341b f   mfc140u:mfc140u.dll
 0001:00012421       ?DelayUpdateFrameMenu@CFrameWnd@@UEAAXPEAUHMENU__@@@Z 0000000140013421 f   mfc140u:mfc140u.dll
 0001:00012427       ?ExitHelpMode@CFrameWnd@@UEAAXXZ 0000000140013427 f   mfc140u:mfc140u.dll
 0001:0001242d       ?OnShowMenuBar@CFrameWnd@@MEAAXXZ 000000014001342d f   mfc140u:mfc140u.dll
 0001:00012433       ?OnHideMenuBar@CFrameWnd@@MEAAXXZ 0000000140013433 f   mfc140u:mfc140u.dll
 0001:00012439       ?OnFileNew@CWinApp@@IEAAXXZ 0000000140013439 f   mfc140u:mfc140u.dll
 0001:0001243f       ?OnFileOpen@CWinApp@@IEAAXXZ 000000014001343f f   mfc140u:mfc140u.dll
 0001:00012445       ?OnFilePrintSetup@CWinApp@@IEAAXXZ 0000000140013445 f   mfc140u:mfc140u.dll
 0001:0001244b       ?GetThisMessageMap@CWinApp@@KAPEBUAFX_MSGMAP@@XZ 000000014001344b f   mfc140u:mfc140u.dll
 0001:00012451       ??1CCommandLineInfo@@UEAA@XZ 0000000140013451 f   mfc140u:mfc140u.dll
 0001:00012457       ??1?$CStringT@_WV?$StrTraitMFC_DLL@_WV?$ChTraitsCRT@_W@ATL@@@@@ATL@@QEAA@XZ 0000000140013457 f   mfc140u:mfc140u.dll
 0001:0001245d       ?GetRuntimeClass@CGdiObject@@UEBAPEAUCRuntimeClass@@XZ 000000014001345d f   mfc140u:mfc140u.dll
 0001:00012463       ?GetRuntimeClass@CBrush@@UEBAPEAUCRuntimeClass@@XZ 0000000140013463 f   mfc140u:mfc140u.dll
 0001:00012469       ?GetThisMessageMap@CDialogEx@@KAPEBUAFX_MSGMAP@@XZ 0000000140013469 f   mfc140u:mfc140u.dll
 0001:0001246f       ?DoModal@CDialog@@UEAA_JXZ 000000014001346f f   mfc140u:mfc140u.dll
 0001:00012475       ?GetRuntimeClass@CWinApp@@UEBAPEAUCRuntimeClass@@XZ 0000000140013475 f   mfc140u:mfc140u.dll
 0001:0001247b       ?OnCmdMsg@CCmdTarget@@UEAAHIHPEAXPEAUAFX_CMDHANDLERINFO@@@Z 000000014001347b f   mfc140u:mfc140u.dll
 0001:00012481       ?OnFinalRelease@CCmdTarget@@UEAAXXZ 0000000140013481 f   mfc140u:mfc140u.dll
 0001:00012487       ?GetInterfaceMap@CCmdTarget@@MEBAPEBUAFX_INTERFACEMAP@@XZ 0000000140013487 f   mfc140u:mfc140u.dll
 0001:0001248d       ?Run@CWinApp@@UEAAHXZ      000000014001348d f   mfc140u:mfc140u.dll
 0001:00012493       ?PreTranslateMessage@CWinThread@@UEAAHPEAUtagMSG@@@Z 0000000140013493 f   mfc140u:mfc140u.dll
 0001:00012499       ?PumpMessage@CWinThread@@UEAAHXZ 0000000140013499 f   mfc140u:mfc140u.dll
 0001:0001249f       ?OnIdle@CWinApp@@UEAAHJ@Z  000000014001349f f   mfc140u:mfc140u.dll
 0001:000124a5       ?IsIdleMessage@CWinThread@@UEAAHPEAUtagMSG@@@Z 00000001400134a5 f   mfc140u:mfc140u.dll
 0001:000124ab       ?ProcessWndProcException@CWinApp@@UEAA_JPEAVCException@@PEBUtagMSG@@@Z 00000001400134ab f   mfc140u:mfc140u.dll
 0001:000124b1       ?ProcessMessageFilter@CWinThread@@UEAAHHPEAUtagMSG@@@Z 00000001400134b1 f   mfc140u:mfc140u.dll
 0001:000124b7       ?GetMainWnd@CWinThread@@UEAAPEAVCWnd@@XZ 00000001400134b7 f   mfc140u:mfc140u.dll
 0001:000124bd       ?Delete@CWinThread@@UEAAXXZ 00000001400134bd f   mfc140u:mfc140u.dll
 0001:000124c3       ?GetProfileIntW@CWinApp@@UEAAIPEB_W0H@Z 00000001400134c3 f   mfc140u:mfc140u.dll
 0001:000124c9       ?WriteProfileInt@CWinApp@@UEAAHPEB_W0H@Z 00000001400134c9 f   mfc140u:mfc140u.dll
 0001:000124cf       ?GetProfileStringW@CWinApp@@UEAA?AV?$CStringT@_WV?$StrTraitMFC_DLL@_WV?$ChTraitsCRT@_W@ATL@@@@@ATL@@PEB_W00@Z 00000001400134cf f   mfc140u:mfc140u.dll
 0001:000124d5       ?WriteProfileStringW@CWinApp@@UEAAHPEB_W00@Z 00000001400134d5 f   mfc140u:mfc140u.dll
 0001:000124db       ?GetProfileBinary@CWinApp@@UEAAHPEB_W0PEAPEAEPEAI@Z 00000001400134db f   mfc140u:mfc140u.dll
 0001:000124e1       ?WriteProfileBinary@CWinApp@@UEAAHPEB_W0PEAEI@Z 00000001400134e1 f   mfc140u:mfc140u.dll
 0001:000124e7       ?InitLibId@CWinApp@@UEAAXXZ 00000001400134e7 f   mfc140u:mfc140u.dll
 0001:000124ed       ?Register@CWinApp@@UEAAHXZ 00000001400134ed f   mfc140u:mfc140u.dll
 0001:000124f3       ?Unregister@CWinApp@@UEAAHXZ 00000001400134f3 f   mfc140u:mfc140u.dll
 0001:000124f9       ?OpenDocumentFile@CWinApp@@UEAAPEAVCDocument@@PEB_WH@Z 00000001400134f9 f   mfc140u:mfc140u.dll
 0001:000124ff       ?OpenDocumentFile@CWinApp@@UEAAPEAVCDocument@@PEB_W@Z 00000001400134ff f   mfc140u:mfc140u.dll
 0001:00012505       ?AddToRecentFileList@CWinApp@@UEAAXPEB_W@Z 0000000140013505 f   mfc140u:mfc140u.dll
 0001:0001250b       ?InitApplication@CWinApp@@UEAAHXZ 000000014001350b f   mfc140u:mfc140u.dll
 0001:00012511       ?SaveAllModified@CWinApp@@UEAAHXZ 0000000140013511 f   mfc140u:mfc140u.dll
 0001:00012517       ?DoMessageBox@CWinApp@@UEAAHPEB_WII@Z 0000000140013517 f   mfc140u:mfc140u.dll
 0001:0001251d       ?DoWaitCursor@CWinApp@@UEAAXH@Z 000000014001351d f   mfc140u:mfc140u.dll
 0001:00012523       ?OnDDECommand@CWinApp@@UEAAHPEA_W@Z 0000000140013523 f   mfc140u:mfc140u.dll
 0001:00012529       ?WinHelpW@CWinApp@@UEAAX_KI@Z 0000000140013529 f   mfc140u:mfc140u.dll
 0001:0001252f       ?HtmlHelpW@CWinApp@@UEAAX_KI@Z 000000014001352f f   mfc140u:mfc140u.dll
 0001:00012535       ?WinHelpInternal@CWinApp@@UEAAX_KI@Z 0000000140013535 f   mfc140u:mfc140u.dll
 0001:0001253b       ?RegisterWithRestartManager@CWinApp@@UEAAJPEB_WKP6AKPEAX@Z1KK@Z 000000014001353b f   mfc140u:mfc140u.dll
 0001:00012541       ?RegisterWithRestartManager@CWinApp@@UEAAJHAEBV?$CStringT@_WV?$StrTraitMFC_DLL@_WV?$ChTraitsCRT@_W@ATL@@@@@ATL@@@Z 0000000140013541 f   mfc140u:mfc140u.dll
 0001:00012547       ?ApplicationRecoveryCallback@CWinApp@@UEAAKPEAX@Z 0000000140013547 f   mfc140u:mfc140u.dll
 0001:0001254d       ?GetDataRecoveryHandler@CWinApp@@UEAAPEAVCDataRecoveryHandler@@XZ 000000014001354d f   mfc140u:mfc140u.dll
 0001:00012553       ?IsTaskbarInteractionEnabled@CWinApp@@UEAAHXZ 0000000140013553 f   mfc140u:mfc140u.dll
 0001:00012559       ?RestartInstance@CWinApp@@UEAAHXZ 0000000140013559 f   mfc140u:mfc140u.dll
 0001:0001255f       ?LoadAppLangResourceDLL@CWinApp@@UEAAPEAUHINSTANCE__@@XZ 000000014001355f f   mfc140u:mfc140u.dll
 0001:00012565       ?LoadSysPolicies@CWinApp@@UEAAHXZ 0000000140013565 f   mfc140u:mfc140u.dll
 0001:0001256b       ?GetRuntimeClass@CDialogEx@@UEBAPEAUCRuntimeClass@@XZ 000000014001356b f   mfc140u:mfc140u.dll
 0001:00012571       ?OnCmdMsg@CDialog@@UEAAHIHPEAXPEAUAFX_CMDHANDLERINFO@@@Z 0000000140013571 f   mfc140u:mfc140u.dll
 0001:00012577       ?PreCreateWindow@CWnd@@UEAAHAEAUtagCREATESTRUCTW@@@Z 0000000140013577 f   mfc140u:mfc140u.dll
 0001:0001257d       ?GetMenu@CWnd@@UEBAPEAVCMenu@@XZ 000000014001357d f   mfc140u:mfc140u.dll
 0001:00012583       ?SetMenu@CWnd@@UEAAHPEAVCMenu@@@Z 0000000140013583 f   mfc140u:mfc140u.dll
 0001:00012589       ?OnCommand@CDialogEx@@MEAAH_K_J@Z 0000000140013589 f   mfc140u:mfc140u.dll
 0001:0001258f       ?PreTranslateMessage@CDialogEx@@UEAAHPEAUtagMSG@@@Z 000000014001358f f   mfc140u:mfc140u.dll
 0001:00012595       ?PostNcDestroy@CWnd@@MEAAXXZ 0000000140013595 f   mfc140u:mfc140u.dll
 0001:0001259b       ?CheckAutoCenter@CDialog@@UEAAHXZ 000000014001359b f   mfc140u:mfc140u.dll
 0001:000125a1       ?IsFrameWnd@CWnd@@UEBAHXZ  00000001400135a1 f   mfc140u:mfc140u.dll
 0001:000125a7       ?SetOccDialogInfo@CDialog@@MEAAHPEAU_AFX_OCC_DIALOG_INFO@@@Z 00000001400135a7 f   mfc140u:mfc140u.dll
 0001:000125ad       ?GetOccDialogInfo@CDialog@@MEAAPEAU_AFX_OCC_DIALOG_INFO@@XZ 00000001400135ad f   mfc140u:mfc140u.dll
 0001:000125b3       ?Create@CDialog@@UEAAHPEB_WPEAVCWnd@@@Z 00000001400135b3 f   mfc140u:mfc140u.dll
 0001:000125b9       ?CreateIndirect@CDialog@@UEAAHPEAXPEAVCWnd@@@Z 00000001400135b9 f   mfc140u:mfc140u.dll
 0001:000125bf       ?CreateIndirect@CDialog@@UEAAHPEBUDLGTEMPLATE@@PEAVCWnd@@PEAX@Z 00000001400135bf f   mfc140u:mfc140u.dll
 0001:000125c5       ?OnInitDialog@CDialog@@UEAAHXZ 00000001400135c5 f   mfc140u:mfc140u.dll
 0001:000125cb       ?OnSetFont@CDialog@@UEAAXPEAVCFont@@@Z 00000001400135cb f   mfc140u:mfc140u.dll
 0001:000125d1       ?OnOK@CDialog@@MEAAXXZ     00000001400135d1 f   mfc140u:mfc140u.dll
 0001:000125d7       ?OnCancel@CDialog@@MEAAXXZ 00000001400135d7 f   mfc140u:mfc140u.dll
 0001:000125dd       ?PreInitDialog@CDialog@@MEAAXXZ 00000001400135dd f   mfc140u:mfc140u.dll
 0001:000125e3       ?GetThisMessageMap@CDocument@@KAPEBUAFX_MSGMAP@@XZ 00000001400135e3 f   mfc140u:mfc140u.dll
 0001:000125e9       ?OnCmdMsg@CDocument@@UEAAHIHPEAXPEAUAFX_CMDHANDLERINFO@@@Z 00000001400135e9 f   mfc140u:mfc140u.dll
 0001:000125ef       ?OnFinalRelease@CDocument@@UEAAXXZ 00000001400135ef f   mfc140u:mfc140u.dll
 0001:000125f5       ?GetInterfaceMap@CDocument@@MEBAPEBUAFX_INTERFACEMAP@@XZ 00000001400135f5 f   mfc140u:mfc140u.dll
 0001:000125fb       ?FindChunk@CDocument@@UEAAPEAU__POSITION@@AEBU_GUID@@K@Z 00000001400135fb f   mfc140u:mfc140u.dll
 0001:00012601       ?RemoveChunk@CDocument@@UEAAXAEBU_GUID@@K@Z 0000000140013601 f   mfc140u:mfc140u.dll
 0001:00012607       ?ReadNextChunkValue@CDocument@@UEAAHPEAPEAUIFilterChunkValue@ATL@@@Z 0000000140013607 f   mfc140u:mfc140u.dll
 0001:0001260d       ?SetChunkValue@CDocument@@UEAAHPEAUIFilterChunkValue@ATL@@@Z 000000014001360d f   mfc140u:mfc140u.dll
 0001:00012613       ?ClearChunkList@CDocument@@UEAAXXZ 0000000140013613 f   mfc140u:mfc140u.dll
 0001:00012619       ?GetThumbnail@CDocument@@UEAAHIPEAPEAUHBITMAP__@@PEAW4WTS_ALPHATYPE@@@Z 0000000140013619 f   mfc140u:mfc140u.dll
 0001:0001261f       ?BeginReadChunks@CDocument@@UEAAXXZ 000000014001361f f   mfc140u:mfc140u.dll
 0001:00012625       ?LoadDocumentFromStream@CDocument@@UEAAJPEAUIStream@@K@Z 0000000140013625 f   mfc140u:mfc140u.dll
 0001:0001262b       ?SetTitle@CDocument@@UEAAXPEB_W@Z 000000014001362b f   mfc140u:mfc140u.dll
 0001:00012631       ?SetPathName@CDocument@@UEAAXPEB_WH@Z 0000000140013631 f   mfc140u:mfc140u.dll
 0001:00012637       ?ClearPathName@CDocument@@UEAAXXZ 0000000140013637 f   mfc140u:mfc140u.dll
 0001:0001263d       ?GetFirstViewPosition@CDocument@@UEBAPEAU__POSITION@@XZ 000000014001363d f   mfc140u:mfc140u.dll
 0001:00012643       ?GetNextView@CDocument@@UEBAPEAVCView@@AEAPEAU__POSITION@@@Z 0000000140013643 f   mfc140u:mfc140u.dll
 0001:00012649       ?OnChangedViewList@CDocument@@UEAAXXZ 0000000140013649 f   mfc140u:mfc140u.dll
 0001:0001264f       ?DeleteContents@CDocument@@UEAAXXZ 000000014001364f f   mfc140u:mfc140u.dll
 0001:00012655       ?OnOpenDocument@CDocument@@UEAAHPEB_W@Z 0000000140013655 f   mfc140u:mfc140u.dll
 0001:0001265b       ?OnSaveDocument@CDocument@@UEAAHPEB_W@Z 000000014001365b f   mfc140u:mfc140u.dll
 0001:00012661       ?OnCloseDocument@CDocument@@UEAAXXZ 0000000140013661 f   mfc140u:mfc140u.dll
 0001:00012667       ?ReportSaveLoadException@CDocument@@UEAAXPEB_WPEAVCException@@HI@Z 0000000140013667 f   mfc140u:mfc140u.dll
 0001:0001266d       ?GetFile@CDocument@@UEAAPEAVCFile@@PEB_WIPEAVCFileException@@@Z 000000014001366d f   mfc140u:mfc140u.dll
 0001:00012673       ?ReleaseFile@CDocument@@UEAAXPEAVCFile@@H@Z 0000000140013673 f   mfc140u:mfc140u.dll
 0001:00012679       ?OnRichPreviewUnload@CDocument@@UEAAXXZ 0000000140013679 f   mfc140u:mfc140u.dll
 0001:0001267f       ?OnDocumentEvent@CDocument@@UEAAXW4DocumentEvent@1@@Z 000000014001367f f   mfc140u:mfc140u.dll
 0001:00012685       ?CanCloseFrame@CDocument@@UEAAHPEAVCFrameWnd@@@Z 0000000140013685 f   mfc140u:mfc140u.dll
 0001:0001268b       ?SaveModified@CDocument@@UEAAHXZ 000000014001368b f   mfc140u:mfc140u.dll
 0001:00012691       ?PreCloseFrame@CDocument@@UEAAXPEAVCFrameWnd@@@Z 0000000140013691 f   mfc140u:mfc140u.dll
 0001:00012697       ?DoSave@CDocument@@UEAAHPEB_WH@Z 0000000140013697 f   mfc140u:mfc140u.dll
 0001:0001269d       ?DoFileSave@CDocument@@UEAAHXZ 000000014001369d f   mfc140u:mfc140u.dll
 0001:000126a3       ?UpdateFrameCounts@CDocument@@UEAAXXZ 00000001400136a3 f   mfc140u:mfc140u.dll
 0001:000126a9       ?GetDefaultMenu@CDocument@@UEAAPEAUHMENU__@@XZ 00000001400136a9 f   mfc140u:mfc140u.dll
 0001:000126af       ?GetDefaultAccelerator@CDocument@@UEAAPEAUHACCEL__@@XZ 00000001400136af f   mfc140u:mfc140u.dll
 0001:000126b5       ?OnIdle@CDocument@@UEAAXXZ 00000001400136b5 f   mfc140u:mfc140u.dll
 0001:000126bb       ?OnLoadDocumentFromStream@CDocument@@UEAAJPEAUIStream@@K@Z 00000001400136bb f   mfc140u:mfc140u.dll
 0001:000126c1       ?OnPreviewHandlerQueryFocus@CDocument@@UEAAJPEAPEAUHWND__@@@Z 00000001400136c1 f   mfc140u:mfc140u.dll
 0001:000126c7       ?OnPreviewHandlerTranslateAccelerator@CDocument@@UEAAJPEAUtagMSG@@@Z 00000001400136c7 f   mfc140u:mfc140u.dll
 0001:000126cd       ?OnCreatePreviewFrame@CDocument@@UEAAHXZ 00000001400136cd f   mfc140u:mfc140u.dll
 0001:000126d3       ?OnUnloadHandler@CDocument@@UEAAXXZ 00000001400136d3 f   mfc140u:mfc140u.dll
 0001:000126d9       ?OnDrawThumbnail@CDocument@@UEAAXAEAVCDC@@PEAUtagRECT@@@Z 00000001400136d9 f   mfc140u:mfc140u.dll
 0001:000126df       ?GetThisMessageMap@CWnd@@KAPEBUAFX_MSGMAP@@XZ 00000001400136df f   mfc140u:mfc140u.dll
 0001:000126e5       ?OnFilePrint@CView@@IEAAXXZ 00000001400136e5 f   mfc140u:mfc140u.dll
 0001:000126eb       ?OnFilePrintPreview@CView@@IEAAXXZ 00000001400136eb f   mfc140u:mfc140u.dll
 0001:000126f1       ?GetThisMessageMap@CFormView@@KAPEBUAFX_MSGMAP@@XZ 00000001400136f1 f   mfc140u:mfc140u.dll
 0001:000126f7       ?DeleteItem@CComboBox@@UEAAXPEAUtagDELETEITEMSTRUCT@@@Z 00000001400136f7 f   mfc140u:mfc140u.dll
 0001:000126fd       ?CompareItem@CComboBox@@UEAAHPEAUtagCOMPAREITEMSTRUCT@@@Z 00000001400136fd f   mfc140u:mfc140u.dll
 0001:00012703       ?MeasureItem@CComboBox@@UEAAXPEAUtagMEASUREITEMSTRUCT@@@Z 0000000140013703 f   mfc140u:mfc140u.dll
 0001:00012709       ?DrawItem@CComboBox@@UEAAXPEAUtagDRAWITEMSTRUCT@@@Z 0000000140013709 f   mfc140u:mfc140u.dll
[...]
 0002:0000a324       $chain$3$?_Quantifier@?$_Parser@PEB_W_WV?$regex_traits@_W@std@@@std@@AEAAXXZ 0000000140020324     MFCEditView.obj
 0002:0000a334       $chain$2$?_Quantifier@?$_Parser@PEB_W_WV?$regex_traits@_W@std@@@std@@AEAAXXZ 0000000140020334     MFCEditView.obj
 0002:0000a348       $unwind$?_Add_char@?$_Builder@PEB_W_WV?$regex_traits@_W@std@@@std@@QEAAX_W@Z 0000000140020348     MFCEditView.obj
 0002:0000a35c       $unwind$?_CharacterClassEscape@?$_Parser@PEB_W_WV?$regex_traits@_W@std@@@std@@AEAA_N_N@Z 000000014002035c     MFCEditView.obj
 0002:0000a36c       $chain$0$?_CharacterClassEscape@?$_Parser@PEB_W_WV?$regex_traits@_W@std@@@std@@AEAA_N_N@Z 000000014002036c     MFCEditView.obj
 0002:0000a380       $chain$1$?_CharacterClassEscape@?$_Parser@PEB_W_WV?$regex_traits@_W@std@@@std@@AEAA_N_N@Z 0000000140020380     MFCEditView.obj
 0002:0000a390       $chain$3$?_ClassRanges@?$_Parser@PEB_W_WV?$regex_traits@_W@std@@@std@@AEAAXXZ 0000000140020390     MFCEditView.obj
 0002:0000a3b0       $chain$4$?_ClassRanges@?$_Parser@PEB_W_WV?$regex_traits@_W@std@@@std@@AEAAXXZ 00000001400203b0     MFCEditView.obj
 0002:0000a3c0       $chain$5$?_ClassRanges@?$_Parser@PEB_W_WV?$regex_traits@_W@std@@@std@@AEAAXXZ 00000001400203c0     MFCEditView.obj
 0002:0000a3e0       $chain$3$?_CharacterEscape@?$_Parser@PEB_W_WV?$regex_traits@_W@std@@@std@@AEAA_NXZ 00000001400203e0     MFCEditView.obj
 0002:0000a400       $chain$4$?_CharacterEscape@?$_Parser@PEB_W_WV?$regex_traits@_W@std@@@std@@AEAA_NXZ 0000000140020400     MFCEditView.obj
 0002:0000a410       $chain$5$?_CharacterEscape@?$_Parser@PEB_W_WV?$regex_traits@_W@std@@@std@@AEAA_NXZ 0000000140020410     MFCEditView.obj
 0002:0000a430       $unwind$?_Do_capture_group@?$_Parser@PEB_W_WV?$regex_traits@_W@std@@@std@@AEAAXXZ 0000000140020430     MFCEditView.obj
 0002:0000a43c       $chain$1$?_Do_capture_group@?$_Parser@PEB_W_WV?$regex_traits@_W@std@@@std@@AEAAXXZ 000000014002043c     MFCEditView.obj
 0002:0000a454       $chain$2$?_Do_capture_group@?$_Parser@PEB_W_WV?$regex_traits@_W@std@@@std@@AEAAXXZ 0000000140020454     MFCEditView.obj
 0002:0000a468       $unwind$?_Do_assert_group@?$_Parser@PEB_W_WV?$regex_traits@_W@std@@@std@@AEAAX_N@Z 0000000140020468     MFCEditView.obj
 0002:0000a488       $cppxdata$?_Do_assert_group@?$_Parser@PEB_W_WV?$regex_traits@_W@std@@@std@@AEAAX_N@Z 0000000140020488     MFCEditView.obj
 0002:0000a491       $stateUnwindMap$?_Do_assert_group@?$_Parser@PEB_W_WV?$regex_traits@_W@std@@@std@@AEAAX_N@Z 0000000140020491     MFCEditView.obj
 0002:0000a498       $ip2state$?_Do_assert_group@?$_Parser@PEB_W_WV?$regex_traits@_W@std@@@std@@AEAAX_N@Z 0000000140020498     MFCEditView.obj
 0002:0000a4a0       $unwind$?_Add_rep@?$_Builder@PEB_W_WV?$regex_traits@_W@std@@@std@@QEAAXHH_N@Z 00000001400204a0     MFCEditView.obj
 0002:0000a4b8       $chain$2$?_Add_rep@?$_Builder@PEB_W_WV?$regex_traits@_W@std@@@std@@QEAAXHH_N@Z 00000001400204b8     MFCEditView.obj
 0002:0000a4cc       $chain$3$?_Add_rep@?$_Builder@PEB_W_WV?$regex_traits@_W@std@@@std@@QEAAXHH_N@Z 00000001400204cc     MFCEditView.obj
 0002:0000a4dc       $chain$0$?_HexDigits@?$_Parser@PEB_W_WV?$regex_traits@_W@std@@@std@@AEAAXH@Z 00000001400204dc     MFCEditView.obj
 0002:0000a4f0       $chain$1$?_HexDigits@?$_Parser@PEB_W_WV?$regex_traits@_W@std@@@std@@AEAAXH@Z 00000001400204f0     MFCEditView.obj
 0002:0000a500       $chain$2$?_HexDigits@?$_Parser@PEB_W_WV?$regex_traits@_W@std@@@std@@AEAAXH@Z 0000000140020500     MFCEditView.obj
 0002:0000a514       $unwind$?_Add_named_class@?$_Builder@PEB_W_WV?$regex_traits@_W@std@@@std@@QEAAXF_N@Z 0000000140020514     MFCEditView.obj
 0002:0000a514       $unwind$?_Add_range@?$_Builder@PEB_W_WV?$regex_traits@_W@std@@@std@@QEAAX_W0@Z 0000000140020514     MFCEditView.obj
 0002:0000a52c       $unwind$?_Add_char_to_array@?$_Builder@PEB_W_WV?$regex_traits@_W@std@@@std@@AEAAX_W@Z 000000014002052c     MFCEditView.obj
 0002:0000a540       $unwind$??$lookup_classname@PEB_W@?$_Regex_traits@_W@std@@QEBAFPEB_W0_N@Z 0000000140020540     MFCEditView.obj
 0002:0000a550       $chain$2$??$lookup_classname@PEB_W@?$_Regex_traits@_W@std@@QEBAFPEB_W0_N@Z 0000000140020550     MFCEditView.obj
 0002:0000a56c       $chain$6$??$lookup_classname@PEB_W@?$_Regex_traits@_W@std@@QEBAFPEB_W0_N@Z 000000014002056c     MFCEditView.obj
 0002:0000a58c       $chain$7$??$lookup_classname@PEB_W@?$_Regex_traits@_W@std@@QEBAFPEB_W0_N@Z 000000014002058c     MFCEditView.obj
 0002:0000a59c       $chain$8$??$lookup_classname@PEB_W@?$_Regex_traits@_W@std@@QEBAFPEB_W0_N@Z 000000014002059c     MFCEditView.obj
 0002:0000a5ac       $chain$9$??$lookup_classname@PEB_W@?$_Regex_traits@_W@std@@QEBAFPEB_W0_N@Z 00000001400205ac     MFCEditView.obj
 0002:0000a5d8       $unwind$?_Do_ex_class@?$_Parser@PEB_W_WV?$regex_traits@_W@std@@@std@@AEAAXW4_Meta_type@2@@Z 00000001400205d8     MFCEditView.obj
 0002:0000a5f0       $unwind$?_Add_equiv@?$_Builder@PEB_W_WV?$regex_traits@_W@std@@@std@@QEAAXPEB_W0_J@Z 00000001400205f0     MFCEditView.obj
 0002:0000a614       $cppxdata$?_Add_equiv@?$_Builder@PEB_W_WV?$regex_traits@_W@std@@@std@@QEAAXPEB_W0_J@Z 0000000140020614     MFCEditView.obj
 0002:0000a61d       $stateUnwindMap$?_Add_equiv@?$_Builder@PEB_W_WV?$regex_traits@_W@std@@@std@@QEAAXPEB_W0_J@Z 000000014002061d     MFCEditView.obj
 0002:0000a624       $ip2state$?_Add_equiv@?$_Builder@PEB_W_WV?$regex_traits@_W@std@@@std@@QEAAXPEB_W0_J@Z 0000000140020624     MFCEditView.obj
 0002:0000a62c       $unwind$?_Char_to_elts@?$_Builder@PEB_W_WV?$regex_traits@_W@std@@@std@@AEAAXPEB_W0_JPEAPEAU?$_Sequence@_W@2@@Z 000000014002062c     MFCEditView.obj
 0002:0000a640       $chain$0$?_Char_to_elts@?$_Builder@PEB_W_WV?$regex_traits@_W@std@@@std@@AEAAXPEB_W0_JPEAPEAU?$_Sequence@_W@2@@Z 0000000140020640     MFCEditView.obj
 0002:0000a654       $chain$1$?_Char_to_elts@?$_Builder@PEB_W_WV?$regex_traits@_W@std@@@std@@AEAAXPEB_W0_JPEAPEAU?$_Sequence@_W@2@@Z 0000000140020654     MFCEditView.obj
 0002:0000a664       $chain$2$?_Char_to_elts@?$_Builder@PEB_W_WV?$regex_traits@_W@std@@@std@@AEAAXPEB_W0_JPEAPEAU?$_Sequence@_W@2@@Z 0000000140020664     MFCEditView.obj
 0002:0000a678       $unwind$??$transform_primary@PEA_W@?$_Regex_traits@_W@std@@QEBA?AV?$basic_string@_WU?$char_traits@_W@std@@V?$allocator@_W@2@@1@PEA_W0@Z 0000000140020678     MFCEditView.obj
 0002:0000a678       $unwind$??$transform_primary@PEB_W@?$_Regex_traits@_W@std@@QEBA?AV?$basic_string@_WU?$char_traits@_W@std@@V?$allocator@_W@2@@1@PEB_W0@Z 0000000140020678     MFCEditView.obj
 0002:0000a698       $cppxdata$??$transform_primary@PEA_W@?$_Regex_traits@_W@std@@QEBA?AV?$basic_string@_WU?$char_traits@_W@std@@V?$allocator@_W@2@@1@PEA_W0@Z 0000000140020698     MFCEditView.obj
 0002:0000a698       $cppxdata$??$transform_primary@PEB_W@?$_Regex_traits@_W@std@@QEBA?AV?$basic_string@_WU?$char_traits@_W@std@@V?$allocator@_W@2@@1@PEB_W0@Z 0000000140020698     MFCEditView.obj
 0002:0000a6a1       $ip2state$??$transform_primary@PEA_W@?$_Regex_traits@_W@std@@QEBA?AV?$basic_string@_WU?$char_traits@_W@std@@V?$allocator@_W@2@@1@PEA_W0@Z 00000001400206a1     MFCEditView.obj
 0002:0000a6a1       $ip2state$??$transform_primary@PEB_W@?$_Regex_traits@_W@std@@QEBA?AV?$basic_string@_WU?$char_traits@_W@std@@V?$allocator@_W@2@@1@PEB_W0@Z 00000001400206a1     MFCEditView.obj
 0002:0000a6ac       $unwind$?accLocation@CFormView@@UEAAJPEAJ000UtagVARIANT@@@Z 00000001400206ac     MFCEditView.obj
 0002:0000a6b4       $unwind$?_Throw_bad_array_new_length@std@@YAXXZ 00000001400206b4     MFCEditView.obj
 0002:0000a6b4       $unwind$?_Throw_bad_cast@std@@YAXXZ 00000001400206b4     MFCEditView.obj
 0002:0000a6b4       $unwind$?get_accChild@CFormView@@UEAAJUtagVARIANT@@PEAPEAUIDispatch@@@Z 00000001400206b4     MFCEditView.obj
 0002:0000a6b4       $unwind$?get_accName@CFormView@@UEAAJUtagVARIANT@@PEAPEA_W@Z 00000001400206b4     MFCEditView.obj
 0002:0000a6b4       $unwind$?_com_raise_error@@YAXJPEAUIErrorInfo@@@Z 00000001400206b4     comsuppw:comraise.obj
 0002:0000a6bc       $unwind$?name@locale@std@@QEBA?AV?$basic_string@DU?$char_traits@D@std@@V?$allocator@D@2@@2@XZ 00000001400206bc     MFCEditView.obj
 0002:0000a6d0       $unwind$??HATL@@YA?AV?$CStringT@_WV?$StrTraitMFC_DLL@_WV?$ChTraitsCRT@_W@ATL@@@@@0@PEB_WAEBV10@@Z 00000001400206d0     MFCEditView.obj
 0002:0000a6e4       $cppxdata$??HATL@@YA?AV?$CStringT@_WV?$StrTraitMFC_DLL@_WV?$ChTraitsCRT@_W@ATL@@@@@0@PEB_WAEBV10@@Z 00000001400206e4     MFCEditView.obj
 0002:0000a6ed       $stateUnwindMap$??HATL@@YA?AV?$CStringT@_WV?$StrTraitMFC_DLL@_WV?$ChTraitsCRT@_W@ATL@@@@@0@AEBV10@PEB_W@Z 00000001400206ed     MFCEditView.obj
 0002:0000a6ed       $stateUnwindMap$??HATL@@YA?AV?$CStringT@_WV?$StrTraitMFC_DLL@_WV?$ChTraitsCRT@_W@ATL@@@@@0@PEB_WAEBV10@@Z 00000001400206ed     MFCEditView.obj
 0002:0000a6f3       $ip2state$??HATL@@YA?AV?$CStringT@_WV?$StrTraitMFC_DLL@_WV?$ChTraitsCRT@_W@ATL@@@@@0@PEB_WAEBV10@@Z 00000001400206f3     MFCEditView.obj
 0002:0000a6f8       $unwind$??1CWaitCursor@@QEAA@XZ 00000001400206f8     MFCEditView.obj
 0002:0000a70c       $cppxdata$??1CWaitCursor@@QEAA@XZ 000000014002070c     MFCEditView.obj
 0002:0000a719       $tryMap$??1CWaitCursor@@QEAA@XZ 0000000140020719     MFCEditView.obj
 0002:0000a721       $handlerMap$??1CWaitCursor@@QEAA@XZ 0000000140020721     MFCEditView.obj
 0002:0000a72d       $ip2state$??1CWaitCursor@@QEAA@XZ 000000014002072d     MFCEditView.obj
 0002:0000a734       $unwind$??HATL@@YA?AV?$CStringT@_WV?$StrTraitMFC_DLL@_WV?$ChTraitsCRT@_W@ATL@@@@@0@AEBV10@PEB_W@Z 0000000140020734     MFCEditView.obj
 0002:0000a748       $cppxdata$??HATL@@YA?AV?$CStringT@_WV?$StrTraitMFC_DLL@_WV?$ChTraitsCRT@_W@ATL@@@@@0@AEBV10@PEB_W@Z 0000000140020748     MFCEditView.obj
 0002:0000a751       $ip2state$??HATL@@YA?AV?$CStringT@_WV?$StrTraitMFC_DLL@_WV?$ChTraitsCRT@_W@ATL@@@@@0@AEBV10@PEB_W@Z 0000000140020751     MFCEditView.obj
 0002:0000a754       $unwind$??$_Construct@$00PEB_W@?$basic_string@_WU?$char_traits@_W@std@@V?$allocator@_W@2@@std@@AEAAXQEB_W_K@Z 0000000140020754     MFCEditView.obj
 0002:0000a764       $chain$0$??$_Construct@$00PEB_W@?$basic_string@_WU?$char_traits@_W@std@@V?$allocator@_W@2@@std@@AEAAXQEB_W_K@Z 0000000140020764     MFCEditView.obj
 0002:0000a778       $chain$3$??$_Construct@$00PEB_W@?$basic_string@_WU?$char_traits@_W@std@@V?$allocator@_W@2@@std@@AEAAXQEB_W_K@Z 0000000140020778     MFCEditView.obj
 0002:0000a790       $chain$4$??$_Construct@$00PEB_W@?$basic_string@_WU?$char_traits@_W@std@@V?$allocator@_W@2@@std@@AEAAXQEB_W_K@Z 0000000140020790     MFCEditView.obj
 0002:0000a7a0       $chain$5$??$_Construct@$00PEB_W@?$basic_string@_WU?$char_traits@_W@std@@V?$allocator@_W@2@@std@@AEAAXQEB_W_K@Z 00000001400207a0     MFCEditView.obj
 0002:0000a7b8       $unwind$?__scrt_common_main_seh@@YAHXZ 00000001400207b8     msvcrt:exe_wwinmain.obj
 0002:0000a7f0       $xdatasym                  00000001400207f0     msvcrt:amdsecgs.obj
 0002:0000a7f4       $unwind$__scrt_is_nonwritable_in_current_image 00000001400207f4     msvcrt:utility.obj
 0002:0000a814       $unwind$__scrt_is_nonwritable_in_current_image$filt$0 0000000140020814     msvcrt:utility.obj
 0002:0000a81c       $unwind$__GSHandlerCheck_EH4 000000014002081c     msvcrt:gshandlereh4.obj
 0002:0000a81c       $unwind$__GSHandlerCheck_SEH 000000014002081c     msvcrt:gshandlerseh.obj
 0002:0000a834       $unwind$__security_init_cookie 0000000140020834     msvcrt:gs_support.obj
 0002:0000a840       $unwind$__scrt_get_show_window_mode 0000000140020840     msvcrt:utility_desktop.obj
 0002:0000a848       $unwind$__scrt_fastfail    0000000140020848     msvcrt:utility_desktop.obj
 0002:0000a858       $unwind$__report_gsfailure 0000000140020858     msvcrt:gs_report.obj
 0002:0000a860       $unwind$capture_previous_context 0000000140020860     msvcrt:gs_report.obj
 0002:0000a86c       $unwind$__isa_available_init 000000014002086c     msvcrt:cpu_disp.obj
 0002:0000a880       $unwind$__GSHandlerCheckCommon 0000000140020880     msvcrt:gshandler.obj
 0002:0000a888       $xdatasym                  0000000140020888     msvcrt:guard_dispatch.obj
 0002:0000a890       $xdatasym                  0000000140020890     msvcrt:guard_xfg_dispatch.obj
 0002:0000a894       $unwind$?ConvertStringToBSTR@_com_util@@YAPEA_WPEBD@Z 0000000140020894     comsuppw:comutil.obj
 0002:0000a8c8       $unwind$??0_com_error@@QEAA@JPEAUIErrorInfo@@_N@Z 00000001400208c8     comsuppw:comraise.obj
 0002:0000a8d8       $cppxdata$??0_com_error@@QEAA@JPEAUIErrorInfo@@_N@Z 00000001400208d8     comsuppw:comraise.obj
 0002:0000a8dd       $ip2state$??0_com_error@@QEAA@JPEAUIErrorInfo@@_N@Z 00000001400208dd     comsuppw:comraise.obj
 0002:0000a8e0       $unwind$??0_com_error@@QEAA@AEBV0@@Z 00000001400208e0     comsuppw:comraise.obj
 0002:0000a8f0       $cppxdata$??0_com_error@@QEAA@AEBV0@@Z 00000001400208f0     comsuppw:comraise.obj
 0002:0000a8f5       $ip2state$??0_com_error@@QEAA@AEBV0@@Z 00000001400208f5     comsuppw:comraise.obj
 0002:0000a8f8       $unwind$??1_com_error@@UEAA@XZ 00000001400208f8     comsuppw:comraise.obj
 0002:0000a908       $cppxdata$??1_com_error@@UEAA@XZ 0000000140020908     comsuppw:comraise.obj
 0002:0000a90d       $ip2state$??1_com_error@@UEAA@XZ 000000014002090d     comsuppw:comraise.obj
 0002:0000a910       $unwind$??_G_com_error@@UEAAPEAXI@Z 0000000140020910     comsuppw:comraise.obj
 0002:0000a924       $cppxdata$??_G_com_error@@UEAAPEAXI@Z 0000000140020924     comsuppw:comraise.obj
 0002:0000a92d       $ip2state$??_G_com_error@@UEAAPEAXI@Z 000000014002092d     comsuppw:comraise.obj
 0002:0000a930       $xdatasym                  0000000140020930     msvcrt:chkstk.obj
 0002:0000be10       .idata$6                   0000000140021e10     mfc140u:mfc140u.dll
 0002:0000c054       .idata$6                   0000000140022054     kernel32:KERNEL32.dll
 0002:0000c0c0       .idata$6                   00000001400220c0     user32:USER32.dll
 0002:0000c0f0       .idata$6                   00000001400220f0     gdi32:GDI32.dll
 0002:0000c112       .idata$6                   0000000140022112     comctl32:COMCTL32.dll
 0002:0000c144       .idata$6                   0000000140022144     ole32:ole32.dll
 0002:0000c14e       .idata$6                   000000014002214e     oleaut32:OLEAUT32.dll
 0002:0000d0aa       .idata$6                   00000001400230aa     msvcprt:MSVCP140.dll
 0002:0000d0fc       .idata$6                   00000001400230fc     MNSC:MNSC.dll
 0002:0000d200       .idata$6                   0000000140023200     vcruntime:VCRUNTIME140_1.dll
 0002:0000d214       .idata$6                   0000000140023214     vcruntime:VCRUNTIME140.dll
 0002:0000d42c       .idata$6                   000000014002342c     ucrt:api-ms-win-crt-runtime-l1-1-0.dll
 0002:0000d44e       .idata$6                   000000014002344e     ucrt:api-ms-win-crt-convert-l1-1-0.dll
 0002:0000d470       .idata$6                   0000000140023470     ucrt:api-ms-win-crt-string-l1-1-0.dll
 0002:0000d492       .idata$6                   0000000140023492     ucrt:api-ms-win-crt-stdio-l1-1-0.dll
 0002:0000d4b2       .idata$6                   00000001400234b2     ucrt:api-ms-win-crt-heap-l1-1-0.dll
 0002:0000d4d2       .idata$6                   00000001400234d2     ucrt:api-ms-win-crt-math-l1-1-0.dll
 0002:0000d4f2       .idata$6                   00000001400234f2     ucrt:api-ms-win-crt-locale-l1-1-0.dll
 0003:000000d8       ?indicators@@3PAIA         00000001400240d8     MainFrm.obj
 0003:00000f58       ?is_initialized_as_dll@@3_NA 0000000140024f58     msvcrt:utility.obj
 0003:00000f59       ?module_local_atexit_table_initialized@@3_NA 0000000140024f59     msvcrt:utility.obj
 0003:00000f60       ?module_local_atexit_table@@3U_onexit_table_t@@A 0000000140024f60     msvcrt:utility.obj
 0003:00000f78       ?module_local_at_quick_exit_table@@3U_onexit_table_t@@A 0000000140024f78     msvcrt:utility.obj
 0003:00000f90       ?g_tss_cv@@3U_RTL_CONDITION_VARIABLE@@A 0000000140024f90     msvcrt:thread_safe_statics.obj
 0003:00000f98       ?g_tss_srw@@3U_RTL_SRWLOCK@@A 0000000140024f98     msvcrt:thread_safe_statics.obj
 0003:00000fd0       GS_ExceptionRecord         0000000140024fd0     msvcrt:gs_report.obj
 0003:00001070       GS_ContextRecord           0000000140025070     msvcrt:gs_report.obj
 0003:000015b8       ?_Fac_head@std@@3PEAU_Fac_node@1@EA 00000001400255b8     msvcprt:locale0_implib.obj
 0003:000015c0       ?_Fac_tidy_reg@std@@3U_Fac_tidy_reg_t@1@B 00000001400255c0     msvcprt:locale0_implib.obj
 0005:00000920       $R000000                   0000000140028920     MFCEdit.res
 0005:00000f88       $R000668                   0000000140028f88     MFCEdit.res
 0005:00001270       $R000950                   0000000140029270     MFCEdit.res
 0005:00001458       $R000B38                   0000000140029458     MFCEdit.res
 0005:00001580       $R000C60                   0000000140029580     MFCEdit.res
 0005:00002428       $R001B08                   000000014002a428     MFCEdit.res
 0005:00002cd0       $R0023B0                   000000014002acd0     MFCEdit.res
 0005:00003398       $R002A78                   000000014002b398     MFCEdit.res
 0005:00003900       $R002FE0                   000000014002b900     MFCEdit.res
 0005:0000ccd0       $R00C3B0                   0000000140034cd0     MFCEdit.res
 0005:0000f278       $R00E958                   0000000140037278     MFCEdit.res
 0005:00010320       $R00FA00                   0000000140038320     MFCEdit.res
 0005:00010ca8       $R010388                   0000000140038ca8     MFCEdit.res
 0005:00011110       $R0107F0                   0000000140039110     MFCEdit.res
 0005:000111d0       $R0108B0                   00000001400391d0     MFCEdit.res
 0005:000114b8       $R010B98                   00000001400394b8     MFCEdit.res
 0005:000115e0       $R010CC0                   00000001400395e0     MFCEdit.res
 0005:00011e88       $R011568                   0000000140039e88     MFCEdit.res
 0005:000123f0       $R011AD0                   000000014003a3f0     MFCEdit.res
 0005:00012430       $R011B10                   000000014003a430     MFCEdit.res
 0005:00012858       $R011F38                   000000014003a858     MFCEdit.res
 0005:00012878       $R011F58                   000000014003a878     MFCEdit.res
 0005:00012b00       $R0121E0                   000000014003ab00     MFCEdit.res
 0005:00012b70       $R012250                   000000014003ab70     MFCEdit.res
 0005:00012c98       $R012378                   000000014003ac98     MFCEdit.res
 0005:00012ec8       $R0125A8                   000000014003aec8     MFCEdit.res
 0005:00013190       $R012870                   000000014003b190     MFCEdit.res
 0005:00013198       $R012878                   000000014003b198     MFCEdit.res
 0005:00013218       $R0128F8                   000000014003b218     MFCEdit.res
 0005:000132a0       $R012980                   000000014003b2a0     MFCEdit.res
 0005:000132d8       $R0129B8                   000000014003b2d8     MFCEdit.res
 0005:00013320       $R012A00                   000000014003b320     MFCEdit.res
 0005:000134e0       $R012BC0                   000000014003b4e0     MFCEdit.res
 0005:00013578       $R012C58                   000000014003b578     MFCEdit.res
 0005:00013718       $R012DF8                   000000014003b718     MFCEdit.res
 0005:00013788       $R012E68                   000000014003b788     MFCEdit.res
 0005:000137c8       $R012EA8                   000000014003b7c8     MFCEdit.res
 0005:00013970       $R013050                   000000014003b970     MFCEdit.res
 0005:00013a08       $R0130E8                   000000014003ba08     MFCEdit.res
 0005:00013b10       $R0131F0                   000000014003bb10     MFCEdit.res
 0005:00013b70       $R013250                   000000014003bb70     MFCEdit.res
 0005:00013bc8       $R0132A8                   000000014003bbc8     MFCEdit.res
