 MFCEdit

 Timestamp is 6847e9ea (Tue Jun 10 17:16:42 2025)

 Preferred load address is 0000000140000000

 Start         Length     Name                   Class
 0001:00000000 000000b0H .text$di                CODE
 0001:000000b0 00013f60H .text$mn                CODE
 0001:00014010 00000040H .text$mn$00             CODE
 0001:00014050 00000d50H .text$x                 CODE
 0001:00014da0 00000087H .text$yd                CODE
 0002:00000000 00001108H .idata$5                DATA
 0002:00001108 00000038H .00cfg                  DATA
 0002:00001140 00000008H .CRT$XCA                DATA
 0002:00001148 00000008H .CRT$XCAA               DATA
 0002:00001150 00000018H .CRT$XCL                DATA
 0002:00001168 00000010H .CRT$XCU                DATA
 0002:00001178 00000008H .CRT$XCZ                DATA
 0002:00001180 00000008H .CRT$XIA                DATA
 0002:00001188 00000008H .CRT$XIAA               DATA
 0002:00001190 00000008H .CRT$XIAC               DATA
 0002:00001198 00000008H .CRT$XIZ                DATA
 0002:000011a0 00000008H .CRT$XLA                DATA
 0002:000011a8 00000008H .CRT$XLZ                DATA
 0002:000011b0 00000008H .CRT$XPA                DATA
 0002:000011b8 00000008H .CRT$XPZ                DATA
 0002:000011c0 00000008H .CRT$XTA                DATA
 0002:000011c8 00000018H .CRT$XTZ                DATA
 0002:000011d0 00000000H .gehcont$y              DATA
 0002:000011d0 00000000H .gfids$y                DATA
 0002:000011e0 00005120H .rdata                  DATA
 0002:00006300 00000000H .rdata$CastGuardVftablesA DATA
 0002:00006300 00000000H .rdata$CastGuardVftablesC DATA
 0002:00006300 00000030H .rdata$T                DATA
 0002:00006330 00002134H .rdata$r                DATA
 0002:00008464 00000094H .rdata$voltmd           DATA
 0002:000084f8 00000410H .rdata$zzzdbg           DATA
 0002:00008908 00000008H .rtc$IAA                DATA
 0002:00008910 00000008H .rtc$IZZ                DATA
 0002:00008918 00000008H .rtc$TAA                DATA
 0002:00008920 00000008H .rtc$TZZ                DATA
 0002:00008928 00000004H .tls                    DATA
 0002:0000892c 00000004H .tls$                   DATA
 0002:00008930 00000008H .tls$ZZZ                DATA
 0002:00008938 000020b0H .xdata                  DATA
 0002:0000a9e8 00000250H .xdata$x                DATA
 0002:0000ac38 00000000H ATL$__a                 DATA
 0002:0000ac38 00000000H ATL$__z                 DATA
 0002:0000ac38 00000000H .edata                  DATA
 0002:0000ac38 00000168H .idata$2                DATA
 0002:0000ada0 00000018H .idata$3                DATA
 0002:0000adb8 00001108H .idata$4                DATA
 0002:0000bec0 00001738H .idata$6                DATA
 0003:00000000 000000f0H .data                   DATA
 0003:000000f0 00000200H .data$r                 DATA
 0003:000002f0 00000c50H .data$rs                DATA
 0003:00000f40 00000828H .bss                    DATA
 0004:00000000 00001488H .pdata                  DATA
 0005:00000000 00000920H .rsrc$01                DATA
 0005:00000920 000135c8H .rsrc$02                DATA

  Address         Publics by Value              Rva+Base               Lib:Object

 0000:00000000       __AbsoluteZero             0000000000000000     <absolute>
 0000:00000000       ___safe_se_handler_count   0000000000000000     <absolute>
 0000:00000000       ___safe_se_handler_table   0000000000000000     <absolute>
 0000:00000000       __arm64x_extra_rfe_table   0000000000000000     <absolute>
 0000:00000000       __arm64x_extra_rfe_table_size 0000000000000000     <absolute>
 0000:00000000       __arm64x_native_entrypoint 0000000000000000     <absolute>
 0000:00000000       __arm64x_redirection_metadata 0000000000000000     <absolute>
 0000:00000000       __arm64x_redirection_metadata_count 0000000000000000     <absolute>
 0000:00000000       __dynamic_value_reloc_table 0000000000000000     <absolute>
 0000:00000000       __enclave_config           0000000000000000     <absolute>
 0000:00000000       __guard_check_icall_a64n_fptr 0000000000000000     <absolute>
 0000:00000000       __guard_eh_cont_count      0000000000000000     <absolute>
 0000:00000000       __guard_eh_cont_table      0000000000000000     <absolute>
 0000:00000000       __guard_fids_count         0000000000000000     <absolute>
 0000:00000000       __guard_fids_table         0000000000000000     <absolute>
 0000:00000000       __guard_iat_count          0000000000000000     <absolute>
 0000:00000000       __guard_iat_table          0000000000000000     <absolute>
 0000:00000000       __guard_longjmp_count      0000000000000000     <absolute>
 0000:00000000       __guard_longjmp_table      0000000000000000     <absolute>
 0000:00000000       __hybrid_auxiliary_delayload_iat 0000000000000000     <absolute>
 0000:00000000       __hybrid_auxiliary_delayload_iat_copy 0000000000000000     <absolute>
 0000:00000000       __hybrid_auxiliary_iat     0000000000000000     <absolute>
 0000:00000000       __hybrid_auxiliary_iat_copy 0000000000000000     <absolute>
 0000:00000000       __hybrid_code_map          0000000000000000     <absolute>
 0000:00000000       __hybrid_code_map_count    0000000000000000     <absolute>
 0000:00000000       __hybrid_image_info_bitfield 0000000000000000     <absolute>
 0000:00000000       __x64_code_ranges_to_entry_points 0000000000000000     <absolute>
 0000:00000000       __x64_code_ranges_to_entry_points_count 0000000000000000     <absolute>
 0000:00000100       __guard_flags              0000000000000100     <absolute>
 0000:00000000       __ImageBase                0000000140000000     <linker-defined>
 0001:000000b0       ?CreateObject@CMainFrame@@SAPEAVCObject@@XZ 00000001400010b0 f   MainFrm.obj
 0001:00000120       ?_GetBaseClass@CMainFrame@@KAPEAUCRuntimeClass@@XZ 0000000140001120 f   MainFrm.obj
 0001:00000130       ?GetRuntimeClass@CMainFrame@@UEBAPEAUCRuntimeClass@@XZ 0000000140001130 f   MainFrm.obj
 0001:00000140       ?GetMessageMap@CMainFrame@@MEBAPEBUAFX_MSGMAP@@XZ 0000000140001140 f   MainFrm.obj
 0001:00000150       ??_ECMainFrame@@UEAAPEAXI@Z 0000000140001150 f i * CIL library *:* CIL module *
 0001:00000150       ??_GCMainFrame@@UEAAPEAXI@Z 0000000140001150 f i MainFrm.obj
 0001:000001d0       ?OnCreate@CMainFrame@@IEAAHPEAUtagCREATESTRUCTW@@@Z 00000001400011d0 f   MainFrm.obj
 0001:000002f0       ?PreCreateWindow@CMainFrame@@UEAAHAEAUtagCREATESTRUCTW@@@Z 00000001400012f0 f   MainFrm.obj
 0001:00000310       ?AssertValid@CObject@@UEBAXXZ 0000000140001310 f i MainFrm.obj
 0001:00000310       ?Clear@CVARIANTTool@@UEAAXXZ 0000000140001310 f i MFCEditView.obj
 0001:00000310       ?Clear@IVARIANTApplication@@UEAAXXZ 0000000140001310 f i MFCEditView.obj
 0001:00000310       ?DoDataExchange@CAboutDlg@@MEAAXPEAVCDataExchange@@@Z 0000000140001310 f i MFCEdit.obj
 0001:00000310       ?DoDataExchange@CWnd@@MEAAXPEAVCDataExchange@@@Z 0000000140001310 f i MainFrm.obj
 0001:00000310       ?Dump@CObject@@UEBAXAEAVCDumpContext@@@Z 0000000140001310 f i MainFrm.obj
 0001:00000310       ?InitializeSearchContent@CDocument@@UEAAXXZ 0000000140001310 f i MFCEditDoc.obj
 0001:00000310       ?OnBeforeRichPreviewFontChanged@CDocument@@UEAAXXZ 0000000140001310 f i MFCEditDoc.obj
 0001:00000310       ?OnRichPreviewBackColorChanged@CDocument@@UEAAXXZ 0000000140001310 f i MFCEditDoc.obj
 0001:00000310       ?OnRichPreviewFontChanged@CDocument@@UEAAXXZ 0000000140001310 f i MFCEditDoc.obj
 0001:00000310       ?OnRichPreviewSiteChanged@CDocument@@UEAAXXZ 0000000140001310 f i MFCEditDoc.obj
 0001:00000310       ?OnRichPreviewTextColorChanged@CDocument@@UEAAXXZ 0000000140001310 f i MFCEditDoc.obj
 0001:00000310       ?Serialize@CMFCEditDoc@@UEAAXAEAVCArchive@@@Z 0000000140001310 f i MFCEditDoc.obj
 0001:00000310       ?Serialize@CObject@@UEAAXAEAVCArchive@@@Z 0000000140001310 f i MainFrm.obj
 0001:00000310       ?__empty_global_delete@@YAXPEAX_K@Z 0000000140001310 f i MainFrm.obj
 0001:00000310       ?__global_delete@@YAXPEAX_K@Z 0000000140001310 f i * CIL library *:* CIL module *
 0001:00000310       _guard_check_icall_nop     0000000140001310 f i msvcrt:guard_support.obj
 0001:00000310       _initialize_denormal_control 0000000140001310 f i msvcrt:denormal_control.obj
 0001:00000310       _initialize_invalid_parameter_handler 0000000140001310 f i msvcrt:invalid_parameter_handler.obj
 0001:00000320       ?GetTrackingID@CFrameWnd@@UEAAIXZ 0000000140001320 f i MainFrm.obj
 0001:00000330       ??3CObject@@SAXPEAX@Z      0000000140001330 f i MainFrm.obj
 0001:00000340       ?GetMessageMap@CMFCEditApp@@MEBAPEBUAFX_MSGMAP@@XZ 0000000140001340 f   MFCEdit.obj
 0001:00000350       ??_ECMFCEditApp@@UEAAPEAXI@Z 0000000140001350 f i * CIL library *:* CIL module *
 0001:00000350       ??_GCMFCEditApp@@UEAAPEAXI@Z 0000000140001350 f i MFCEdit.obj
 0001:000003a0       ?InitInstance@CMFCEditApp@@UEAAHXZ 00000001400013a0 f   MFCEdit.obj
 0001:00000540       ?ExitInstance@CMFCEditApp@@UEAAHXZ 0000000140001540 f   MFCEdit.obj
 0001:00000560       ??_ECAboutDlg@@UEAAPEAXI@Z 0000000140001560 f i * CIL library *:* CIL module *
 0001:00000560       ??_GCAboutDlg@@UEAAPEAXI@Z 0000000140001560 f i MFCEdit.obj
 0001:000005e0       ??1CAboutDlg@@UEAA@XZ      00000001400015e0 f i MFCEdit.obj
 0001:00000620       ?GetMessageMap@CAboutDlg@@MEBAPEBUAFX_MSGMAP@@XZ 0000000140001620 f   MFCEdit.obj
 0001:00000630       ?OnAppAbout@CMFCEditApp@@QEAAXXZ 0000000140001630 f   MFCEdit.obj
 0001:000006e0       ?Create@CDialog@@UEAAHIPEAVCWnd@@@Z 00000001400016e0 f i MFCEdit.obj
 0001:000006f0       ?EndModalState@CWnd@@UEAAXXZ 00000001400016f0 f i MFCEdit.obj
 0001:00000700       ?BeginModalState@CWnd@@UEAAXXZ 0000000140001700 f i MFCEdit.obj
 0001:00000710       ?GetApplicationRecoveryPingInterval@CWinApp@@UEAAKXZ 0000000140001710 f i MFCEdit.obj
 0001:00000720       ?GetApplicationRecoveryParameter@CWinApp@@UEAAPEAXXZ 0000000140001720 f i MFCEdit.obj
 0001:00000720       ?GetApplicationRestartFlags@CWinApp@@UEAAKXZ 0000000140001720 f i MFCEdit.obj
 0001:00000720       ?_Get_deleter@_Ref_count_base@std@@UEBAPEAXAEBVtype_info@@@Z 0000000140001720 f i MFCEditView.obj
 0001:00000720       __scrt_exe_initialize_mta  0000000140001720 f i msvcrt:utility_desktop.obj
 0001:00000720       __scrt_initialize_winrt    0000000140001720 f i msvcrt:utility_desktop.obj
 0001:00000720       __scrt_stub_for_initialize_mta 0000000140001720 f i msvcrt:utility_desktop.obj
 0001:00000720       _get_startup_commit_mode   0000000140001720 f i msvcrt:commit_mode.obj
 0001:00000720       _get_startup_new_mode      0000000140001720 f i msvcrt:new_mode.obj
 0001:00000720       _get_startup_thread_locale_mode 0000000140001720 f i msvcrt:thread_locale.obj
 0001:00000720       _matherr                   0000000140001720 f i msvcrt:matherr.obj
 0001:00000730       ?RestoreAutosavedFilesAtRestart@CWinApp@@UEBAHXZ 0000000140001730 f i MFCEdit.obj
 0001:00000740       ?ReopenPreviousFilesAtRestart@CWinApp@@UEBAHXZ 0000000140001740 f i MFCEdit.obj
 0001:00000750       ?SupportsAutosaveAtInterval@CWinApp@@UEBAHXZ 0000000140001750 f i MFCEdit.obj
 0001:00000760       ?SupportsAutosaveAtRestart@CWinApp@@UEBAHXZ 0000000140001760 f i MFCEdit.obj
 0001:00000770       ?SupportsApplicationRecovery@CWinApp@@UEBAHXZ 0000000140001770 f i MFCEdit.obj
 0001:00000780       ?SupportsRestartManager@CWinApp@@UEBAHXZ 0000000140001780 f i MFCEdit.obj
 0001:00000790       ??_ECBrush@@UEAAPEAXI@Z    0000000140001790 f i * CIL library *:* CIL module *
 0001:00000790       ??_GCBrush@@UEAAPEAXI@Z    0000000140001790 f i MFCEdit.obj
 0001:000007f0       ??_ECGdiObject@@UEAAPEAXI@Z 00000001400017f0 f i * CIL library *:* CIL module *
 0001:000007f0       ??_GCGdiObject@@UEAAPEAXI@Z 00000001400017f0 f i MFCEdit.obj
 0001:00000840       ??1CGdiObject@@UEAA@XZ     0000000140001840 f i MFCEdit.obj
 0001:00000890       ?CreateObject@CMFCEditDoc@@SAPEAVCObject@@XZ 0000000140001890 f   MFCEditDoc.obj
 0001:000008e0       ?_GetBaseClass@CMFCEditDoc@@KAPEAUCRuntimeClass@@XZ 00000001400018e0 f   MFCEditDoc.obj
 0001:000008f0       ?GetRuntimeClass@CMFCEditDoc@@UEBAPEAUCRuntimeClass@@XZ 00000001400018f0 f   MFCEditDoc.obj
 0001:00000900       ?GetMessageMap@CMFCEditDoc@@MEBAPEBUAFX_MSGMAP@@XZ 0000000140001900 f   MFCEditDoc.obj
 0001:00000910       ??_ECMFCEditDoc@@UEAAPEAXI@Z 0000000140001910 f i * CIL library *:* CIL module *
 0001:00000910       ??_GCMFCEditDoc@@UEAAPEAXI@Z 0000000140001910 f i MFCEditDoc.obj
 0001:00000970       ?OnNewDocument@CMFCEditDoc@@UEAAHXZ 0000000140001970 f   MFCEditDoc.obj
 0001:00000990       ?SetModifiedFlag@CDocument@@UEAAXH@Z 0000000140001990 f i MFCEditDoc.obj
 0001:000009a0       ?IsModified@CDocument@@UEAAHXZ 00000001400019a0 f i MFCEditDoc.obj
 0001:000009b0       ??_ECDocumentAdapter@CDocument@@UEAAPEAXI@Z 00000001400019b0 f i * CIL library *:* CIL module *
 0001:000009b0       ??_GCDocumentAdapter@CDocument@@UEAAPEAXI@Z 00000001400019b0 f i MFCEditDoc.obj
 0001:00000a10       ??_EIDocument@ATL@@UEAAPEAXI@Z 0000000140001a10 f i * CIL library *:* CIL module *
 0001:00000a10       ??_GIDocument@ATL@@UEAAPEAXI@Z 0000000140001a10 f i MFCEditDoc.obj
 0001:00000a40       ?Release@IDocument@ATL@@UEAAJXZ 0000000140001a40 f i MFCEditDoc.obj
 0001:00000a80       ?LoadFromStream@CDocumentAdapter@CDocument@@UEAAJPEAUIStream@@K@Z 0000000140001a80 f i MFCEditDoc.obj
 0001:00000b00       ?InitializeSearchContent@CDocumentAdapter@CDocument@@UEAAXXZ 0000000140001b00 f i MFCEditDoc.obj
 0001:00000b20       ?BeginReadChunks@CDocumentAdapter@CDocument@@UEAAXXZ 0000000140001b20 f i MFCEditDoc.obj
 0001:00000b40       ?GetThumbnail@CDocumentAdapter@CDocument@@UEAAHIPEAPEAUHBITMAP__@@PEAW4WTS_ALPHATYPE@@@Z 0000000140001b40 f i MFCEditDoc.obj
 0001:00000b60       ?ClearChunkList@CDocumentAdapter@CDocument@@UEAAXXZ 0000000140001b60 f i MFCEditDoc.obj
 0001:00000b80       ?SetChunkValue@CDocumentAdapter@CDocument@@UEAAHPEAUIFilterChunkValue@ATL@@@Z 0000000140001b80 f i MFCEditDoc.obj
 0001:00000ba0       ?ReadNextChunkValue@CDocumentAdapter@CDocument@@UEAAHPEAPEAUIFilterChunkValue@ATL@@@Z 0000000140001ba0 f i MFCEditDoc.obj
 0001:00000bc0       ?RemoveChunk@CDocumentAdapter@CDocument@@UEAAXAEBU_GUID@@K@Z 0000000140001bc0 f i MFCEditDoc.obj
 0001:00000be0       ?FindChunk@CDocumentAdapter@CDocument@@UEAAPEAU__POSITION@@AEBU_GUID@@K@Z 0000000140001be0 f i MFCEditDoc.obj
 0001:00000c00       ?GetContainer@CDocumentAdapter@CDocument@@UEBAPEAXXZ 0000000140001c00 f i MFCEditDoc.obj
 0001:00000c10       ?AddRef@IDocument@ATL@@UEAAJXZ 0000000140001c10 f i MFCEditDoc.obj
 0001:00000c20       ?GetAdapter@CDocument@@UEAAPEAUIDocument@ATL@@XZ 0000000140001c20 f i MFCEditDoc.obj
 0001:00000cb0       ?AddRef@IVARIANTAbstract@@UEAAKXZ 0000000140001cb0 f i MFCEditView.obj
 0001:00000cc0       ?Release@IVARIANTAbstract@@UEAAKXZ 0000000140001cc0 f i MFCEditView.obj
 0001:00000cf0       ??_ECVARIANTTool@@UEAAPEAXI@Z 0000000140001cf0 f i * CIL library *:* CIL module *
 0001:00000cf0       ??_EIVARIANTAbstract@@UEAAPEAXI@Z 0000000140001cf0 f i * CIL library *:* CIL module *
 0001:00000cf0       ??_GCVARIANTTool@@UEAAPEAXI@Z 0000000140001cf0 f i MFCEditView.obj
 0001:00000cf0       ??_GIVARIANTAbstract@@UEAAPEAXI@Z 0000000140001cf0 f i MFCEditView.obj
 0001:00000d20       ??_E_Node_base@std@@UEAAPEAXI@Z 0000000140001d20 f i * CIL library *:* CIL module *
 0001:00000d20       ??_E_Node_endif@std@@UEAAPEAXI@Z 0000000140001d20 f i * CIL library *:* CIL module *
 0001:00000d20       ??_G_Node_base@std@@UEAAPEAXI@Z 0000000140001d20 f i MFCEditView.obj
 0001:00000d20       ??_G_Node_endif@std@@UEAAPEAXI@Z 0000000140001d20 f i MFCEditView.obj
 0001:00000d50       ??_E_Root_node@std@@UEAAPEAXI@Z 0000000140001d50 f i * CIL library *:* CIL module *
 0001:00000d50       ??_G_Root_node@std@@UEAAPEAXI@Z 0000000140001d50 f i MFCEditView.obj
 0001:00000d80       ??_E_Node_back@std@@UEAAPEAXI@Z 0000000140001d80 f i * CIL library *:* CIL module *
 0001:00000d80       ??_E_Node_capture@std@@UEAAPEAXI@Z 0000000140001d80 f i * CIL library *:* CIL module *
 0001:00000d80       ??_E_Node_end_group@std@@UEAAPEAXI@Z 0000000140001d80 f i * CIL library *:* CIL module *
 0001:00000d80       ??_E_Node_end_rep@std@@UEAAPEAXI@Z 0000000140001d80 f i * CIL library *:* CIL module *
 0001:00000d80       ??_G_Node_back@std@@UEAAPEAXI@Z 0000000140001d80 f i MFCEditView.obj
 0001:00000d80       ??_G_Node_capture@std@@UEAAPEAXI@Z 0000000140001d80 f i MFCEditView.obj
 0001:00000d80       ??_G_Node_end_group@std@@UEAAPEAXI@Z 0000000140001d80 f i MFCEditView.obj
 0001:00000d80       ??_G_Node_end_rep@std@@UEAAPEAXI@Z 0000000140001d80 f i MFCEditView.obj
 0001:00000db0       ??_E_Node_assert@std@@UEAAPEAXI@Z 0000000140001db0 f i * CIL library *:* CIL module *
 0001:00000db0       ??_G_Node_assert@std@@UEAAPEAXI@Z 0000000140001db0 f i MFCEditView.obj
 0001:00000e40       ??_E_Node_if@std@@UEAAPEAXI@Z 0000000140001e40 f i * CIL library *:* CIL module *
 0001:00000e40       ??_G_Node_if@std@@UEAAPEAXI@Z 0000000140001e40 f i MFCEditView.obj
 0001:00000f00       ??_E_Node_rep@std@@UEAAPEAXI@Z 0000000140001f00 f i * CIL library *:* CIL module *
 0001:00000f00       ??_G_Node_rep@std@@UEAAPEAXI@Z 0000000140001f00 f i MFCEditView.obj
 0001:00000f30       ?_Calculate_loop_simplicity@std@@YAXPEAV_Node_base@1@0PEAV_Node_rep@1@@Z 0000000140001f30 f i MFCEditView.obj
 0001:00001010       ?GetMessageMap@CSimpleEdit@@MEBAPEBUAFX_MSGMAP@@XZ 0000000140002010 f   MFCEditView.obj
 0001:00001020       ?OnKeyDown@CSimpleEdit@@IEAAXIII@Z 0000000140002020 f   MFCEditView.obj
 0001:000010a0       ?CreateObject@CMFCEditView@@SAPEAVCObject@@XZ 00000001400020a0 f   MFCEditView.obj
 0001:00001210       ?_GetBaseClass@CMFCEditView@@KAPEAUCRuntimeClass@@XZ 0000000140002210 f   MFCEditView.obj
 0001:00001220       ?GetRuntimeClass@CMFCEditView@@UEBAPEAUCRuntimeClass@@XZ 0000000140002220 f   MFCEditView.obj
 0001:00001230       ?GetMessageMap@CMFCEditView@@MEBAPEBUAFX_MSGMAP@@XZ 0000000140002230 f   MFCEditView.obj
 0001:00001240       ??_ECMFCEditView@@UEAAPEAXI@Z 0000000140002240 f i * CIL library *:* CIL module *
 0001:00001240       ??_GCMFCEditView@@UEAAPEAXI@Z 0000000140002240 f i MFCEditView.obj
 0001:000012e0       ??_ECSimpleEdit@@UEAAPEAXI@Z 00000001400022e0 f i * CIL library *:* CIL module *
 0001:000012e0       ??_GCSimpleEdit@@UEAAPEAXI@Z 00000001400022e0 f i MFCEditView.obj
 0001:00001330       ?DoDataExchange@CMFCEditView@@MEAAXPEAVCDataExchange@@@Z 0000000140002330 f   MFCEditView.obj
 0001:00001390       ?PreCreateWindow@CMFCEditView@@UEAAHAEAUtagCREATESTRUCTW@@@Z 0000000140002390 f   MFCEditView.obj
 0001:000013a0       ?PasteTemplate@@YAXAEAVCEdit@@@Z 00000001400023a0 f   MFCEditView.obj
 0001:00001640       ??_D?$basic_stringstream@_WU?$char_traits@_W@std@@V?$allocator@_W@2@@std@@QEAAXXZ 0000000140002640 f i MFCEditView.obj
 0001:000016a0       ?PreTranslateMessage@CMFCEditView@@MEAAHPEAUtagMSG@@@Z 00000001400026a0 f   MFCEditView.obj
 0001:00001900       ?OnInitialUpdate@CMFCEditView@@MEAAXXZ 0000000140002900 f   MFCEditView.obj
 0001:00001c00       ?SetFont@CMFCEditView@@QEAAXH@Z 0000000140002c00 f   MFCEditView.obj
 0001:00001da0       ?TypeId@CVARIANTTool@@UEBAHXZ 0000000140002da0 f i MFCEditView.obj
 0001:00001db0       ?inetGet@CVARIANTTool@@IEAA?AUtagVARIANT@@U2@@Z 0000000140002db0 f i MFCEditView.obj
 0001:000025f0       ?Value@CVARIANTTool@@IEAA?AUtagVARIANT@@U2@0@Z 00000001400035f0 f i MFCEditView.obj
 0001:00003040       ?OpenTextFile@CVARIANTTool@@IEAA?AUtagVARIANT@@U2@@Z 0000000140004040 f i MFCEditView.obj
 0001:00003490       ?QueryInterface@CVARIANTTool@@UEAAJAEBU_GUID@@PEAPEAX@Z 0000000140004490 f i MFCEditView.obj
 0001:00003490       ?QueryInterface@IVARIANTApplication@@UEAAJAEBU_GUID@@PEAPEAX@Z 0000000140004490 f i MFCEditView.obj
 0001:000034d0       ?Invoke@CVARIANTTool@@UEAA?AUtagVARIANT@@PEB_WPEAU2@H@Z 00000001400044d0 f i MFCEditView.obj
 0001:00003940       ??1?$CComPtr@UIXMLHTTPRequest@@@ATL@@QEAA@XZ 0000000140004940 f i MFCEditView.obj
 0001:00003960       ??1?$queue@V?$shared_ptr@Ust@?1??Value@CVARIANTTool@@IEAA?AUtagVARIANT@@U4@0@Z@@std@@V?$deque@V?$shared_ptr@Ust@?1??Value@CVARIANTTool@@IEAA?AUtagVARIANT@@U4@0@Z@@std@@V?$allocator@V?$shared_ptr@Ust@?1??Value@CVARIANTTool@@IEAA?AUtagVARIANT@@U4@0@Z@@std@@@2@@2@@std@@QEAA@XZ 0000000140004960 f i MFCEditView.obj
 0001:00003970       ??_D?$basic_stringstream@DU?$char_traits@D@std@@V?$allocator@D@2@@std@@QEAAXXZ 0000000140004970 f i MFCEditView.obj
 0001:000039d0       ?TypeId@IVARIANTApplication@@UEBAHXZ 00000001400049d0 f i MFCEditView.obj
 0001:000039e0       ?Test@IVARIANTApplication@@QEAA?AUtagVARIANT@@U2@@Z 00000001400049e0 f i MFCEditView.obj
 0001:00003dd0       ?Invoke@IVARIANTApplication@@UEAA?AUtagVARIANT@@PEB_WPEAU2@H@Z 0000000140004dd0 f i MFCEditView.obj
 0001:000040f0       ??_EIVARIANTApplication@@UEAAPEAXI@Z 00000001400050f0 f i * CIL library *:* CIL module *
 0001:000040f0       ??_GIVARIANTApplication@@UEAAPEAXI@Z 00000001400050f0 f i MFCEditView.obj
 0001:00004120       ?OnBnClickedBtnRun@CMFCEditView@@QEAAXXZ 0000000140005120 f   MFCEditView.obj
 0001:000046a0       ?OnBnClickedBtnSave@CMFCEditView@@QEAAXXZ 00000001400056a0 f   MFCEditView.obj
 0001:00004780       ?OnSelchangeCombo1@CMFCEditView@@QEAAXXZ 0000000140005780 f   MFCEditView.obj
 0001:00004a10       ?OnBnClickedButton2@CMFCEditView@@QEAAXXZ 0000000140005a10 f   MFCEditView.obj
 0001:00004a40       ?OnBnClickedBtnClear@CMFCEditView@@QEAAXXZ 0000000140005a40 f   MFCEditView.obj
 0001:00004ad0       ?OnDestroy@CMFCEditView@@QEAAXXZ 0000000140005ad0 f   MFCEditView.obj
 0001:00004c10       ?OnSelchangeCmbFont@CMFCEditView@@QEAAXXZ 0000000140005c10 f   MFCEditView.obj
 0001:00004d70       ?OnKillfocusEdInput@CMFCEditView@@QEAAXXZ 0000000140005d70 f   MFCEditView.obj
 0001:00004da0       ?OnSetfocusEdInput@CMFCEditView@@QEAAXXZ 0000000140005da0 f   MFCEditView.obj
 0001:00004e50       ?WriteUtf8File@@YA_NAEBV?$CStringT@_WV?$StrTraitMFC_DLL@_WV?$ChTraitsCRT@_W@ATL@@@@@ATL@@0@Z 0000000140005e50 f   MFCEditView.obj
 0001:00005070       ?Split@@YA?AV?$vector@V?$basic_string@_WU?$char_traits@_W@std@@V?$allocator@_W@2@@std@@V?$allocator@V?$basic_string@_WU?$char_traits@_W@std@@V?$allocator@_W@2@@std@@@2@@std@@V?$basic_string@_WU?$char_traits@_W@std@@V?$allocator@_W@2@@2@0@Z 0000000140006070 f   MFCEditView.obj
 0001:00005580       ??1?$regex_token_iterator@V?$_String_const_iterator@V?$_String_val@U?$_Simple_types@_W@std@@@std@@@std@@_WV?$regex_traits@_W@2@@std@@QEAA@XZ 0000000140006580 f i MFCEditView.obj
 0001:00005600       ??1?$match_results@V?$_String_const_iterator@V?$_String_val@U?$_Simple_types@_W@std@@@std@@@std@@V?$allocator@V?$sub_match@V?$_String_const_iterator@V?$_String_val@U?$_Simple_types@_W@std@@@std@@@std@@@std@@@2@@std@@QEAA@XZ 0000000140006600 f i MFCEditView.obj
 0001:00005610       ??1?$regex_iterator@V?$_String_const_iterator@V?$_String_val@U?$_Simple_types@_W@std@@@std@@@std@@_WV?$regex_traits@_W@2@@std@@QEAA@XZ 0000000140006610 f i MFCEditView.obj
 0001:00005620       ?getUnixTime@@YA_JH@Z      0000000140006620 f   MFCEditView.obj
 0001:000056b0       ?inetStockData_YahooFinanceUri@@YA?AV?$basic_string@_WU?$char_traits@_W@std@@V?$allocator@_W@2@@std@@V12@H@Z 00000001400066b0 f   MFCEditView.obj
 0001:00005980       ??0?$regex_token_iterator@V?$_String_const_iterator@V?$_String_val@U?$_Simple_types@_W@std@@@std@@@std@@_WV?$regex_traits@_W@2@@std@@QEAA@V?$_String_const_iterator@V?$_String_val@U?$_Simple_types@_W@std@@@std@@@1@0AEBV?$basic_regex@_WV?$regex_traits@_W@std@@@1@HW4match_flag_type@regex_constants@1@@Z 0000000140006980 f i MFCEditView.obj
 0001:00005b40       ??1?$basic_regex@_WV?$regex_traits@_W@std@@@std@@QEAA@XZ 0000000140006b40 f i MFCEditView.obj
 0001:00005be0       ??1?$vector@DV?$allocator@D@std@@@std@@QEAA@XZ 0000000140006be0 f i MFCEditView.obj
 0001:00005c40       ??1?$vector@V_variant_t@@V?$allocator@V_variant_t@@@std@@@std@@QEAA@XZ 0000000140006c40 f i MFCEditView.obj
 0001:00005d00       ??1?$vector@_WV?$allocator@_W@std@@@std@@QEAA@XZ 0000000140006d00 f i MFCEditView.obj
 0001:00005d60       ?seekpos@?$basic_stringbuf@DU?$char_traits@D@std@@V?$allocator@D@2@@std@@MEAA?AV?$fpos@U_Mbstatet@@@2@V32@H@Z 0000000140006d60 f i MFCEditView.obj
 0001:00005e90       ?seekoff@?$basic_stringbuf@DU?$char_traits@D@std@@V?$allocator@D@2@@std@@MEAA?AV?$fpos@U_Mbstatet@@@2@_JHH@Z 0000000140006e90 f i MFCEditView.obj
 0001:00006020       ?underflow@?$basic_stringbuf@DU?$char_traits@D@std@@V?$allocator@D@2@@std@@MEAAHXZ 0000000140007020 f i MFCEditView.obj
 0001:000060a0       ?pbackfail@?$basic_stringbuf@DU?$char_traits@D@std@@V?$allocator@D@2@@std@@MEAAHH@Z 00000001400070a0 f i MFCEditView.obj
 0001:00006100       ?overflow@?$basic_stringbuf@DU?$char_traits@D@std@@V?$allocator@D@2@@std@@MEAAHH@Z 0000000140007100 f i MFCEditView.obj
 0001:00006300       ??1?$basic_stringbuf@DU?$char_traits@D@std@@V?$allocator@D@2@@std@@UEAA@XZ 0000000140007300 f i MFCEditView.obj
 0001:000063c0       ??1?$deque@V?$shared_ptr@Ust@?1??Value@CVARIANTTool@@IEAA?AUtagVARIANT@@U4@0@Z@@std@@V?$allocator@V?$shared_ptr@Ust@?1??Value@CVARIANTTool@@IEAA?AUtagVARIANT@@U4@0@Z@@std@@@2@@std@@QEAA@XZ 00000001400073c0 f i MFCEditView.obj
 0001:000064e0       ??1?$shared_ptr@Ust@?1??Value@CVARIANTTool@@IEAA?AUtagVARIANT@@U4@0@Z@@std@@QEAA@XZ 00000001400074e0 f i MFCEditView.obj
 0001:00006530       ??1?$vector@V?$basic_string@_WU?$char_traits@_W@std@@V?$allocator@_W@2@@std@@V?$allocator@V?$basic_string@_WU?$char_traits@_W@std@@V?$allocator@_W@2@@std@@@2@@std@@QEAA@XZ 0000000140007530 f i MFCEditView.obj
 0001:000065a0       ?seekpos@?$basic_stringbuf@_WU?$char_traits@_W@std@@V?$allocator@_W@2@@std@@MEAA?AV?$fpos@U_Mbstatet@@@2@V32@H@Z 00000001400075a0 f i MFCEditView.obj
 0001:000066e0       ?seekoff@?$basic_stringbuf@_WU?$char_traits@_W@std@@V?$allocator@_W@2@@std@@MEAA?AV?$fpos@U_Mbstatet@@@2@_JHH@Z 00000001400076e0 f i MFCEditView.obj
 0001:000068a0       ?underflow@?$basic_stringbuf@_WU?$char_traits@_W@std@@V?$allocator@_W@2@@std@@MEAAGXZ 00000001400078a0 f i MFCEditView.obj
 0001:00006920       ?pbackfail@?$basic_stringbuf@_WU?$char_traits@_W@std@@V?$allocator@_W@2@@std@@MEAAGG@Z 0000000140007920 f i MFCEditView.obj
 0001:00006980       ?overflow@?$basic_stringbuf@_WU?$char_traits@_W@std@@V?$allocator@_W@2@@std@@MEAAGG@Z 0000000140007980 f i MFCEditView.obj
 0001:00006bc0       ??1?$basic_stringbuf@_WU?$char_traits@_W@std@@V?$allocator@_W@2@@std@@UEAA@XZ 0000000140007bc0 f i MFCEditView.obj
 0001:00006c90       ?do_hash@?$collate@_W@std@@MEBAJPEB_W0@Z 0000000140007c90 f i MFCEditView.obj
 0001:00006ce0       ?do_transform@?$collate@_W@std@@MEBA?AV?$basic_string@_WU?$char_traits@_W@std@@V?$allocator@_W@2@@2@PEB_W0@Z 0000000140007ce0 f i MFCEditView.obj
 0001:00006e90       ?do_compare@?$collate@_W@std@@MEBAHPEB_W000@Z 0000000140007e90 f i MFCEditView.obj
 0001:00006ee0       ??0?$basic_string@_WU?$char_traits@_W@std@@V?$allocator@_W@2@@std@@QEAA@AEBV01@@Z 0000000140007ee0 f i MFCEditView.obj
 0001:00007010       ??1?$regex_traits@_W@std@@QEAA@XZ 0000000140008010 f i MFCEditView.obj
 0001:00007050       ??_E?$basic_stringbuf@DU?$char_traits@D@std@@V?$allocator@D@2@@std@@UEAAPEAXI@Z 0000000140008050 f i * CIL library *:* CIL module *
 0001:00007050       ??_G?$basic_stringbuf@DU?$char_traits@D@std@@V?$allocator@D@2@@std@@UEAAPEAXI@Z 0000000140008050 f i MFCEditView.obj
 0001:00007090       ??_E?$basic_stringstream@DU?$char_traits@D@std@@V?$allocator@D@2@@std@@UEAAPEAXI@Z 0000000140008090 f i * CIL library *:* CIL module *
 0001:00007090       ??_G?$basic_stringstream@DU?$char_traits@D@std@@V?$allocator@D@2@@std@@UEAAPEAXI@Z 0000000140008090 f i MFCEditView.obj
 0001:00007130       ??_E?$basic_stringbuf@_WU?$char_traits@_W@std@@V?$allocator@_W@2@@std@@UEAAPEAXI@Z 0000000140008130 f i * CIL library *:* CIL module *
 0001:00007130       ??_G?$basic_stringbuf@_WU?$char_traits@_W@std@@V?$allocator@_W@2@@std@@UEAAPEAXI@Z 0000000140008130 f i MFCEditView.obj
 0001:00007170       ??_E?$basic_stringstream@_WU?$char_traits@_W@std@@V?$allocator@_W@2@@std@@UEAAPEAXI@Z 0000000140008170 f i * CIL library *:* CIL module *
 0001:00007170       ??_G?$basic_stringstream@_WU?$char_traits@_W@std@@V?$allocator@_W@2@@std@@UEAAPEAXI@Z 0000000140008170 f i MFCEditView.obj
 0001:00007210       ??_E?$collate@_W@std@@MEAAPEAXI@Z 0000000140008210 f i * CIL library *:* CIL module *
 0001:00007210       ??_G?$collate@_W@std@@MEAAPEAXI@Z 0000000140008210 f i MFCEditView.obj
 0001:00007260       ??1sentry@?$basic_ostream@_WU?$char_traits@_W@std@@@std@@QEAA@XZ 0000000140008260 f i MFCEditView.obj
 0001:000072a0       ?_Tidy@?$vector@V?$sub_match@V?$_String_const_iterator@V?$_String_val@U?$_Simple_types@_W@std@@@std@@@std@@@std@@V?$allocator@V?$sub_match@V?$_String_const_iterator@V?$_String_val@U?$_Simple_types@_W@std@@@std@@@std@@@std@@@2@@std@@AEAAXXZ 00000001400082a0 f i MFCEditView.obj
 0001:00007320       ??E?$regex_token_iterator@V?$_String_const_iterator@V?$_String_val@U?$_Simple_types@_W@std@@@std@@@std@@_WV?$regex_traits@_W@2@@std@@QEAAAEAV01@XZ 0000000140008320 f i MFCEditView.obj
 0001:00007610       ??8?$regex_token_iterator@V?$_String_const_iterator@V?$_String_val@U?$_Simple_types@_W@std@@@std@@@std@@_WV?$regex_traits@_W@2@@std@@QEBA_NAEBV01@@Z 0000000140008610 f i MFCEditView.obj
 0001:000077d0       ??0?$regex_token_iterator@V?$_String_const_iterator@V?$_String_val@U?$_Simple_types@_W@std@@@std@@@std@@_WV?$regex_traits@_W@2@@std@@QEAA@AEBV01@@Z 00000001400087d0 f i MFCEditView.obj
 0001:00007920       ?_Tidy@?$basic_regex@_WV?$regex_traits@_W@std@@@std@@AEAAXXZ 0000000140008920 f i MFCEditView.obj
 0001:000079a0       ??0?$regex_iterator@V?$_String_const_iterator@V?$_String_val@U?$_Simple_types@_W@std@@@std@@@std@@_WV?$regex_traits@_W@2@@std@@QEAA@AEBV01@@Z 00000001400089a0 f i MFCEditView.obj
 0001:00007b40       ??1_Sentry_base@?$basic_ostream@DU?$char_traits@D@std@@@std@@QEAA@XZ 0000000140008b40 f i MFCEditView.obj
 0001:00007b40       ??1_Sentry_base@?$basic_ostream@_WU?$char_traits@_W@std@@@std@@QEAA@XZ 0000000140008b40 f i MFCEditView.obj
 0001:00007b70       ?assign@?$basic_string@DU?$char_traits@D@std@@V?$allocator@D@2@@std@@QEAAAEAV12@QEBD_K@Z 0000000140008b70 f i MFCEditView.obj
 0001:00007cd0       ??$?6_WU?$char_traits@_W@std@@@std@@YAAEAV?$basic_ostream@_WU?$char_traits@_W@std@@@0@AEAV10@PEB_W@Z 0000000140008cd0 f i MFCEditView.obj
 0001:00007eb0       ??$?6_WU?$char_traits@_W@std@@@std@@YAAEAV?$basic_ostream@_WU?$char_traits@_W@std@@@0@AEAV10@_W@Z 0000000140008eb0 f i MFCEditView.obj
 0001:00008080       ??$?6U?$char_traits@D@std@@@std@@YAAEAV?$basic_ostream@DU?$char_traits@D@std@@@0@AEAV10@PEBD@Z 0000000140009080 f i MFCEditView.obj
 0001:00008260       ??$?0U?$char_traits@_W@std@@V?$allocator@_W@1@@?$basic_regex@_WV?$regex_traits@_W@std@@@std@@QEAA@AEBV?$basic_string@_WU?$char_traits@_W@std@@V?$allocator@_W@2@@1@W4syntax_option_type@regex_constants@1@@Z 0000000140009260 f i MFCEditView.obj
 0001:00008500       ??$_Regex_search2@V?$_String_const_iterator@V?$_String_val@U?$_Simple_types@_W@std@@@std@@@std@@V?$allocator@V?$sub_match@V?$_String_const_iterator@V?$_String_val@U?$_Simple_types@_W@std@@@std@@@std@@@std@@@2@_WV?$regex_traits@_W@2@V12@@std@@YA_NV?$_String_const_iterator@V?$_String_val@U?$_Simple_types@_W@std@@@std@@@0@0PEAV?$match_results@V?$_String_const_iterator@V?$_String_val@U?$_Simple_types@_W@std@@@std@@@std@@V?$allocator@V?$sub_match@V?$_String_const_iterator@V?$_String_val@U?$_Simple_types@_W@std@@@std@@@std@@@std@@@2@@0@AEBV?$basic_regex@_WV?$regex_traits@_W@std@@@0@W4match_flag_type@regex_constants@0@0@Z 0000000140009500 f i MFCEditView.obj
 0001:00008740       ??$_Destroy_range@V?$allocator@V?$basic_string@_WU?$char_traits@_W@std@@V?$allocator@_W@2@@std@@@std@@@std@@YAXPEAV?$basic_string@_WU?$char_traits@_W@std@@V?$allocator@_W@2@@0@QEAV10@AEAV?$allocator@V?$basic_string@_WU?$char_traits@_W@std@@V?$allocator@_W@2@@std@@@0@@Z 0000000140009740 f i MFCEditView.obj
 0001:000087d0       ??$_Reallocate_grow_by@V<lambda_a3050a43f3157934f354774ab3dd2e02>@@_K_W@?$basic_string@_WU?$char_traits@_W@std@@V?$allocator@_W@2@@std@@AEAAAEAV01@_KV<lambda_a3050a43f3157934f354774ab3dd2e02>@@_K_W@Z 00000001400097d0 f i MFCEditView.obj
 0001:00008980       ??$_Reallocate_for@V<lambda_3fa8b2c8193a0f3144fc4b1b8f243931>@@PEB_W@?$basic_string@_WU?$char_traits@_W@std@@V?$allocator@_W@2@@std@@AEAAAEAV01@_KV<lambda_3fa8b2c8193a0f3144fc4b1b8f243931>@@PEB_W@Z 0000000140009980 f i MFCEditView.obj
 0001:00008ae0       ??1?$_Matcher@V?$_String_const_iterator@V?$_String_val@U?$_Simple_types@_W@std@@@std@@@std@@_WV?$regex_traits@_W@2@V12@@std@@QEAA@XZ 0000000140009ae0 f i MFCEditView.obj
 0001:00008b60       ??1?$_Tgt_state_t@V?$_String_const_iterator@V?$_String_val@U?$_Simple_types@_W@std@@@std@@@std@@@std@@QEAA@XZ 0000000140009b60 f i MFCEditView.obj
 0001:00008c10       ??1?$_Bt_state_t@V?$_String_const_iterator@V?$_String_val@U?$_Simple_types@_W@std@@@std@@@std@@@std@@QEAA@XZ 0000000140009c10 f i MFCEditView.obj
 0001:00008c70       ??0?$_Matcher@V?$_String_const_iterator@V?$_String_val@U?$_Simple_types@_W@std@@@std@@@std@@_WV?$regex_traits@_W@2@V12@@std@@QEAA@V?$_String_const_iterator@V?$_String_val@U?$_Simple_types@_W@std@@@std@@@1@0AEBV?$regex_traits@_W@1@PEAV_Root_node@1@IW4syntax_option_type@regex_constants@1@W4match_flag_type@61@@Z 0000000140009c70 f i MFCEditView.obj
 0001:00008dc0       ??1sentry@?$basic_ostream@DU?$char_traits@D@std@@@std@@QEAA@XZ 0000000140009dc0 f i MFCEditView.obj
 0001:00008e00       ?_Delete_this@?$_Ref_count_obj2@Ust@?1??Value@CVARIANTTool@@IEAA?AUtagVARIANT@@U4@0@Z@@std@@EEAAXXZ 0000000140009e00 f i MFCEditView.obj
 0001:00008e20       ?_Destroy@?$_Ref_count_obj2@Ust@?1??Value@CVARIANTTool@@IEAA?AUtagVARIANT@@U4@0@Z@@std@@EEAAXXZ 0000000140009e20 f i MFCEditView.obj
 0001:00008e90       ?_Growmap@?$deque@V?$shared_ptr@Ust@?1??Value@CVARIANTTool@@IEAA?AUtagVARIANT@@U4@0@Z@@std@@V?$allocator@V?$shared_ptr@Ust@?1??Value@CVARIANTTool@@IEAA?AUtagVARIANT@@U4@0@Z@@std@@@2@@std@@AEAAX_K@Z 0000000140009e90 f i MFCEditView.obj
 0001:00009080       ?_Buy_nonzero@?$vector@HV?$allocator@H@std@@@std@@AEAAX_K@Z 000000014000a080 f i MFCEditView.obj
 0001:00009120       ??1?$vector@U_Loop_vals_t@std@@V?$allocator@U_Loop_vals_t@std@@@2@@std@@QEAA@XZ 000000014000a120 f i MFCEditView.obj
 0001:00009180       ??1?$vector@_NV?$allocator@_N@std@@@std@@QEAA@XZ 000000014000a180 f i MFCEditView.obj
 0001:000091e0       ??_E?$_Ref_count_obj2@Ust@?1??Value@CVARIANTTool@@IEAA?AUtagVARIANT@@U4@0@Z@@std@@UEAAPEAXI@Z 000000014000a1e0 f i * CIL library *:* CIL module *
 0001:000091e0       ??_G?$_Ref_count_obj2@Ust@?1??Value@CVARIANTTool@@IEAA?AUtagVARIANT@@U4@0@Z@@std@@UEAAPEAXI@Z 000000014000a1e0 f i MFCEditView.obj
 0001:00009210       ?_Xlength@?$vector@DV?$allocator@D@std@@@std@@CAXXZ 000000014000a210 f i MFCEditView.obj
 0001:00009210       ?_Xlength@?$vector@HV?$allocator@H@std@@@std@@CAXXZ 000000014000a210 f i MFCEditView.obj
 0001:00009210       ?_Xlength@?$vector@IV?$allocator@I@std@@@std@@CAXXZ 000000014000a210 f i MFCEditView.obj
 0001:00009210       ?_Xlength@?$vector@U_Grp_t@?$_Tgt_state_t@V?$_String_const_iterator@V?$_String_val@U?$_Simple_types@_W@std@@@std@@@std@@@std@@V?$allocator@U_Grp_t@?$_Tgt_state_t@V?$_String_const_iterator@V?$_String_val@U?$_Simple_types@_W@std@@@std@@@std@@@std@@@3@@std@@CAXXZ 000000014000a210 f i MFCEditView.obj
 0001:00009210       ?_Xlength@?$vector@U_Loop_vals_t@std@@V?$allocator@U_Loop_vals_t@std@@@2@@std@@CAXXZ 000000014000a210 f i MFCEditView.obj
 0001:00009210       ?_Xlength@?$vector@V?$basic_string@_WU?$char_traits@_W@std@@V?$allocator@_W@2@@std@@V?$allocator@V?$basic_string@_WU?$char_traits@_W@std@@V?$allocator@_W@2@@std@@@2@@std@@CAXXZ 000000014000a210 f i MFCEditView.obj
 0001:00009210       ?_Xlength@?$vector@V?$sub_match@V?$_String_const_iterator@V?$_String_val@U?$_Simple_types@_W@std@@@std@@@std@@@std@@V?$allocator@V?$sub_match@V?$_String_const_iterator@V?$_String_val@U?$_Simple_types@_W@std@@@std@@@std@@@std@@@2@@std@@CAXXZ 000000014000a210 f i MFCEditView.obj
 0001:00009210       ?_Xlength@?$vector@V_variant_t@@V?$allocator@V_variant_t@@@std@@@std@@CAXXZ 000000014000a210 f i MFCEditView.obj
 0001:00009210       ?_Xlength@?$vector@_WV?$allocator@_W@std@@@std@@CAXXZ 000000014000a210 f i MFCEditView.obj
 0001:00009230       ?_Xlen@?$deque@V?$shared_ptr@Ust@?1??Value@CVARIANTTool@@IEAA?AUtagVARIANT@@U4@0@Z@@std@@V?$allocator@V?$shared_ptr@Ust@?1??Value@CVARIANTTool@@IEAA?AUtagVARIANT@@U4@0@Z@@std@@@2@@std@@CAXXZ 000000014000a230 f i MFCEditView.obj
 0001:00009250       ??$_Insert_string@_WU?$char_traits@_W@std@@_K@std@@YAAEAV?$basic_ostream@_WU?$char_traits@_W@std@@@0@AEAV10@QEB_W_K@Z 000000014000a250 f i MFCEditView.obj
 0001:00009420       ??$_Emplace_reallocate@AEBV_variant_t@@@?$vector@V_variant_t@@V?$allocator@V_variant_t@@@std@@@std@@AEAAPEAV_variant_t@@QEAV2@AEBV2@@Z 000000014000a420 f i MFCEditView.obj
 0001:00009790       ??$_Emplace_reallocate@V?$basic_string@_WU?$char_traits@_W@std@@V?$allocator@_W@2@@std@@@?$vector@V?$basic_string@_WU?$char_traits@_W@std@@V?$allocator@_W@2@@std@@V?$allocator@V?$basic_string@_WU?$char_traits@_W@std@@V?$allocator@_W@2@@std@@@2@@std@@AEAAPEAV?$basic_string@_WU?$char_traits@_W@std@@V?$allocator@_W@2@@1@QEAV21@$$QEAV21@@Z 000000014000a790 f i MFCEditView.obj
 0001:00009a70       ?_Skip@?$_Matcher@V?$_String_const_iterator@V?$_String_val@U?$_Simple_types@_W@std@@@std@@@std@@_WV?$regex_traits@_W@2@V12@@std@@QEAA?AV?$_String_const_iterator@V?$_String_val@U?$_Simple_types@_W@std@@@std@@@2@V32@0PEAV_Node_base@2@@Z 000000014000aa70 f i MFCEditView.obj
 0001:00009e20       ??$_Match@V?$allocator@V?$sub_match@V?$_String_const_iterator@V?$_String_val@U?$_Simple_types@_W@std@@@std@@@std@@@std@@@std@@@?$_Matcher@V?$_String_const_iterator@V?$_String_val@U?$_Simple_types@_W@std@@@std@@@std@@_WV?$regex_traits@_W@2@V12@@std@@QEAA_NPEAV?$match_results@V?$_String_const_iterator@V?$_String_val@U?$_Simple_types@_W@std@@@std@@@std@@V?$allocator@V?$sub_match@V?$_String_const_iterator@V?$_String_val@U?$_Simple_types@_W@std@@@std@@@std@@@std@@@2@@1@_N@Z 000000014000ae20 f i MFCEditView.obj
 0001:0000a040       ??$use_facet@V?$collate@_W@std@@@std@@YAAEBV?$collate@_W@0@AEBVlocale@0@@Z 000000014000b040 f i MFCEditView.obj
 0001:0000a240       ??1?$_Parser@PEB_W_WV?$regex_traits@_W@std@@@std@@QEAA@XZ 000000014000b240 f i MFCEditView.obj
 0001:0000a2a0       ??1_Reallocation_guard@?$vector@V_variant_t@@V?$allocator@V_variant_t@@@std@@@std@@QEAA@XZ 000000014000b2a0 f i MFCEditView.obj
 0001:0000a330       ?_Resize@?$match_results@V?$_String_const_iterator@V?$_String_val@U?$_Simple_types@_W@std@@@std@@@std@@V?$allocator@V?$sub_match@V?$_String_const_iterator@V?$_String_val@U?$_Simple_types@_W@std@@@std@@@std@@@std@@@2@@std@@QEAAXI@Z 000000014000b330 f i MFCEditView.obj
 0001:0000a3f0       ?resize@?$vector@_NV?$allocator@_N@std@@@std@@QEAAX_K_N@Z 000000014000b3f0 f i MFCEditView.obj
 0001:0000a590       ?translate@?$_Regex_traits@_W@std@@QEBA_W_W@Z 000000014000b590 f i MFCEditView.obj
 0001:0000a640       ??_E?$_Node_class@_WV?$regex_traits@_W@std@@@std@@UEAAPEAXI@Z 000000014000b640 f i * CIL library *:* CIL module *
 0001:0000a640       ??_G?$_Node_class@_WV?$regex_traits@_W@std@@@std@@UEAAPEAXI@Z 000000014000b640 f i MFCEditView.obj
 0001:0000a750       ?erase@?$vector@_NV?$allocator@_N@std@@@std@@QEAA?AV?$_Vb_iterator@U?$_Wrap_alloc@V?$allocator@I@std@@@std@@@2@V?$_Vb_const_iterator@U?$_Wrap_alloc@V?$allocator@I@std@@@std@@@2@0@Z 000000014000b750 f i MFCEditView.obj
 0001:0000a9c0       ?_Insert_x@?$vector@_NV?$allocator@_N@std@@@std@@QEAA_KV?$_Vb_const_iterator@U?$_Wrap_alloc@V?$allocator@I@std@@@std@@@2@_K@Z 000000014000b9c0 f i MFCEditView.obj
 0001:0000ac40       ?_Xlen@?$vector@_NV?$allocator@_N@std@@@std@@SAXXZ 000000014000bc40 f i MFCEditView.obj
 0001:0000ac60       ?_Match_pat@?$_Matcher@V?$_String_const_iterator@V?$_String_val@U?$_Simple_types@_W@std@@@std@@@std@@_WV?$regex_traits@_W@2@V12@@std@@AEAA_NPEAV_Node_base@2@@Z 000000014000bc60 f i MFCEditView.obj
 0001:0000b420       ?_Compile@?$_Parser@PEB_W_WV?$regex_traits@_W@std@@@std@@QEAAPEAV_Root_node@2@XZ 000000014000c420 f i MFCEditView.obj
 0001:0000b630       ??$_Compare@V?$_String_const_iterator@V?$_String_val@U?$_Simple_types@_W@std@@@std@@@std@@PEB_WV?$regex_traits@_W@2@@std@@YA?AV?$_String_const_iterator@V?$_String_val@U?$_Simple_types@_W@std@@@std@@@0@V10@0PEB_W1AEBV?$regex_traits@_W@0@W4syntax_option_type@regex_constants@0@@Z 000000014000c630 f i MFCEditView.obj
 0001:0000b7c0       ??$_Lookup_equiv@_WV?$regex_traits@_W@std@@@std@@YA_NGPEBU?$_Sequence@_W@0@AEBV?$regex_traits@_W@0@@Z 000000014000c7c0 f i MFCEditView.obj
 0001:0000bb80       ??$_Resize_reallocate@U_Value_init_tag@std@@@?$vector@U_Loop_vals_t@std@@V?$allocator@U_Loop_vals_t@std@@@2@@std@@AEAAX_KAEBU_Value_init_tag@1@@Z 000000014000cb80 f i MFCEditView.obj
 0001:0000bcf0       ??$fill_n@V?$_Vb_iterator@U?$_Wrap_alloc@V?$allocator@I@std@@@std@@@std@@_K_N@std@@YA?AV?$_Vb_iterator@U?$_Wrap_alloc@V?$allocator@I@std@@@std@@@0@V10@_KAEB_N@Z 000000014000ccf0 f i MFCEditView.obj
 0001:0000be40       ??0?$_Bt_state_t@V?$_String_const_iterator@V?$_String_val@U?$_Simple_types@_W@std@@@std@@@std@@@std@@QEAA@AEBV01@@Z 000000014000ce40 f i MFCEditView.obj
 0001:0000bef0       ??1?$_Uninitialized_backout_al@V?$allocator@V_variant_t@@@std@@@std@@QEAA@XZ 000000014000cef0 f i MFCEditView.obj
 0001:0000bf30       ??1?$_Tidy_guard@V?$_Builder@PEB_W_WV?$regex_traits@_W@std@@@std@@@std@@QEAA@XZ 000000014000cf30 f i MFCEditView.obj
 0001:0000bf90       ?_Do_if@?$_Matcher@V?$_String_const_iterator@V?$_String_val@U?$_Simple_types@_W@std@@@std@@@std@@_WV?$regex_traits@_W@2@V12@@std@@AEAA_NPEAV_Node_if@2@@Z 000000014000cf90 f i MFCEditView.obj
 0001:0000c340       ?_Do_rep@?$_Matcher@V?$_String_const_iterator@V?$_String_val@U?$_Simple_types@_W@std@@@std@@@std@@_WV?$regex_traits@_W@2@V12@@std@@AEAA_NPEAV_Node_rep@2@_NH@Z 000000014000d340 f i MFCEditView.obj
 0001:0000c600       ?_Do_class@?$_Matcher@V?$_String_const_iterator@V?$_String_val@U?$_Simple_types@_W@std@@@std@@@std@@_WV?$regex_traits@_W@2@V12@@std@@AEAA_NPEAV_Node_base@2@@Z 000000014000d600 f i MFCEditView.obj
 0001:0000c860       ?_Error@?$_Parser@PEB_W_WV?$regex_traits@_W@std@@@std@@AEAAXW4error_type@regex_constants@2@@Z 000000014000d860 f i MFCEditView.obj
 0001:0000c870       ?_Trans@?$_Parser@PEB_W_WV?$regex_traits@_W@std@@@std@@AEAAXXZ 000000014000d870 f i MFCEditView.obj
 0001:0000cb50       ?_Disjunction@?$_Parser@PEB_W_WV?$regex_traits@_W@std@@@std@@AEAAXXZ 000000014000db50 f i MFCEditView.obj
 0001:0000cda0       ?_End_group@?$_Builder@PEB_W_WV?$regex_traits@_W@std@@@std@@QEAAXPEAV_Node_base@2@@Z 000000014000dda0 f i MFCEditView.obj
 0001:0000ce50       ??$_Compare@V?$_String_const_iterator@V?$_String_val@U?$_Simple_types@_W@std@@@std@@@std@@V12@V?$regex_traits@_W@2@@std@@YA?AV?$_String_const_iterator@V?$_String_val@U?$_Simple_types@_W@std@@@std@@@0@V10@000AEBV?$regex_traits@_W@0@W4syntax_option_type@regex_constants@0@@Z 000000014000de50 f i MFCEditView.obj
 0001:0000d010       ??$transform_primary@V?$_String_iterator@V?$_String_val@U?$_Simple_types@_W@std@@@std@@@std@@@?$_Regex_traits@_W@std@@QEBA?AV?$basic_string@_WU?$char_traits@_W@std@@V?$allocator@_W@2@@1@V?$_String_iterator@V?$_String_val@U?$_Simple_types@_W@std@@@std@@@1@0@Z 000000014000e010 f i MFCEditView.obj
 0001:0000d220       ??$_Resize_reallocate@U_Value_init_tag@std@@@?$vector@U_Grp_t@?$_Tgt_state_t@V?$_String_const_iterator@V?$_String_val@U?$_Simple_types@_W@std@@@std@@@std@@@std@@V?$allocator@U_Grp_t@?$_Tgt_state_t@V?$_String_const_iterator@V?$_String_val@U?$_Simple_types@_W@std@@@std@@@std@@@std@@@3@@std@@AEAAX_KAEBU_Value_init_tag@1@@Z 000000014000e220 f i MFCEditView.obj
 0001:0000d3b0       ??$_Resize_reallocate@U_Value_init_tag@std@@@?$vector@V?$sub_match@V?$_String_const_iterator@V?$_String_val@U?$_Simple_types@_W@std@@@std@@@std@@@std@@V?$allocator@V?$sub_match@V?$_String_const_iterator@V?$_String_val@U?$_Simple_types@_W@std@@@std@@@std@@@std@@@2@@std@@AEAAX_KAEBU_Value_init_tag@1@@Z 000000014000e3b0 f i MFCEditView.obj
 0001:0000d590       ??$_Resize_reallocate@I@?$vector@IV?$allocator@I@std@@@std@@AEAAX_KAEBI@Z 000000014000e590 f i MFCEditView.obj
 0001:0000d720       ??$_Assign_counted_range@PEAU_Grp_t@?$_Tgt_state_t@V?$_String_const_iterator@V?$_String_val@U?$_Simple_types@_W@std@@@std@@@std@@@std@@@?$vector@U_Grp_t@?$_Tgt_state_t@V?$_String_const_iterator@V?$_String_val@U?$_Simple_types@_W@std@@@std@@@std@@@std@@V?$allocator@U_Grp_t@?$_Tgt_state_t@V?$_String_const_iterator@V?$_String_val@U?$_Simple_types@_W@std@@@std@@@std@@@std@@@3@@std@@AEAAXPEAU_Grp_t@?$_Tgt_state_t@V?$_String_const_iterator@V?$_String_val@U?$_Simple_types@_W@std@@@std@@@std@@@1@_K@Z 000000014000e720 f i MFCEditView.obj
 0001:0000d870       ??$_Assign_counted_range@PEAI@?$vector@IV?$allocator@I@std@@@std@@AEAAXPEAI_K@Z 000000014000e870 f i MFCEditView.obj
 0001:0000d9b0       ??0?$_Tgt_state_t@V?$_String_const_iterator@V?$_String_val@U?$_Simple_types@_W@std@@@std@@@std@@@std@@QEAA@AEBV01@@Z 000000014000e9b0 f i MFCEditView.obj
 0001:0000daa0       ?_Buy_raw@?$vector@U_Grp_t@?$_Tgt_state_t@V?$_String_const_iterator@V?$_String_val@U?$_Simple_types@_W@std@@@std@@@std@@@std@@V?$allocator@U_Grp_t@?$_Tgt_state_t@V?$_String_const_iterator@V?$_String_val@U?$_Simple_types@_W@std@@@std@@@std@@@std@@@3@@std@@AEAAX_K@Z 000000014000eaa0 f i MFCEditView.obj
 0001:0000db30       ?_Buy_raw@?$vector@IV?$allocator@I@std@@@std@@AEAAX_K@Z 000000014000eb30 f i MFCEditView.obj
 0001:0000dbc0       ?_Do_rep0@?$_Matcher@V?$_String_const_iterator@V?$_String_val@U?$_Simple_types@_W@std@@@std@@@std@@_WV?$regex_traits@_W@2@V12@@std@@AEAA_NPEAV_Node_rep@2@_N@Z 000000014000ebc0 f i MFCEditView.obj
 0001:0000dff0       ?_Alternative@?$_Parser@PEB_W_WV?$regex_traits@_W@std@@@std@@AEAA_NXZ 000000014000eff0 f i MFCEditView.obj
 0001:0000e670       ?_New_node@?$_Builder@PEB_W_WV?$regex_traits@_W@std@@@std@@AEAAPEAV_Node_base@2@W4_Node_type@2@@Z 000000014000f670 f i MFCEditView.obj
 0001:0000e700       ??$_Copy_vbool@V?$_Vb_iterator@U?$_Wrap_alloc@V?$allocator@I@std@@@std@@@std@@V12@@std@@YA?AV?$_Vb_iterator@U?$_Wrap_alloc@V?$allocator@I@std@@@std@@@0@V10@00@Z 000000014000f700 f i MFCEditView.obj
 0001:0000eb70       ?_CharacterClass@?$_Parser@PEB_W_WV?$regex_traits@_W@std@@@std@@AEAAXXZ 000000014000fb70 f i MFCEditView.obj
 0001:0000ed10       ?_AtomEscape@?$_Parser@PEB_W_WV?$regex_traits@_W@std@@@std@@AEAAXXZ 000000014000fd10 f i MFCEditView.obj
 0001:0000ee90       ?_Wrapped_disjunction@?$_Parser@PEB_W_WV?$regex_traits@_W@std@@@std@@AEAA_NXZ 000000014000fe90 f i MFCEditView.obj
 0001:0000f060       ?_Quantifier@?$_Parser@PEB_W_WV?$regex_traits@_W@std@@@std@@AEAAXXZ 0000000140010060 f i MFCEditView.obj
 0001:0000f2f0       ?_Add_char@?$_Builder@PEB_W_WV?$regex_traits@_W@std@@@std@@QEAAX_W@Z 00000001400102f0 f i MFCEditView.obj
 0001:0000f410       ?_DecimalDigits@?$_Parser@PEB_W_WV?$regex_traits@_W@std@@@std@@AEAA_NW4error_type@regex_constants@2@@Z 0000000140010410 f i MFCEditView.obj
 0001:0000f520       ?_CharacterClassEscape@?$_Parser@PEB_W_WV?$regex_traits@_W@std@@@std@@AEAA_N_N@Z 0000000140010520 f i MFCEditView.obj
 0001:0000f630       ?_ClassRanges@?$_Parser@PEB_W_WV?$regex_traits@_W@std@@@std@@AEAAXXZ 0000000140010630 f i MFCEditView.obj
 0001:0000f900       ?_CharacterEscape@?$_Parser@PEB_W_WV?$regex_traits@_W@std@@@std@@AEAA_NXZ 0000000140010900 f i MFCEditView.obj
 0001:0000ff20       ?_Do_capture_group@?$_Parser@PEB_W_WV?$regex_traits@_W@std@@@std@@AEAAXXZ 0000000140010f20 f i MFCEditView.obj
 0001:000100a0       ?_Do_assert_group@?$_Parser@PEB_W_WV?$regex_traits@_W@std@@@std@@AEAAX_N@Z 00000001400110a0 f i MFCEditView.obj
 0001:000101b0       ?_Add_class@?$_Builder@PEB_W_WV?$regex_traits@_W@std@@@std@@QEAAXXZ 00000001400111b0 f i MFCEditView.obj
 0001:00010250       ?_Add_rep@?$_Builder@PEB_W_WV?$regex_traits@_W@std@@@std@@QEAAXHH_N@Z 0000000140011250 f i MFCEditView.obj
 0001:00010570       ??_E?$_Node_str@_W@std@@UEAAPEAXI@Z 0000000140011570 f i * CIL library *:* CIL module *
 0001:00010570       ??_G?$_Node_str@_W@std@@UEAAPEAXI@Z 0000000140011570 f i MFCEditView.obj
 0001:000105c0       ?_HexDigits@?$_Parser@PEB_W_WV?$regex_traits@_W@std@@@std@@AEAAXH@Z 00000001400115c0 f i MFCEditView.obj
 0001:000106e0       ?_ClassAtom@?$_Parser@PEB_W_WV?$regex_traits@_W@std@@@std@@AEAA?AW4_Prs_ret@2@XZ 00000001400116e0 f i MFCEditView.obj
 0001:00010ad0       ?_Add_range@?$_Builder@PEB_W_WV?$regex_traits@_W@std@@@std@@QEAAX_W0@Z 0000000140011ad0 f i MFCEditView.obj
 0001:00010c80       ?_Add_named_class@?$_Builder@PEB_W_WV?$regex_traits@_W@std@@@std@@QEAAXF_N@Z 0000000140011c80 f i MFCEditView.obj
 0001:00010d60       ?_Add_char_to_array@?$_Builder@PEB_W_WV?$regex_traits@_W@std@@@std@@AEAAX_W@Z 0000000140011d60 f i MFCEditView.obj
 0001:00010e20       ??$lookup_classname@PEB_W@?$_Regex_traits@_W@std@@QEBAFPEB_W0_N@Z 0000000140011e20 f i MFCEditView.obj
 0001:00010f90       ??1?$unique_ptr@V_Facet_base@std@@U?$default_delete@V_Facet_base@std@@@2@@std@@QEAA@XZ 0000000140011f90 f i MFCEditView.obj
 0001:00010f90       ??1?$unique_ptr@V_Node_assert@std@@U?$default_delete@V_Node_assert@std@@@2@@std@@QEAA@XZ 0000000140011f90 f i MFCEditView.obj
 0001:00010fb0       ?_Do_ex_class@?$_Parser@PEB_W_WV?$regex_traits@_W@std@@@std@@AEAAXW4_Meta_type@2@@Z 0000000140011fb0 f i MFCEditView.obj
 0001:00011210       ?_Add_equiv@?$_Builder@PEB_W_WV?$regex_traits@_W@std@@@std@@QEAAXPEB_W0_J@Z 0000000140012210 f i MFCEditView.obj
 0001:00011410       ?_Char_to_elts@?$_Builder@PEB_W_WV?$regex_traits@_W@std@@@std@@AEAAXPEB_W0_JPEAPEAU?$_Sequence@_W@2@@Z 0000000140012410 f i MFCEditView.obj
 0001:00011500       ??$transform_primary@PEA_W@?$_Regex_traits@_W@std@@QEBA?AV?$basic_string@_WU?$char_traits@_W@std@@V?$allocator@_W@2@@1@PEA_W0@Z 0000000140012500 f i MFCEditView.obj
 0001:00011500       ??$transform_primary@PEB_W@?$_Regex_traits@_W@std@@QEBA?AV?$basic_string@_WU?$char_traits@_W@std@@V?$allocator@_W@2@@1@PEB_W0@Z 0000000140012500 f i MFCEditView.obj
 0001:000116f4       ??_E?$basic_stringstream@_WU?$char_traits@_W@std@@V?$allocator@_W@2@@std@@$4PPPPPPPM@A@EAAPEAXI@Z 00000001400126f4 f i MFCEditView.obj
 0001:00011700       ??_E?$basic_stringstream@DU?$char_traits@D@std@@V?$allocator@D@2@@std@@$4PPPPPPPM@A@EAAPEAXI@Z 0000000140012700 f i MFCEditView.obj
 0001:00011710       ?accHitTest@CFormView@@UEAAJJJPEAUtagVARIANT@@@Z 0000000140012710 f i MFCEditView.obj
 0001:00011720       ?accLocation@CFormView@@UEAAJPEAJ000UtagVARIANT@@@Z 0000000140012720 f i MFCEditView.obj
 0001:00011770       ?get_accName@CFormView@@UEAAJUtagVARIANT@@PEAPEA_W@Z 0000000140012770 f i MFCEditView.obj
 0001:000117a0       ?get_accChild@CFormView@@UEAAJUtagVARIANT@@PEAPEAUIDispatch@@@Z 00000001400127a0 f i MFCEditView.obj
 0001:000117d0       ?get_accChildCount@CFormView@@UEAAJPEAJ@Z 00000001400127d0 f i MFCEditView.obj
 0001:000117f0       ?name@locale@std@@QEBA?AV?$basic_string@DU?$char_traits@D@std@@V?$allocator@D@2@@2@XZ 00000001400127f0 f i MFCEditView.obj
 0001:00011a20       ??$_Get_index@$0A@@id@locale@std@@QEAA_KXZ 0000000140012a20 f i MFCEditView.obj
 0001:00011aa0       ??0bad_cast@std@@QEAA@XZ   0000000140012aa0 f i MFCEditView.obj
 0001:00011ad0       ??1bad_array_new_length@std@@UEAA@XZ 0000000140012ad0 f i MFCEditView.obj
 0001:00011ad0       ??1bad_cast@std@@UEAA@XZ   0000000140012ad0 f i MFCEditView.obj
 0001:00011af0       ??_Ebad_alloc@std@@UEAAPEAXI@Z 0000000140012af0 f i * CIL library *:* CIL module *
 0001:00011af0       ??_Ebad_array_new_length@std@@UEAAPEAXI@Z 0000000140012af0 f i * CIL library *:* CIL module *
 0001:00011af0       ??_Ebad_cast@std@@UEAAPEAXI@Z 0000000140012af0 f i * CIL library *:* CIL module *
 0001:00011af0       ??_Eexception@std@@UEAAPEAXI@Z 0000000140012af0 f i * CIL library *:* CIL module *
 0001:00011af0       ??_Gbad_alloc@std@@UEAAPEAXI@Z 0000000140012af0 f i MFCEditView.obj
 0001:00011af0       ??_Gbad_array_new_length@std@@UEAAPEAXI@Z 0000000140012af0 f i MFCEditView.obj
 0001:00011af0       ??_Gbad_cast@std@@UEAAPEAXI@Z 0000000140012af0 f i MFCEditView.obj
 0001:00011af0       ??_Gexception@std@@UEAAPEAXI@Z 0000000140012af0 f i MFCEditView.obj
 0001:00011b40       ??0bad_cast@std@@QEAA@AEBV01@@Z 0000000140012b40 f i MFCEditView.obj
 0001:00011b80       ?_Throw_bad_cast@std@@YAXXZ 0000000140012b80 f i MFCEditView.obj
 0001:00011ba0       ??1locale@std@@QEAA@XZ     0000000140012ba0 f i MFCEditView.obj
 0001:00011be0       ??HATL@@YA?AV?$CStringT@_WV?$StrTraitMFC_DLL@_WV?$ChTraitsCRT@_W@ATL@@@@@0@PEB_WAEBV10@@Z 0000000140012be0 f i MFCEditView.obj
 0001:00011c50       ??1CWaitCursor@@QEAA@XZ    0000000140012c50 f i MFCEditView.obj
 0001:00011ca0       ??1?$basic_string@DU?$char_traits@D@std@@V?$allocator@D@2@@std@@QEAA@XZ 0000000140012ca0 f i MFCEditView.obj
 0001:00011d00       ??4?$basic_string@_WU?$char_traits@_W@std@@V?$allocator@_W@2@@std@@QEAAAEAV01@$$QEAV01@@Z 0000000140012d00 f i MFCEditView.obj
 0001:00011da0       ??1_variant_t@@QEAA@XZ     0000000140012da0 f i MFCEditView.obj
 0001:00011db0       ?_Free@_bstr_t@@AEAAXXZ    0000000140012db0 f i MFCEditView.obj
 0001:00011e20       ??1_bstr_t@@QEAA@XZ        0000000140012e20 f i MFCEditView.obj
 0001:00011e30       ??1CFont@@UEAA@XZ          0000000140012e30 f i MFCEditView.obj
 0001:00011e40       ??_ECFont@@UEAAPEAXI@Z     0000000140012e40 f i * CIL library *:* CIL module *
 0001:00011e40       ??_GCFont@@UEAAPEAXI@Z     0000000140012e40 f i MFCEditView.obj
 0001:00011ea0       ??HATL@@YA?AV?$CStringT@_WV?$StrTraitMFC_DLL@_WV?$ChTraitsCRT@_W@ATL@@@@@0@AEBV10@PEB_W@Z 0000000140012ea0 f i MFCEditView.obj
 0001:00011f10       ??1?$basic_string@_WU?$char_traits@_W@std@@V?$allocator@_W@2@@std@@QEAA@XZ 0000000140012f10 f i MFCEditView.obj
 0001:00011f80       ?_Xlen_string@std@@YAXXZ   0000000140012f80 f i MFCEditView.obj
 0001:00011fa0       ??0bad_array_new_length@std@@QEAA@XZ 0000000140012fa0 f i MFCEditView.obj
 0001:00011fd0       ??0bad_array_new_length@std@@QEAA@AEBV01@@Z 0000000140012fd0 f i MFCEditView.obj
 0001:00012010       ??0bad_alloc@std@@QEAA@AEBV01@@Z 0000000140013010 f i MFCEditView.obj
 0001:00012050       ??0exception@std@@QEAA@AEBV01@@Z 0000000140013050 f i MFCEditView.obj
 0001:00012090       ?_Throw_bad_array_new_length@std@@YAXXZ 0000000140013090 f i MFCEditView.obj
 0001:000120b0       ??$_Construct@$00PEB_W@?$basic_string@_WU?$char_traits@_W@std@@V?$allocator@_W@2@@std@@AEAAXQEB_W_K@Z 00000001400130b0 f i MFCEditView.obj
 0001:000121e0       ??0?$basic_string@_WU?$char_traits@_W@std@@V?$allocator@_W@2@@std@@QEAA@QEB_W@Z 00000001400131e0 f i MFCEditView.obj
 0001:00012220       ??_ECComboBox@@UEAAPEAXI@Z 0000000140013220 f i * CIL library *:* CIL module *
 0001:00012220       ??_GCComboBox@@UEAAPEAXI@Z 0000000140013220 f i MFCEditView.obj
 0001:00012270       ?what@exception@std@@UEBAPEBDXZ 0000000140013270 f i MFCEditView.obj
 0001:00012290       ?_AtlInitializeCriticalSectionEx@ATL@@YAHPEAU_RTL_CRITICAL_SECTION@@KK@Z 0000000140013290 f i pch.obj
 0001:00012297       ??3@YAXPEAX@Z              0000000140013297 f   mfc140u:mfc140u.dll
 0001:0001229d       ?GetThisMessageMap@CFrameWnd@@KAPEBUAFX_MSGMAP@@XZ 000000014001329d f   mfc140u:mfc140u.dll
 0001:000122a3       ?OnCmdMsg@CFrameWnd@@UEAAHIHPEAXPEAUAFX_CMDHANDLERINFO@@@Z 00000001400132a3 f   mfc140u:mfc140u.dll
 0001:000122a9       ?OnFinalRelease@CWnd@@UEAAXXZ 00000001400132a9 f   mfc140u:mfc140u.dll
 0001:000122af       ?IsInvokeAllowed@CCmdTarget@@UEAAHJ@Z 00000001400132af f   mfc140u:mfc140u.dll
 0001:000122b5       ?GetDispatchIID@CCmdTarget@@UEAAHPEAU_GUID@@@Z 00000001400132b5 f   mfc140u:mfc140u.dll
 0001:000122bb       ?GetTypeInfoCount@CCmdTarget@@UEAAIXZ 00000001400132bb f   mfc140u:mfc140u.dll
 0001:000122c1       ?GetTypeLibCache@CCmdTarget@@UEAAPEAVCTypeLibCache@@XZ 00000001400132c1 f   mfc140u:mfc140u.dll
 0001:000122c7       ?GetTypeLib@CCmdTarget@@UEAAJKPEAPEAUITypeLib@@@Z 00000001400132c7 f   mfc140u:mfc140u.dll
 0001:000122cd       ?GetCommandMap@CCmdTarget@@MEBAPEBUAFX_OLECMDMAP@@XZ 00000001400132cd f   mfc140u:mfc140u.dll
 0001:000122d3       ?GetDispatchMap@CCmdTarget@@MEBAPEBUAFX_DISPMAP@@XZ 00000001400132d3 f   mfc140u:mfc140u.dll
 0001:000122d9       ?GetConnectionMap@CCmdTarget@@MEBAPEBUAFX_CONNECTIONMAP@@XZ 00000001400132d9 f   mfc140u:mfc140u.dll
 0001:000122df       ?GetInterfaceMap@CWnd@@MEBAPEBUAFX_INTERFACEMAP@@XZ 00000001400132df f   mfc140u:mfc140u.dll
 0001:000122e5       ?GetEventSinkMap@CCmdTarget@@MEBAPEBUAFX_EVENTSINKMAP@@XZ 00000001400132e5 f   mfc140u:mfc140u.dll
 0001:000122eb       ?OnCreateAggregates@CCmdTarget@@UEAAHXZ 00000001400132eb f   mfc140u:mfc140u.dll
 0001:000122f1       ?GetInterfaceHook@CCmdTarget@@UEAAPEAUIUnknown@@PEBX@Z 00000001400132f1 f   mfc140u:mfc140u.dll
 0001:000122f7       ?GetExtraConnectionPoints@CCmdTarget@@MEAAHPEAVCPtrArray@@@Z 00000001400132f7 f   mfc140u:mfc140u.dll
 0001:000122fd       ?GetConnectionHook@CCmdTarget@@MEAAPEAUIConnectionPoint@@AEBU_GUID@@@Z 00000001400132fd f   mfc140u:mfc140u.dll
 0001:00012303       ?PreSubclassWindow@CWnd@@UEAAXXZ 0000000140013303 f   mfc140u:mfc140u.dll
 0001:00012309       ?Create@CWnd@@UEAAHPEB_W0KAEBUtagRECT@@PEAV1@IPEAUCCreateContext@@@Z 0000000140013309 f   mfc140u:mfc140u.dll
 0001:0001230f       ?CreateEx@CWnd@@UEAAHKPEB_W0KAEBUtagRECT@@PEAV1@IPEAX@Z 000000014001330f f   mfc140u:mfc140u.dll
 0001:00012315       ?CreateEx@CWnd@@UEAAHKPEB_W0KHHHHPEAUHWND__@@PEAUHMENU__@@PEAX@Z 0000000140013315 f   mfc140u:mfc140u.dll
 0001:0001231b       ?DestroyWindow@CWnd@@UEAAHXZ 000000014001331b f   mfc140u:mfc140u.dll
 0001:00012321       ?CalcWindowRect@CWnd@@UEAAXPEAUtagRECT@@I@Z 0000000140013321 f   mfc140u:mfc140u.dll
 0001:00012327       ?GetMenu@CFrameWnd@@UEBAPEAVCMenu@@XZ 0000000140013327 f   mfc140u:mfc140u.dll
 0001:0001232d       ?SetMenu@CFrameWnd@@UEAAHPEAVCMenu@@@Z 000000014001332d f   mfc140u:mfc140u.dll
 0001:00012333       ?OnToolHitTest@CWnd@@UEBA_JVCPoint@@PEAUtagTOOLINFOW@@@Z 0000000140013333 f   mfc140u:mfc140u.dll
 0001:00012339       ?GetScrollBarCtrl@CWnd@@UEBAPEAVCScrollBar@@H@Z 0000000140013339 f   mfc140u:mfc140u.dll
 0001:0001233f       ?WinHelpW@CWnd@@UEAAX_KI@Z 000000014001333f f   mfc140u:mfc140u.dll
 0001:00012345       ?HtmlHelpW@CWnd@@UEAAX_KI@Z 0000000140013345 f   mfc140u:mfc140u.dll
 0001:0001234b       ?WinHelpInternal@CWnd@@UEAAX_KI@Z 000000014001334b f   mfc140u:mfc140u.dll
 0001:00012351       ?ContinueModal@CWnd@@UEAAHXZ 0000000140013351 f   mfc140u:mfc140u.dll
 0001:00012357       ?EndModalLoop@CWnd@@UEAAXH@Z 0000000140013357 f   mfc140u:mfc140u.dll
 0001:0001235d       ?OnDrawIconicThumbnailOrLivePreview@CWnd@@UEAAXAEAVCDC@@VCRect@@VCSize@@HAEAH@Z 000000014001335d f   mfc140u:mfc140u.dll
 0001:00012363       ?EnsureStdObj@CWnd@@UEAAJXZ 0000000140013363 f   mfc140u:mfc140u.dll
 0001:00012369       ?get_accParent@CWnd@@UEAAJPEAPEAUIDispatch@@@Z 0000000140013369 f   mfc140u:mfc140u.dll
 0001:0001236f       ?get_accChildCount@CWnd@@UEAAJPEAJ@Z 000000014001336f f   mfc140u:mfc140u.dll
 0001:00012375       ?get_accChild@CWnd@@UEAAJUtagVARIANT@@PEAPEAUIDispatch@@@Z 0000000140013375 f   mfc140u:mfc140u.dll
 0001:0001237b       ?get_accName@CWnd@@UEAAJUtagVARIANT@@PEAPEA_W@Z 000000014001337b f   mfc140u:mfc140u.dll
 0001:00012381       ?get_accValue@CWnd@@UEAAJUtagVARIANT@@PEAPEA_W@Z 0000000140013381 f   mfc140u:mfc140u.dll
 0001:00012387       ?get_accDescription@CWnd@@UEAAJUtagVARIANT@@PEAPEA_W@Z 0000000140013387 f   mfc140u:mfc140u.dll
 0001:0001238d       ?get_accRole@CWnd@@UEAAJUtagVARIANT@@PEAU2@@Z 000000014001338d f   mfc140u:mfc140u.dll
 0001:00012393       ?get_accState@CWnd@@UEAAJUtagVARIANT@@PEAU2@@Z 0000000140013393 f   mfc140u:mfc140u.dll
 0001:00012399       ?get_accHelp@CWnd@@UEAAJUtagVARIANT@@PEAPEA_W@Z 0000000140013399 f   mfc140u:mfc140u.dll
 0001:0001239f       ?get_accHelpTopic@CWnd@@UEAAJPEAPEA_WUtagVARIANT@@PEAJ@Z 000000014001339f f   mfc140u:mfc140u.dll
 0001:000123a5       ?get_accKeyboardShortcut@CWnd@@UEAAJUtagVARIANT@@PEAPEA_W@Z 00000001400133a5 f   mfc140u:mfc140u.dll
 0001:000123ab       ?get_accFocus@CWnd@@UEAAJPEAUtagVARIANT@@@Z 00000001400133ab f   mfc140u:mfc140u.dll
 0001:000123b1       ?get_accSelection@CWnd@@UEAAJPEAUtagVARIANT@@@Z 00000001400133b1 f   mfc140u:mfc140u.dll
 0001:000123b7       ?get_accDefaultAction@CWnd@@UEAAJUtagVARIANT@@PEAPEA_W@Z 00000001400133b7 f   mfc140u:mfc140u.dll
 0001:000123bd       ?accSelect@CWnd@@UEAAJJUtagVARIANT@@@Z 00000001400133bd f   mfc140u:mfc140u.dll
 0001:000123c3       ?accLocation@CWnd@@UEAAJPEAJ000UtagVARIANT@@@Z 00000001400133c3 f   mfc140u:mfc140u.dll
 0001:000123c9       ?accNavigate@CWnd@@UEAAJJUtagVARIANT@@PEAU2@@Z 00000001400133c9 f   mfc140u:mfc140u.dll
 0001:000123cf       ?accHitTest@CWnd@@UEAAJJJPEAUtagVARIANT@@@Z 00000001400133cf f   mfc140u:mfc140u.dll
 0001:000123d5       ?accDoDefaultAction@CWnd@@UEAAJUtagVARIANT@@@Z 00000001400133d5 f   mfc140u:mfc140u.dll
 0001:000123db       ?put_accName@CWnd@@UEAAJUtagVARIANT@@PEA_W@Z 00000001400133db f   mfc140u:mfc140u.dll
 0001:000123e1       ?put_accValue@CWnd@@UEAAJUtagVARIANT@@PEA_W@Z 00000001400133e1 f   mfc140u:mfc140u.dll
 0001:000123e7       ?SetProxy@CWnd@@UEAAJPEAUIAccessibleProxy@@@Z 00000001400133e7 f   mfc140u:mfc140u.dll
 0001:000123ed       ?CreateAccessibleProxy@CWnd@@UEAAJ_K_JPEA_J@Z 00000001400133ed f   mfc140u:mfc140u.dll
 0001:000123f3       ?OnCommand@CFrameWnd@@MEAAH_K_J@Z 00000001400133f3 f   mfc140u:mfc140u.dll
 0001:000123f9       ?OnNotify@CWnd@@MEAAH_K_JPEA_J@Z 00000001400133f9 f   mfc140u:mfc140u.dll
 0001:000123ff       ?GetSuperWndProcAddr@CWnd@@MEAAPEAP6A_JPEAUHWND__@@I_K_J@ZXZ 00000001400133ff f   mfc140u:mfc140u.dll
 0001:00012405       ?BeginModalState@CFrameWnd@@UEAAXXZ 0000000140013405 f   mfc140u:mfc140u.dll
 0001:0001240b       ?EndModalState@CFrameWnd@@UEAAXXZ 000000014001340b f   mfc140u:mfc140u.dll
 0001:00012411       ?PreTranslateMessage@CFrameWnd@@UEAAHPEAUtagMSG@@@Z 0000000140013411 f   mfc140u:mfc140u.dll
 0001:00012417       ?OnAmbientProperty@CWnd@@UEAAHPEAVCOleControlSite@@JPEAUtagVARIANT@@@Z 0000000140013417 f   mfc140u:mfc140u.dll
 0001:0001241d       ?WindowProc@CWnd@@MEAA_JI_K_J@Z 000000014001341d f   mfc140u:mfc140u.dll
 0001:00012423       ?OnWndMsg@CWnd@@MEAAHI_K_JPEA_J@Z 0000000140013423 f   mfc140u:mfc140u.dll
 0001:00012429       ?DefWindowProcW@CWnd@@MEAA_JI_K_J@Z 0000000140013429 f   mfc140u:mfc140u.dll
 0001:0001242f       ?PostNcDestroy@CFrameWnd@@MEAAXXZ 000000014001342f f   mfc140u:mfc140u.dll
 0001:00012435       ?OnChildNotify@CWnd@@MEAAHI_K_JPEA_J@Z 0000000140013435 f   mfc140u:mfc140u.dll
 0001:0001243b       ?OnTouchInputs@CWnd@@MEAAHIPEAUtagTOUCHINPUT@@@Z 000000014001343b f   mfc140u:mfc140u.dll
 0001:00012441       ?OnTouchInput@CWnd@@MEAAHVCPoint@@HHPEAUtagTOUCHINPUT@@@Z 0000000140013441 f   mfc140u:mfc140u.dll
 0001:00012447       ?GetGestureStatus@CWnd@@MEAAKVCPoint@@@Z 0000000140013447 f   mfc140u:mfc140u.dll
 0001:0001244d       ?OnGestureZoom@CWnd@@MEAAHVCPoint@@J@Z 000000014001344d f   mfc140u:mfc140u.dll
 0001:00012453       ?OnGesturePan@CWnd@@MEAAHVCPoint@@0@Z 0000000140013453 f   mfc140u:mfc140u.dll
 0001:00012459       ?OnGestureRotate@CWnd@@MEAAHVCPoint@@N@Z 0000000140013459 f   mfc140u:mfc140u.dll
 0001:0001245f       ?OnGestureTwoFingerTap@CWnd@@MEAAHVCPoint@@@Z 000000014001345f f   mfc140u:mfc140u.dll
 0001:00012465       ?OnGesturePressAndTap@CWnd@@MEAAHVCPoint@@J@Z 0000000140013465 f   mfc140u:mfc140u.dll
 0001:0001246b       ?ResizeDynamicLayout@CWnd@@MEAAXXZ 000000014001346b f   mfc140u:mfc140u.dll
 0001:00012471       ?CheckAutoCenter@CWnd@@UEAAHXZ 0000000140013471 f   mfc140u:mfc140u.dll
 0001:00012477       ?IsFrameWnd@CFrameWnd@@UEBAHXZ 0000000140013477 f   mfc140u:mfc140u.dll
 0001:0001247d       ?CreateControlContainer@CWnd@@MEAAHPEAPEAVCOleControlContainer@@@Z 000000014001347d f   mfc140u:mfc140u.dll
 0001:00012483       ?CreateControlSite@CWnd@@MEAAHPEAVCOleControlContainer@@PEAPEAVCOleControlSite@@IAEBU_GUID@@@Z 0000000140013483 f   mfc140u:mfc140u.dll
 0001:00012489       ?SetOccDialogInfo@CWnd@@MEAAHPEAU_AFX_OCC_DIALOG_INFO@@@Z 0000000140013489 f   mfc140u:mfc140u.dll
 0001:0001248f       ?GetOccDialogInfo@CWnd@@MEAAPEAU_AFX_OCC_DIALOG_INFO@@XZ 000000014001348f f   mfc140u:mfc140u.dll
 0001:00012495       ?Create@CFrameWnd@@UEAAHPEB_W0KAEBUtagRECT@@PEAVCWnd@@0KPEAUCCreateContext@@@Z 0000000140013495 f   mfc140u:mfc140u.dll
 0001:0001249b       ?LoadFrame@CFrameWnd@@UEAAHIKPEAVCWnd@@PEAUCCreateContext@@@Z 000000014001349b f   mfc140u:mfc140u.dll
 0001:000124a1       ?GetActiveDocument@CFrameWnd@@UEAAPEAVCDocument@@XZ 00000001400134a1 f   mfc140u:mfc140u.dll
 0001:000124a7       ?GetActiveFrame@CFrameWnd@@UEAAPEAV1@XZ 00000001400134a7 f   mfc140u:mfc140u.dll
 0001:000124ad       ?GetMessageString@CFrameWnd@@UEBAXIAEAV?$CStringT@_WV?$StrTraitMFC_DLL@_WV?$ChTraitsCRT@_W@ATL@@@@@ATL@@@Z 00000001400134ad f   mfc140u:mfc140u.dll
 0001:000124b3       ?RecalcLayout@CFrameWnd@@UEAAXH@Z 00000001400134b3 f   mfc140u:mfc140u.dll
 0001:000124b9       ?ActivateFrame@CFrameWnd@@UEAAXH@Z 00000001400134b9 f   mfc140u:mfc140u.dll
 0001:000124bf       ?SetMenuBarVisibility@CFrameWnd@@UEAAXK@Z 00000001400134bf f   mfc140u:mfc140u.dll
 0001:000124c5       ?GetMenuBarVisibility@CFrameWnd@@UEBAKXZ 00000001400134c5 f   mfc140u:mfc140u.dll
 0001:000124cb       ?SetMenuBarState@CFrameWnd@@UEAAHK@Z 00000001400134cb f   mfc140u:mfc140u.dll
 0001:000124d1       ?GetMenuBarState@CFrameWnd@@UEBAKXZ 00000001400134d1 f   mfc140u:mfc140u.dll
 0001:000124d7       ?OnSetPreviewMode@CFrameWnd@@UEAAXHPEAUCPrintPreviewState@@@Z 00000001400134d7 f   mfc140u:mfc140u.dll
 0001:000124dd       ?GetMessageBar@CFrameWnd@@UEAAPEAVCWnd@@XZ 00000001400134dd f   mfc140u:mfc140u.dll
 0001:000124e3       ?NegotiateBorderSpace@CFrameWnd@@UEAAHIPEAUtagRECT@@@Z 00000001400134e3 f   mfc140u:mfc140u.dll
 0001:000124e9       ?OnCreateClient@CFrameWnd@@MEAAHPEAUtagCREATESTRUCTW@@PEAUCCreateContext@@@Z 00000001400134e9 f   mfc140u:mfc140u.dll
 0001:000124ef       ?OnUpdateFrameTitle@CFrameWnd@@UEAAXH@Z 00000001400134ef f   mfc140u:mfc140u.dll
 0001:000124f5       ?OnUpdateFrameMenu@CFrameWnd@@UEAAXPEAUHMENU__@@@Z 00000001400134f5 f   mfc140u:mfc140u.dll
 0001:000124fb       ?GetDefaultAccelerator@CFrameWnd@@UEAAPEAUHACCEL__@@XZ 00000001400134fb f   mfc140u:mfc140u.dll
 0001:00012501       ?DelayUpdateFrameMenu@CFrameWnd@@UEAAXPEAUHMENU__@@@Z 0000000140013501 f   mfc140u:mfc140u.dll
 0001:00012507       ?ExitHelpMode@CFrameWnd@@UEAAXXZ 0000000140013507 f   mfc140u:mfc140u.dll
 0001:0001250d       ?OnShowMenuBar@CFrameWnd@@MEAAXXZ 000000014001350d f   mfc140u:mfc140u.dll
 0001:00012513       ?OnHideMenuBar@CFrameWnd@@MEAAXXZ 0000000140013513 f   mfc140u:mfc140u.dll
 0001:00012519       ?OnFileNew@CWinApp@@IEAAXXZ 0000000140013519 f   mfc140u:mfc140u.dll
 0001:0001251f       ?OnFileOpen@CWinApp@@IEAAXXZ 000000014001351f f   mfc140u:mfc140u.dll
 0001:00012525       ?OnFilePrintSetup@CWinApp@@IEAAXXZ 0000000140013525 f   mfc140u:mfc140u.dll
 0001:0001252b       ?GetThisMessageMap@CWinApp@@KAPEBUAFX_MSGMAP@@XZ 000000014001352b f   mfc140u:mfc140u.dll
 0001:00012531       ??1CCommandLineInfo@@UEAA@XZ 0000000140013531 f   mfc140u:mfc140u.dll
 0001:00012537       ??1?$CStringT@_WV?$StrTraitMFC_DLL@_WV?$ChTraitsCRT@_W@ATL@@@@@ATL@@QEAA@XZ 0000000140013537 f   mfc140u:mfc140u.dll
 0001:0001253d       ?GetRuntimeClass@CGdiObject@@UEBAPEAUCRuntimeClass@@XZ 000000014001353d f   mfc140u:mfc140u.dll
 0001:00012543       ?GetRuntimeClass@CBrush@@UEBAPEAUCRuntimeClass@@XZ 0000000140013543 f   mfc140u:mfc140u.dll
 0001:00012549       ?GetThisMessageMap@CDialogEx@@KAPEBUAFX_MSGMAP@@XZ 0000000140013549 f   mfc140u:mfc140u.dll
 0001:0001254f       ?DoModal@CDialog@@UEAA_JXZ 000000014001354f f   mfc140u:mfc140u.dll
 0001:00012555       ?GetRuntimeClass@CWinApp@@UEBAPEAUCRuntimeClass@@XZ 0000000140013555 f   mfc140u:mfc140u.dll
 0001:0001255b       ?OnCmdMsg@CCmdTarget@@UEAAHIHPEAXPEAUAFX_CMDHANDLERINFO@@@Z 000000014001355b f   mfc140u:mfc140u.dll
 0001:00012561       ?OnFinalRelease@CCmdTarget@@UEAAXXZ 0000000140013561 f   mfc140u:mfc140u.dll
 0001:00012567       ?GetInterfaceMap@CCmdTarget@@MEBAPEBUAFX_INTERFACEMAP@@XZ 0000000140013567 f   mfc140u:mfc140u.dll
 0001:0001256d       ?Run@CWinApp@@UEAAHXZ      000000014001356d f   mfc140u:mfc140u.dll
 0001:00012573       ?PreTranslateMessage@CWinThread@@UEAAHPEAUtagMSG@@@Z 0000000140013573 f   mfc140u:mfc140u.dll
 0001:00012579       ?PumpMessage@CWinThread@@UEAAHXZ 0000000140013579 f   mfc140u:mfc140u.dll
 0001:0001257f       ?OnIdle@CWinApp@@UEAAHJ@Z  000000014001357f f   mfc140u:mfc140u.dll
 0001:00012585       ?IsIdleMessage@CWinThread@@UEAAHPEAUtagMSG@@@Z 0000000140013585 f   mfc140u:mfc140u.dll
 0001:0001258b       ?ProcessWndProcException@CWinApp@@UEAA_JPEAVCException@@PEBUtagMSG@@@Z 000000014001358b f   mfc140u:mfc140u.dll
 0001:00012591       ?ProcessMessageFilter@CWinThread@@UEAAHHPEAUtagMSG@@@Z 0000000140013591 f   mfc140u:mfc140u.dll
 0001:00012597       ?GetMainWnd@CWinThread@@UEAAPEAVCWnd@@XZ 0000000140013597 f   mfc140u:mfc140u.dll
 0001:0001259d       ?Delete@CWinThread@@UEAAXXZ 000000014001359d f   mfc140u:mfc140u.dll
 0001:000125a3       ?GetProfileIntW@CWinApp@@UEAAIPEB_W0H@Z 00000001400135a3 f   mfc140u:mfc140u.dll
 0001:000125a9       ?WriteProfileInt@CWinApp@@UEAAHPEB_W0H@Z 00000001400135a9 f   mfc140u:mfc140u.dll
 0001:000125af       ?GetProfileStringW@CWinApp@@UEAA?AV?$CStringT@_WV?$StrTraitMFC_DLL@_WV?$ChTraitsCRT@_W@ATL@@@@@ATL@@PEB_W00@Z 00000001400135af f   mfc140u:mfc140u.dll
 0001:000125b5       ?WriteProfileStringW@CWinApp@@UEAAHPEB_W00@Z 00000001400135b5 f   mfc140u:mfc140u.dll
 0001:000125bb       ?GetProfileBinary@CWinApp@@UEAAHPEB_W0PEAPEAEPEAI@Z 00000001400135bb f   mfc140u:mfc140u.dll
 0001:000125c1       ?WriteProfileBinary@CWinApp@@UEAAHPEB_W0PEAEI@Z 00000001400135c1 f   mfc140u:mfc140u.dll
 0001:000125c7       ?InitLibId@CWinApp@@UEAAXXZ 00000001400135c7 f   mfc140u:mfc140u.dll
 0001:000125cd       ?Register@CWinApp@@UEAAHXZ 00000001400135cd f   mfc140u:mfc140u.dll
 0001:000125d3       ?Unregister@CWinApp@@UEAAHXZ 00000001400135d3 f   mfc140u:mfc140u.dll
 0001:000125d9       ?OpenDocumentFile@CWinApp@@UEAAPEAVCDocument@@PEB_WH@Z 00000001400135d9 f   mfc140u:mfc140u.dll
 0001:000125df       ?OpenDocumentFile@CWinApp@@UEAAPEAVCDocument@@PEB_W@Z 00000001400135df f   mfc140u:mfc140u.dll
 0001:000125e5       ?AddToRecentFileList@CWinApp@@UEAAXPEB_W@Z 00000001400135e5 f   mfc140u:mfc140u.dll
 0001:000125eb       ?InitApplication@CWinApp@@UEAAHXZ 00000001400135eb f   mfc140u:mfc140u.dll
 0001:000125f1       ?SaveAllModified@CWinApp@@UEAAHXZ 00000001400135f1 f   mfc140u:mfc140u.dll
 0001:000125f7       ?DoMessageBox@CWinApp@@UEAAHPEB_WII@Z 00000001400135f7 f   mfc140u:mfc140u.dll
 0001:000125fd       ?DoWaitCursor@CWinApp@@UEAAXH@Z 00000001400135fd f   mfc140u:mfc140u.dll
 0001:00012603       ?OnDDECommand@CWinApp@@UEAAHPEA_W@Z 0000000140013603 f   mfc140u:mfc140u.dll
 0001:00012609       ?WinHelpW@CWinApp@@UEAAX_KI@Z 0000000140013609 f   mfc140u:mfc140u.dll
 0001:0001260f       ?HtmlHelpW@CWinApp@@UEAAX_KI@Z 000000014001360f f   mfc140u:mfc140u.dll
 0001:00012615       ?WinHelpInternal@CWinApp@@UEAAX_KI@Z 0000000140013615 f   mfc140u:mfc140u.dll
 0001:0001261b       ?RegisterWithRestartManager@CWinApp@@UEAAJPEB_WKP6AKPEAX@Z1KK@Z 000000014001361b f   mfc140u:mfc140u.dll
 0001:00012621       ?RegisterWithRestartManager@CWinApp@@UEAAJHAEBV?$CStringT@_WV?$StrTraitMFC_DLL@_WV?$ChTraitsCRT@_W@ATL@@@@@ATL@@@Z 0000000140013621 f   mfc140u:mfc140u.dll
 0001:00012627       ?ApplicationRecoveryCallback@CWinApp@@UEAAKPEAX@Z 0000000140013627 f   mfc140u:mfc140u.dll
 0001:0001262d       ?GetDataRecoveryHandler@CWinApp@@UEAAPEAVCDataRecoveryHandler@@XZ 000000014001362d f   mfc140u:mfc140u.dll
 0001:00012633       ?IsTaskbarInteractionEnabled@CWinApp@@UEAAHXZ 0000000140013633 f   mfc140u:mfc140u.dll
 0001:00012639       ?RestartInstance@CWinApp@@UEAAHXZ 0000000140013639 f   mfc140u:mfc140u.dll
 0001:0001263f       ?LoadAppLangResourceDLL@CWinApp@@UEAAPEAUHINSTANCE__@@XZ 000000014001363f f   mfc140u:mfc140u.dll
 0001:00012645       ?LoadSysPolicies@CWinApp@@UEAAHXZ 0000000140013645 f   mfc140u:mfc140u.dll
 0001:0001264b       ?GetRuntimeClass@CDialogEx@@UEBAPEAUCRuntimeClass@@XZ 000000014001364b f   mfc140u:mfc140u.dll
 0001:00012651       ?OnCmdMsg@CDialog@@UEAAHIHPEAXPEAUAFX_CMDHANDLERINFO@@@Z 0000000140013651 f   mfc140u:mfc140u.dll
 0001:00012657       ?PreCreateWindow@CWnd@@UEAAHAEAUtagCREATESTRUCTW@@@Z 0000000140013657 f   mfc140u:mfc140u.dll
 0001:0001265d       ?GetMenu@CWnd@@UEBAPEAVCMenu@@XZ 000000014001365d f   mfc140u:mfc140u.dll
 0001:00012663       ?SetMenu@CWnd@@UEAAHPEAVCMenu@@@Z 0000000140013663 f   mfc140u:mfc140u.dll
 0001:00012669       ?OnCommand@CDialogEx@@MEAAH_K_J@Z 0000000140013669 f   mfc140u:mfc140u.dll
 0001:0001266f       ?PreTranslateMessage@CDialogEx@@UEAAHPEAUtagMSG@@@Z 000000014001366f f   mfc140u:mfc140u.dll
 0001:00012675       ?PostNcDestroy@CWnd@@MEAAXXZ 0000000140013675 f   mfc140u:mfc140u.dll
 0001:0001267b       ?CheckAutoCenter@CDialog@@UEAAHXZ 000000014001367b f   mfc140u:mfc140u.dll
 0001:00012681       ?IsFrameWnd@CWnd@@UEBAHXZ  0000000140013681 f   mfc140u:mfc140u.dll
 0001:00012687       ?SetOccDialogInfo@CDialog@@MEAAHPEAU_AFX_OCC_DIALOG_INFO@@@Z 0000000140013687 f   mfc140u:mfc140u.dll
 0001:0001268d       ?GetOccDialogInfo@CDialog@@MEAAPEAU_AFX_OCC_DIALOG_INFO@@XZ 000000014001368d f   mfc140u:mfc140u.dll
 0001:00012693       ?Create@CDialog@@UEAAHPEB_WPEAVCWnd@@@Z 0000000140013693 f   mfc140u:mfc140u.dll
 0001:00012699       ?CreateIndirect@CDialog@@UEAAHPEAXPEAVCWnd@@@Z 0000000140013699 f   mfc140u:mfc140u.dll
 0001:0001269f       ?CreateIndirect@CDialog@@UEAAHPEBUDLGTEMPLATE@@PEAVCWnd@@PEAX@Z 000000014001369f f   mfc140u:mfc140u.dll
 0001:000126a5       ?OnInitDialog@CDialog@@UEAAHXZ 00000001400136a5 f   mfc140u:mfc140u.dll
 0001:000126ab       ?OnSetFont@CDialog@@UEAAXPEAVCFont@@@Z 00000001400136ab f   mfc140u:mfc140u.dll
 0001:000126b1       ?OnOK@CDialog@@MEAAXXZ     00000001400136b1 f   mfc140u:mfc140u.dll
 0001:000126b7       ?OnCancel@CDialog@@MEAAXXZ 00000001400136b7 f   mfc140u:mfc140u.dll
 0001:000126bd       ?PreInitDialog@CDialog@@MEAAXXZ 00000001400136bd f   mfc140u:mfc140u.dll
 0001:000126c3       ?GetThisMessageMap@CDocument@@KAPEBUAFX_MSGMAP@@XZ 00000001400136c3 f   mfc140u:mfc140u.dll
 0001:000126c9       ?OnCmdMsg@CDocument@@UEAAHIHPEAXPEAUAFX_CMDHANDLERINFO@@@Z 00000001400136c9 f   mfc140u:mfc140u.dll
 0001:000126cf       ?OnFinalRelease@CDocument@@UEAAXXZ 00000001400136cf f   mfc140u:mfc140u.dll
 0001:000126d5       ?GetInterfaceMap@CDocument@@MEBAPEBUAFX_INTERFACEMAP@@XZ 00000001400136d5 f   mfc140u:mfc140u.dll
 0001:000126db       ?FindChunk@CDocument@@UEAAPEAU__POSITION@@AEBU_GUID@@K@Z 00000001400136db f   mfc140u:mfc140u.dll
 0001:000126e1       ?RemoveChunk@CDocument@@UEAAXAEBU_GUID@@K@Z 00000001400136e1 f   mfc140u:mfc140u.dll
 0001:000126e7       ?ReadNextChunkValue@CDocument@@UEAAHPEAPEAUIFilterChunkValue@ATL@@@Z 00000001400136e7 f   mfc140u:mfc140u.dll
 0001:000126ed       ?SetChunkValue@CDocument@@UEAAHPEAUIFilterChunkValue@ATL@@@Z 00000001400136ed f   mfc140u:mfc140u.dll
 0001:000126f3       ?ClearChunkList@CDocument@@UEAAXXZ 00000001400136f3 f   mfc140u:mfc140u.dll
 0001:000126f9       ?GetThumbnail@CDocument@@UEAAHIPEAPEAUHBITMAP__@@PEAW4WTS_ALPHATYPE@@@Z 00000001400136f9 f   mfc140u:mfc140u.dll
 0001:000126ff       ?BeginReadChunks@CDocument@@UEAAXXZ 00000001400136ff f   mfc140u:mfc140u.dll
 0001:00012705       ?LoadDocumentFromStream@CDocument@@UEAAJPEAUIStream@@K@Z 0000000140013705 f   mfc140u:mfc140u.dll
 0001:0001270b       ?SetTitle@CDocument@@UEAAXPEB_W@Z 000000014001370b f   mfc140u:mfc140u.dll
 0001:00012711       ?SetPathName@CDocument@@UEAAXPEB_WH@Z 0000000140013711 f   mfc140u:mfc140u.dll
 0001:00012717       ?ClearPathName@CDocument@@UEAAXXZ 0000000140013717 f   mfc140u:mfc140u.dll
 0001:0001271d       ?GetFirstViewPosition@CDocument@@UEBAPEAU__POSITION@@XZ 000000014001371d f   mfc140u:mfc140u.dll
 0001:00012723       ?GetNextView@CDocument@@UEBAPEAVCView@@AEAPEAU__POSITION@@@Z 0000000140013723 f   mfc140u:mfc140u.dll
 0001:00012729       ?OnChangedViewList@CDocument@@UEAAXXZ 0000000140013729 f   mfc140u:mfc140u.dll
 0001:0001272f       ?DeleteContents@CDocument@@UEAAXXZ 000000014001372f f   mfc140u:mfc140u.dll
 0001:00012735       ?OnOpenDocument@CDocument@@UEAAHPEB_W@Z 0000000140013735 f   mfc140u:mfc140u.dll
 0001:0001273b       ?OnSaveDocument@CDocument@@UEAAHPEB_W@Z 000000014001373b f   mfc140u:mfc140u.dll
 0001:00012741       ?OnCloseDocument@CDocument@@UEAAXXZ 0000000140013741 f   mfc140u:mfc140u.dll
 0001:00012747       ?ReportSaveLoadException@CDocument@@UEAAXPEB_WPEAVCException@@HI@Z 0000000140013747 f   mfc140u:mfc140u.dll
 0001:0001274d       ?GetFile@CDocument@@UEAAPEAVCFile@@PEB_WIPEAVCFileException@@@Z 000000014001374d f   mfc140u:mfc140u.dll
 0001:00012753       ?ReleaseFile@CDocument@@UEAAXPEAVCFile@@H@Z 0000000140013753 f   mfc140u:mfc140u.dll
 0001:00012759       ?OnRichPreviewUnload@CDocument@@UEAAXXZ 0000000140013759 f   mfc140u:mfc140u.dll
 0001:0001275f       ?OnDocumentEvent@CDocument@@UEAAXW4DocumentEvent@1@@Z 000000014001375f f   mfc140u:mfc140u.dll
 0001:00012765       ?CanCloseFrame@CDocument@@UEAAHPEAVCFrameWnd@@@Z 0000000140013765 f   mfc140u:mfc140u.dll
 0001:0001276b       ?SaveModified@CDocument@@UEAAHXZ 000000014001376b f   mfc140u:mfc140u.dll
 0001:00012771       ?PreCloseFrame@CDocument@@UEAAXPEAVCFrameWnd@@@Z 0000000140013771 f   mfc140u:mfc140u.dll
 0001:00012777       ?DoSave@CDocument@@UEAAHPEB_WH@Z 0000000140013777 f   mfc140u:mfc140u.dll
 0001:0001277d       ?DoFileSave@CDocument@@UEAAHXZ 000000014001377d f   mfc140u:mfc140u.dll
 0001:00012783       ?UpdateFrameCounts@CDocument@@UEAAXXZ 0000000140013783 f   mfc140u:mfc140u.dll
 0001:00012789       ?GetDefaultMenu@CDocument@@UEAAPEAUHMENU__@@XZ 0000000140013789 f   mfc140u:mfc140u.dll
 0001:0001278f       ?GetDefaultAccelerator@CDocument@@UEAAPEAUHACCEL__@@XZ 000000014001378f f   mfc140u:mfc140u.dll
 0001:00012795       ?OnIdle@CDocument@@UEAAXXZ 0000000140013795 f   mfc140u:mfc140u.dll
 0001:0001279b       ?OnLoadDocumentFromStream@CDocument@@UEAAJPEAUIStream@@K@Z 000000014001379b f   mfc140u:mfc140u.dll
 0001:000127a1       ?OnPreviewHandlerQueryFocus@CDocument@@UEAAJPEAPEAUHWND__@@@Z 00000001400137a1 f   mfc140u:mfc140u.dll
 0001:000127a7       ?OnPreviewHandlerTranslateAccelerator@CDocument@@UEAAJPEAUtagMSG@@@Z 00000001400137a7 f   mfc140u:mfc140u.dll
 0001:000127ad       ?OnCreatePreviewFrame@CDocument@@UEAAHXZ 00000001400137ad f   mfc140u:mfc140u.dll
 0001:000127b3       ?OnUnloadHandler@CDocument@@UEAAXXZ 00000001400137b3 f   mfc140u:mfc140u.dll
 0001:000127b9       ?OnDrawThumbnail@CDocument@@UEAAXAEAVCDC@@PEAUtagRECT@@@Z 00000001400137b9 f   mfc140u:mfc140u.dll
 0001:000127bf       ?GetThisMessageMap@CWnd@@KAPEBUAFX_MSGMAP@@XZ 00000001400137bf f   mfc140u:mfc140u.dll
 0001:000127c5       ?OnFilePrint@CView@@IEAAXXZ 00000001400137c5 f   mfc140u:mfc140u.dll
 0001:000127cb       ?OnFilePrintPreview@CView@@IEAAXXZ 00000001400137cb f   mfc140u:mfc140u.dll
 0001:000127d1       ?GetThisMessageMap@CFormView@@KAPEBUAFX_MSGMAP@@XZ 00000001400137d1 f   mfc140u:mfc140u.dll
 0001:000127d7       ?DeleteItem@CComboBox@@UEAAXPEAUtagDELETEITEMSTRUCT@@@Z 00000001400137d7 f   mfc140u:mfc140u.dll
 0001:000127dd       ?CompareItem@CComboBox@@UEAAHPEAUtagCOMPAREITEMSTRUCT@@@Z 00000001400137dd f   mfc140u:mfc140u.dll
 0001:000127e3       ?MeasureItem@CComboBox@@UEAAXPEAUtagMEASUREITEMSTRUCT@@@Z 00000001400137e3 f   mfc140u:mfc140u.dll
 0001:000127e9       ?DrawItem@CComboBox@@UEAAXPEAUtagDRAWITEMSTRUCT@@@Z 00000001400137e9 f   mfc140u:mfc140u.dll
[...]
 0002:0000a3d8       $chain$3$?_Quantifier@?$_Parser@PEB_W_WV?$regex_traits@_W@std@@@std@@AEAAXXZ 00000001400203d8     MFCEditView.obj
 0002:0000a3e8       $chain$2$?_Quantifier@?$_Parser@PEB_W_WV?$regex_traits@_W@std@@@std@@AEAAXXZ 00000001400203e8     MFCEditView.obj
 0002:0000a3fc       $unwind$?_Add_char@?$_Builder@PEB_W_WV?$regex_traits@_W@std@@@std@@QEAAX_W@Z 00000001400203fc     MFCEditView.obj
 0002:0000a410       $unwind$?_CharacterClassEscape@?$_Parser@PEB_W_WV?$regex_traits@_W@std@@@std@@AEAA_N_N@Z 0000000140020410     MFCEditView.obj
 0002:0000a420       $chain$0$?_CharacterClassEscape@?$_Parser@PEB_W_WV?$regex_traits@_W@std@@@std@@AEAA_N_N@Z 0000000140020420     MFCEditView.obj
 0002:0000a434       $chain$1$?_CharacterClassEscape@?$_Parser@PEB_W_WV?$regex_traits@_W@std@@@std@@AEAA_N_N@Z 0000000140020434     MFCEditView.obj
 0002:0000a444       $chain$3$?_ClassRanges@?$_Parser@PEB_W_WV?$regex_traits@_W@std@@@std@@AEAAXXZ 0000000140020444     MFCEditView.obj
 0002:0000a464       $chain$4$?_ClassRanges@?$_Parser@PEB_W_WV?$regex_traits@_W@std@@@std@@AEAAXXZ 0000000140020464     MFCEditView.obj
 0002:0000a474       $chain$5$?_ClassRanges@?$_Parser@PEB_W_WV?$regex_traits@_W@std@@@std@@AEAAXXZ 0000000140020474     MFCEditView.obj
 0002:0000a494       $chain$3$?_CharacterEscape@?$_Parser@PEB_W_WV?$regex_traits@_W@std@@@std@@AEAA_NXZ 0000000140020494     MFCEditView.obj
 0002:0000a4b4       $chain$4$?_CharacterEscape@?$_Parser@PEB_W_WV?$regex_traits@_W@std@@@std@@AEAA_NXZ 00000001400204b4     MFCEditView.obj
 0002:0000a4c4       $chain$5$?_CharacterEscape@?$_Parser@PEB_W_WV?$regex_traits@_W@std@@@std@@AEAA_NXZ 00000001400204c4     MFCEditView.obj
 0002:0000a4e4       $unwind$?_Do_capture_group@?$_Parser@PEB_W_WV?$regex_traits@_W@std@@@std@@AEAAXXZ 00000001400204e4     MFCEditView.obj
 0002:0000a4f0       $chain$1$?_Do_capture_group@?$_Parser@PEB_W_WV?$regex_traits@_W@std@@@std@@AEAAXXZ 00000001400204f0     MFCEditView.obj
 0002:0000a508       $chain$2$?_Do_capture_group@?$_Parser@PEB_W_WV?$regex_traits@_W@std@@@std@@AEAAXXZ 0000000140020508     MFCEditView.obj
 0002:0000a51c       $unwind$?_Do_assert_group@?$_Parser@PEB_W_WV?$regex_traits@_W@std@@@std@@AEAAX_N@Z 000000014002051c     MFCEditView.obj
 0002:0000a53c       $cppxdata$?_Do_assert_group@?$_Parser@PEB_W_WV?$regex_traits@_W@std@@@std@@AEAAX_N@Z 000000014002053c     MFCEditView.obj
 0002:0000a545       $stateUnwindMap$?_Do_assert_group@?$_Parser@PEB_W_WV?$regex_traits@_W@std@@@std@@AEAAX_N@Z 0000000140020545     MFCEditView.obj
 0002:0000a54c       $ip2state$?_Do_assert_group@?$_Parser@PEB_W_WV?$regex_traits@_W@std@@@std@@AEAAX_N@Z 000000014002054c     MFCEditView.obj
 0002:0000a554       $unwind$?_Add_rep@?$_Builder@PEB_W_WV?$regex_traits@_W@std@@@std@@QEAAXHH_N@Z 0000000140020554     MFCEditView.obj
 0002:0000a56c       $chain$2$?_Add_rep@?$_Builder@PEB_W_WV?$regex_traits@_W@std@@@std@@QEAAXHH_N@Z 000000014002056c     MFCEditView.obj
 0002:0000a580       $chain$3$?_Add_rep@?$_Builder@PEB_W_WV?$regex_traits@_W@std@@@std@@QEAAXHH_N@Z 0000000140020580     MFCEditView.obj
 0002:0000a590       $chain$0$?_HexDigits@?$_Parser@PEB_W_WV?$regex_traits@_W@std@@@std@@AEAAXH@Z 0000000140020590     MFCEditView.obj
 0002:0000a5a4       $chain$1$?_HexDigits@?$_Parser@PEB_W_WV?$regex_traits@_W@std@@@std@@AEAAXH@Z 00000001400205a4     MFCEditView.obj
 0002:0000a5b4       $chain$2$?_HexDigits@?$_Parser@PEB_W_WV?$regex_traits@_W@std@@@std@@AEAAXH@Z 00000001400205b4     MFCEditView.obj
 0002:0000a5c8       $unwind$?_Add_named_class@?$_Builder@PEB_W_WV?$regex_traits@_W@std@@@std@@QEAAXF_N@Z 00000001400205c8     MFCEditView.obj
 0002:0000a5c8       $unwind$?_Add_range@?$_Builder@PEB_W_WV?$regex_traits@_W@std@@@std@@QEAAX_W0@Z 00000001400205c8     MFCEditView.obj
 0002:0000a5e0       $unwind$?_Add_char_to_array@?$_Builder@PEB_W_WV?$regex_traits@_W@std@@@std@@AEAAX_W@Z 00000001400205e0     MFCEditView.obj
 0002:0000a5f4       $unwind$??$lookup_classname@PEB_W@?$_Regex_traits@_W@std@@QEBAFPEB_W0_N@Z 00000001400205f4     MFCEditView.obj
 0002:0000a604       $chain$2$??$lookup_classname@PEB_W@?$_Regex_traits@_W@std@@QEBAFPEB_W0_N@Z 0000000140020604     MFCEditView.obj
 0002:0000a620       $chain$6$??$lookup_classname@PEB_W@?$_Regex_traits@_W@std@@QEBAFPEB_W0_N@Z 0000000140020620     MFCEditView.obj
 0002:0000a640       $chain$7$??$lookup_classname@PEB_W@?$_Regex_traits@_W@std@@QEBAFPEB_W0_N@Z 0000000140020640     MFCEditView.obj
 0002:0000a650       $chain$8$??$lookup_classname@PEB_W@?$_Regex_traits@_W@std@@QEBAFPEB_W0_N@Z 0000000140020650     MFCEditView.obj
 0002:0000a660       $chain$9$??$lookup_classname@PEB_W@?$_Regex_traits@_W@std@@QEBAFPEB_W0_N@Z 0000000140020660     MFCEditView.obj
 0002:0000a68c       $unwind$?_Do_ex_class@?$_Parser@PEB_W_WV?$regex_traits@_W@std@@@std@@AEAAXW4_Meta_type@2@@Z 000000014002068c     MFCEditView.obj
 0002:0000a6a4       $unwind$?_Add_equiv@?$_Builder@PEB_W_WV?$regex_traits@_W@std@@@std@@QEAAXPEB_W0_J@Z 00000001400206a4     MFCEditView.obj
 0002:0000a6c8       $cppxdata$?_Add_equiv@?$_Builder@PEB_W_WV?$regex_traits@_W@std@@@std@@QEAAXPEB_W0_J@Z 00000001400206c8     MFCEditView.obj
 0002:0000a6d1       $stateUnwindMap$?_Add_equiv@?$_Builder@PEB_W_WV?$regex_traits@_W@std@@@std@@QEAAXPEB_W0_J@Z 00000001400206d1     MFCEditView.obj
 0002:0000a6d8       $ip2state$?_Add_equiv@?$_Builder@PEB_W_WV?$regex_traits@_W@std@@@std@@QEAAXPEB_W0_J@Z 00000001400206d8     MFCEditView.obj
 0002:0000a6e0       $unwind$?_Char_to_elts@?$_Builder@PEB_W_WV?$regex_traits@_W@std@@@std@@AEAAXPEB_W0_JPEAPEAU?$_Sequence@_W@2@@Z 00000001400206e0     MFCEditView.obj
 0002:0000a6f4       $chain$0$?_Char_to_elts@?$_Builder@PEB_W_WV?$regex_traits@_W@std@@@std@@AEAAXPEB_W0_JPEAPEAU?$_Sequence@_W@2@@Z 00000001400206f4     MFCEditView.obj
 0002:0000a708       $chain$1$?_Char_to_elts@?$_Builder@PEB_W_WV?$regex_traits@_W@std@@@std@@AEAAXPEB_W0_JPEAPEAU?$_Sequence@_W@2@@Z 0000000140020708     MFCEditView.obj
 0002:0000a718       $chain$2$?_Char_to_elts@?$_Builder@PEB_W_WV?$regex_traits@_W@std@@@std@@AEAAXPEB_W0_JPEAPEAU?$_Sequence@_W@2@@Z 0000000140020718     MFCEditView.obj
 0002:0000a72c       $unwind$??$transform_primary@PEA_W@?$_Regex_traits@_W@std@@QEBA?AV?$basic_string@_WU?$char_traits@_W@std@@V?$allocator@_W@2@@1@PEA_W0@Z 000000014002072c     MFCEditView.obj
 0002:0000a72c       $unwind$??$transform_primary@PEB_W@?$_Regex_traits@_W@std@@QEBA?AV?$basic_string@_WU?$char_traits@_W@std@@V?$allocator@_W@2@@1@PEB_W0@Z 000000014002072c     MFCEditView.obj
 0002:0000a74c       $cppxdata$??$transform_primary@PEA_W@?$_Regex_traits@_W@std@@QEBA?AV?$basic_string@_WU?$char_traits@_W@std@@V?$allocator@_W@2@@1@PEA_W0@Z 000000014002074c     MFCEditView.obj
 0002:0000a74c       $cppxdata$??$transform_primary@PEB_W@?$_Regex_traits@_W@std@@QEBA?AV?$basic_string@_WU?$char_traits@_W@std@@V?$allocator@_W@2@@1@PEB_W0@Z 000000014002074c     MFCEditView.obj
 0002:0000a755       $ip2state$??$transform_primary@PEA_W@?$_Regex_traits@_W@std@@QEBA?AV?$basic_string@_WU?$char_traits@_W@std@@V?$allocator@_W@2@@1@PEA_W0@Z 0000000140020755     MFCEditView.obj
 0002:0000a755       $ip2state$??$transform_primary@PEB_W@?$_Regex_traits@_W@std@@QEBA?AV?$basic_string@_WU?$char_traits@_W@std@@V?$allocator@_W@2@@1@PEB_W0@Z 0000000140020755     MFCEditView.obj
 0002:0000a760       $unwind$?accLocation@CFormView@@UEAAJPEAJ000UtagVARIANT@@@Z 0000000140020760     MFCEditView.obj
 0002:0000a768       $unwind$?_Throw_bad_array_new_length@std@@YAXXZ 0000000140020768     MFCEditView.obj
 0002:0000a768       $unwind$?_Throw_bad_cast@std@@YAXXZ 0000000140020768     MFCEditView.obj
 0002:0000a768       $unwind$?get_accChild@CFormView@@UEAAJUtagVARIANT@@PEAPEAUIDispatch@@@Z 0000000140020768     MFCEditView.obj
 0002:0000a768       $unwind$?get_accName@CFormView@@UEAAJUtagVARIANT@@PEAPEA_W@Z 0000000140020768     MFCEditView.obj
 0002:0000a768       $unwind$?_com_raise_error@@YAXJPEAUIErrorInfo@@@Z 0000000140020768     comsuppw:comraise.obj
 0002:0000a770       $unwind$?name@locale@std@@QEBA?AV?$basic_string@DU?$char_traits@D@std@@V?$allocator@D@2@@2@XZ 0000000140020770     MFCEditView.obj
 0002:0000a784       $unwind$??HATL@@YA?AV?$CStringT@_WV?$StrTraitMFC_DLL@_WV?$ChTraitsCRT@_W@ATL@@@@@0@PEB_WAEBV10@@Z 0000000140020784     MFCEditView.obj
 0002:0000a798       $cppxdata$??HATL@@YA?AV?$CStringT@_WV?$StrTraitMFC_DLL@_WV?$ChTraitsCRT@_W@ATL@@@@@0@PEB_WAEBV10@@Z 0000000140020798     MFCEditView.obj
 0002:0000a7a1       $stateUnwindMap$??HATL@@YA?AV?$CStringT@_WV?$StrTraitMFC_DLL@_WV?$ChTraitsCRT@_W@ATL@@@@@0@AEBV10@PEB_W@Z 00000001400207a1     MFCEditView.obj
 0002:0000a7a1       $stateUnwindMap$??HATL@@YA?AV?$CStringT@_WV?$StrTraitMFC_DLL@_WV?$ChTraitsCRT@_W@ATL@@@@@0@PEB_WAEBV10@@Z 00000001400207a1     MFCEditView.obj
 0002:0000a7a7       $ip2state$??HATL@@YA?AV?$CStringT@_WV?$StrTraitMFC_DLL@_WV?$ChTraitsCRT@_W@ATL@@@@@0@PEB_WAEBV10@@Z 00000001400207a7     MFCEditView.obj
 0002:0000a7ac       $unwind$??1CWaitCursor@@QEAA@XZ 00000001400207ac     MFCEditView.obj
 0002:0000a7c0       $cppxdata$??1CWaitCursor@@QEAA@XZ 00000001400207c0     MFCEditView.obj
 0002:0000a7cd       $tryMap$??1CWaitCursor@@QEAA@XZ 00000001400207cd     MFCEditView.obj
 0002:0000a7d5       $handlerMap$??1CWaitCursor@@QEAA@XZ 00000001400207d5     MFCEditView.obj
 0002:0000a7e1       $ip2state$??1CWaitCursor@@QEAA@XZ 00000001400207e1     MFCEditView.obj
 0002:0000a7e8       $unwind$??HATL@@YA?AV?$CStringT@_WV?$StrTraitMFC_DLL@_WV?$ChTraitsCRT@_W@ATL@@@@@0@AEBV10@PEB_W@Z 00000001400207e8     MFCEditView.obj
 0002:0000a7fc       $cppxdata$??HATL@@YA?AV?$CStringT@_WV?$StrTraitMFC_DLL@_WV?$ChTraitsCRT@_W@ATL@@@@@0@AEBV10@PEB_W@Z 00000001400207fc     MFCEditView.obj
 0002:0000a805       $ip2state$??HATL@@YA?AV?$CStringT@_WV?$StrTraitMFC_DLL@_WV?$ChTraitsCRT@_W@ATL@@@@@0@AEBV10@PEB_W@Z 0000000140020805     MFCEditView.obj
 0002:0000a808       $unwind$??$_Construct@$00PEB_W@?$basic_string@_WU?$char_traits@_W@std@@V?$allocator@_W@2@@std@@AEAAXQEB_W_K@Z 0000000140020808     MFCEditView.obj
 0002:0000a818       $chain$0$??$_Construct@$00PEB_W@?$basic_string@_WU?$char_traits@_W@std@@V?$allocator@_W@2@@std@@AEAAXQEB_W_K@Z 0000000140020818     MFCEditView.obj
 0002:0000a82c       $chain$3$??$_Construct@$00PEB_W@?$basic_string@_WU?$char_traits@_W@std@@V?$allocator@_W@2@@std@@AEAAXQEB_W_K@Z 000000014002082c     MFCEditView.obj
 0002:0000a844       $chain$4$??$_Construct@$00PEB_W@?$basic_string@_WU?$char_traits@_W@std@@V?$allocator@_W@2@@std@@AEAAXQEB_W_K@Z 0000000140020844     MFCEditView.obj
 0002:0000a854       $chain$5$??$_Construct@$00PEB_W@?$basic_string@_WU?$char_traits@_W@std@@V?$allocator@_W@2@@std@@AEAAXQEB_W_K@Z 0000000140020854     MFCEditView.obj
 0002:0000a86c       $unwind$?__scrt_common_main_seh@@YAHXZ 000000014002086c     msvcrt:exe_wwinmain.obj
 0002:0000a8a0       $xdatasym                  00000001400208a0     msvcrt:amdsecgs.obj
 0002:0000a8a4       $unwind$__scrt_is_nonwritable_in_current_image 00000001400208a4     msvcrt:utility.obj
 0002:0000a8c4       $unwind$__scrt_is_nonwritable_in_current_image$filt$0 00000001400208c4     msvcrt:utility.obj
 0002:0000a8cc       $unwind$__GSHandlerCheck_EH4 00000001400208cc     msvcrt:gshandlereh4.obj
 0002:0000a8cc       $unwind$__GSHandlerCheck_SEH 00000001400208cc     msvcrt:gshandlerseh.obj
 0002:0000a8e4       $unwind$__security_init_cookie 00000001400208e4     msvcrt:gs_support.obj
 0002:0000a8f0       $unwind$__scrt_get_show_window_mode 00000001400208f0     msvcrt:utility_desktop.obj
 0002:0000a8f8       $unwind$__scrt_fastfail    00000001400208f8     msvcrt:utility_desktop.obj
 0002:0000a908       $unwind$__report_gsfailure 0000000140020908     msvcrt:gs_report.obj
 0002:0000a910       $unwind$capture_previous_context 0000000140020910     msvcrt:gs_report.obj
 0002:0000a91c       $unwind$__isa_available_init 000000014002091c     msvcrt:cpu_disp.obj
 0002:0000a930       $unwind$__GSHandlerCheckCommon 0000000140020930     msvcrt:gshandler.obj
 0002:0000a938       $xdatasym                  0000000140020938     msvcrt:guard_dispatch.obj
 0002:0000a940       $xdatasym                  0000000140020940     msvcrt:guard_xfg_dispatch.obj
 0002:0000a944       $unwind$?ConvertStringToBSTR@_com_util@@YAPEA_WPEBD@Z 0000000140020944     comsuppw:comutil.obj
 0002:0000a978       $unwind$??0_com_error@@QEAA@JPEAUIErrorInfo@@_N@Z 0000000140020978     comsuppw:comraise.obj
 0002:0000a988       $cppxdata$??0_com_error@@QEAA@JPEAUIErrorInfo@@_N@Z 0000000140020988     comsuppw:comraise.obj
 0002:0000a98d       $ip2state$??0_com_error@@QEAA@JPEAUIErrorInfo@@_N@Z 000000014002098d     comsuppw:comraise.obj
 0002:0000a990       $unwind$??0_com_error@@QEAA@AEBV0@@Z 0000000140020990     comsuppw:comraise.obj
 0002:0000a9a0       $cppxdata$??0_com_error@@QEAA@AEBV0@@Z 00000001400209a0     comsuppw:comraise.obj
 0002:0000a9a5       $ip2state$??0_com_error@@QEAA@AEBV0@@Z 00000001400209a5     comsuppw:comraise.obj
 0002:0000a9a8       $unwind$??1_com_error@@UEAA@XZ 00000001400209a8     comsuppw:comraise.obj
 0002:0000a9b8       $cppxdata$??1_com_error@@UEAA@XZ 00000001400209b8     comsuppw:comraise.obj
 0002:0000a9bd       $ip2state$??1_com_error@@UEAA@XZ 00000001400209bd     comsuppw:comraise.obj
 0002:0000a9c0       $unwind$??_G_com_error@@UEAAPEAXI@Z 00000001400209c0     comsuppw:comraise.obj
 0002:0000a9d4       $cppxdata$??_G_com_error@@UEAAPEAXI@Z 00000001400209d4     comsuppw:comraise.obj
 0002:0000a9dd       $ip2state$??_G_com_error@@UEAAPEAXI@Z 00000001400209dd     comsuppw:comraise.obj
 0002:0000a9e0       $xdatasym                  00000001400209e0     msvcrt:chkstk.obj
 0002:0000bec0       .idata$6                   0000000140021ec0     mfc140u:mfc140u.dll
 0002:0000c104       .idata$6                   0000000140022104     kernel32:KERNEL32.dll
 0002:0000c170       .idata$6                   0000000140022170     user32:USER32.dll
 0002:0000c1a0       .idata$6                   00000001400221a0     gdi32:GDI32.dll
 0002:0000c1c2       .idata$6                   00000001400221c2     comctl32:COMCTL32.dll
 0002:0000c1f4       .idata$6                   00000001400221f4     ole32:ole32.dll
 0002:0000c1fe       .idata$6                   00000001400221fe     oleaut32:OLEAUT32.dll
 0002:0000d15a       .idata$6                   000000014002315a     msvcprt:MSVCP140.dll
 0002:0000d1ac       .idata$6                   00000001400231ac     MNSC:MNSC.dll
 0002:0000d2b0       .idata$6                   00000001400232b0     vcruntime:VCRUNTIME140_1.dll
 0002:0000d2c4       .idata$6                   00000001400232c4     vcruntime:VCRUNTIME140.dll
 0002:0000d4dc       .idata$6                   00000001400234dc     ucrt:api-ms-win-crt-runtime-l1-1-0.dll
 0002:0000d4fe       .idata$6                   00000001400234fe     ucrt:api-ms-win-crt-convert-l1-1-0.dll
 0002:0000d520       .idata$6                   0000000140023520     ucrt:api-ms-win-crt-string-l1-1-0.dll
 0002:0000d542       .idata$6                   0000000140023542     ucrt:api-ms-win-crt-stdio-l1-1-0.dll
 0002:0000d562       .idata$6                   0000000140023562     ucrt:api-ms-win-crt-heap-l1-1-0.dll
 0002:0000d582       .idata$6                   0000000140023582     ucrt:api-ms-win-crt-math-l1-1-0.dll
 0002:0000d5a2       .idata$6                   00000001400235a2     ucrt:api-ms-win-crt-locale-l1-1-0.dll
 0003:000000d8       ?indicators@@3PAIA         00000001400240d8     MainFrm.obj
 0003:00000f58       ?is_initialized_as_dll@@3_NA 0000000140024f58     msvcrt:utility.obj
 0003:00000f59       ?module_local_atexit_table_initialized@@3_NA 0000000140024f59     msvcrt:utility.obj
 0003:00000f60       ?module_local_atexit_table@@3U_onexit_table_t@@A 0000000140024f60     msvcrt:utility.obj
 0003:00000f78       ?module_local_at_quick_exit_table@@3U_onexit_table_t@@A 0000000140024f78     msvcrt:utility.obj
 0003:00000f90       ?g_tss_cv@@3U_RTL_CONDITION_VARIABLE@@A 0000000140024f90     msvcrt:thread_safe_statics.obj
 0003:00000f98       ?g_tss_srw@@3U_RTL_SRWLOCK@@A 0000000140024f98     msvcrt:thread_safe_statics.obj
 0003:00000fd0       GS_ExceptionRecord         0000000140024fd0     msvcrt:gs_report.obj
 0003:00001070       GS_ContextRecord           0000000140025070     msvcrt:gs_report.obj
 0003:000015b8       ?_Fac_head@std@@3PEAU_Fac_node@1@EA 00000001400255b8     msvcprt:locale0_implib.obj
 0003:000015c0       ?_Fac_tidy_reg@std@@3U_Fac_tidy_reg_t@1@B 00000001400255c0     msvcprt:locale0_implib.obj
 0005:00000920       $R000000                   0000000140028920     MFCEdit.res
 0005:00000f88       $R000668                   0000000140028f88     MFCEdit.res
 0005:00001270       $R000950                   0000000140029270     MFCEdit.res
 0005:00001458       $R000B38                   0000000140029458     MFCEdit.res
 0005:00001580       $R000C60                   0000000140029580     MFCEdit.res
 0005:00002428       $R001B08                   000000014002a428     MFCEdit.res
 0005:00002cd0       $R0023B0                   000000014002acd0     MFCEdit.res
 0005:00003398       $R002A78                   000000014002b398     MFCEdit.res
 0005:00003900       $R002FE0                   000000014002b900     MFCEdit.res
 0005:0000ccd0       $R00C3B0                   0000000140034cd0     MFCEdit.res
 0005:0000f278       $R00E958                   0000000140037278     MFCEdit.res
 0005:00010320       $R00FA00                   0000000140038320     MFCEdit.res
 0005:00010ca8       $R010388                   0000000140038ca8     MFCEdit.res
 0005:00011110       $R0107F0                   0000000140039110     MFCEdit.res
 0005:000111d0       $R0108B0                   00000001400391d0     MFCEdit.res
 0005:000114b8       $R010B98                   00000001400394b8     MFCEdit.res
 0005:000115e0       $R010CC0                   00000001400395e0     MFCEdit.res
 0005:00011e88       $R011568                   0000000140039e88     MFCEdit.res
 0005:000123f0       $R011AD0                   000000014003a3f0     MFCEdit.res
 0005:00012430       $R011B10                   000000014003a430     MFCEdit.res
 0005:00012858       $R011F38                   000000014003a858     MFCEdit.res
 0005:00012878       $R011F58                   000000014003a878     MFCEdit.res
 0005:00012b00       $R0121E0                   000000014003ab00     MFCEdit.res
 0005:00012b70       $R012250                   000000014003ab70     MFCEdit.res
 0005:00012c98       $R012378                   000000014003ac98     MFCEdit.res
 0005:00012ec8       $R0125A8                   000000014003aec8     MFCEdit.res
 0005:00013190       $R012870                   000000014003b190     MFCEdit.res
 0005:00013198       $R012878                   000000014003b198     MFCEdit.res
 0005:00013218       $R0128F8                   000000014003b218     MFCEdit.res
 0005:000132a0       $R012980                   000000014003b2a0     MFCEdit.res
 0005:000132d8       $R0129B8                   000000014003b2d8     MFCEdit.res
 0005:00013320       $R012A00                   000000014003b320     MFCEdit.res
 0005:000134e0       $R012BC0                   000000014003b4e0     MFCEdit.res
 0005:00013578       $R012C58                   000000014003b578     MFCEdit.res
 0005:00013718       $R012DF8                   000000014003b718     MFCEdit.res
 0005:00013788       $R012E68                   000000014003b788     MFCEdit.res
 0005:000137c8       $R012EA8                   000000014003b7c8     MFCEdit.res
 0005:00013970       $R013050                   000000014003b970     MFCEdit.res
 0005:00013a08       $R0130E8                   000000014003ba08     MFCEdit.res
 0005:00013b10       $R0131F0                   000000014003bb10     MFCEdit.res
 0005:00013b70       $R013250                   000000014003bb70     MFCEdit.res
 0005:00013bc8       $R0132A8                   000000014003bbc8     MFCEdit.res
