 MFCEdit

 Timestamp is 6812f442 (Thu May  1 13:10:42 2025)

 Preferred load address is 0000000140000000

 Start         Length     Name                   Class
 0001:00000000 000000b0H .text$di                CODE
 0001:000000b0 00013db0H .text$mn                CODE
 0001:00013e60 00000040H .text$mn$00             CODE
 0001:00013ea0 00000d40H .text$x                 CODE
 0001:00014be0 00000087H .text$yd                CODE
 0002:00000000 000010f8H .idata$5                DATA
 0002:000010f8 00000038H .00cfg                  DATA
 0002:00001130 00000008H .CRT$XCA                DATA
 0002:00001138 00000008H .CRT$XCAA               DATA
 0002:00001140 00000018H .CRT$XCL                DATA
 0002:00001158 00000010H .CRT$XCU                DATA
 0002:00001168 00000008H .CRT$XCZ                DATA
 0002:00001170 00000008H .CRT$XIA                DATA
 0002:00001178 00000008H .CRT$XIAA               DATA
 0002:00001180 00000008H .CRT$XIAC               DATA
 0002:00001188 00000008H .CRT$XIZ                DATA
 0002:00001190 00000008H .CRT$XLA                DATA
 0002:00001198 00000008H .CRT$XLZ                DATA
 0002:000011a0 00000008H .CRT$XPA                DATA
 0002:000011a8 00000008H .CRT$XPZ                DATA
 0002:000011b0 00000008H .CRT$XTA                DATA
 0002:000011b8 00000008H .CRT$XTZ                DATA
 0002:000011c0 00000000H .gehcont$y              DATA
 0002:000011c0 00000000H .gfids$y                DATA
 0002:000011c0 000050c0H .rdata                  DATA
 0002:00006280 00000000H .rdata$CastGuardVftablesA DATA
 0002:00006280 00000000H .rdata$CastGuardVftablesC DATA
 0002:00006280 00000030H .rdata$T                DATA
 0002:000062b0 00002134H .rdata$r                DATA
 0002:000083e4 00000094H .rdata$voltmd           DATA
 0002:00008478 000003e8H .rdata$zzzdbg           DATA
 0002:00008860 00000008H .rtc$IAA                DATA
 0002:00008868 00000008H .rtc$IZZ                DATA
 0002:00008870 00000008H .rtc$TAA                DATA
 0002:00008878 00000008H .rtc$TZZ                DATA
 0002:00008880 00000004H .tls                    DATA
 0002:00008884 00000004H .tls$                   DATA
 0002:00008888 00000008H .tls$ZZZ                DATA
 0002:00008890 000020a8H .xdata                  DATA
 0002:0000a938 00000250H .xdata$x                DATA
 0002:0000ab88 00000000H ATL$__a                 DATA
 0002:0000ab88 00000000H ATL$__z                 DATA
 0002:0000ab88 00000000H .edata                  DATA
 0002:0000ab88 00000154H .idata$2                DATA
 0002:0000acdc 00000014H .idata$3                DATA
 0002:0000acf0 000010f8H .idata$4                DATA
 0002:0000bde8 0000170aH .idata$6                DATA
 0003:00000000 000000f0H .data                   DATA
 0003:000000f0 00000200H .data$r                 DATA
 0003:000002f0 00000c50H .data$rs                DATA
 0003:00000f40 00000828H .bss                    DATA
 0004:00000000 00001488H .pdata                  DATA
 0005:00000000 00000920H .rsrc$01                DATA
 0005:00000920 000135c8H .rsrc$02                DATA

  Address         Publics by Value              Rva+Base               Lib:Object

 0000:00000000       __AbsoluteZero             0000000000000000     <absolute>
 0000:00000000       ___safe_se_handler_count   0000000000000000     <absolute>
 0000:00000000       ___safe_se_handler_table   0000000000000000     <absolute>
 0000:00000000       __arm64x_extra_rfe_table   0000000000000000     <absolute>
 0000:00000000       __arm64x_extra_rfe_table_size 0000000000000000     <absolute>
 0000:00000000       __arm64x_native_entrypoint 0000000000000000     <absolute>
 0000:00000000       __arm64x_redirection_metadata 0000000000000000     <absolute>
 0000:00000000       __arm64x_redirection_metadata_count 0000000000000000     <absolute>
 0000:00000000       __dynamic_value_reloc_table 0000000000000000     <absolute>
 0000:00000000       __enclave_config           0000000000000000     <absolute>
 0000:00000000       __guard_check_icall_a64n_fptr 0000000000000000     <absolute>
 0000:00000000       __guard_eh_cont_count      0000000000000000     <absolute>
 0000:00000000       __guard_eh_cont_table      0000000000000000     <absolute>
 0000:00000000       __guard_fids_count         0000000000000000     <absolute>
 0000:00000000       __guard_fids_table         0000000000000000     <absolute>
 0000:00000000       __guard_iat_count          0000000000000000     <absolute>
 0000:00000000       __guard_iat_table          0000000000000000     <absolute>
 0000:00000000       __guard_longjmp_count      0000000000000000     <absolute>
 0000:00000000       __guard_longjmp_table      0000000000000000     <absolute>
 0000:00000000       __hybrid_auxiliary_delayload_iat 0000000000000000     <absolute>
 0000:00000000       __hybrid_auxiliary_delayload_iat_copy 0000000000000000     <absolute>
 0000:00000000       __hybrid_auxiliary_iat     0000000000000000     <absolute>
 0000:00000000       __hybrid_auxiliary_iat_copy 0000000000000000     <absolute>
 0000:00000000       __hybrid_code_map          0000000000000000     <absolute>
 0000:00000000       __hybrid_code_map_count    0000000000000000     <absolute>
 0000:00000000       __hybrid_image_info_bitfield 0000000000000000     <absolute>
 0000:00000000       __x64_code_ranges_to_entry_points 0000000000000000     <absolute>
 0000:00000000       __x64_code_ranges_to_entry_points_count 0000000000000000     <absolute>
 0000:00000100       __guard_flags              0000000000000100     <absolute>
 0000:00000000       __ImageBase                0000000140000000     <linker-defined>
 0001:000000b0       ?CreateObject@CMainFrame@@SAPEAVCObject@@XZ 00000001400010b0 f   MainFrm.obj
 0001:00000120       ?_GetBaseClass@CMainFrame@@KAPEAUCRuntimeClass@@XZ 0000000140001120 f   MainFrm.obj
 0001:00000130       ?GetRuntimeClass@CMainFrame@@UEBAPEAUCRuntimeClass@@XZ 0000000140001130 f   MainFrm.obj
 0001:00000140       ?GetMessageMap@CMainFrame@@MEBAPEBUAFX_MSGMAP@@XZ 0000000140001140 f   MainFrm.obj
 0001:00000150       ??_ECMainFrame@@UEAAPEAXI@Z 0000000140001150 f i * CIL library *:* CIL module *
 0001:00000150       ??_GCMainFrame@@UEAAPEAXI@Z 0000000140001150 f i MainFrm.obj
 0001:000001d0       ?OnCreate@CMainFrame@@IEAAHPEAUtagCREATESTRUCTW@@@Z 00000001400011d0 f   MainFrm.obj
 0001:000002f0       ?PreCreateWindow@CMainFrame@@UEAAHAEAUtagCREATESTRUCTW@@@Z 00000001400012f0 f   MainFrm.obj
 0001:00000310       ?AssertValid@CObject@@UEBAXXZ 0000000140001310 f i MainFrm.obj
 0001:00000310       ?Clear@CVARIANTTool@@UEAAXXZ 0000000140001310 f i MFCEditView.obj
 0001:00000310       ?Clear@IVARIANTApplication@@UEAAXXZ 0000000140001310 f i MFCEditView.obj
 0001:00000310       ?DoDataExchange@CAboutDlg@@MEAAXPEAVCDataExchange@@@Z 0000000140001310 f i MFCEdit.obj
 0001:00000310       ?DoDataExchange@CWnd@@MEAAXPEAVCDataExchange@@@Z 0000000140001310 f i MainFrm.obj
 0001:00000310       ?Dump@CObject@@UEBAXAEAVCDumpContext@@@Z 0000000140001310 f i MainFrm.obj
 0001:00000310       ?InitializeSearchContent@CDocument@@UEAAXXZ 0000000140001310 f i MFCEditDoc.obj
 0001:00000310       ?OnBeforeRichPreviewFontChanged@CDocument@@UEAAXXZ 0000000140001310 f i MFCEditDoc.obj
 0001:00000310       ?OnRichPreviewBackColorChanged@CDocument@@UEAAXXZ 0000000140001310 f i MFCEditDoc.obj
 0001:00000310       ?OnRichPreviewFontChanged@CDocument@@UEAAXXZ 0000000140001310 f i MFCEditDoc.obj
 0001:00000310       ?OnRichPreviewSiteChanged@CDocument@@UEAAXXZ 0000000140001310 f i MFCEditDoc.obj
 0001:00000310       ?OnRichPreviewTextColorChanged@CDocument@@UEAAXXZ 0000000140001310 f i MFCEditDoc.obj
 0001:00000310       ?Serialize@CMFCEditDoc@@UEAAXAEAVCArchive@@@Z 0000000140001310 f i MFCEditDoc.obj
 0001:00000310       ?Serialize@CObject@@UEAAXAEAVCArchive@@@Z 0000000140001310 f i MainFrm.obj
 0001:00000310       ?__empty_global_delete@@YAXPEAX_K@Z 0000000140001310 f i MainFrm.obj
 0001:00000310       ?__global_delete@@YAXPEAX_K@Z 0000000140001310 f i * CIL library *:* CIL module *
 0001:00000310       _guard_check_icall_nop     0000000140001310 f i msvcrt:guard_support.obj
 0001:00000310       _initialize_denormal_control 0000000140001310 f i msvcrt:denormal_control.obj
 0001:00000310       _initialize_invalid_parameter_handler 0000000140001310 f i msvcrt:invalid_parameter_handler.obj
 0001:00000320       ?GetTrackingID@CFrameWnd@@UEAAIXZ 0000000140001320 f i MainFrm.obj
 0001:00000330       ??3CObject@@SAXPEAX@Z      0000000140001330 f i MainFrm.obj
 0001:00000340       ?GetMessageMap@CMFCEditApp@@MEBAPEBUAFX_MSGMAP@@XZ 0000000140001340 f   MFCEdit.obj
 0001:00000350       ??_ECMFCEditApp@@UEAAPEAXI@Z 0000000140001350 f i * CIL library *:* CIL module *
 0001:00000350       ??_GCMFCEditApp@@UEAAPEAXI@Z 0000000140001350 f i MFCEdit.obj
 0001:000003a0       ?InitInstance@CMFCEditApp@@UEAAHXZ 00000001400013a0 f   MFCEdit.obj
 0001:00000540       ?ExitInstance@CMFCEditApp@@UEAAHXZ 0000000140001540 f   MFCEdit.obj
 0001:00000560       ??_ECAboutDlg@@UEAAPEAXI@Z 0000000140001560 f i * CIL library *:* CIL module *
 0001:00000560       ??_GCAboutDlg@@UEAAPEAXI@Z 0000000140001560 f i MFCEdit.obj
 0001:000005e0       ??1CAboutDlg@@UEAA@XZ      00000001400015e0 f i MFCEdit.obj
 0001:00000620       ?GetMessageMap@CAboutDlg@@MEBAPEBUAFX_MSGMAP@@XZ 0000000140001620 f   MFCEdit.obj
 0001:00000630       ?OnAppAbout@CMFCEditApp@@QEAAXXZ 0000000140001630 f   MFCEdit.obj
 0001:000006e0       ?Create@CDialog@@UEAAHIPEAVCWnd@@@Z 00000001400016e0 f i MFCEdit.obj
 0001:000006f0       ?EndModalState@CWnd@@UEAAXXZ 00000001400016f0 f i MFCEdit.obj
 0001:00000700       ?BeginModalState@CWnd@@UEAAXXZ 0000000140001700 f i MFCEdit.obj
 0001:00000710       ?GetApplicationRecoveryPingInterval@CWinApp@@UEAAKXZ 0000000140001710 f i MFCEdit.obj
 0001:00000720       ?GetApplicationRecoveryParameter@CWinApp@@UEAAPEAXXZ 0000000140001720 f i MFCEdit.obj
 0001:00000720       ?GetApplicationRestartFlags@CWinApp@@UEAAKXZ 0000000140001720 f i MFCEdit.obj
 0001:00000720       ?_Get_deleter@_Ref_count_base@std@@UEBAPEAXAEBVtype_info@@@Z 0000000140001720 f i MFCEditView.obj
 0001:00000720       __scrt_exe_initialize_mta  0000000140001720 f i msvcrt:utility_desktop.obj
 0001:00000720       __scrt_initialize_winrt    0000000140001720 f i msvcrt:utility_desktop.obj
 0001:00000720       __scrt_stub_for_initialize_mta 0000000140001720 f i msvcrt:utility_desktop.obj
 0001:00000720       _get_startup_commit_mode   0000000140001720 f i msvcrt:commit_mode.obj
 0001:00000720       _get_startup_new_mode      0000000140001720 f i msvcrt:new_mode.obj
 0001:00000720       _get_startup_thread_locale_mode 0000000140001720 f i msvcrt:thread_locale.obj
 0001:00000720       _matherr                   0000000140001720 f i msvcrt:matherr.obj
 0001:00000730       ?RestoreAutosavedFilesAtRestart@CWinApp@@UEBAHXZ 0000000140001730 f i MFCEdit.obj
 0001:00000740       ?ReopenPreviousFilesAtRestart@CWinApp@@UEBAHXZ 0000000140001740 f i MFCEdit.obj
 0001:00000750       ?SupportsAutosaveAtInterval@CWinApp@@UEBAHXZ 0000000140001750 f i MFCEdit.obj
 0001:00000760       ?SupportsAutosaveAtRestart@CWinApp@@UEBAHXZ 0000000140001760 f i MFCEdit.obj
 0001:00000770       ?SupportsApplicationRecovery@CWinApp@@UEBAHXZ 0000000140001770 f i MFCEdit.obj
 0001:00000780       ?SupportsRestartManager@CWinApp@@UEBAHXZ 0000000140001780 f i MFCEdit.obj
 0001:00000790       ??_ECBrush@@UEAAPEAXI@Z    0000000140001790 f i * CIL library *:* CIL module *
 0001:00000790       ??_GCBrush@@UEAAPEAXI@Z    0000000140001790 f i MFCEdit.obj
 0001:000007f0       ??_ECGdiObject@@UEAAPEAXI@Z 00000001400017f0 f i * CIL library *:* CIL module *
 0001:000007f0       ??_GCGdiObject@@UEAAPEAXI@Z 00000001400017f0 f i MFCEdit.obj
 0001:00000840       ??1CGdiObject@@UEAA@XZ     0000000140001840 f i MFCEdit.obj
 0001:00000890       ?CreateObject@CMFCEditDoc@@SAPEAVCObject@@XZ 0000000140001890 f   MFCEditDoc.obj
 0001:000008e0       ?_GetBaseClass@CMFCEditDoc@@KAPEAUCRuntimeClass@@XZ 00000001400018e0 f   MFCEditDoc.obj
 0001:000008f0       ?GetRuntimeClass@CMFCEditDoc@@UEBAPEAUCRuntimeClass@@XZ 00000001400018f0 f   MFCEditDoc.obj
 0001:00000900       ?GetMessageMap@CMFCEditDoc@@MEBAPEBUAFX_MSGMAP@@XZ 0000000140001900 f   MFCEditDoc.obj
 0001:00000910       ??_ECMFCEditDoc@@UEAAPEAXI@Z 0000000140001910 f i * CIL library *:* CIL module *
 0001:00000910       ??_GCMFCEditDoc@@UEAAPEAXI@Z 0000000140001910 f i MFCEditDoc.obj
 0001:00000970       ?OnNewDocument@CMFCEditDoc@@UEAAHXZ 0000000140001970 f   MFCEditDoc.obj
 0001:00000990       ?SetModifiedFlag@CDocument@@UEAAXH@Z 0000000140001990 f i MFCEditDoc.obj
 0001:000009a0       ?IsModified@CDocument@@UEAAHXZ 00000001400019a0 f i MFCEditDoc.obj
 0001:000009b0       ??_ECDocumentAdapter@CDocument@@UEAAPEAXI@Z 00000001400019b0 f i * CIL library *:* CIL module *
 0001:000009b0       ??_GCDocumentAdapter@CDocument@@UEAAPEAXI@Z 00000001400019b0 f i MFCEditDoc.obj
 0001:00000a10       ??_EIDocument@ATL@@UEAAPEAXI@Z 0000000140001a10 f i * CIL library *:* CIL module *
 0001:00000a10       ??_GIDocument@ATL@@UEAAPEAXI@Z 0000000140001a10 f i MFCEditDoc.obj
 0001:00000a40       ?Release@IDocument@ATL@@UEAAJXZ 0000000140001a40 f i MFCEditDoc.obj
 0001:00000a80       ?LoadFromStream@CDocumentAdapter@CDocument@@UEAAJPEAUIStream@@K@Z 0000000140001a80 f i MFCEditDoc.obj
 0001:00000b00       ?InitializeSearchContent@CDocumentAdapter@CDocument@@UEAAXXZ 0000000140001b00 f i MFCEditDoc.obj
 0001:00000b20       ?BeginReadChunks@CDocumentAdapter@CDocument@@UEAAXXZ 0000000140001b20 f i MFCEditDoc.obj
 0001:00000b40       ?GetThumbnail@CDocumentAdapter@CDocument@@UEAAHIPEAPEAUHBITMAP__@@PEAW4WTS_ALPHATYPE@@@Z 0000000140001b40 f i MFCEditDoc.obj
 0001:00000b60       ?ClearChunkList@CDocumentAdapter@CDocument@@UEAAXXZ 0000000140001b60 f i MFCEditDoc.obj
 0001:00000b80       ?SetChunkValue@CDocumentAdapter@CDocument@@UEAAHPEAUIFilterChunkValue@ATL@@@Z 0000000140001b80 f i MFCEditDoc.obj
 0001:00000ba0       ?ReadNextChunkValue@CDocumentAdapter@CDocument@@UEAAHPEAPEAUIFilterChunkValue@ATL@@@Z 0000000140001ba0 f i MFCEditDoc.obj
 0001:00000bc0       ?RemoveChunk@CDocumentAdapter@CDocument@@UEAAXAEBU_GUID@@K@Z 0000000140001bc0 f i MFCEditDoc.obj
 0001:00000be0       ?FindChunk@CDocumentAdapter@CDocument@@UEAAPEAU__POSITION@@AEBU_GUID@@K@Z 0000000140001be0 f i MFCEditDoc.obj
 0001:00000c00       ?GetContainer@CDocumentAdapter@CDocument@@UEBAPEAXXZ 0000000140001c00 f i MFCEditDoc.obj
 0001:00000c10       ?AddRef@IDocument@ATL@@UEAAJXZ 0000000140001c10 f i MFCEditDoc.obj
 0001:00000c20       ?GetAdapter@CDocument@@UEAAPEAUIDocument@ATL@@XZ 0000000140001c20 f i MFCEditDoc.obj
 0001:00000cb0       ?AddRef@IVARIANTAbstract@@UEAAKXZ 0000000140001cb0 f i MFCEditView.obj
 0001:00000cc0       ?Release@IVARIANTAbstract@@UEAAKXZ 0000000140001cc0 f i MFCEditView.obj
 0001:00000cf0       ??_ECVARIANTTool@@UEAAPEAXI@Z 0000000140001cf0 f i * CIL library *:* CIL module *
 0001:00000cf0       ??_EIVARIANTAbstract@@UEAAPEAXI@Z 0000000140001cf0 f i * CIL library *:* CIL module *
 0001:00000cf0       ??_GCVARIANTTool@@UEAAPEAXI@Z 0000000140001cf0 f i MFCEditView.obj
 0001:00000cf0       ??_GIVARIANTAbstract@@UEAAPEAXI@Z 0000000140001cf0 f i MFCEditView.obj
 0001:00000d20       ??_E_Node_base@std@@UEAAPEAXI@Z 0000000140001d20 f i * CIL library *:* CIL module *
 0001:00000d20       ??_E_Node_endif@std@@UEAAPEAXI@Z 0000000140001d20 f i * CIL library *:* CIL module *
 0001:00000d20       ??_G_Node_base@std@@UEAAPEAXI@Z 0000000140001d20 f i MFCEditView.obj
 0001:00000d20       ??_G_Node_endif@std@@UEAAPEAXI@Z 0000000140001d20 f i MFCEditView.obj
 0001:00000d50       ??_E_Root_node@std@@UEAAPEAXI@Z 0000000140001d50 f i * CIL library *:* CIL module *
 0001:00000d50       ??_G_Root_node@std@@UEAAPEAXI@Z 0000000140001d50 f i MFCEditView.obj
 0001:00000d80       ??_E_Node_back@std@@UEAAPEAXI@Z 0000000140001d80 f i * CIL library *:* CIL module *
 0001:00000d80       ??_E_Node_capture@std@@UEAAPEAXI@Z 0000000140001d80 f i * CIL library *:* CIL module *
 0001:00000d80       ??_E_Node_end_group@std@@UEAAPEAXI@Z 0000000140001d80 f i * CIL library *:* CIL module *
 0001:00000d80       ??_E_Node_end_rep@std@@UEAAPEAXI@Z 0000000140001d80 f i * CIL library *:* CIL module *
 0001:00000d80       ??_G_Node_back@std@@UEAAPEAXI@Z 0000000140001d80 f i MFCEditView.obj
 0001:00000d80       ??_G_Node_capture@std@@UEAAPEAXI@Z 0000000140001d80 f i MFCEditView.obj
 0001:00000d80       ??_G_Node_end_group@std@@UEAAPEAXI@Z 0000000140001d80 f i MFCEditView.obj
 0001:00000d80       ??_G_Node_end_rep@std@@UEAAPEAXI@Z 0000000140001d80 f i MFCEditView.obj
 0001:00000db0       ??_E_Node_assert@std@@UEAAPEAXI@Z 0000000140001db0 f i * CIL library *:* CIL module *
 0001:00000db0       ??_G_Node_assert@std@@UEAAPEAXI@Z 0000000140001db0 f i MFCEditView.obj
 0001:00000e40       ??_E_Node_if@std@@UEAAPEAXI@Z 0000000140001e40 f i * CIL library *:* CIL module *
 0001:00000e40       ??_G_Node_if@std@@UEAAPEAXI@Z 0000000140001e40 f i MFCEditView.obj
 0001:00000f00       ??_E_Node_rep@std@@UEAAPEAXI@Z 0000000140001f00 f i * CIL library *:* CIL module *
 0001:00000f00       ??_G_Node_rep@std@@UEAAPEAXI@Z 0000000140001f00 f i MFCEditView.obj
 0001:00000f30       ?_Calculate_loop_simplicity@std@@YAXPEAV_Node_base@1@0PEAV_Node_rep@1@@Z 0000000140001f30 f i MFCEditView.obj
 0001:00001010       ?GetMessageMap@CSimpleEdit@@MEBAPEBUAFX_MSGMAP@@XZ 0000000140002010 f   MFCEditView.obj
 0001:00001020       ?OnKeyDown@CSimpleEdit@@IEAAXIII@Z 0000000140002020 f   MFCEditView.obj
 0001:000010a0       ?CreateObject@CMFCEditView@@SAPEAVCObject@@XZ 00000001400020a0 f   MFCEditView.obj
 0001:00001210       ?_GetBaseClass@CMFCEditView@@KAPEAUCRuntimeClass@@XZ 0000000140002210 f   MFCEditView.obj
 0001:00001220       ?GetRuntimeClass@CMFCEditView@@UEBAPEAUCRuntimeClass@@XZ 0000000140002220 f   MFCEditView.obj
 0001:00001230       ?GetMessageMap@CMFCEditView@@MEBAPEBUAFX_MSGMAP@@XZ 0000000140002230 f   MFCEditView.obj
 0001:00001240       ??_ECMFCEditView@@UEAAPEAXI@Z 0000000140002240 f i * CIL library *:* CIL module *
 0001:00001240       ??_GCMFCEditView@@UEAAPEAXI@Z 0000000140002240 f i MFCEditView.obj
 0001:000012e0       ??_ECSimpleEdit@@UEAAPEAXI@Z 00000001400022e0 f i * CIL library *:* CIL module *
 0001:000012e0       ??_GCSimpleEdit@@UEAAPEAXI@Z 00000001400022e0 f i MFCEditView.obj
 0001:00001330       ?DoDataExchange@CMFCEditView@@MEAAXPEAVCDataExchange@@@Z 0000000140002330 f   MFCEditView.obj
 0001:00001390       ?PreCreateWindow@CMFCEditView@@UEAAHAEAUtagCREATESTRUCTW@@@Z 0000000140002390 f   MFCEditView.obj
 0001:000013a0       ?PasteTemplate@@YAXAEAVCEdit@@@Z 00000001400023a0 f   MFCEditView.obj
 0001:00001640       ??_D?$basic_stringstream@_WU?$char_traits@_W@std@@V?$allocator@_W@2@@std@@QEAAXXZ 0000000140002640 f i MFCEditView.obj
 0001:000016a0       ?PreTranslateMessage@CMFCEditView@@MEAAHPEAUtagMSG@@@Z 00000001400026a0 f   MFCEditView.obj
 0001:00001900       ?OnInitialUpdate@CMFCEditView@@MEAAXXZ 0000000140002900 f   MFCEditView.obj
 0001:00001c00       ?SetFont@CMFCEditView@@QEAAXH@Z 0000000140002c00 f   MFCEditView.obj
 0001:00001da0       ?TypeId@CVARIANTTool@@UEAAHXZ 0000000140002da0 f i MFCEditView.obj
 0001:00001db0       ?inetGet@CVARIANTTool@@IEAA?AUtagVARIANT@@U2@@Z 0000000140002db0 f i MFCEditView.obj
 0001:000025f0       ?Value@CVARIANTTool@@IEAA?AUtagVARIANT@@U2@0@Z 00000001400035f0 f i MFCEditView.obj
 0001:00003040       ?OpenTextFile@CVARIANTTool@@IEAA?AUtagVARIANT@@U2@@Z 0000000140004040 f i MFCEditView.obj
 0001:00003490       ?QueryInterface@CVARIANTTool@@UEAAJAEBU_GUID@@PEAPEAX@Z 0000000140004490 f i MFCEditView.obj
 0001:00003490       ?QueryInterface@IVARIANTApplication@@UEAAJAEBU_GUID@@PEAPEAX@Z 0000000140004490 f i MFCEditView.obj
 0001:000034d0       ?Invoke@CVARIANTTool@@UEAA?AUtagVARIANT@@PEB_WPEAU2@H@Z 00000001400044d0 f i MFCEditView.obj
 0001:000037a0       ??1?$CComPtr@UIXMLHTTPRequest@@@ATL@@QEAA@XZ 00000001400047a0 f i MFCEditView.obj
 0001:000037c0       ??1?$queue@V?$shared_ptr@Ust@?1??Value@CVARIANTTool@@IEAA?AUtagVARIANT@@U4@0@Z@@std@@V?$deque@V?$shared_ptr@Ust@?1??Value@CVARIANTTool@@IEAA?AUtagVARIANT@@U4@0@Z@@std@@V?$allocator@V?$shared_ptr@Ust@?1??Value@CVARIANTTool@@IEAA?AUtagVARIANT@@U4@0@Z@@std@@@2@@2@@std@@QEAA@XZ 00000001400047c0 f i MFCEditView.obj
 0001:000037d0       ??_D?$basic_stringstream@DU?$char_traits@D@std@@V?$allocator@D@2@@std@@QEAAXXZ 00000001400047d0 f i MFCEditView.obj
 0001:00003830       ?TypeId@IVARIANTApplication@@UEAAHXZ 0000000140004830 f i MFCEditView.obj
 0001:00003840       ?Test@IVARIANTApplication@@QEAA?AUtagVARIANT@@U2@@Z 0000000140004840 f i MFCEditView.obj
 0001:00003c30       ?Invoke@IVARIANTApplication@@UEAA?AUtagVARIANT@@PEB_WPEAU2@H@Z 0000000140004c30 f i MFCEditView.obj
 0001:00003f50       ??_EIVARIANTApplication@@UEAAPEAXI@Z 0000000140004f50 f i * CIL library *:* CIL module *
 0001:00003f50       ??_GIVARIANTApplication@@UEAAPEAXI@Z 0000000140004f50 f i MFCEditView.obj
 0001:00003f80       ?OnBnClickedBtnRun@CMFCEditView@@QEAAXXZ 0000000140004f80 f   MFCEditView.obj
 0001:000044f0       ?OnBnClickedBtnSave@CMFCEditView@@QEAAXXZ 00000001400054f0 f   MFCEditView.obj
 0001:000045d0       ?OnSelchangeCombo1@CMFCEditView@@QEAAXXZ 00000001400055d0 f   MFCEditView.obj
 0001:00004860       ?OnBnClickedButton2@CMFCEditView@@QEAAXXZ 0000000140005860 f   MFCEditView.obj
 0001:00004890       ?OnBnClickedBtnClear@CMFCEditView@@QEAAXXZ 0000000140005890 f   MFCEditView.obj
 0001:00004920       ?OnDestroy@CMFCEditView@@QEAAXXZ 0000000140005920 f   MFCEditView.obj
 0001:00004a60       ?OnSelchangeCmbFont@CMFCEditView@@QEAAXXZ 0000000140005a60 f   MFCEditView.obj
 0001:00004bc0       ?OnKillfocusEdInput@CMFCEditView@@QEAAXXZ 0000000140005bc0 f   MFCEditView.obj
 0001:00004bf0       ?OnSetfocusEdInput@CMFCEditView@@QEAAXXZ 0000000140005bf0 f   MFCEditView.obj
 0001:00004ca0       ?WriteUtf8File@@YA_NAEBV?$CStringT@_WV?$StrTraitMFC_DLL@_WV?$ChTraitsCRT@_W@ATL@@@@@ATL@@0@Z 0000000140005ca0 f   MFCEditView.obj
 0001:00004ec0       ?Split@@YA?AV?$vector@V?$basic_string@_WU?$char_traits@_W@std@@V?$allocator@_W@2@@std@@V?$allocator@V?$basic_string@_WU?$char_traits@_W@std@@V?$allocator@_W@2@@std@@@2@@std@@V?$basic_string@_WU?$char_traits@_W@std@@V?$allocator@_W@2@@2@0@Z 0000000140005ec0 f   MFCEditView.obj
 0001:000053d0       ??1?$regex_token_iterator@V?$_String_const_iterator@V?$_String_val@U?$_Simple_types@_W@std@@@std@@@std@@_WV?$regex_traits@_W@2@@std@@QEAA@XZ 00000001400063d0 f i MFCEditView.obj
 0001:00005450       ??1?$match_results@V?$_String_const_iterator@V?$_String_val@U?$_Simple_types@_W@std@@@std@@@std@@V?$allocator@V?$sub_match@V?$_String_const_iterator@V?$_String_val@U?$_Simple_types@_W@std@@@std@@@std@@@std@@@2@@std@@QEAA@XZ 0000000140006450 f i MFCEditView.obj
 0001:00005460       ??1?$regex_iterator@V?$_String_const_iterator@V?$_String_val@U?$_Simple_types@_W@std@@@std@@@std@@_WV?$regex_traits@_W@2@@std@@QEAA@XZ 0000000140006460 f i MFCEditView.obj
 0001:00005470       ?getUnixTime@@YA_JH@Z      0000000140006470 f   MFCEditView.obj
 0001:00005500       ?inetStockData_YahooFinanceUri@@YA?AV?$basic_string@_WU?$char_traits@_W@std@@V?$allocator@_W@2@@std@@V12@H@Z 0000000140006500 f   MFCEditView.obj
 0001:000057d0       ??0?$regex_token_iterator@V?$_String_const_iterator@V?$_String_val@U?$_Simple_types@_W@std@@@std@@@std@@_WV?$regex_traits@_W@2@@std@@QEAA@V?$_String_const_iterator@V?$_String_val@U?$_Simple_types@_W@std@@@std@@@1@0AEBV?$basic_regex@_WV?$regex_traits@_W@std@@@1@HW4match_flag_type@regex_constants@1@@Z 00000001400067d0 f i MFCEditView.obj
 0001:00005990       ??1?$basic_regex@_WV?$regex_traits@_W@std@@@std@@QEAA@XZ 0000000140006990 f i MFCEditView.obj
 0001:00005a30       ??1?$vector@DV?$allocator@D@std@@@std@@QEAA@XZ 0000000140006a30 f i MFCEditView.obj
 0001:00005a90       ??1?$vector@V_variant_t@@V?$allocator@V_variant_t@@@std@@@std@@QEAA@XZ 0000000140006a90 f i MFCEditView.obj
 0001:00005b50       ??1?$vector@_WV?$allocator@_W@std@@@std@@QEAA@XZ 0000000140006b50 f i MFCEditView.obj
 0001:00005bb0       ?seekpos@?$basic_stringbuf@DU?$char_traits@D@std@@V?$allocator@D@2@@std@@MEAA?AV?$fpos@U_Mbstatet@@@2@V32@H@Z 0000000140006bb0 f i MFCEditView.obj
 0001:00005ce0       ?seekoff@?$basic_stringbuf@DU?$char_traits@D@std@@V?$allocator@D@2@@std@@MEAA?AV?$fpos@U_Mbstatet@@@2@_JHH@Z 0000000140006ce0 f i MFCEditView.obj
 0001:00005e70       ?underflow@?$basic_stringbuf@DU?$char_traits@D@std@@V?$allocator@D@2@@std@@MEAAHXZ 0000000140006e70 f i MFCEditView.obj
 0001:00005ef0       ?pbackfail@?$basic_stringbuf@DU?$char_traits@D@std@@V?$allocator@D@2@@std@@MEAAHH@Z 0000000140006ef0 f i MFCEditView.obj
 0001:00005f50       ?overflow@?$basic_stringbuf@DU?$char_traits@D@std@@V?$allocator@D@2@@std@@MEAAHH@Z 0000000140006f50 f i MFCEditView.obj
 0001:00006150       ??1?$basic_stringbuf@DU?$char_traits@D@std@@V?$allocator@D@2@@std@@UEAA@XZ 0000000140007150 f i MFCEditView.obj
 0001:00006210       ??1?$deque@V?$shared_ptr@Ust@?1??Value@CVARIANTTool@@IEAA?AUtagVARIANT@@U4@0@Z@@std@@V?$allocator@V?$shared_ptr@Ust@?1??Value@CVARIANTTool@@IEAA?AUtagVARIANT@@U4@0@Z@@std@@@2@@std@@QEAA@XZ 0000000140007210 f i MFCEditView.obj
 0001:00006330       ??1?$shared_ptr@Ust@?1??Value@CVARIANTTool@@IEAA?AUtagVARIANT@@U4@0@Z@@std@@QEAA@XZ 0000000140007330 f i MFCEditView.obj
 0001:00006380       ??1?$vector@V?$basic_string@_WU?$char_traits@_W@std@@V?$allocator@_W@2@@std@@V?$allocator@V?$basic_string@_WU?$char_traits@_W@std@@V?$allocator@_W@2@@std@@@2@@std@@QEAA@XZ 0000000140007380 f i MFCEditView.obj
 0001:000063f0       ?seekpos@?$basic_stringbuf@_WU?$char_traits@_W@std@@V?$allocator@_W@2@@std@@MEAA?AV?$fpos@U_Mbstatet@@@2@V32@H@Z 00000001400073f0 f i MFCEditView.obj
 0001:00006530       ?seekoff@?$basic_stringbuf@_WU?$char_traits@_W@std@@V?$allocator@_W@2@@std@@MEAA?AV?$fpos@U_Mbstatet@@@2@_JHH@Z 0000000140007530 f i MFCEditView.obj
 0001:000066f0       ?underflow@?$basic_stringbuf@_WU?$char_traits@_W@std@@V?$allocator@_W@2@@std@@MEAAGXZ 00000001400076f0 f i MFCEditView.obj
 0001:00006770       ?pbackfail@?$basic_stringbuf@_WU?$char_traits@_W@std@@V?$allocator@_W@2@@std@@MEAAGG@Z 0000000140007770 f i MFCEditView.obj
 0001:000067d0       ?overflow@?$basic_stringbuf@_WU?$char_traits@_W@std@@V?$allocator@_W@2@@std@@MEAAGG@Z 00000001400077d0 f i MFCEditView.obj
 0001:00006a10       ??1?$basic_stringbuf@_WU?$char_traits@_W@std@@V?$allocator@_W@2@@std@@UEAA@XZ 0000000140007a10 f i MFCEditView.obj
 0001:00006ae0       ?do_hash@?$collate@_W@std@@MEBAJPEB_W0@Z 0000000140007ae0 f i MFCEditView.obj
 0001:00006b30       ?do_transform@?$collate@_W@std@@MEBA?AV?$basic_string@_WU?$char_traits@_W@std@@V?$allocator@_W@2@@2@PEB_W0@Z 0000000140007b30 f i MFCEditView.obj
 0001:00006ce0       ?do_compare@?$collate@_W@std@@MEBAHPEB_W000@Z 0000000140007ce0 f i MFCEditView.obj
 0001:00006d30       ??0?$basic_string@_WU?$char_traits@_W@std@@V?$allocator@_W@2@@std@@QEAA@AEBV01@@Z 0000000140007d30 f i MFCEditView.obj
 0001:00006e60       ??1?$regex_traits@_W@std@@QEAA@XZ 0000000140007e60 f i MFCEditView.obj
 0001:00006ea0       ??_E?$basic_stringbuf@DU?$char_traits@D@std@@V?$allocator@D@2@@std@@UEAAPEAXI@Z 0000000140007ea0 f i * CIL library *:* CIL module *
 0001:00006ea0       ??_G?$basic_stringbuf@DU?$char_traits@D@std@@V?$allocator@D@2@@std@@UEAAPEAXI@Z 0000000140007ea0 f i MFCEditView.obj
 0001:00006ee0       ??_E?$basic_stringstream@DU?$char_traits@D@std@@V?$allocator@D@2@@std@@UEAAPEAXI@Z 0000000140007ee0 f i * CIL library *:* CIL module *
 0001:00006ee0       ??_G?$basic_stringstream@DU?$char_traits@D@std@@V?$allocator@D@2@@std@@UEAAPEAXI@Z 0000000140007ee0 f i MFCEditView.obj
 0001:00006f80       ??_E?$basic_stringbuf@_WU?$char_traits@_W@std@@V?$allocator@_W@2@@std@@UEAAPEAXI@Z 0000000140007f80 f i * CIL library *:* CIL module *
 0001:00006f80       ??_G?$basic_stringbuf@_WU?$char_traits@_W@std@@V?$allocator@_W@2@@std@@UEAAPEAXI@Z 0000000140007f80 f i MFCEditView.obj
 0001:00006fc0       ??_E?$basic_stringstream@_WU?$char_traits@_W@std@@V?$allocator@_W@2@@std@@UEAAPEAXI@Z 0000000140007fc0 f i * CIL library *:* CIL module *
 0001:00006fc0       ??_G?$basic_stringstream@_WU?$char_traits@_W@std@@V?$allocator@_W@2@@std@@UEAAPEAXI@Z 0000000140007fc0 f i MFCEditView.obj
 0001:00007060       ??_E?$collate@_W@std@@MEAAPEAXI@Z 0000000140008060 f i * CIL library *:* CIL module *
 0001:00007060       ??_G?$collate@_W@std@@MEAAPEAXI@Z 0000000140008060 f i MFCEditView.obj
 0001:000070b0       ??1sentry@?$basic_ostream@_WU?$char_traits@_W@std@@@std@@QEAA@XZ 00000001400080b0 f i MFCEditView.obj
 0001:000070f0       ?_Tidy@?$vector@V?$sub_match@V?$_String_const_iterator@V?$_String_val@U?$_Simple_types@_W@std@@@std@@@std@@@std@@V?$allocator@V?$sub_match@V?$_String_const_iterator@V?$_String_val@U?$_Simple_types@_W@std@@@std@@@std@@@std@@@2@@std@@AEAAXXZ 00000001400080f0 f i MFCEditView.obj
 0001:00007170       ??E?$regex_token_iterator@V?$_String_const_iterator@V?$_String_val@U?$_Simple_types@_W@std@@@std@@@std@@_WV?$regex_traits@_W@2@@std@@QEAAAEAV01@XZ 0000000140008170 f i MFCEditView.obj
 0001:00007460       ??8?$regex_token_iterator@V?$_String_const_iterator@V?$_String_val@U?$_Simple_types@_W@std@@@std@@@std@@_WV?$regex_traits@_W@2@@std@@QEBA_NAEBV01@@Z 0000000140008460 f i MFCEditView.obj
 0001:00007620       ??0?$regex_token_iterator@V?$_String_const_iterator@V?$_String_val@U?$_Simple_types@_W@std@@@std@@@std@@_WV?$regex_traits@_W@2@@std@@QEAA@AEBV01@@Z 0000000140008620 f i MFCEditView.obj
 0001:00007770       ?_Tidy@?$basic_regex@_WV?$regex_traits@_W@std@@@std@@AEAAXXZ 0000000140008770 f i MFCEditView.obj
 0001:000077f0       ??0?$regex_iterator@V?$_String_const_iterator@V?$_String_val@U?$_Simple_types@_W@std@@@std@@@std@@_WV?$regex_traits@_W@2@@std@@QEAA@AEBV01@@Z 00000001400087f0 f i MFCEditView.obj
 0001:00007990       ??1_Sentry_base@?$basic_ostream@DU?$char_traits@D@std@@@std@@QEAA@XZ 0000000140008990 f i MFCEditView.obj
 0001:00007990       ??1_Sentry_base@?$basic_ostream@_WU?$char_traits@_W@std@@@std@@QEAA@XZ 0000000140008990 f i MFCEditView.obj
 0001:000079c0       ?assign@?$basic_string@DU?$char_traits@D@std@@V?$allocator@D@2@@std@@QEAAAEAV12@QEBD_K@Z 00000001400089c0 f i MFCEditView.obj
 0001:00007b20       ??$?6_WU?$char_traits@_W@std@@@std@@YAAEAV?$basic_ostream@_WU?$char_traits@_W@std@@@0@AEAV10@PEB_W@Z 0000000140008b20 f i MFCEditView.obj
 0001:00007d00       ??$?6_WU?$char_traits@_W@std@@@std@@YAAEAV?$basic_ostream@_WU?$char_traits@_W@std@@@0@AEAV10@_W@Z 0000000140008d00 f i MFCEditView.obj
 0001:00007ed0       ??$?6U?$char_traits@D@std@@@std@@YAAEAV?$basic_ostream@DU?$char_traits@D@std@@@0@AEAV10@PEBD@Z 0000000140008ed0 f i MFCEditView.obj
 0001:000080b0       ??$?0U?$char_traits@_W@std@@V?$allocator@_W@1@@?$basic_regex@_WV?$regex_traits@_W@std@@@std@@QEAA@AEBV?$basic_string@_WU?$char_traits@_W@std@@V?$allocator@_W@2@@1@W4syntax_option_type@regex_constants@1@@Z 00000001400090b0 f i MFCEditView.obj
 0001:00008350       ??$_Regex_search2@V?$_String_const_iterator@V?$_String_val@U?$_Simple_types@_W@std@@@std@@@std@@V?$allocator@V?$sub_match@V?$_String_const_iterator@V?$_String_val@U?$_Simple_types@_W@std@@@std@@@std@@@std@@@2@_WV?$regex_traits@_W@2@V12@@std@@YA_NV?$_String_const_iterator@V?$_String_val@U?$_Simple_types@_W@std@@@std@@@0@0PEAV?$match_results@V?$_String_const_iterator@V?$_String_val@U?$_Simple_types@_W@std@@@std@@@std@@V?$allocator@V?$sub_match@V?$_String_const_iterator@V?$_String_val@U?$_Simple_types@_W@std@@@std@@@std@@@std@@@2@@0@AEBV?$basic_regex@_WV?$regex_traits@_W@std@@@0@W4match_flag_type@regex_constants@0@0@Z 0000000140009350 f i MFCEditView.obj
 0001:00008590       ??$_Destroy_range@V?$allocator@V?$basic_string@_WU?$char_traits@_W@std@@V?$allocator@_W@2@@std@@@std@@@std@@YAXPEAV?$basic_string@_WU?$char_traits@_W@std@@V?$allocator@_W@2@@0@QEAV10@AEAV?$allocator@V?$basic_string@_WU?$char_traits@_W@std@@V?$allocator@_W@2@@std@@@0@@Z 0000000140009590 f i MFCEditView.obj
 0001:00008620       ??$_Reallocate_grow_by@V<lambda_a3050a43f3157934f354774ab3dd2e02>@@_K_W@?$basic_string@_WU?$char_traits@_W@std@@V?$allocator@_W@2@@std@@AEAAAEAV01@_KV<lambda_a3050a43f3157934f354774ab3dd2e02>@@_K_W@Z 0000000140009620 f i MFCEditView.obj
 0001:000087d0       ??$_Reallocate_for@V<lambda_3fa8b2c8193a0f3144fc4b1b8f243931>@@PEB_W@?$basic_string@_WU?$char_traits@_W@std@@V?$allocator@_W@2@@std@@AEAAAEAV01@_KV<lambda_3fa8b2c8193a0f3144fc4b1b8f243931>@@PEB_W@Z 00000001400097d0 f i MFCEditView.obj
 0001:00008930       ??1?$_Matcher@V?$_String_const_iterator@V?$_String_val@U?$_Simple_types@_W@std@@@std@@@std@@_WV?$regex_traits@_W@2@V12@@std@@QEAA@XZ 0000000140009930 f i MFCEditView.obj
 0001:000089b0       ??1?$_Tgt_state_t@V?$_String_const_iterator@V?$_String_val@U?$_Simple_types@_W@std@@@std@@@std@@@std@@QEAA@XZ 00000001400099b0 f i MFCEditView.obj
 0001:00008a60       ??1?$_Bt_state_t@V?$_String_const_iterator@V?$_String_val@U?$_Simple_types@_W@std@@@std@@@std@@@std@@QEAA@XZ 0000000140009a60 f i MFCEditView.obj
 0001:00008ac0       ??0?$_Matcher@V?$_String_const_iterator@V?$_String_val@U?$_Simple_types@_W@std@@@std@@@std@@_WV?$regex_traits@_W@2@V12@@std@@QEAA@V?$_String_const_iterator@V?$_String_val@U?$_Simple_types@_W@std@@@std@@@1@0AEBV?$regex_traits@_W@1@PEAV_Root_node@1@IW4syntax_option_type@regex_constants@1@W4match_flag_type@61@@Z 0000000140009ac0 f i MFCEditView.obj
 0001:00008c10       ??1sentry@?$basic_ostream@DU?$char_traits@D@std@@@std@@QEAA@XZ 0000000140009c10 f i MFCEditView.obj
 0001:00008c50       ?_Delete_this@?$_Ref_count_obj2@Ust@?1??Value@CVARIANTTool@@IEAA?AUtagVARIANT@@U4@0@Z@@std@@EEAAXXZ 0000000140009c50 f i MFCEditView.obj
 0001:00008c70       ?_Destroy@?$_Ref_count_obj2@Ust@?1??Value@CVARIANTTool@@IEAA?AUtagVARIANT@@U4@0@Z@@std@@EEAAXXZ 0000000140009c70 f i MFCEditView.obj
 0001:00008ce0       ?_Growmap@?$deque@V?$shared_ptr@Ust@?1??Value@CVARIANTTool@@IEAA?AUtagVARIANT@@U4@0@Z@@std@@V?$allocator@V?$shared_ptr@Ust@?1??Value@CVARIANTTool@@IEAA?AUtagVARIANT@@U4@0@Z@@std@@@2@@std@@AEAAX_K@Z 0000000140009ce0 f i MFCEditView.obj
 0001:00008ed0       ?_Buy_nonzero@?$vector@HV?$allocator@H@std@@@std@@AEAAX_K@Z 0000000140009ed0 f i MFCEditView.obj
 0001:00008f70       ??1?$vector@U_Loop_vals_t@std@@V?$allocator@U_Loop_vals_t@std@@@2@@std@@QEAA@XZ 0000000140009f70 f i MFCEditView.obj
 0001:00008fd0       ??1?$vector@_NV?$allocator@_N@std@@@std@@QEAA@XZ 0000000140009fd0 f i MFCEditView.obj
 0001:00009030       ??_E?$_Ref_count_obj2@Ust@?1??Value@CVARIANTTool@@IEAA?AUtagVARIANT@@U4@0@Z@@std@@UEAAPEAXI@Z 000000014000a030 f i * CIL library *:* CIL module *
 0001:00009030       ??_G?$_Ref_count_obj2@Ust@?1??Value@CVARIANTTool@@IEAA?AUtagVARIANT@@U4@0@Z@@std@@UEAAPEAXI@Z 000000014000a030 f i MFCEditView.obj
 0001:00009060       ?_Xlength@?$vector@DV?$allocator@D@std@@@std@@CAXXZ 000000014000a060 f i MFCEditView.obj
 0001:00009060       ?_Xlength@?$vector@HV?$allocator@H@std@@@std@@CAXXZ 000000014000a060 f i MFCEditView.obj
 0001:00009060       ?_Xlength@?$vector@IV?$allocator@I@std@@@std@@CAXXZ 000000014000a060 f i MFCEditView.obj
 0001:00009060       ?_Xlength@?$vector@U_Grp_t@?$_Tgt_state_t@V?$_String_const_iterator@V?$_String_val@U?$_Simple_types@_W@std@@@std@@@std@@@std@@V?$allocator@U_Grp_t@?$_Tgt_state_t@V?$_String_const_iterator@V?$_String_val@U?$_Simple_types@_W@std@@@std@@@std@@@std@@@3@@std@@CAXXZ 000000014000a060 f i MFCEditView.obj
 0001:00009060       ?_Xlength@?$vector@U_Loop_vals_t@std@@V?$allocator@U_Loop_vals_t@std@@@2@@std@@CAXXZ 000000014000a060 f i MFCEditView.obj
 0001:00009060       ?_Xlength@?$vector@V?$basic_string@_WU?$char_traits@_W@std@@V?$allocator@_W@2@@std@@V?$allocator@V?$basic_string@_WU?$char_traits@_W@std@@V?$allocator@_W@2@@std@@@2@@std@@CAXXZ 000000014000a060 f i MFCEditView.obj
 0001:00009060       ?_Xlength@?$vector@V?$sub_match@V?$_String_const_iterator@V?$_String_val@U?$_Simple_types@_W@std@@@std@@@std@@@std@@V?$allocator@V?$sub_match@V?$_String_const_iterator@V?$_String_val@U?$_Simple_types@_W@std@@@std@@@std@@@std@@@2@@std@@CAXXZ 000000014000a060 f i MFCEditView.obj
 0001:00009060       ?_Xlength@?$vector@V_variant_t@@V?$allocator@V_variant_t@@@std@@@std@@CAXXZ 000000014000a060 f i MFCEditView.obj
 0001:00009060       ?_Xlength@?$vector@_WV?$allocator@_W@std@@@std@@CAXXZ 000000014000a060 f i MFCEditView.obj
 0001:00009080       ?_Xlen@?$deque@V?$shared_ptr@Ust@?1??Value@CVARIANTTool@@IEAA?AUtagVARIANT@@U4@0@Z@@std@@V?$allocator@V?$shared_ptr@Ust@?1??Value@CVARIANTTool@@IEAA?AUtagVARIANT@@U4@0@Z@@std@@@2@@std@@CAXXZ 000000014000a080 f i MFCEditView.obj
 0001:000090a0       ??$_Insert_string@_WU?$char_traits@_W@std@@_K@std@@YAAEAV?$basic_ostream@_WU?$char_traits@_W@std@@@0@AEAV10@QEB_W_K@Z 000000014000a0a0 f i MFCEditView.obj
 0001:00009270       ??$_Emplace_reallocate@AEBV_variant_t@@@?$vector@V_variant_t@@V?$allocator@V_variant_t@@@std@@@std@@AEAAPEAV_variant_t@@QEAV2@AEBV2@@Z 000000014000a270 f i MFCEditView.obj
 0001:000095e0       ??$_Emplace_reallocate@V?$basic_string@_WU?$char_traits@_W@std@@V?$allocator@_W@2@@std@@@?$vector@V?$basic_string@_WU?$char_traits@_W@std@@V?$allocator@_W@2@@std@@V?$allocator@V?$basic_string@_WU?$char_traits@_W@std@@V?$allocator@_W@2@@std@@@2@@std@@AEAAPEAV?$basic_string@_WU?$char_traits@_W@std@@V?$allocator@_W@2@@1@QEAV21@$$QEAV21@@Z 000000014000a5e0 f i MFCEditView.obj
 0001:000098c0       ?_Skip@?$_Matcher@V?$_String_const_iterator@V?$_String_val@U?$_Simple_types@_W@std@@@std@@@std@@_WV?$regex_traits@_W@2@V12@@std@@QEAA?AV?$_String_const_iterator@V?$_String_val@U?$_Simple_types@_W@std@@@std@@@2@V32@0PEAV_Node_base@2@@Z 000000014000a8c0 f i MFCEditView.obj
 0001:00009c70       ??$_Match@V?$allocator@V?$sub_match@V?$_String_const_iterator@V?$_String_val@U?$_Simple_types@_W@std@@@std@@@std@@@std@@@std@@@?$_Matcher@V?$_String_const_iterator@V?$_String_val@U?$_Simple_types@_W@std@@@std@@@std@@_WV?$regex_traits@_W@2@V12@@std@@QEAA_NPEAV?$match_results@V?$_String_const_iterator@V?$_String_val@U?$_Simple_types@_W@std@@@std@@@std@@V?$allocator@V?$sub_match@V?$_String_const_iterator@V?$_String_val@U?$_Simple_types@_W@std@@@std@@@std@@@std@@@2@@1@_N@Z 000000014000ac70 f i MFCEditView.obj
 0001:00009e90       ??$use_facet@V?$collate@_W@std@@@std@@YAAEBV?$collate@_W@0@AEBVlocale@0@@Z 000000014000ae90 f i MFCEditView.obj
 0001:0000a090       ??1?$_Parser@PEB_W_WV?$regex_traits@_W@std@@@std@@QEAA@XZ 000000014000b090 f i MFCEditView.obj
 0001:0000a0f0       ??1_Reallocation_guard@?$vector@V_variant_t@@V?$allocator@V_variant_t@@@std@@@std@@QEAA@XZ 000000014000b0f0 f i MFCEditView.obj
 0001:0000a180       ?_Resize@?$match_results@V?$_String_const_iterator@V?$_String_val@U?$_Simple_types@_W@std@@@std@@@std@@V?$allocator@V?$sub_match@V?$_String_const_iterator@V?$_String_val@U?$_Simple_types@_W@std@@@std@@@std@@@std@@@2@@std@@QEAAXI@Z 000000014000b180 f i MFCEditView.obj
 0001:0000a240       ?resize@?$vector@_NV?$allocator@_N@std@@@std@@QEAAX_K_N@Z 000000014000b240 f i MFCEditView.obj
 0001:0000a3e0       ?translate@?$_Regex_traits@_W@std@@QEBA_W_W@Z 000000014000b3e0 f i MFCEditView.obj
 0001:0000a490       ??_E?$_Node_class@_WV?$regex_traits@_W@std@@@std@@UEAAPEAXI@Z 000000014000b490 f i * CIL library *:* CIL module *
 0001:0000a490       ??_G?$_Node_class@_WV?$regex_traits@_W@std@@@std@@UEAAPEAXI@Z 000000014000b490 f i MFCEditView.obj
 0001:0000a5a0       ?erase@?$vector@_NV?$allocator@_N@std@@@std@@QEAA?AV?$_Vb_iterator@U?$_Wrap_alloc@V?$allocator@I@std@@@std@@@2@V?$_Vb_const_iterator@U?$_Wrap_alloc@V?$allocator@I@std@@@std@@@2@0@Z 000000014000b5a0 f i MFCEditView.obj
 0001:0000a810       ?_Insert_x@?$vector@_NV?$allocator@_N@std@@@std@@QEAA_KV?$_Vb_const_iterator@U?$_Wrap_alloc@V?$allocator@I@std@@@std@@@2@_K@Z 000000014000b810 f i MFCEditView.obj
 0001:0000aa90       ?_Xlen@?$vector@_NV?$allocator@_N@std@@@std@@SAXXZ 000000014000ba90 f i MFCEditView.obj
 0001:0000aab0       ?_Match_pat@?$_Matcher@V?$_String_const_iterator@V?$_String_val@U?$_Simple_types@_W@std@@@std@@@std@@_WV?$regex_traits@_W@2@V12@@std@@AEAA_NPEAV_Node_base@2@@Z 000000014000bab0 f i MFCEditView.obj
 0001:0000b270       ?_Compile@?$_Parser@PEB_W_WV?$regex_traits@_W@std@@@std@@QEAAPEAV_Root_node@2@XZ 000000014000c270 f i MFCEditView.obj
 0001:0000b480       ??$_Compare@V?$_String_const_iterator@V?$_String_val@U?$_Simple_types@_W@std@@@std@@@std@@PEB_WV?$regex_traits@_W@2@@std@@YA?AV?$_String_const_iterator@V?$_String_val@U?$_Simple_types@_W@std@@@std@@@0@V10@0PEB_W1AEBV?$regex_traits@_W@0@W4syntax_option_type@regex_constants@0@@Z 000000014000c480 f i MFCEditView.obj
 0001:0000b610       ??$_Lookup_equiv@_WV?$regex_traits@_W@std@@@std@@YA_NGPEBU?$_Sequence@_W@0@AEBV?$regex_traits@_W@0@@Z 000000014000c610 f i MFCEditView.obj
 0001:0000b9d0       ??$_Resize_reallocate@U_Value_init_tag@std@@@?$vector@U_Loop_vals_t@std@@V?$allocator@U_Loop_vals_t@std@@@2@@std@@AEAAX_KAEBU_Value_init_tag@1@@Z 000000014000c9d0 f i MFCEditView.obj
 0001:0000bb40       ??$fill_n@V?$_Vb_iterator@U?$_Wrap_alloc@V?$allocator@I@std@@@std@@@std@@_K_N@std@@YA?AV?$_Vb_iterator@U?$_Wrap_alloc@V?$allocator@I@std@@@std@@@0@V10@_KAEB_N@Z 000000014000cb40 f i MFCEditView.obj
 0001:0000bc90       ??0?$_Bt_state_t@V?$_String_const_iterator@V?$_String_val@U?$_Simple_types@_W@std@@@std@@@std@@@std@@QEAA@AEBV01@@Z 000000014000cc90 f i MFCEditView.obj
 0001:0000bd40       ??1?$_Uninitialized_backout_al@V?$allocator@V_variant_t@@@std@@@std@@QEAA@XZ 000000014000cd40 f i MFCEditView.obj
 0001:0000bd80       ??1?$_Tidy_guard@V?$_Builder@PEB_W_WV?$regex_traits@_W@std@@@std@@@std@@QEAA@XZ 000000014000cd80 f i MFCEditView.obj
 0001:0000bde0       ?_Do_if@?$_Matcher@V?$_String_const_iterator@V?$_String_val@U?$_Simple_types@_W@std@@@std@@@std@@_WV?$regex_traits@_W@2@V12@@std@@AEAA_NPEAV_Node_if@2@@Z 000000014000cde0 f i MFCEditView.obj
 0001:0000c190       ?_Do_rep@?$_Matcher@V?$_String_const_iterator@V?$_String_val@U?$_Simple_types@_W@std@@@std@@@std@@_WV?$regex_traits@_W@2@V12@@std@@AEAA_NPEAV_Node_rep@2@_NH@Z 000000014000d190 f i MFCEditView.obj
 0001:0000c450       ?_Do_class@?$_Matcher@V?$_String_const_iterator@V?$_String_val@U?$_Simple_types@_W@std@@@std@@@std@@_WV?$regex_traits@_W@2@V12@@std@@AEAA_NPEAV_Node_base@2@@Z 000000014000d450 f i MFCEditView.obj
 0001:0000c6b0       ?_Error@?$_Parser@PEB_W_WV?$regex_traits@_W@std@@@std@@AEAAXW4error_type@regex_constants@2@@Z 000000014000d6b0 f i MFCEditView.obj
 0001:0000c6c0       ?_Trans@?$_Parser@PEB_W_WV?$regex_traits@_W@std@@@std@@AEAAXXZ 000000014000d6c0 f i MFCEditView.obj
 0001:0000c9a0       ?_Disjunction@?$_Parser@PEB_W_WV?$regex_traits@_W@std@@@std@@AEAAXXZ 000000014000d9a0 f i MFCEditView.obj
 0001:0000cbf0       ?_End_group@?$_Builder@PEB_W_WV?$regex_traits@_W@std@@@std@@QEAAXPEAV_Node_base@2@@Z 000000014000dbf0 f i MFCEditView.obj
 0001:0000cca0       ??$_Compare@V?$_String_const_iterator@V?$_String_val@U?$_Simple_types@_W@std@@@std@@@std@@V12@V?$regex_traits@_W@2@@std@@YA?AV?$_String_const_iterator@V?$_String_val@U?$_Simple_types@_W@std@@@std@@@0@V10@000AEBV?$regex_traits@_W@0@W4syntax_option_type@regex_constants@0@@Z 000000014000dca0 f i MFCEditView.obj
 0001:0000ce60       ??$transform_primary@V?$_String_iterator@V?$_String_val@U?$_Simple_types@_W@std@@@std@@@std@@@?$_Regex_traits@_W@std@@QEBA?AV?$basic_string@_WU?$char_traits@_W@std@@V?$allocator@_W@2@@1@V?$_String_iterator@V?$_String_val@U?$_Simple_types@_W@std@@@std@@@1@0@Z 000000014000de60 f i MFCEditView.obj
 0001:0000d070       ??$_Resize_reallocate@U_Value_init_tag@std@@@?$vector@U_Grp_t@?$_Tgt_state_t@V?$_String_const_iterator@V?$_String_val@U?$_Simple_types@_W@std@@@std@@@std@@@std@@V?$allocator@U_Grp_t@?$_Tgt_state_t@V?$_String_const_iterator@V?$_String_val@U?$_Simple_types@_W@std@@@std@@@std@@@std@@@3@@std@@AEAAX_KAEBU_Value_init_tag@1@@Z 000000014000e070 f i MFCEditView.obj
 0001:0000d200       ??$_Resize_reallocate@U_Value_init_tag@std@@@?$vector@V?$sub_match@V?$_String_const_iterator@V?$_String_val@U?$_Simple_types@_W@std@@@std@@@std@@@std@@V?$allocator@V?$sub_match@V?$_String_const_iterator@V?$_String_val@U?$_Simple_types@_W@std@@@std@@@std@@@std@@@2@@std@@AEAAX_KAEBU_Value_init_tag@1@@Z 000000014000e200 f i MFCEditView.obj
 0001:0000d3e0       ??$_Resize_reallocate@I@?$vector@IV?$allocator@I@std@@@std@@AEAAX_KAEBI@Z 000000014000e3e0 f i MFCEditView.obj
 0001:0000d570       ??$_Assign_counted_range@PEAU_Grp_t@?$_Tgt_state_t@V?$_String_const_iterator@V?$_String_val@U?$_Simple_types@_W@std@@@std@@@std@@@std@@@?$vector@U_Grp_t@?$_Tgt_state_t@V?$_String_const_iterator@V?$_String_val@U?$_Simple_types@_W@std@@@std@@@std@@@std@@V?$allocator@U_Grp_t@?$_Tgt_state_t@V?$_String_const_iterator@V?$_String_val@U?$_Simple_types@_W@std@@@std@@@std@@@std@@@3@@std@@AEAAXPEAU_Grp_t@?$_Tgt_state_t@V?$_String_const_iterator@V?$_String_val@U?$_Simple_types@_W@std@@@std@@@std@@@1@_K@Z 000000014000e570 f i MFCEditView.obj
 0001:0000d6c0       ??$_Assign_counted_range@PEAI@?$vector@IV?$allocator@I@std@@@std@@AEAAXPEAI_K@Z 000000014000e6c0 f i MFCEditView.obj
 0001:0000d800       ??0?$_Tgt_state_t@V?$_String_const_iterator@V?$_String_val@U?$_Simple_types@_W@std@@@std@@@std@@@std@@QEAA@AEBV01@@Z 000000014000e800 f i MFCEditView.obj
 0001:0000d8f0       ?_Buy_raw@?$vector@U_Grp_t@?$_Tgt_state_t@V?$_String_const_iterator@V?$_String_val@U?$_Simple_types@_W@std@@@std@@@std@@@std@@V?$allocator@U_Grp_t@?$_Tgt_state_t@V?$_String_const_iterator@V?$_String_val@U?$_Simple_types@_W@std@@@std@@@std@@@std@@@3@@std@@AEAAX_K@Z 000000014000e8f0 f i MFCEditView.obj
 0001:0000d980       ?_Buy_raw@?$vector@IV?$allocator@I@std@@@std@@AEAAX_K@Z 000000014000e980 f i MFCEditView.obj
 0001:0000da10       ?_Do_rep0@?$_Matcher@V?$_String_const_iterator@V?$_String_val@U?$_Simple_types@_W@std@@@std@@@std@@_WV?$regex_traits@_W@2@V12@@std@@AEAA_NPEAV_Node_rep@2@_N@Z 000000014000ea10 f i MFCEditView.obj
 0001:0000de40       ?_Alternative@?$_Parser@PEB_W_WV?$regex_traits@_W@std@@@std@@AEAA_NXZ 000000014000ee40 f i MFCEditView.obj
 0001:0000e4c0       ?_New_node@?$_Builder@PEB_W_WV?$regex_traits@_W@std@@@std@@AEAAPEAV_Node_base@2@W4_Node_type@2@@Z 000000014000f4c0 f i MFCEditView.obj
 0001:0000e550       ??$_Copy_vbool@V?$_Vb_iterator@U?$_Wrap_alloc@V?$allocator@I@std@@@std@@@std@@V12@@std@@YA?AV?$_Vb_iterator@U?$_Wrap_alloc@V?$allocator@I@std@@@std@@@0@V10@00@Z 000000014000f550 f i MFCEditView.obj
 0001:0000e9c0       ?_CharacterClass@?$_Parser@PEB_W_WV?$regex_traits@_W@std@@@std@@AEAAXXZ 000000014000f9c0 f i MFCEditView.obj
 0001:0000eb60       ?_AtomEscape@?$_Parser@PEB_W_WV?$regex_traits@_W@std@@@std@@AEAAXXZ 000000014000fb60 f i MFCEditView.obj
 0001:0000ece0       ?_Wrapped_disjunction@?$_Parser@PEB_W_WV?$regex_traits@_W@std@@@std@@AEAA_NXZ 000000014000fce0 f i MFCEditView.obj
 0001:0000eeb0       ?_Quantifier@?$_Parser@PEB_W_WV?$regex_traits@_W@std@@@std@@AEAAXXZ 000000014000feb0 f i MFCEditView.obj
 0001:0000f140       ?_Add_char@?$_Builder@PEB_W_WV?$regex_traits@_W@std@@@std@@QEAAX_W@Z 0000000140010140 f i MFCEditView.obj
 0001:0000f260       ?_DecimalDigits@?$_Parser@PEB_W_WV?$regex_traits@_W@std@@@std@@AEAA_NW4error_type@regex_constants@2@@Z 0000000140010260 f i MFCEditView.obj
 0001:0000f370       ?_CharacterClassEscape@?$_Parser@PEB_W_WV?$regex_traits@_W@std@@@std@@AEAA_N_N@Z 0000000140010370 f i MFCEditView.obj
 0001:0000f480       ?_ClassRanges@?$_Parser@PEB_W_WV?$regex_traits@_W@std@@@std@@AEAAXXZ 0000000140010480 f i MFCEditView.obj
 0001:0000f750       ?_CharacterEscape@?$_Parser@PEB_W_WV?$regex_traits@_W@std@@@std@@AEAA_NXZ 0000000140010750 f i MFCEditView.obj
 0001:0000fd70       ?_Do_capture_group@?$_Parser@PEB_W_WV?$regex_traits@_W@std@@@std@@AEAAXXZ 0000000140010d70 f i MFCEditView.obj
 0001:0000fef0       ?_Do_assert_group@?$_Parser@PEB_W_WV?$regex_traits@_W@std@@@std@@AEAAX_N@Z 0000000140010ef0 f i MFCEditView.obj
 0001:00010000       ?_Add_class@?$_Builder@PEB_W_WV?$regex_traits@_W@std@@@std@@QEAAXXZ 0000000140011000 f i MFCEditView.obj
 0001:000100a0       ?_Add_rep@?$_Builder@PEB_W_WV?$regex_traits@_W@std@@@std@@QEAAXHH_N@Z 00000001400110a0 f i MFCEditView.obj
 0001:000103c0       ??_E?$_Node_str@_W@std@@UEAAPEAXI@Z 00000001400113c0 f i * CIL library *:* CIL module *
 0001:000103c0       ??_G?$_Node_str@_W@std@@UEAAPEAXI@Z 00000001400113c0 f i MFCEditView.obj
 0001:00010410       ?_HexDigits@?$_Parser@PEB_W_WV?$regex_traits@_W@std@@@std@@AEAAXH@Z 0000000140011410 f i MFCEditView.obj
 0001:00010530       ?_ClassAtom@?$_Parser@PEB_W_WV?$regex_traits@_W@std@@@std@@AEAA?AW4_Prs_ret@2@XZ 0000000140011530 f i MFCEditView.obj
 0001:00010920       ?_Add_range@?$_Builder@PEB_W_WV?$regex_traits@_W@std@@@std@@QEAAX_W0@Z 0000000140011920 f i MFCEditView.obj
 0001:00010ad0       ?_Add_named_class@?$_Builder@PEB_W_WV?$regex_traits@_W@std@@@std@@QEAAXF_N@Z 0000000140011ad0 f i MFCEditView.obj
 0001:00010bb0       ?_Add_char_to_array@?$_Builder@PEB_W_WV?$regex_traits@_W@std@@@std@@AEAAX_W@Z 0000000140011bb0 f i MFCEditView.obj
 0001:00010c70       ??$lookup_classname@PEB_W@?$_Regex_traits@_W@std@@QEBAFPEB_W0_N@Z 0000000140011c70 f i MFCEditView.obj
 0001:00010de0       ??1?$unique_ptr@V_Facet_base@std@@U?$default_delete@V_Facet_base@std@@@2@@std@@QEAA@XZ 0000000140011de0 f i MFCEditView.obj
 0001:00010de0       ??1?$unique_ptr@V_Node_assert@std@@U?$default_delete@V_Node_assert@std@@@2@@std@@QEAA@XZ 0000000140011de0 f i MFCEditView.obj
 0001:00010e00       ?_Do_ex_class@?$_Parser@PEB_W_WV?$regex_traits@_W@std@@@std@@AEAAXW4_Meta_type@2@@Z 0000000140011e00 f i MFCEditView.obj
 0001:00011060       ?_Add_equiv@?$_Builder@PEB_W_WV?$regex_traits@_W@std@@@std@@QEAAXPEB_W0_J@Z 0000000140012060 f i MFCEditView.obj
 0001:00011260       ?_Char_to_elts@?$_Builder@PEB_W_WV?$regex_traits@_W@std@@@std@@AEAAXPEB_W0_JPEAPEAU?$_Sequence@_W@2@@Z 0000000140012260 f i MFCEditView.obj
 0001:00011350       ??$transform_primary@PEA_W@?$_Regex_traits@_W@std@@QEBA?AV?$basic_string@_WU?$char_traits@_W@std@@V?$allocator@_W@2@@1@PEA_W0@Z 0000000140012350 f i MFCEditView.obj
 0001:00011350       ??$transform_primary@PEB_W@?$_Regex_traits@_W@std@@QEBA?AV?$basic_string@_WU?$char_traits@_W@std@@V?$allocator@_W@2@@1@PEB_W0@Z 0000000140012350 f i MFCEditView.obj
 0001:00011544       ??_E?$basic_stringstream@_WU?$char_traits@_W@std@@V?$allocator@_W@2@@std@@$4PPPPPPPM@A@EAAPEAXI@Z 0000000140012544 f i MFCEditView.obj
 0001:00011550       ??_E?$basic_stringstream@DU?$char_traits@D@std@@V?$allocator@D@2@@std@@$4PPPPPPPM@A@EAAPEAXI@Z 0000000140012550 f i MFCEditView.obj
 0001:00011560       ?accHitTest@CFormView@@UEAAJJJPEAUtagVARIANT@@@Z 0000000140012560 f i MFCEditView.obj
 0001:00011570       ?accLocation@CFormView@@UEAAJPEAJ000UtagVARIANT@@@Z 0000000140012570 f i MFCEditView.obj
 0001:000115c0       ?get_accName@CFormView@@UEAAJUtagVARIANT@@PEAPEA_W@Z 00000001400125c0 f i MFCEditView.obj
 0001:000115f0       ?get_accChild@CFormView@@UEAAJUtagVARIANT@@PEAPEAUIDispatch@@@Z 00000001400125f0 f i MFCEditView.obj
 0001:00011620       ?get_accChildCount@CFormView@@UEAAJPEAJ@Z 0000000140012620 f i MFCEditView.obj
 0001:00011640       ?name@locale@std@@QEBA?AV?$basic_string@DU?$char_traits@D@std@@V?$allocator@D@2@@2@XZ 0000000140012640 f i MFCEditView.obj
 0001:00011870       ??$_Get_index@$0A@@id@locale@std@@QEAA_KXZ 0000000140012870 f i MFCEditView.obj
 0001:000118f0       ??0bad_cast@std@@QEAA@XZ   00000001400128f0 f i MFCEditView.obj
 0001:00011920       ??1bad_array_new_length@std@@UEAA@XZ 0000000140012920 f i MFCEditView.obj
 0001:00011920       ??1bad_cast@std@@UEAA@XZ   0000000140012920 f i MFCEditView.obj
 0001:00011940       ??_Ebad_alloc@std@@UEAAPEAXI@Z 0000000140012940 f i * CIL library *:* CIL module *
 0001:00011940       ??_Ebad_array_new_length@std@@UEAAPEAXI@Z 0000000140012940 f i * CIL library *:* CIL module *
 0001:00011940       ??_Ebad_cast@std@@UEAAPEAXI@Z 0000000140012940 f i * CIL library *:* CIL module *
 0001:00011940       ??_Eexception@std@@UEAAPEAXI@Z 0000000140012940 f i * CIL library *:* CIL module *
 0001:00011940       ??_Gbad_alloc@std@@UEAAPEAXI@Z 0000000140012940 f i MFCEditView.obj
 0001:00011940       ??_Gbad_array_new_length@std@@UEAAPEAXI@Z 0000000140012940 f i MFCEditView.obj
 0001:00011940       ??_Gbad_cast@std@@UEAAPEAXI@Z 0000000140012940 f i MFCEditView.obj
 0001:00011940       ??_Gexception@std@@UEAAPEAXI@Z 0000000140012940 f i MFCEditView.obj
 0001:00011990       ??0bad_cast@std@@QEAA@AEBV01@@Z 0000000140012990 f i MFCEditView.obj
 0001:000119d0       ?_Throw_bad_cast@std@@YAXXZ 00000001400129d0 f i MFCEditView.obj
 0001:000119f0       ??1locale@std@@QEAA@XZ     00000001400129f0 f i MFCEditView.obj
 0001:00011a30       ??HATL@@YA?AV?$CStringT@_WV?$StrTraitMFC_DLL@_WV?$ChTraitsCRT@_W@ATL@@@@@0@PEB_WAEBV10@@Z 0000000140012a30 f i MFCEditView.obj
 0001:00011aa0       ??1CWaitCursor@@QEAA@XZ    0000000140012aa0 f i MFCEditView.obj
 0001:00011af0       ??1?$basic_string@DU?$char_traits@D@std@@V?$allocator@D@2@@std@@QEAA@XZ 0000000140012af0 f i MFCEditView.obj
 0001:00011b50       ??4?$basic_string@_WU?$char_traits@_W@std@@V?$allocator@_W@2@@std@@QEAAAEAV01@$$QEAV01@@Z 0000000140012b50 f i MFCEditView.obj
 0001:00011bf0       ??1_variant_t@@QEAA@XZ     0000000140012bf0 f i MFCEditView.obj
 0001:00011c00       ?_Free@_bstr_t@@AEAAXXZ    0000000140012c00 f i MFCEditView.obj
 0001:00011c70       ??1_bstr_t@@QEAA@XZ        0000000140012c70 f i MFCEditView.obj
 0001:00011c80       ??1CFont@@UEAA@XZ          0000000140012c80 f i MFCEditView.obj
 0001:00011c90       ??_ECFont@@UEAAPEAXI@Z     0000000140012c90 f i * CIL library *:* CIL module *
 0001:00011c90       ??_GCFont@@UEAAPEAXI@Z     0000000140012c90 f i MFCEditView.obj
 0001:00011cf0       ??HATL@@YA?AV?$CStringT@_WV?$StrTraitMFC_DLL@_WV?$ChTraitsCRT@_W@ATL@@@@@0@AEBV10@PEB_W@Z 0000000140012cf0 f i MFCEditView.obj
 0001:00011d60       ??1?$basic_string@_WU?$char_traits@_W@std@@V?$allocator@_W@2@@std@@QEAA@XZ 0000000140012d60 f i MFCEditView.obj
 0001:00011dd0       ?_Xlen_string@std@@YAXXZ   0000000140012dd0 f i MFCEditView.obj
 0001:00011df0       ??0bad_array_new_length@std@@QEAA@XZ 0000000140012df0 f i MFCEditView.obj
 0001:00011e20       ??0bad_array_new_length@std@@QEAA@AEBV01@@Z 0000000140012e20 f i MFCEditView.obj
 0001:00011e60       ??0bad_alloc@std@@QEAA@AEBV01@@Z 0000000140012e60 f i MFCEditView.obj
 0001:00011ea0       ??0exception@std@@QEAA@AEBV01@@Z 0000000140012ea0 f i MFCEditView.obj
 0001:00011ee0       ?_Throw_bad_array_new_length@std@@YAXXZ 0000000140012ee0 f i MFCEditView.obj
 0001:00011f00       ??$_Construct@$00PEB_W@?$basic_string@_WU?$char_traits@_W@std@@V?$allocator@_W@2@@std@@AEAAXQEB_W_K@Z 0000000140012f00 f i MFCEditView.obj
 0001:00012030       ??0?$basic_string@_WU?$char_traits@_W@std@@V?$allocator@_W@2@@std@@QEAA@QEB_W@Z 0000000140013030 f i MFCEditView.obj
 0001:00012070       ??_ECComboBox@@UEAAPEAXI@Z 0000000140013070 f i * CIL library *:* CIL module *
 0001:00012070       ??_GCComboBox@@UEAAPEAXI@Z 0000000140013070 f i MFCEditView.obj
 0001:000120c0       ?what@exception@std@@UEBAPEBDXZ 00000001400130c0 f i MFCEditView.obj
 0001:000120e0       ?_AtlInitializeCriticalSectionEx@ATL@@YAHPEAU_RTL_CRITICAL_SECTION@@KK@Z 00000001400130e0 f i pch.obj
 0001:000120e7       ??3@YAXPEAX@Z              00000001400130e7 f   mfc140u:mfc140u.dll
 0001:000120ed       ?GetThisMessageMap@CFrameWnd@@KAPEBUAFX_MSGMAP@@XZ 00000001400130ed f   mfc140u:mfc140u.dll
 0001:000120f3       ?OnCmdMsg@CFrameWnd@@UEAAHIHPEAXPEAUAFX_CMDHANDLERINFO@@@Z 00000001400130f3 f   mfc140u:mfc140u.dll
 0001:000120f9       ?OnFinalRelease@CWnd@@UEAAXXZ 00000001400130f9 f   mfc140u:mfc140u.dll
 0001:000120ff       ?IsInvokeAllowed@CCmdTarget@@UEAAHJ@Z 00000001400130ff f   mfc140u:mfc140u.dll
 0001:00012105       ?GetDispatchIID@CCmdTarget@@UEAAHPEAU_GUID@@@Z 0000000140013105 f   mfc140u:mfc140u.dll
 0001:0001210b       ?GetTypeInfoCount@CCmdTarget@@UEAAIXZ 000000014001310b f   mfc140u:mfc140u.dll
 0001:00012111       ?GetTypeLibCache@CCmdTarget@@UEAAPEAVCTypeLibCache@@XZ 0000000140013111 f   mfc140u:mfc140u.dll
 0001:00012117       ?GetTypeLib@CCmdTarget@@UEAAJKPEAPEAUITypeLib@@@Z 0000000140013117 f   mfc140u:mfc140u.dll
 0001:0001211d       ?GetCommandMap@CCmdTarget@@MEBAPEBUAFX_OLECMDMAP@@XZ 000000014001311d f   mfc140u:mfc140u.dll
 0001:00012123       ?GetDispatchMap@CCmdTarget@@MEBAPEBUAFX_DISPMAP@@XZ 0000000140013123 f   mfc140u:mfc140u.dll
 0001:00012129       ?GetConnectionMap@CCmdTarget@@MEBAPEBUAFX_CONNECTIONMAP@@XZ 0000000140013129 f   mfc140u:mfc140u.dll
 0001:0001212f       ?GetInterfaceMap@CWnd@@MEBAPEBUAFX_INTERFACEMAP@@XZ 000000014001312f f   mfc140u:mfc140u.dll
 0001:00012135       ?GetEventSinkMap@CCmdTarget@@MEBAPEBUAFX_EVENTSINKMAP@@XZ 0000000140013135 f   mfc140u:mfc140u.dll
 0001:0001213b       ?OnCreateAggregates@CCmdTarget@@UEAAHXZ 000000014001313b f   mfc140u:mfc140u.dll
 0001:00012141       ?GetInterfaceHook@CCmdTarget@@UEAAPEAUIUnknown@@PEBX@Z 0000000140013141 f   mfc140u:mfc140u.dll
 0001:00012147       ?GetExtraConnectionPoints@CCmdTarget@@MEAAHPEAVCPtrArray@@@Z 0000000140013147 f   mfc140u:mfc140u.dll
 0001:0001214d       ?GetConnectionHook@CCmdTarget@@MEAAPEAUIConnectionPoint@@AEBU_GUID@@@Z 000000014001314d f   mfc140u:mfc140u.dll
 0001:00012153       ?PreSubclassWindow@CWnd@@UEAAXXZ 0000000140013153 f   mfc140u:mfc140u.dll
 0001:00012159       ?Create@CWnd@@UEAAHPEB_W0KAEBUtagRECT@@PEAV1@IPEAUCCreateContext@@@Z 0000000140013159 f   mfc140u:mfc140u.dll
 0001:0001215f       ?CreateEx@CWnd@@UEAAHKPEB_W0KAEBUtagRECT@@PEAV1@IPEAX@Z 000000014001315f f   mfc140u:mfc140u.dll
 0001:00012165       ?CreateEx@CWnd@@UEAAHKPEB_W0KHHHHPEAUHWND__@@PEAUHMENU__@@PEAX@Z 0000000140013165 f   mfc140u:mfc140u.dll
 0001:0001216b       ?DestroyWindow@CWnd@@UEAAHXZ 000000014001316b f   mfc140u:mfc140u.dll
 0001:00012171       ?CalcWindowRect@CWnd@@UEAAXPEAUtagRECT@@I@Z 0000000140013171 f   mfc140u:mfc140u.dll
 0001:00012177       ?GetMenu@CFrameWnd@@UEBAPEAVCMenu@@XZ 0000000140013177 f   mfc140u:mfc140u.dll
 0001:0001217d       ?SetMenu@CFrameWnd@@UEAAHPEAVCMenu@@@Z 000000014001317d f   mfc140u:mfc140u.dll
 0001:00012183       ?OnToolHitTest@CWnd@@UEBA_JVCPoint@@PEAUtagTOOLINFOW@@@Z 0000000140013183 f   mfc140u:mfc140u.dll
 0001:00012189       ?GetScrollBarCtrl@CWnd@@UEBAPEAVCScrollBar@@H@Z 0000000140013189 f   mfc140u:mfc140u.dll
 0001:0001218f       ?WinHelpW@CWnd@@UEAAX_KI@Z 000000014001318f f   mfc140u:mfc140u.dll
 0001:00012195       ?HtmlHelpW@CWnd@@UEAAX_KI@Z 0000000140013195 f   mfc140u:mfc140u.dll
 0001:0001219b       ?WinHelpInternal@CWnd@@UEAAX_KI@Z 000000014001319b f   mfc140u:mfc140u.dll
 0001:000121a1       ?ContinueModal@CWnd@@UEAAHXZ 00000001400131a1 f   mfc140u:mfc140u.dll
 0001:000121a7       ?EndModalLoop@CWnd@@UEAAXH@Z 00000001400131a7 f   mfc140u:mfc140u.dll
 0001:000121ad       ?OnDrawIconicThumbnailOrLivePreview@CWnd@@UEAAXAEAVCDC@@VCRect@@VCSize@@HAEAH@Z 00000001400131ad f   mfc140u:mfc140u.dll
 0001:000121b3       ?EnsureStdObj@CWnd@@UEAAJXZ 00000001400131b3 f   mfc140u:mfc140u.dll
 0001:000121b9       ?get_accParent@CWnd@@UEAAJPEAPEAUIDispatch@@@Z 00000001400131b9 f   mfc140u:mfc140u.dll
 0001:000121bf       ?get_accChildCount@CWnd@@UEAAJPEAJ@Z 00000001400131bf f   mfc140u:mfc140u.dll
 0001:000121c5       ?get_accChild@CWnd@@UEAAJUtagVARIANT@@PEAPEAUIDispatch@@@Z 00000001400131c5 f   mfc140u:mfc140u.dll
 0001:000121cb       ?get_accName@CWnd@@UEAAJUtagVARIANT@@PEAPEA_W@Z 00000001400131cb f   mfc140u:mfc140u.dll
 0001:000121d1       ?get_accValue@CWnd@@UEAAJUtagVARIANT@@PEAPEA_W@Z 00000001400131d1 f   mfc140u:mfc140u.dll
 0001:000121d7       ?get_accDescription@CWnd@@UEAAJUtagVARIANT@@PEAPEA_W@Z 00000001400131d7 f   mfc140u:mfc140u.dll
 0001:000121dd       ?get_accRole@CWnd@@UEAAJUtagVARIANT@@PEAU2@@Z 00000001400131dd f   mfc140u:mfc140u.dll
 0001:000121e3       ?get_accState@CWnd@@UEAAJUtagVARIANT@@PEAU2@@Z 00000001400131e3 f   mfc140u:mfc140u.dll
 0001:000121e9       ?get_accHelp@CWnd@@UEAAJUtagVARIANT@@PEAPEA_W@Z 00000001400131e9 f   mfc140u:mfc140u.dll
 0001:000121ef       ?get_accHelpTopic@CWnd@@UEAAJPEAPEA_WUtagVARIANT@@PEAJ@Z 00000001400131ef f   mfc140u:mfc140u.dll
 0001:000121f5       ?get_accKeyboardShortcut@CWnd@@UEAAJUtagVARIANT@@PEAPEA_W@Z 00000001400131f5 f   mfc140u:mfc140u.dll
 0001:000121fb       ?get_accFocus@CWnd@@UEAAJPEAUtagVARIANT@@@Z 00000001400131fb f   mfc140u:mfc140u.dll
 0001:00012201       ?get_accSelection@CWnd@@UEAAJPEAUtagVARIANT@@@Z 0000000140013201 f   mfc140u:mfc140u.dll
 0001:00012207       ?get_accDefaultAction@CWnd@@UEAAJUtagVARIANT@@PEAPEA_W@Z 0000000140013207 f   mfc140u:mfc140u.dll
 0001:0001220d       ?accSelect@CWnd@@UEAAJJUtagVARIANT@@@Z 000000014001320d f   mfc140u:mfc140u.dll
 0001:00012213       ?accLocation@CWnd@@UEAAJPEAJ000UtagVARIANT@@@Z 0000000140013213 f   mfc140u:mfc140u.dll
 0001:00012219       ?accNavigate@CWnd@@UEAAJJUtagVARIANT@@PEAU2@@Z 0000000140013219 f   mfc140u:mfc140u.dll
 0001:0001221f       ?accHitTest@CWnd@@UEAAJJJPEAUtagVARIANT@@@Z 000000014001321f f   mfc140u:mfc140u.dll
 0001:00012225       ?accDoDefaultAction@CWnd@@UEAAJUtagVARIANT@@@Z 0000000140013225 f   mfc140u:mfc140u.dll
 0001:0001222b       ?put_accName@CWnd@@UEAAJUtagVARIANT@@PEA_W@Z 000000014001322b f   mfc140u:mfc140u.dll
 0001:00012231       ?put_accValue@CWnd@@UEAAJUtagVARIANT@@PEA_W@Z 0000000140013231 f   mfc140u:mfc140u.dll
 0001:00012237       ?SetProxy@CWnd@@UEAAJPEAUIAccessibleProxy@@@Z 0000000140013237 f   mfc140u:mfc140u.dll
 0001:0001223d       ?CreateAccessibleProxy@CWnd@@UEAAJ_K_JPEA_J@Z 000000014001323d f   mfc140u:mfc140u.dll
 0001:00012243       ?OnCommand@CFrameWnd@@MEAAH_K_J@Z 0000000140013243 f   mfc140u:mfc140u.dll
 0001:00012249       ?OnNotify@CWnd@@MEAAH_K_JPEA_J@Z 0000000140013249 f   mfc140u:mfc140u.dll
 0001:0001224f       ?GetSuperWndProcAddr@CWnd@@MEAAPEAP6A_JPEAUHWND__@@I_K_J@ZXZ 000000014001324f f   mfc140u:mfc140u.dll
 0001:00012255       ?BeginModalState@CFrameWnd@@UEAAXXZ 0000000140013255 f   mfc140u:mfc140u.dll
 0001:0001225b       ?EndModalState@CFrameWnd@@UEAAXXZ 000000014001325b f   mfc140u:mfc140u.dll
 0001:00012261       ?PreTranslateMessage@CFrameWnd@@UEAAHPEAUtagMSG@@@Z 0000000140013261 f   mfc140u:mfc140u.dll
 0001:00012267       ?OnAmbientProperty@CWnd@@UEAAHPEAVCOleControlSite@@JPEAUtagVARIANT@@@Z 0000000140013267 f   mfc140u:mfc140u.dll
 0001:0001226d       ?WindowProc@CWnd@@MEAA_JI_K_J@Z 000000014001326d f   mfc140u:mfc140u.dll
 0001:00012273       ?OnWndMsg@CWnd@@MEAAHI_K_JPEA_J@Z 0000000140013273 f   mfc140u:mfc140u.dll
 0001:00012279       ?DefWindowProcW@CWnd@@MEAA_JI_K_J@Z 0000000140013279 f   mfc140u:mfc140u.dll
 0001:0001227f       ?PostNcDestroy@CFrameWnd@@MEAAXXZ 000000014001327f f   mfc140u:mfc140u.dll
 0001:00012285       ?OnChildNotify@CWnd@@MEAAHI_K_JPEA_J@Z 0000000140013285 f   mfc140u:mfc140u.dll
 0001:0001228b       ?OnTouchInputs@CWnd@@MEAAHIPEAUtagTOUCHINPUT@@@Z 000000014001328b f   mfc140u:mfc140u.dll
 0001:00012291       ?OnTouchInput@CWnd@@MEAAHVCPoint@@HHPEAUtagTOUCHINPUT@@@Z 0000000140013291 f   mfc140u:mfc140u.dll
 0001:00012297       ?GetGestureStatus@CWnd@@MEAAKVCPoint@@@Z 0000000140013297 f   mfc140u:mfc140u.dll
 0001:0001229d       ?OnGestureZoom@CWnd@@MEAAHVCPoint@@J@Z 000000014001329d f   mfc140u:mfc140u.dll
 0001:000122a3       ?OnGesturePan@CWnd@@MEAAHVCPoint@@0@Z 00000001400132a3 f   mfc140u:mfc140u.dll
 0001:000122a9       ?OnGestureRotate@CWnd@@MEAAHVCPoint@@N@Z 00000001400132a9 f   mfc140u:mfc140u.dll
 0001:000122af       ?OnGestureTwoFingerTap@CWnd@@MEAAHVCPoint@@@Z 00000001400132af f   mfc140u:mfc140u.dll
 0001:000122b5       ?OnGesturePressAndTap@CWnd@@MEAAHVCPoint@@J@Z 00000001400132b5 f   mfc140u:mfc140u.dll
 0001:000122bb       ?ResizeDynamicLayout@CWnd@@MEAAXXZ 00000001400132bb f   mfc140u:mfc140u.dll
 0001:000122c1       ?CheckAutoCenter@CWnd@@UEAAHXZ 00000001400132c1 f   mfc140u:mfc140u.dll
 0001:000122c7       ?IsFrameWnd@CFrameWnd@@UEBAHXZ 00000001400132c7 f   mfc140u:mfc140u.dll
 0001:000122cd       ?CreateControlContainer@CWnd@@MEAAHPEAPEAVCOleControlContainer@@@Z 00000001400132cd f   mfc140u:mfc140u.dll
 0001:000122d3       ?CreateControlSite@CWnd@@MEAAHPEAVCOleControlContainer@@PEAPEAVCOleControlSite@@IAEBU_GUID@@@Z 00000001400132d3 f   mfc140u:mfc140u.dll
 0001:000122d9       ?SetOccDialogInfo@CWnd@@MEAAHPEAU_AFX_OCC_DIALOG_INFO@@@Z 00000001400132d9 f   mfc140u:mfc140u.dll
 0001:000122df       ?GetOccDialogInfo@CWnd@@MEAAPEAU_AFX_OCC_DIALOG_INFO@@XZ 00000001400132df f   mfc140u:mfc140u.dll
 0001:000122e5       ?Create@CFrameWnd@@UEAAHPEB_W0KAEBUtagRECT@@PEAVCWnd@@0KPEAUCCreateContext@@@Z 00000001400132e5 f   mfc140u:mfc140u.dll
 0001:000122eb       ?LoadFrame@CFrameWnd@@UEAAHIKPEAVCWnd@@PEAUCCreateContext@@@Z 00000001400132eb f   mfc140u:mfc140u.dll
 0001:000122f1       ?GetActiveDocument@CFrameWnd@@UEAAPEAVCDocument@@XZ 00000001400132f1 f   mfc140u:mfc140u.dll
 0001:000122f7       ?GetActiveFrame@CFrameWnd@@UEAAPEAV1@XZ 00000001400132f7 f   mfc140u:mfc140u.dll
 0001:000122fd       ?GetMessageString@CFrameWnd@@UEBAXIAEAV?$CStringT@_WV?$StrTraitMFC_DLL@_WV?$ChTraitsCRT@_W@ATL@@@@@ATL@@@Z 00000001400132fd f   mfc140u:mfc140u.dll
 0001:00012303       ?RecalcLayout@CFrameWnd@@UEAAXH@Z 0000000140013303 f   mfc140u:mfc140u.dll
 0001:00012309       ?ActivateFrame@CFrameWnd@@UEAAXH@Z 0000000140013309 f   mfc140u:mfc140u.dll
 0001:0001230f       ?SetMenuBarVisibility@CFrameWnd@@UEAAXK@Z 000000014001330f f   mfc140u:mfc140u.dll
 0001:00012315       ?GetMenuBarVisibility@CFrameWnd@@UEBAKXZ 0000000140013315 f   mfc140u:mfc140u.dll
 0001:0001231b       ?SetMenuBarState@CFrameWnd@@UEAAHK@Z 000000014001331b f   mfc140u:mfc140u.dll
 0001:00012321       ?GetMenuBarState@CFrameWnd@@UEBAKXZ 0000000140013321 f   mfc140u:mfc140u.dll
 0001:00012327       ?OnSetPreviewMode@CFrameWnd@@UEAAXHPEAUCPrintPreviewState@@@Z 0000000140013327 f   mfc140u:mfc140u.dll
 0001:0001232d       ?GetMessageBar@CFrameWnd@@UEAAPEAVCWnd@@XZ 000000014001332d f   mfc140u:mfc140u.dll
 0001:00012333       ?NegotiateBorderSpace@CFrameWnd@@UEAAHIPEAUtagRECT@@@Z 0000000140013333 f   mfc140u:mfc140u.dll
 0001:00012339       ?OnCreateClient@CFrameWnd@@MEAAHPEAUtagCREATESTRUCTW@@PEAUCCreateContext@@@Z 0000000140013339 f   mfc140u:mfc140u.dll
 0001:0001233f       ?OnUpdateFrameTitle@CFrameWnd@@UEAAXH@Z 000000014001333f f   mfc140u:mfc140u.dll
 0001:00012345       ?OnUpdateFrameMenu@CFrameWnd@@UEAAXPEAUHMENU__@@@Z 0000000140013345 f   mfc140u:mfc140u.dll
 0001:0001234b       ?GetDefaultAccelerator@CFrameWnd@@UEAAPEAUHACCEL__@@XZ 000000014001334b f   mfc140u:mfc140u.dll
 0001:00012351       ?DelayUpdateFrameMenu@CFrameWnd@@UEAAXPEAUHMENU__@@@Z 0000000140013351 f   mfc140u:mfc140u.dll
 0001:00012357       ?ExitHelpMode@CFrameWnd@@UEAAXXZ 0000000140013357 f   mfc140u:mfc140u.dll
 0001:0001235d       ?OnShowMenuBar@CFrameWnd@@MEAAXXZ 000000014001335d f   mfc140u:mfc140u.dll
 0001:00012363       ?OnHideMenuBar@CFrameWnd@@MEAAXXZ 0000000140013363 f   mfc140u:mfc140u.dll
 0001:00012369       ?OnFileNew@CWinApp@@IEAAXXZ 0000000140013369 f   mfc140u:mfc140u.dll
 0001:0001236f       ?OnFileOpen@CWinApp@@IEAAXXZ 000000014001336f f   mfc140u:mfc140u.dll
 0001:00012375       ?OnFilePrintSetup@CWinApp@@IEAAXXZ 0000000140013375 f   mfc140u:mfc140u.dll
 0001:0001237b       ?GetThisMessageMap@CWinApp@@KAPEBUAFX_MSGMAP@@XZ 000000014001337b f   mfc140u:mfc140u.dll
 0001:00012381       ??1CCommandLineInfo@@UEAA@XZ 0000000140013381 f   mfc140u:mfc140u.dll
 0001:00012387       ??1?$CStringT@_WV?$StrTraitMFC_DLL@_WV?$ChTraitsCRT@_W@ATL@@@@@ATL@@QEAA@XZ 0000000140013387 f   mfc140u:mfc140u.dll
 0001:0001238d       ?GetRuntimeClass@CGdiObject@@UEBAPEAUCRuntimeClass@@XZ 000000014001338d f   mfc140u:mfc140u.dll
 0001:00012393       ?GetRuntimeClass@CBrush@@UEBAPEAUCRuntimeClass@@XZ 0000000140013393 f   mfc140u:mfc140u.dll
 0001:00012399       ?GetThisMessageMap@CDialogEx@@KAPEBUAFX_MSGMAP@@XZ 0000000140013399 f   mfc140u:mfc140u.dll
 0001:0001239f       ?DoModal@CDialog@@UEAA_JXZ 000000014001339f f   mfc140u:mfc140u.dll
 0001:000123a5       ?GetRuntimeClass@CWinApp@@UEBAPEAUCRuntimeClass@@XZ 00000001400133a5 f   mfc140u:mfc140u.dll
 0001:000123ab       ?OnCmdMsg@CCmdTarget@@UEAAHIHPEAXPEAUAFX_CMDHANDLERINFO@@@Z 00000001400133ab f   mfc140u:mfc140u.dll
 0001:000123b1       ?OnFinalRelease@CCmdTarget@@UEAAXXZ 00000001400133b1 f   mfc140u:mfc140u.dll
 0001:000123b7       ?GetInterfaceMap@CCmdTarget@@MEBAPEBUAFX_INTERFACEMAP@@XZ 00000001400133b7 f   mfc140u:mfc140u.dll
 0001:000123bd       ?Run@CWinApp@@UEAAHXZ      00000001400133bd f   mfc140u:mfc140u.dll
 0001:000123c3       ?PreTranslateMessage@CWinThread@@UEAAHPEAUtagMSG@@@Z 00000001400133c3 f   mfc140u:mfc140u.dll
 0001:000123c9       ?PumpMessage@CWinThread@@UEAAHXZ 00000001400133c9 f   mfc140u:mfc140u.dll
 0001:000123cf       ?OnIdle@CWinApp@@UEAAHJ@Z  00000001400133cf f   mfc140u:mfc140u.dll
 0001:000123d5       ?IsIdleMessage@CWinThread@@UEAAHPEAUtagMSG@@@Z 00000001400133d5 f   mfc140u:mfc140u.dll
 0001:000123db       ?ProcessWndProcException@CWinApp@@UEAA_JPEAVCException@@PEBUtagMSG@@@Z 00000001400133db f   mfc140u:mfc140u.dll
 0001:000123e1       ?ProcessMessageFilter@CWinThread@@UEAAHHPEAUtagMSG@@@Z 00000001400133e1 f   mfc140u:mfc140u.dll
 0001:000123e7       ?GetMainWnd@CWinThread@@UEAAPEAVCWnd@@XZ 00000001400133e7 f   mfc140u:mfc140u.dll
 0001:000123ed       ?Delete@CWinThread@@UEAAXXZ 00000001400133ed f   mfc140u:mfc140u.dll
 0001:000123f3       ?GetProfileIntW@CWinApp@@UEAAIPEB_W0H@Z 00000001400133f3 f   mfc140u:mfc140u.dll
 0001:000123f9       ?WriteProfileInt@CWinApp@@UEAAHPEB_W0H@Z 00000001400133f9 f   mfc140u:mfc140u.dll
 0001:000123ff       ?GetProfileStringW@CWinApp@@UEAA?AV?$CStringT@_WV?$StrTraitMFC_DLL@_WV?$ChTraitsCRT@_W@ATL@@@@@ATL@@PEB_W00@Z 00000001400133ff f   mfc140u:mfc140u.dll
 0001:00012405       ?WriteProfileStringW@CWinApp@@UEAAHPEB_W00@Z 0000000140013405 f   mfc140u:mfc140u.dll
 0001:0001240b       ?GetProfileBinary@CWinApp@@UEAAHPEB_W0PEAPEAEPEAI@Z 000000014001340b f   mfc140u:mfc140u.dll
 0001:00012411       ?WriteProfileBinary@CWinApp@@UEAAHPEB_W0PEAEI@Z 0000000140013411 f   mfc140u:mfc140u.dll
 0001:00012417       ?InitLibId@CWinApp@@UEAAXXZ 0000000140013417 f   mfc140u:mfc140u.dll
 0001:0001241d       ?Register@CWinApp@@UEAAHXZ 000000014001341d f   mfc140u:mfc140u.dll
 0001:00012423       ?Unregister@CWinApp@@UEAAHXZ 0000000140013423 f   mfc140u:mfc140u.dll
 0001:00012429       ?OpenDocumentFile@CWinApp@@UEAAPEAVCDocument@@PEB_WH@Z 0000000140013429 f   mfc140u:mfc140u.dll
 0001:0001242f       ?OpenDocumentFile@CWinApp@@UEAAPEAVCDocument@@PEB_W@Z 000000014001342f f   mfc140u:mfc140u.dll
 0001:00012435       ?AddToRecentFileList@CWinApp@@UEAAXPEB_W@Z 0000000140013435 f   mfc140u:mfc140u.dll
 0001:0001243b       ?InitApplication@CWinApp@@UEAAHXZ 000000014001343b f   mfc140u:mfc140u.dll
 0001:00012441       ?SaveAllModified@CWinApp@@UEAAHXZ 0000000140013441 f   mfc140u:mfc140u.dll
 0001:00012447       ?DoMessageBox@CWinApp@@UEAAHPEB_WII@Z 0000000140013447 f   mfc140u:mfc140u.dll
 0001:0001244d       ?DoWaitCursor@CWinApp@@UEAAXH@Z 000000014001344d f   mfc140u:mfc140u.dll
 0001:00012453       ?OnDDECommand@CWinApp@@UEAAHPEA_W@Z 0000000140013453 f   mfc140u:mfc140u.dll
 0001:00012459       ?WinHelpW@CWinApp@@UEAAX_KI@Z 0000000140013459 f   mfc140u:mfc140u.dll
 0001:0001245f       ?HtmlHelpW@CWinApp@@UEAAX_KI@Z 000000014001345f f   mfc140u:mfc140u.dll
 0001:00012465       ?WinHelpInternal@CWinApp@@UEAAX_KI@Z 0000000140013465 f   mfc140u:mfc140u.dll
 0001:0001246b       ?RegisterWithRestartManager@CWinApp@@UEAAJPEB_WKP6AKPEAX@Z1KK@Z 000000014001346b f   mfc140u:mfc140u.dll
 0001:00012471       ?RegisterWithRestartManager@CWinApp@@UEAAJHAEBV?$CStringT@_WV?$StrTraitMFC_DLL@_WV?$ChTraitsCRT@_W@ATL@@@@@ATL@@@Z 0000000140013471 f   mfc140u:mfc140u.dll
 0001:00012477       ?ApplicationRecoveryCallback@CWinApp@@UEAAKPEAX@Z 0000000140013477 f   mfc140u:mfc140u.dll
 0001:0001247d       ?GetDataRecoveryHandler@CWinApp@@UEAAPEAVCDataRecoveryHandler@@XZ 000000014001347d f   mfc140u:mfc140u.dll
 0001:00012483       ?IsTaskbarInteractionEnabled@CWinApp@@UEAAHXZ 0000000140013483 f   mfc140u:mfc140u.dll
 0001:00012489       ?RestartInstance@CWinApp@@UEAAHXZ 0000000140013489 f   mfc140u:mfc140u.dll
 0001:0001248f       ?LoadAppLangResourceDLL@CWinApp@@UEAAPEAUHINSTANCE__@@XZ 000000014001348f f   mfc140u:mfc140u.dll
 0001:00012495       ?LoadSysPolicies@CWinApp@@UEAAHXZ 0000000140013495 f   mfc140u:mfc140u.dll
 0001:0001249b       ?GetRuntimeClass@CDialogEx@@UEBAPEAUCRuntimeClass@@XZ 000000014001349b f   mfc140u:mfc140u.dll
 0001:000124a1       ?OnCmdMsg@CDialog@@UEAAHIHPEAXPEAUAFX_CMDHANDLERINFO@@@Z 00000001400134a1 f   mfc140u:mfc140u.dll
 0001:000124a7       ?PreCreateWindow@CWnd@@UEAAHAEAUtagCREATESTRUCTW@@@Z 00000001400134a7 f   mfc140u:mfc140u.dll
 0001:000124ad       ?GetMenu@CWnd@@UEBAPEAVCMenu@@XZ 00000001400134ad f   mfc140u:mfc140u.dll
 0001:000124b3       ?SetMenu@CWnd@@UEAAHPEAVCMenu@@@Z 00000001400134b3 f   mfc140u:mfc140u.dll
 0001:000124b9       ?OnCommand@CDialogEx@@MEAAH_K_J@Z 00000001400134b9 f   mfc140u:mfc140u.dll
 0001:000124bf       ?PreTranslateMessage@CDialogEx@@UEAAHPEAUtagMSG@@@Z 00000001400134bf f   mfc140u:mfc140u.dll
 0001:000124c5       ?PostNcDestroy@CWnd@@MEAAXXZ 00000001400134c5 f   mfc140u:mfc140u.dll
 0001:000124cb       ?CheckAutoCenter@CDialog@@UEAAHXZ 00000001400134cb f   mfc140u:mfc140u.dll
 0001:000124d1       ?IsFrameWnd@CWnd@@UEBAHXZ  00000001400134d1 f   mfc140u:mfc140u.dll
 0001:000124d7       ?SetOccDialogInfo@CDialog@@MEAAHPEAU_AFX_OCC_DIALOG_INFO@@@Z 00000001400134d7 f   mfc140u:mfc140u.dll
 0001:000124dd       ?GetOccDialogInfo@CDialog@@MEAAPEAU_AFX_OCC_DIALOG_INFO@@XZ 00000001400134dd f   mfc140u:mfc140u.dll
 0001:000124e3       ?Create@CDialog@@UEAAHPEB_WPEAVCWnd@@@Z 00000001400134e3 f   mfc140u:mfc140u.dll
 0001:000124e9       ?CreateIndirect@CDialog@@UEAAHPEAXPEAVCWnd@@@Z 00000001400134e9 f   mfc140u:mfc140u.dll
 0001:000124ef       ?CreateIndirect@CDialog@@UEAAHPEBUDLGTEMPLATE@@PEAVCWnd@@PEAX@Z 00000001400134ef f   mfc140u:mfc140u.dll
 0001:000124f5       ?OnInitDialog@CDialog@@UEAAHXZ 00000001400134f5 f   mfc140u:mfc140u.dll
 0001:000124fb       ?OnSetFont@CDialog@@UEAAXPEAVCFont@@@Z 00000001400134fb f   mfc140u:mfc140u.dll
 0001:00012501       ?OnOK@CDialog@@MEAAXXZ     0000000140013501 f   mfc140u:mfc140u.dll
 0001:00012507       ?OnCancel@CDialog@@MEAAXXZ 0000000140013507 f   mfc140u:mfc140u.dll
 0001:0001250d       ?PreInitDialog@CDialog@@MEAAXXZ 000000014001350d f   mfc140u:mfc140u.dll
 0001:00012513       ?GetThisMessageMap@CDocument@@KAPEBUAFX_MSGMAP@@XZ 0000000140013513 f   mfc140u:mfc140u.dll
 0001:00012519       ?OnCmdMsg@CDocument@@UEAAHIHPEAXPEAUAFX_CMDHANDLERINFO@@@Z 0000000140013519 f   mfc140u:mfc140u.dll
 0001:0001251f       ?OnFinalRelease@CDocument@@UEAAXXZ 000000014001351f f   mfc140u:mfc140u.dll
 0001:00012525       ?GetInterfaceMap@CDocument@@MEBAPEBUAFX_INTERFACEMAP@@XZ 0000000140013525 f   mfc140u:mfc140u.dll
 0001:0001252b       ?FindChunk@CDocument@@UEAAPEAU__POSITION@@AEBU_GUID@@K@Z 000000014001352b f   mfc140u:mfc140u.dll
 0001:00012531       ?RemoveChunk@CDocument@@UEAAXAEBU_GUID@@K@Z 0000000140013531 f   mfc140u:mfc140u.dll
 0001:00012537       ?ReadNextChunkValue@CDocument@@UEAAHPEAPEAUIFilterChunkValue@ATL@@@Z 0000000140013537 f   mfc140u:mfc140u.dll
 0001:0001253d       ?SetChunkValue@CDocument@@UEAAHPEAUIFilterChunkValue@ATL@@@Z 000000014001353d f   mfc140u:mfc140u.dll
 0001:00012543       ?ClearChunkList@CDocument@@UEAAXXZ 0000000140013543 f   mfc140u:mfc140u.dll
 0001:00012549       ?GetThumbnail@CDocument@@UEAAHIPEAPEAUHBITMAP__@@PEAW4WTS_ALPHATYPE@@@Z 0000000140013549 f   mfc140u:mfc140u.dll
 0001:0001254f       ?BeginReadChunks@CDocument@@UEAAXXZ 000000014001354f f   mfc140u:mfc140u.dll
 0001:00012555       ?LoadDocumentFromStream@CDocument@@UEAAJPEAUIStream@@K@Z 0000000140013555 f   mfc140u:mfc140u.dll
 0001:0001255b       ?SetTitle@CDocument@@UEAAXPEB_W@Z 000000014001355b f   mfc140u:mfc140u.dll
 0001:00012561       ?SetPathName@CDocument@@UEAAXPEB_WH@Z 0000000140013561 f   mfc140u:mfc140u.dll
 0001:00012567       ?ClearPathName@CDocument@@UEAAXXZ 0000000140013567 f   mfc140u:mfc140u.dll
 0001:0001256d       ?GetFirstViewPosition@CDocument@@UEBAPEAU__POSITION@@XZ 000000014001356d f   mfc140u:mfc140u.dll
 0001:00012573       ?GetNextView@CDocument@@UEBAPEAVCView@@AEAPEAU__POSITION@@@Z 0000000140013573 f   mfc140u:mfc140u.dll
 0001:00012579       ?OnChangedViewList@CDocument@@UEAAXXZ 0000000140013579 f   mfc140u:mfc140u.dll
 0001:0001257f       ?DeleteContents@CDocument@@UEAAXXZ 000000014001357f f   mfc140u:mfc140u.dll
 0001:00012585       ?OnOpenDocument@CDocument@@UEAAHPEB_W@Z 0000000140013585 f   mfc140u:mfc140u.dll
 0001:0001258b       ?OnSaveDocument@CDocument@@UEAAHPEB_W@Z 000000014001358b f   mfc140u:mfc140u.dll
 0001:00012591       ?OnCloseDocument@CDocument@@UEAAXXZ 0000000140013591 f   mfc140u:mfc140u.dll
 0001:00012597       ?ReportSaveLoadException@CDocument@@UEAAXPEB_WPEAVCException@@HI@Z 0000000140013597 f   mfc140u:mfc140u.dll
 0001:0001259d       ?GetFile@CDocument@@UEAAPEAVCFile@@PEB_WIPEAVCFileException@@@Z 000000014001359d f   mfc140u:mfc140u.dll
 0001:000125a3       ?ReleaseFile@CDocument@@UEAAXPEAVCFile@@H@Z 00000001400135a3 f   mfc140u:mfc140u.dll
 0001:000125a9       ?OnRichPreviewUnload@CDocument@@UEAAXXZ 00000001400135a9 f   mfc140u:mfc140u.dll
 0001:000125af       ?OnDocumentEvent@CDocument@@UEAAXW4DocumentEvent@1@@Z 00000001400135af f   mfc140u:mfc140u.dll
 0001:000125b5       ?CanCloseFrame@CDocument@@UEAAHPEAVCFrameWnd@@@Z 00000001400135b5 f   mfc140u:mfc140u.dll
 0001:000125bb       ?SaveModified@CDocument@@UEAAHXZ 00000001400135bb f   mfc140u:mfc140u.dll
 0001:000125c1       ?PreCloseFrame@CDocument@@UEAAXPEAVCFrameWnd@@@Z 00000001400135c1 f   mfc140u:mfc140u.dll
 0001:000125c7       ?DoSave@CDocument@@UEAAHPEB_WH@Z 00000001400135c7 f   mfc140u:mfc140u.dll
 0001:000125cd       ?DoFileSave@CDocument@@UEAAHXZ 00000001400135cd f   mfc140u:mfc140u.dll
 0001:000125d3       ?UpdateFrameCounts@CDocument@@UEAAXXZ 00000001400135d3 f   mfc140u:mfc140u.dll
 0001:000125d9       ?GetDefaultMenu@CDocument@@UEAAPEAUHMENU__@@XZ 00000001400135d9 f   mfc140u:mfc140u.dll
 0001:000125df       ?GetDefaultAccelerator@CDocument@@UEAAPEAUHACCEL__@@XZ 00000001400135df f   mfc140u:mfc140u.dll
 0001:000125e5       ?OnIdle@CDocument@@UEAAXXZ 00000001400135e5 f   mfc140u:mfc140u.dll
 0001:000125eb       ?OnLoadDocumentFromStream@CDocument@@UEAAJPEAUIStream@@K@Z 00000001400135eb f   mfc140u:mfc140u.dll
 0001:000125f1       ?OnPreviewHandlerQueryFocus@CDocument@@UEAAJPEAPEAUHWND__@@@Z 00000001400135f1 f   mfc140u:mfc140u.dll
 0001:000125f7       ?OnPreviewHandlerTranslateAccelerator@CDocument@@UEAAJPEAUtagMSG@@@Z 00000001400135f7 f   mfc140u:mfc140u.dll
 0001:000125fd       ?OnCreatePreviewFrame@CDocument@@UEAAHXZ 00000001400135fd f   mfc140u:mfc140u.dll
 0001:00012603       ?OnUnloadHandler@CDocument@@UEAAXXZ 0000000140013603 f   mfc140u:mfc140u.dll
 0001:00012609       ?OnDrawThumbnail@CDocument@@UEAAXAEAVCDC@@PEAUtagRECT@@@Z 0000000140013609 f   mfc140u:mfc140u.dll
 0001:0001260f       ?GetThisMessageMap@CWnd@@KAPEBUAFX_MSGMAP@@XZ 000000014001360f f   mfc140u:mfc140u.dll
 0001:00012615       ?OnFilePrint@CView@@IEAAXXZ 0000000140013615 f   mfc140u:mfc140u.dll
 0001:0001261b       ?OnFilePrintPreview@CView@@IEAAXXZ 000000014001361b f   mfc140u:mfc140u.dll
 0001:00012621       ?GetThisMessageMap@CFormView@@KAPEBUAFX_MSGMAP@@XZ 0000000140013621 f   mfc140u:mfc140u.dll
 0001:00012627       ?DeleteItem@CComboBox@@UEAAXPEAUtagDELETEITEMSTRUCT@@@Z 0000000140013627 f   mfc140u:mfc140u.dll
 0001:0001262d       ?CompareItem@CComboBox@@UEAAHPEAUtagCOMPAREITEMSTRUCT@@@Z 000000014001362d f   mfc140u:mfc140u.dll
 0001:00012633       ?MeasureItem@CComboBox@@UEAAXPEAUtagMEASUREITEMSTRUCT@@@Z 0000000140013633 f   mfc140u:mfc140u.dll
 0001:00012639       ?DrawItem@CComboBox@@UEAAXPEAUtagDRAWITEMSTRUCT@@@Z 0000000140013639 f   mfc140u:mfc140u.dll
[...]
 0002:0000a324       $chain$1$?_Quantifier@?$_Parser@PEB_W_WV?$regex_traits@_W@std@@@std@@AEAAXXZ 0000000140020324     MFCEditView.obj
 0002:0000a324       $chain$3$?_Quantifier@?$_Parser@PEB_W_WV?$regex_traits@_W@std@@@std@@AEAAXXZ 0000000140020324     MFCEditView.obj
 0002:0000a334       $chain$2$?_Quantifier@?$_Parser@PEB_W_WV?$regex_traits@_W@std@@@std@@AEAAXXZ 0000000140020334     MFCEditView.obj
 0002:0000a348       $unwind$?_Add_char@?$_Builder@PEB_W_WV?$regex_traits@_W@std@@@std@@QEAAX_W@Z 0000000140020348     MFCEditView.obj
 0002:0000a35c       $unwind$?_CharacterClassEscape@?$_Parser@PEB_W_WV?$regex_traits@_W@std@@@std@@AEAA_N_N@Z 000000014002035c     MFCEditView.obj
 0002:0000a36c       $chain$0$?_CharacterClassEscape@?$_Parser@PEB_W_WV?$regex_traits@_W@std@@@std@@AEAA_N_N@Z 000000014002036c     MFCEditView.obj
 0002:0000a380       $chain$1$?_CharacterClassEscape@?$_Parser@PEB_W_WV?$regex_traits@_W@std@@@std@@AEAA_N_N@Z 0000000140020380     MFCEditView.obj
 0002:0000a390       $chain$3$?_ClassRanges@?$_Parser@PEB_W_WV?$regex_traits@_W@std@@@std@@AEAAXXZ 0000000140020390     MFCEditView.obj
 0002:0000a3b0       $chain$4$?_ClassRanges@?$_Parser@PEB_W_WV?$regex_traits@_W@std@@@std@@AEAAXXZ 00000001400203b0     MFCEditView.obj
 0002:0000a3c0       $chain$5$?_ClassRanges@?$_Parser@PEB_W_WV?$regex_traits@_W@std@@@std@@AEAAXXZ 00000001400203c0     MFCEditView.obj
 0002:0000a3e0       $chain$3$?_CharacterEscape@?$_Parser@PEB_W_WV?$regex_traits@_W@std@@@std@@AEAA_NXZ 00000001400203e0     MFCEditView.obj
 0002:0000a400       $chain$4$?_CharacterEscape@?$_Parser@PEB_W_WV?$regex_traits@_W@std@@@std@@AEAA_NXZ 0000000140020400     MFCEditView.obj
 0002:0000a410       $chain$5$?_CharacterEscape@?$_Parser@PEB_W_WV?$regex_traits@_W@std@@@std@@AEAA_NXZ 0000000140020410     MFCEditView.obj
 0002:0000a430       $unwind$?_Do_capture_group@?$_Parser@PEB_W_WV?$regex_traits@_W@std@@@std@@AEAAXXZ 0000000140020430     MFCEditView.obj
 0002:0000a43c       $chain$1$?_Do_capture_group@?$_Parser@PEB_W_WV?$regex_traits@_W@std@@@std@@AEAAXXZ 000000014002043c     MFCEditView.obj
 0002:0000a454       $chain$2$?_Do_capture_group@?$_Parser@PEB_W_WV?$regex_traits@_W@std@@@std@@AEAAXXZ 0000000140020454     MFCEditView.obj
 0002:0000a468       $unwind$?_Do_assert_group@?$_Parser@PEB_W_WV?$regex_traits@_W@std@@@std@@AEAAX_N@Z 0000000140020468     MFCEditView.obj
 0002:0000a488       $cppxdata$?_Do_assert_group@?$_Parser@PEB_W_WV?$regex_traits@_W@std@@@std@@AEAAX_N@Z 0000000140020488     MFCEditView.obj
 0002:0000a491       $stateUnwindMap$?_Do_assert_group@?$_Parser@PEB_W_WV?$regex_traits@_W@std@@@std@@AEAAX_N@Z 0000000140020491     MFCEditView.obj
 0002:0000a498       $ip2state$?_Do_assert_group@?$_Parser@PEB_W_WV?$regex_traits@_W@std@@@std@@AEAAX_N@Z 0000000140020498     MFCEditView.obj
 0002:0000a4a0       $unwind$?_Add_rep@?$_Builder@PEB_W_WV?$regex_traits@_W@std@@@std@@QEAAXHH_N@Z 00000001400204a0     MFCEditView.obj
 0002:0000a4b8       $chain$2$?_Add_rep@?$_Builder@PEB_W_WV?$regex_traits@_W@std@@@std@@QEAAXHH_N@Z 00000001400204b8     MFCEditView.obj
 0002:0000a4cc       $chain$3$?_Add_rep@?$_Builder@PEB_W_WV?$regex_traits@_W@std@@@std@@QEAAXHH_N@Z 00000001400204cc     MFCEditView.obj
 0002:0000a4dc       $chain$0$?_HexDigits@?$_Parser@PEB_W_WV?$regex_traits@_W@std@@@std@@AEAAXH@Z 00000001400204dc     MFCEditView.obj
 0002:0000a4f0       $chain$1$?_HexDigits@?$_Parser@PEB_W_WV?$regex_traits@_W@std@@@std@@AEAAXH@Z 00000001400204f0     MFCEditView.obj
 0002:0000a500       $chain$2$?_HexDigits@?$_Parser@PEB_W_WV?$regex_traits@_W@std@@@std@@AEAAXH@Z 0000000140020500     MFCEditView.obj
 0002:0000a514       $unwind$?_Add_named_class@?$_Builder@PEB_W_WV?$regex_traits@_W@std@@@std@@QEAAXF_N@Z 0000000140020514     MFCEditView.obj
 0002:0000a514       $unwind$?_Add_range@?$_Builder@PEB_W_WV?$regex_traits@_W@std@@@std@@QEAAX_W0@Z 0000000140020514     MFCEditView.obj
 0002:0000a52c       $unwind$?_Add_char_to_array@?$_Builder@PEB_W_WV?$regex_traits@_W@std@@@std@@AEAAX_W@Z 000000014002052c     MFCEditView.obj
 0002:0000a540       $unwind$??$lookup_classname@PEB_W@?$_Regex_traits@_W@std@@QEBAFPEB_W0_N@Z 0000000140020540     MFCEditView.obj
 0002:0000a550       $chain$2$??$lookup_classname@PEB_W@?$_Regex_traits@_W@std@@QEBAFPEB_W0_N@Z 0000000140020550     MFCEditView.obj
 0002:0000a56c       $chain$6$??$lookup_classname@PEB_W@?$_Regex_traits@_W@std@@QEBAFPEB_W0_N@Z 000000014002056c     MFCEditView.obj
 0002:0000a58c       $chain$7$??$lookup_classname@PEB_W@?$_Regex_traits@_W@std@@QEBAFPEB_W0_N@Z 000000014002058c     MFCEditView.obj
 0002:0000a59c       $chain$8$??$lookup_classname@PEB_W@?$_Regex_traits@_W@std@@QEBAFPEB_W0_N@Z 000000014002059c     MFCEditView.obj
 0002:0000a5ac       $chain$9$??$lookup_classname@PEB_W@?$_Regex_traits@_W@std@@QEBAFPEB_W0_N@Z 00000001400205ac     MFCEditView.obj
 0002:0000a5d8       $unwind$?_Do_ex_class@?$_Parser@PEB_W_WV?$regex_traits@_W@std@@@std@@AEAAXW4_Meta_type@2@@Z 00000001400205d8     MFCEditView.obj
 0002:0000a5f0       $unwind$?_Add_equiv@?$_Builder@PEB_W_WV?$regex_traits@_W@std@@@std@@QEAAXPEB_W0_J@Z 00000001400205f0     MFCEditView.obj
 0002:0000a614       $cppxdata$?_Add_equiv@?$_Builder@PEB_W_WV?$regex_traits@_W@std@@@std@@QEAAXPEB_W0_J@Z 0000000140020614     MFCEditView.obj
 0002:0000a61d       $stateUnwindMap$?_Add_equiv@?$_Builder@PEB_W_WV?$regex_traits@_W@std@@@std@@QEAAXPEB_W0_J@Z 000000014002061d     MFCEditView.obj
 0002:0000a624       $ip2state$?_Add_equiv@?$_Builder@PEB_W_WV?$regex_traits@_W@std@@@std@@QEAAXPEB_W0_J@Z 0000000140020624     MFCEditView.obj
 0002:0000a62c       $unwind$?_Char_to_elts@?$_Builder@PEB_W_WV?$regex_traits@_W@std@@@std@@AEAAXPEB_W0_JPEAPEAU?$_Sequence@_W@2@@Z 000000014002062c     MFCEditView.obj
 0002:0000a640       $chain$0$?_Char_to_elts@?$_Builder@PEB_W_WV?$regex_traits@_W@std@@@std@@AEAAXPEB_W0_JPEAPEAU?$_Sequence@_W@2@@Z 0000000140020640     MFCEditView.obj
 0002:0000a654       $chain$1$?_Char_to_elts@?$_Builder@PEB_W_WV?$regex_traits@_W@std@@@std@@AEAAXPEB_W0_JPEAPEAU?$_Sequence@_W@2@@Z 0000000140020654     MFCEditView.obj
 0002:0000a664       $chain$2$?_Char_to_elts@?$_Builder@PEB_W_WV?$regex_traits@_W@std@@@std@@AEAAXPEB_W0_JPEAPEAU?$_Sequence@_W@2@@Z 0000000140020664     MFCEditView.obj
 0002:0000a678       $unwind$??$transform_primary@PEA_W@?$_Regex_traits@_W@std@@QEBA?AV?$basic_string@_WU?$char_traits@_W@std@@V?$allocator@_W@2@@1@PEA_W0@Z 0000000140020678     MFCEditView.obj
 0002:0000a678       $unwind$??$transform_primary@PEB_W@?$_Regex_traits@_W@std@@QEBA?AV?$basic_string@_WU?$char_traits@_W@std@@V?$allocator@_W@2@@1@PEB_W0@Z 0000000140020678     MFCEditView.obj
 0002:0000a698       $cppxdata$??$transform_primary@PEA_W@?$_Regex_traits@_W@std@@QEBA?AV?$basic_string@_WU?$char_traits@_W@std@@V?$allocator@_W@2@@1@PEA_W0@Z 0000000140020698     MFCEditView.obj
 0002:0000a698       $cppxdata$??$transform_primary@PEB_W@?$_Regex_traits@_W@std@@QEBA?AV?$basic_string@_WU?$char_traits@_W@std@@V?$allocator@_W@2@@1@PEB_W0@Z 0000000140020698     MFCEditView.obj
 0002:0000a6a1       $ip2state$??$transform_primary@PEA_W@?$_Regex_traits@_W@std@@QEBA?AV?$basic_string@_WU?$char_traits@_W@std@@V?$allocator@_W@2@@1@PEA_W0@Z 00000001400206a1     MFCEditView.obj
 0002:0000a6a1       $ip2state$??$transform_primary@PEB_W@?$_Regex_traits@_W@std@@QEBA?AV?$basic_string@_WU?$char_traits@_W@std@@V?$allocator@_W@2@@1@PEB_W0@Z 00000001400206a1     MFCEditView.obj
 0002:0000a6ac       $unwind$?accLocation@CFormView@@UEAAJPEAJ000UtagVARIANT@@@Z 00000001400206ac     MFCEditView.obj
 0002:0000a6b4       $unwind$?_Throw_bad_array_new_length@std@@YAXXZ 00000001400206b4     MFCEditView.obj
 0002:0000a6b4       $unwind$?_Throw_bad_cast@std@@YAXXZ 00000001400206b4     MFCEditView.obj
 0002:0000a6b4       $unwind$?get_accChild@CFormView@@UEAAJUtagVARIANT@@PEAPEAUIDispatch@@@Z 00000001400206b4     MFCEditView.obj
 0002:0000a6b4       $unwind$?get_accName@CFormView@@UEAAJUtagVARIANT@@PEAPEA_W@Z 00000001400206b4     MFCEditView.obj
 0002:0000a6b4       $unwind$?_com_raise_error@@YAXJPEAUIErrorInfo@@@Z 00000001400206b4     comsuppw:comraise.obj
 0002:0000a6bc       $unwind$?name@locale@std@@QEBA?AV?$basic_string@DU?$char_traits@D@std@@V?$allocator@D@2@@2@XZ 00000001400206bc     MFCEditView.obj
 0002:0000a6d0       $unwind$??HATL@@YA?AV?$CStringT@_WV?$StrTraitMFC_DLL@_WV?$ChTraitsCRT@_W@ATL@@@@@0@PEB_WAEBV10@@Z 00000001400206d0     MFCEditView.obj
 0002:0000a6e4       $cppxdata$??HATL@@YA?AV?$CStringT@_WV?$StrTraitMFC_DLL@_WV?$ChTraitsCRT@_W@ATL@@@@@0@PEB_WAEBV10@@Z 00000001400206e4     MFCEditView.obj
 0002:0000a6ed       $stateUnwindMap$??HATL@@YA?AV?$CStringT@_WV?$StrTraitMFC_DLL@_WV?$ChTraitsCRT@_W@ATL@@@@@0@AEBV10@PEB_W@Z 00000001400206ed     MFCEditView.obj
 0002:0000a6ed       $stateUnwindMap$??HATL@@YA?AV?$CStringT@_WV?$StrTraitMFC_DLL@_WV?$ChTraitsCRT@_W@ATL@@@@@0@PEB_WAEBV10@@Z 00000001400206ed     MFCEditView.obj
 0002:0000a6f3       $ip2state$??HATL@@YA?AV?$CStringT@_WV?$StrTraitMFC_DLL@_WV?$ChTraitsCRT@_W@ATL@@@@@0@PEB_WAEBV10@@Z 00000001400206f3     MFCEditView.obj
 0002:0000a6f8       $unwind$??1CWaitCursor@@QEAA@XZ 00000001400206f8     MFCEditView.obj
 0002:0000a70c       $cppxdata$??1CWaitCursor@@QEAA@XZ 000000014002070c     MFCEditView.obj
 0002:0000a719       $tryMap$??1CWaitCursor@@QEAA@XZ 0000000140020719     MFCEditView.obj
 0002:0000a721       $handlerMap$??1CWaitCursor@@QEAA@XZ 0000000140020721     MFCEditView.obj
 0002:0000a72d       $ip2state$??1CWaitCursor@@QEAA@XZ 000000014002072d     MFCEditView.obj
 0002:0000a734       $unwind$??HATL@@YA?AV?$CStringT@_WV?$StrTraitMFC_DLL@_WV?$ChTraitsCRT@_W@ATL@@@@@0@AEBV10@PEB_W@Z 0000000140020734     MFCEditView.obj
 0002:0000a748       $cppxdata$??HATL@@YA?AV?$CStringT@_WV?$StrTraitMFC_DLL@_WV?$ChTraitsCRT@_W@ATL@@@@@0@AEBV10@PEB_W@Z 0000000140020748     MFCEditView.obj
 0002:0000a751       $ip2state$??HATL@@YA?AV?$CStringT@_WV?$StrTraitMFC_DLL@_WV?$ChTraitsCRT@_W@ATL@@@@@0@AEBV10@PEB_W@Z 0000000140020751     MFCEditView.obj
 0002:0000a754       $unwind$??$_Construct@$00PEB_W@?$basic_string@_WU?$char_traits@_W@std@@V?$allocator@_W@2@@std@@AEAAXQEB_W_K@Z 0000000140020754     MFCEditView.obj
 0002:0000a764       $chain$0$??$_Construct@$00PEB_W@?$basic_string@_WU?$char_traits@_W@std@@V?$allocator@_W@2@@std@@AEAAXQEB_W_K@Z 0000000140020764     MFCEditView.obj
 0002:0000a778       $chain$3$??$_Construct@$00PEB_W@?$basic_string@_WU?$char_traits@_W@std@@V?$allocator@_W@2@@std@@AEAAXQEB_W_K@Z 0000000140020778     MFCEditView.obj
 0002:0000a790       $chain$4$??$_Construct@$00PEB_W@?$basic_string@_WU?$char_traits@_W@std@@V?$allocator@_W@2@@std@@AEAAXQEB_W_K@Z 0000000140020790     MFCEditView.obj
 0002:0000a7a0       $chain$5$??$_Construct@$00PEB_W@?$basic_string@_WU?$char_traits@_W@std@@V?$allocator@_W@2@@std@@AEAAXQEB_W_K@Z 00000001400207a0     MFCEditView.obj
 0002:0000a7b8       $unwind$?__scrt_common_main_seh@@YAHXZ 00000001400207b8     msvcrt:exe_wwinmain.obj
 0002:0000a7f0       $xdatasym                  00000001400207f0     msvcrt:amdsecgs.obj
 0002:0000a7f4       $unwind$__scrt_is_nonwritable_in_current_image 00000001400207f4     msvcrt:utility.obj
 0002:0000a814       $unwind$__scrt_is_nonwritable_in_current_image$filt$0 0000000140020814     msvcrt:utility.obj
 0002:0000a81c       $unwind$__GSHandlerCheck_EH4 000000014002081c     msvcrt:gshandlereh4.obj
 0002:0000a81c       $unwind$__GSHandlerCheck_SEH 000000014002081c     msvcrt:gshandlerseh.obj
 0002:0000a834       $unwind$__security_init_cookie 0000000140020834     msvcrt:gs_support.obj
 0002:0000a840       $unwind$__scrt_get_show_window_mode 0000000140020840     msvcrt:utility_desktop.obj
 0002:0000a848       $unwind$__scrt_fastfail    0000000140020848     msvcrt:utility_desktop.obj
 0002:0000a858       $unwind$__report_gsfailure 0000000140020858     msvcrt:gs_report.obj
 0002:0000a860       $unwind$capture_previous_context 0000000140020860     msvcrt:gs_report.obj
 0002:0000a86c       $unwind$__isa_available_init 000000014002086c     msvcrt:cpu_disp.obj
 0002:0000a880       $unwind$__GSHandlerCheckCommon 0000000140020880     msvcrt:gshandler.obj
 0002:0000a888       $xdatasym                  0000000140020888     msvcrt:guard_dispatch.obj
 0002:0000a890       $xdatasym                  0000000140020890     msvcrt:guard_xfg_dispatch.obj
 0002:0000a894       $unwind$?ConvertStringToBSTR@_com_util@@YAPEA_WPEBD@Z 0000000140020894     comsuppw:comutil.obj
 0002:0000a8c8       $unwind$??0_com_error@@QEAA@JPEAUIErrorInfo@@_N@Z 00000001400208c8     comsuppw:comraise.obj
 0002:0000a8d8       $cppxdata$??0_com_error@@QEAA@JPEAUIErrorInfo@@_N@Z 00000001400208d8     comsuppw:comraise.obj
 0002:0000a8dd       $ip2state$??0_com_error@@QEAA@JPEAUIErrorInfo@@_N@Z 00000001400208dd     comsuppw:comraise.obj
 0002:0000a8e0       $unwind$??0_com_error@@QEAA@AEBV0@@Z 00000001400208e0     comsuppw:comraise.obj
 0002:0000a8f0       $cppxdata$??0_com_error@@QEAA@AEBV0@@Z 00000001400208f0     comsuppw:comraise.obj
 0002:0000a8f5       $ip2state$??0_com_error@@QEAA@AEBV0@@Z 00000001400208f5     comsuppw:comraise.obj
 0002:0000a8f8       $unwind$??1_com_error@@UEAA@XZ 00000001400208f8     comsuppw:comraise.obj
 0002:0000a908       $cppxdata$??1_com_error@@UEAA@XZ 0000000140020908     comsuppw:comraise.obj
 0002:0000a90d       $ip2state$??1_com_error@@UEAA@XZ 000000014002090d     comsuppw:comraise.obj
 0002:0000a910       $unwind$??_G_com_error@@UEAAPEAXI@Z 0000000140020910     comsuppw:comraise.obj
 0002:0000a924       $cppxdata$??_G_com_error@@UEAAPEAXI@Z 0000000140020924     comsuppw:comraise.obj
 0002:0000a92d       $ip2state$??_G_com_error@@UEAAPEAXI@Z 000000014002092d     comsuppw:comraise.obj
 0002:0000a930       $xdatasym                  0000000140020930     msvcrt:chkstk.obj
 0002:0000bde8       .idata$6                   0000000140021de8     mfc140u:mfc140u.dll
 0002:0000c02c       .idata$6                   000000014002202c     kernel32:KERNEL32.dll
 0002:0000c098       .idata$6                   0000000140022098     user32:USER32.dll
 0002:0000c0c8       .idata$6                   00000001400220c8     gdi32:GDI32.dll
 0002:0000c0ea       .idata$6                   00000001400220ea     comctl32:COMCTL32.dll
 0002:0000c11c       .idata$6                   000000014002211c     ole32:ole32.dll
 0002:0000c126       .idata$6                   0000000140022126     oleaut32:OLEAUT32.dll
 0002:0000d082       .idata$6                   0000000140023082     msvcprt:MSVCP140.dll
 0002:0000d0d4       .idata$6                   00000001400230d4     MNSC:MNSC.dll
 0002:0000d1d8       .idata$6                   00000001400231d8     vcruntime:VCRUNTIME140_1.dll
 0002:0000d1ec       .idata$6                   00000001400231ec     vcruntime:VCRUNTIME140.dll
 0002:0000d3f8       .idata$6                   00000001400233f8     ucrt:api-ms-win-crt-runtime-l1-1-0.dll
 0002:0000d41a       .idata$6                   000000014002341a     ucrt:api-ms-win-crt-convert-l1-1-0.dll
 0002:0000d43c       .idata$6                   000000014002343c     ucrt:api-ms-win-crt-stdio-l1-1-0.dll
 0002:0000d45c       .idata$6                   000000014002345c     ucrt:api-ms-win-crt-heap-l1-1-0.dll
 0002:0000d47c       .idata$6                   000000014002347c     ucrt:api-ms-win-crt-math-l1-1-0.dll
 0002:0000d49c       .idata$6                   000000014002349c     ucrt:api-ms-win-crt-locale-l1-1-0.dll
 0003:000000d8       ?indicators@@3PAIA         00000001400240d8     MainFrm.obj
 0003:00000f58       ?is_initialized_as_dll@@3_NA 0000000140024f58     msvcrt:utility.obj
 0003:00000f59       ?module_local_atexit_table_initialized@@3_NA 0000000140024f59     msvcrt:utility.obj
 0003:00000f60       ?module_local_atexit_table@@3U_onexit_table_t@@A 0000000140024f60     msvcrt:utility.obj
 0003:00000f78       ?module_local_at_quick_exit_table@@3U_onexit_table_t@@A 0000000140024f78     msvcrt:utility.obj
 0003:00000f90       ?g_tss_cv@@3U_RTL_CONDITION_VARIABLE@@A 0000000140024f90     msvcrt:thread_safe_statics.obj
 0003:00000f98       ?g_tss_srw@@3U_RTL_SRWLOCK@@A 0000000140024f98     msvcrt:thread_safe_statics.obj
 0003:00000fd0       GS_ExceptionRecord         0000000140024fd0     msvcrt:gs_report.obj
 0003:00001070       GS_ContextRecord           0000000140025070     msvcrt:gs_report.obj
 0003:000015b8       ?_Fac_head@std@@3PEAU_Fac_node@1@EA 00000001400255b8     msvcprt:locale0_implib.obj
 0003:000015c0       ?_Fac_tidy_reg@std@@3U_Fac_tidy_reg_t@1@B 00000001400255c0     msvcprt:locale0_implib.obj
 0005:00000920       $R000000                   0000000140028920     MFCEdit.res
 0005:00000f88       $R000668                   0000000140028f88     MFCEdit.res
 0005:00001270       $R000950                   0000000140029270     MFCEdit.res
 0005:00001458       $R000B38                   0000000140029458     MFCEdit.res
 0005:00001580       $R000C60                   0000000140029580     MFCEdit.res
 0005:00002428       $R001B08                   000000014002a428     MFCEdit.res
 0005:00002cd0       $R0023B0                   000000014002acd0     MFCEdit.res
 0005:00003398       $R002A78                   000000014002b398     MFCEdit.res
 0005:00003900       $R002FE0                   000000014002b900     MFCEdit.res
 0005:0000ccd0       $R00C3B0                   0000000140034cd0     MFCEdit.res
 0005:0000f278       $R00E958                   0000000140037278     MFCEdit.res
 0005:00010320       $R00FA00                   0000000140038320     MFCEdit.res
 0005:00010ca8       $R010388                   0000000140038ca8     MFCEdit.res
 0005:00011110       $R0107F0                   0000000140039110     MFCEdit.res
 0005:000111d0       $R0108B0                   00000001400391d0     MFCEdit.res
 0005:000114b8       $R010B98                   00000001400394b8     MFCEdit.res
 0005:000115e0       $R010CC0                   00000001400395e0     MFCEdit.res
 0005:00011e88       $R011568                   0000000140039e88     MFCEdit.res
 0005:000123f0       $R011AD0                   000000014003a3f0     MFCEdit.res
 0005:00012430       $R011B10                   000000014003a430     MFCEdit.res
 0005:00012858       $R011F38                   000000014003a858     MFCEdit.res
 0005:00012878       $R011F58                   000000014003a878     MFCEdit.res
 0005:00012b00       $R0121E0                   000000014003ab00     MFCEdit.res
 0005:00012b70       $R012250                   000000014003ab70     MFCEdit.res
 0005:00012c98       $R012378                   000000014003ac98     MFCEdit.res
 0005:00012ec8       $R0125A8                   000000014003aec8     MFCEdit.res
 0005:00013190       $R012870                   000000014003b190     MFCEdit.res
 0005:00013198       $R012878                   000000014003b198     MFCEdit.res
 0005:00013218       $R0128F8                   000000014003b218     MFCEdit.res
 0005:000132a0       $R012980                   000000014003b2a0     MFCEdit.res
 0005:000132d8       $R0129B8                   000000014003b2d8     MFCEdit.res
 0005:00013320       $R012A00                   000000014003b320     MFCEdit.res
 0005:000134e0       $R012BC0                   000000014003b4e0     MFCEdit.res
 0005:00013578       $R012C58                   000000014003b578     MFCEdit.res
 0005:00013718       $R012DF8                   000000014003b718     MFCEdit.res
 0005:00013788       $R012E68                   000000014003b788     MFCEdit.res
 0005:000137c8       $R012EA8                   000000014003b7c8     MFCEdit.res
 0005:00013970       $R013050                   000000014003b970     MFCEdit.res
 0005:00013a08       $R0130E8                   000000014003ba08     MFCEdit.res
 0005:00013b10       $R0131F0                   000000014003bb10     MFCEdit.res
 0005:00013b70       $R013250                   000000014003bb70     MFCEdit.res
 0005:00013bc8       $R0132A8                   000000014003bbc8     MFCEdit.res
