 MFCEdit

 Timestamp is 687076f7 (Fri Jul 11 11:29:11 2025)

 Preferred load address is 0000000140000000

 Start         Length     Name                   Class
 0001:00000000 000000a0H .text$di                CODE
 0001:000000a0 00012f10H .text$mn                CODE
 0001:00012fb0 00000040H .text$mn$00             CODE
 0001:00012ff0 00000d30H .text$x                 CODE
 0001:00013d20 00000073H .text$yd                CODE
 0002:00000000 00001110H .idata$5                DATA
 0002:00001110 00000038H .00cfg                  DATA
 0002:00001148 00000008H .CRT$XCA                DATA
 0002:00001150 00000008H .CRT$XCAA               DATA
 0002:00001158 00000018H .CRT$XCL                DATA
 0002:00001170 00000008H .CRT$XCU                DATA
 0002:00001178 00000008H .CRT$XCZ                DATA
 0002:00001180 00000008H .CRT$XIA                DATA
 0002:00001188 00000008H .CRT$XIAA               DATA
 0002:00001190 00000008H .CRT$XIAC               DATA
 0002:00001198 00000008H .CRT$XIZ                DATA
 0002:000011a0 00000008H .CRT$XLA                DATA
 0002:000011a8 00000008H .CRT$XLZ                DATA
 0002:000011b0 00000008H .CRT$XPA                DATA
 0002:000011b8 00000008H .CRT$XPZ                DATA
 0002:000011c0 00000008H .CRT$XTA                DATA
 0002:000011c8 00000018H .CRT$XTZ                DATA
 0002:000011d0 00000000H .gehcont$y              DATA
 0002:000011d0 00000000H .gfids$y                DATA
 0002:000011e0 00005120H .rdata                  DATA
 0002:00006300 00000000H .rdata$CastGuardVftablesA DATA
 0002:00006300 00000000H .rdata$CastGuardVftablesC DATA
 0002:00006300 00000030H .rdata$T                DATA
 0002:00006330 00002134H .rdata$r                DATA
 0002:00008464 00000094H .rdata$voltmd           DATA
 0002:000084f8 000003e8H .rdata$zzzdbg           DATA
 0002:000088e0 00000008H .rtc$IAA                DATA
 0002:000088e8 00000008H .rtc$IZZ                DATA
 0002:000088f0 00000008H .rtc$TAA                DATA
 0002:000088f8 00000008H .rtc$TZZ                DATA
 0002:00008900 00000004H .tls                    DATA
 0002:00008904 00000004H .tls$                   DATA
 0002:00008908 00000008H .tls$ZZZ                DATA
 0002:00008910 00001fe0H .xdata                  DATA
 0002:0000a8f0 00000250H .xdata$x                DATA
 0002:0000ab40 00000000H ATL$__a                 DATA
 0002:0000ab40 00000000H ATL$__z                 DATA
 0002:0000ab40 00000000H .edata                  DATA
 0002:0000ab40 00000168H .idata$2                DATA
 0002:0000aca8 00000018H .idata$3                DATA
 0002:0000acc0 00001110H .idata$4                DATA
 0002:0000bdd0 0000172eH .idata$6                DATA
 0003:00000000 000000e0H .data                   DATA
 0003:000000e0 00000200H .data$r                 DATA
 0003:000002e0 00000c50H .data$rs                DATA
 0003:00000f30 00000838H .bss                    DATA
 0004:00000000 00001440H .pdata                  DATA
 0005:00000000 00000920H .rsrc$01                DATA
 0005:00000920 000135c8H .rsrc$02                DATA

  Address         Publics by Value              Rva+Base               Lib:Object

 0000:00000000       __AbsoluteZero             0000000000000000     <absolute>
 0000:00000000       ___safe_se_handler_count   0000000000000000     <absolute>
 0000:00000000       ___safe_se_handler_table   0000000000000000     <absolute>
 0000:00000000       __arm64x_extra_rfe_table   0000000000000000     <absolute>
 0000:00000000       __arm64x_extra_rfe_table_size 0000000000000000     <absolute>
 0000:00000000       __arm64x_native_entrypoint 0000000000000000     <absolute>
 0000:00000000       __arm64x_redirection_metadata 0000000000000000     <absolute>
 0000:00000000       __arm64x_redirection_metadata_count 0000000000000000     <absolute>
 0000:00000000       __dynamic_value_reloc_table 0000000000000000     <absolute>
 0000:00000000       __enclave_config           0000000000000000     <absolute>
 0000:00000000       __guard_check_icall_a64n_fptr 0000000000000000     <absolute>
 0000:00000000       __guard_eh_cont_count      0000000000000000     <absolute>
 0000:00000000       __guard_eh_cont_table      0000000000000000     <absolute>
 0000:00000000       __guard_fids_count         0000000000000000     <absolute>
 0000:00000000       __guard_fids_table         0000000000000000     <absolute>
 0000:00000000       __guard_iat_count          0000000000000000     <absolute>
 0000:00000000       __guard_iat_table          0000000000000000     <absolute>
 0000:00000000       __guard_longjmp_count      0000000000000000     <absolute>
 0000:00000000       __guard_longjmp_table      0000000000000000     <absolute>
 0000:00000000       __hybrid_auxiliary_delayload_iat 0000000000000000     <absolute>
 0000:00000000       __hybrid_auxiliary_delayload_iat_copy 0000000000000000     <absolute>
 0000:00000000       __hybrid_auxiliary_iat     0000000000000000     <absolute>
 0000:00000000       __hybrid_auxiliary_iat_copy 0000000000000000     <absolute>
 0000:00000000       __hybrid_code_map          0000000000000000     <absolute>
 0000:00000000       __hybrid_code_map_count    0000000000000000     <absolute>
 0000:00000000       __hybrid_image_info_bitfield 0000000000000000     <absolute>
 0000:00000000       __x64_code_ranges_to_entry_points 0000000000000000     <absolute>
 0000:00000000       __x64_code_ranges_to_entry_points_count 0000000000000000     <absolute>
 0000:00000100       __guard_flags              0000000000000100     <absolute>
 0000:00000000       __ImageBase                0000000140000000     <linker-defined>
 0001:000000a0       ?CreateObject@CMainFrame@@SAPEAVCObject@@XZ 00000001400010a0 f   MainFrm.obj
 0001:00000110       ?_GetBaseClass@CMainFrame@@KAPEAUCRuntimeClass@@XZ 0000000140001110 f   MainFrm.obj
 0001:00000120       ?GetRuntimeClass@CMainFrame@@UEBAPEAUCRuntimeClass@@XZ 0000000140001120 f   MainFrm.obj
 0001:00000130       ?GetMessageMap@CMainFrame@@MEBAPEBUAFX_MSGMAP@@XZ 0000000140001130 f   MainFrm.obj
 0001:00000140       ??_ECMainFrame@@UEAAPEAXI@Z 0000000140001140 f i * CIL library *:* CIL module *
 0001:00000140       ??_GCMainFrame@@UEAAPEAXI@Z 0000000140001140 f i MainFrm.obj
 0001:000001c0       ?OnCreate@CMainFrame@@IEAAHPEAUtagCREATESTRUCTW@@@Z 00000001400011c0 f   MainFrm.obj
 0001:000002e0       ?PreCreateWindow@CMainFrame@@UEAAHAEAUtagCREATESTRUCTW@@@Z 00000001400012e0 f   MainFrm.obj
 0001:00000300       ?AssertValid@CObject@@UEBAXXZ 0000000140001300 f i MainFrm.obj
 0001:00000300       ?Clear@CVARIANTTool@@UEAAXXZ 0000000140001300 f i MFCEditView.obj
 0001:00000300       ?Clear@IVARIANTApplication@@UEAAXXZ 0000000140001300 f i MFCEditView.obj
 0001:00000300       ?DoDataExchange@CAboutDlg@@MEAAXPEAVCDataExchange@@@Z 0000000140001300 f i MFCEdit.obj
 0001:00000300       ?DoDataExchange@CWnd@@MEAAXPEAVCDataExchange@@@Z 0000000140001300 f i MainFrm.obj
 0001:00000300       ?Dump@CObject@@UEBAXAEAVCDumpContext@@@Z 0000000140001300 f i MainFrm.obj
 0001:00000300       ?InitializeSearchContent@CDocument@@UEAAXXZ 0000000140001300 f i MFCEditDoc.obj
 0001:00000300       ?OnBeforeRichPreviewFontChanged@CDocument@@UEAAXXZ 0000000140001300 f i MFCEditDoc.obj
 0001:00000300       ?OnRichPreviewBackColorChanged@CDocument@@UEAAXXZ 0000000140001300 f i MFCEditDoc.obj
 0001:00000300       ?OnRichPreviewFontChanged@CDocument@@UEAAXXZ 0000000140001300 f i MFCEditDoc.obj
 0001:00000300       ?OnRichPreviewSiteChanged@CDocument@@UEAAXXZ 0000000140001300 f i MFCEditDoc.obj
 0001:00000300       ?OnRichPreviewTextColorChanged@CDocument@@UEAAXXZ 0000000140001300 f i MFCEditDoc.obj
 0001:00000300       ?Serialize@CMFCEditDoc@@UEAAXAEAVCArchive@@@Z 0000000140001300 f i MFCEditDoc.obj
 0001:00000300       ?Serialize@CObject@@UEAAXAEAVCArchive@@@Z 0000000140001300 f i MainFrm.obj
 0001:00000300       ?__empty_global_delete@@YAXPEAX_K@Z 0000000140001300 f i MainFrm.obj
 0001:00000300       ?__global_delete@@YAXPEAX_K@Z 0000000140001300 f i * CIL library *:* CIL module *
 0001:00000300       _guard_check_icall_nop     0000000140001300 f i msvcrt:guard_support.obj
 0001:00000300       _initialize_denormal_control 0000000140001300 f i msvcrt:denormal_control.obj
 0001:00000300       _initialize_invalid_parameter_handler 0000000140001300 f i msvcrt:invalid_parameter_handler.obj
 0001:00000310       ?GetTrackingID@CFrameWnd@@UEAAIXZ 0000000140001310 f i MainFrm.obj
 0001:00000320       ??3CObject@@SAXPEAX@Z      0000000140001320 f i MainFrm.obj
 0001:00000330       ?GetMessageMap@CMFCEditApp@@MEBAPEBUAFX_MSGMAP@@XZ 0000000140001330 f   MFCEdit.obj
 0001:00000340       ??_ECMFCEditApp@@UEAAPEAXI@Z 0000000140001340 f i * CIL library *:* CIL module *
 0001:00000340       ??_GCMFCEditApp@@UEAAPEAXI@Z 0000000140001340 f i MFCEdit.obj
 0001:00000390       ?InitInstance@CMFCEditApp@@UEAAHXZ 0000000140001390 f   MFCEdit.obj
 0001:00000530       ?ExitInstance@CMFCEditApp@@UEAAHXZ 0000000140001530 f   MFCEdit.obj
 0001:00000550       ??_ECAboutDlg@@UEAAPEAXI@Z 0000000140001550 f i * CIL library *:* CIL module *
 0001:00000550       ??_GCAboutDlg@@UEAAPEAXI@Z 0000000140001550 f i MFCEdit.obj
 0001:000005d0       ??1CAboutDlg@@UEAA@XZ      00000001400015d0 f i MFCEdit.obj
 0001:00000610       ?GetMessageMap@CAboutDlg@@MEBAPEBUAFX_MSGMAP@@XZ 0000000140001610 f   MFCEdit.obj
 0001:00000620       ?OnAppAbout@CMFCEditApp@@QEAAXXZ 0000000140001620 f   MFCEdit.obj
 0001:000006d0       ?Create@CDialog@@UEAAHIPEAVCWnd@@@Z 00000001400016d0 f i MFCEdit.obj
 0001:000006e0       ?EndModalState@CWnd@@UEAAXXZ 00000001400016e0 f i MFCEdit.obj
 0001:000006f0       ?BeginModalState@CWnd@@UEAAXXZ 00000001400016f0 f i MFCEdit.obj
 0001:00000700       ?GetApplicationRecoveryPingInterval@CWinApp@@UEAAKXZ 0000000140001700 f i MFCEdit.obj
 0001:00000710       ?GetApplicationRecoveryParameter@CWinApp@@UEAAPEAXXZ 0000000140001710 f i MFCEdit.obj
 0001:00000710       ?GetApplicationRestartFlags@CWinApp@@UEAAKXZ 0000000140001710 f i MFCEdit.obj
 0001:00000710       ?_Get_deleter@_Ref_count_base@std@@UEBAPEAXAEBVtype_info@@@Z 0000000140001710 f i MFCEditView.obj
 0001:00000710       __scrt_exe_initialize_mta  0000000140001710 f i msvcrt:utility_desktop.obj
 0001:00000710       __scrt_initialize_winrt    0000000140001710 f i msvcrt:utility_desktop.obj
 0001:00000710       __scrt_stub_for_initialize_mta 0000000140001710 f i msvcrt:utility_desktop.obj
 0001:00000710       _get_startup_commit_mode   0000000140001710 f i msvcrt:commit_mode.obj
 0001:00000710       _get_startup_new_mode      0000000140001710 f i msvcrt:new_mode.obj
 0001:00000710       _get_startup_thread_locale_mode 0000000140001710 f i msvcrt:thread_locale.obj
 0001:00000710       _matherr                   0000000140001710 f i msvcrt:matherr.obj
 0001:00000720       ?RestoreAutosavedFilesAtRestart@CWinApp@@UEBAHXZ 0000000140001720 f i MFCEdit.obj
 0001:00000730       ?ReopenPreviousFilesAtRestart@CWinApp@@UEBAHXZ 0000000140001730 f i MFCEdit.obj
 0001:00000740       ?SupportsAutosaveAtInterval@CWinApp@@UEBAHXZ 0000000140001740 f i MFCEdit.obj
 0001:00000750       ?SupportsAutosaveAtRestart@CWinApp@@UEBAHXZ 0000000140001750 f i MFCEdit.obj
 0001:00000760       ?SupportsApplicationRecovery@CWinApp@@UEBAHXZ 0000000140001760 f i MFCEdit.obj
 0001:00000770       ?SupportsRestartManager@CWinApp@@UEBAHXZ 0000000140001770 f i MFCEdit.obj
 0001:00000780       ??_ECBrush@@UEAAPEAXI@Z    0000000140001780 f i * CIL library *:* CIL module *
 0001:00000780       ??_GCBrush@@UEAAPEAXI@Z    0000000140001780 f i MFCEdit.obj
 0001:000007e0       ??_ECGdiObject@@UEAAPEAXI@Z 00000001400017e0 f i * CIL library *:* CIL module *
 0001:000007e0       ??_GCGdiObject@@UEAAPEAXI@Z 00000001400017e0 f i MFCEdit.obj
 0001:00000830       ??1CGdiObject@@UEAA@XZ     0000000140001830 f i MFCEdit.obj
 0001:00000880       ?CreateObject@CMFCEditDoc@@SAPEAVCObject@@XZ 0000000140001880 f   MFCEditDoc.obj
 0001:000008d0       ?_GetBaseClass@CMFCEditDoc@@KAPEAUCRuntimeClass@@XZ 00000001400018d0 f   MFCEditDoc.obj
 0001:000008e0       ?GetRuntimeClass@CMFCEditDoc@@UEBAPEAUCRuntimeClass@@XZ 00000001400018e0 f   MFCEditDoc.obj
 0001:000008f0       ?GetMessageMap@CMFCEditDoc@@MEBAPEBUAFX_MSGMAP@@XZ 00000001400018f0 f   MFCEditDoc.obj
 0001:00000900       ??_ECMFCEditDoc@@UEAAPEAXI@Z 0000000140001900 f i * CIL library *:* CIL module *
 0001:00000900       ??_GCMFCEditDoc@@UEAAPEAXI@Z 0000000140001900 f i MFCEditDoc.obj
 0001:00000960       ?OnNewDocument@CMFCEditDoc@@UEAAHXZ 0000000140001960 f   MFCEditDoc.obj
 0001:00000980       ?SetModifiedFlag@CDocument@@UEAAXH@Z 0000000140001980 f i MFCEditDoc.obj
 0001:00000990       ?IsModified@CDocument@@UEAAHXZ 0000000140001990 f i MFCEditDoc.obj
 0001:000009a0       ??_ECDocumentAdapter@CDocument@@UEAAPEAXI@Z 00000001400019a0 f i * CIL library *:* CIL module *
 0001:000009a0       ??_GCDocumentAdapter@CDocument@@UEAAPEAXI@Z 00000001400019a0 f i MFCEditDoc.obj
 0001:00000a00       ??_EIDocument@ATL@@UEAAPEAXI@Z 0000000140001a00 f i * CIL library *:* CIL module *
 0001:00000a00       ??_GIDocument@ATL@@UEAAPEAXI@Z 0000000140001a00 f i MFCEditDoc.obj
 0001:00000a30       ?Release@IDocument@ATL@@UEAAJXZ 0000000140001a30 f i MFCEditDoc.obj
 0001:00000a70       ?LoadFromStream@CDocumentAdapter@CDocument@@UEAAJPEAUIStream@@K@Z 0000000140001a70 f i MFCEditDoc.obj
 0001:00000af0       ?InitializeSearchContent@CDocumentAdapter@CDocument@@UEAAXXZ 0000000140001af0 f i MFCEditDoc.obj
 0001:00000b10       ?BeginReadChunks@CDocumentAdapter@CDocument@@UEAAXXZ 0000000140001b10 f i MFCEditDoc.obj
 0001:00000b30       ?GetThumbnail@CDocumentAdapter@CDocument@@UEAAHIPEAPEAUHBITMAP__@@PEAW4WTS_ALPHATYPE@@@Z 0000000140001b30 f i MFCEditDoc.obj
 0001:00000b50       ?ClearChunkList@CDocumentAdapter@CDocument@@UEAAXXZ 0000000140001b50 f i MFCEditDoc.obj
 0001:00000b70       ?SetChunkValue@CDocumentAdapter@CDocument@@UEAAHPEAUIFilterChunkValue@ATL@@@Z 0000000140001b70 f i MFCEditDoc.obj
 0001:00000b90       ?ReadNextChunkValue@CDocumentAdapter@CDocument@@UEAAHPEAPEAUIFilterChunkValue@ATL@@@Z 0000000140001b90 f i MFCEditDoc.obj
 0001:00000bb0       ?RemoveChunk@CDocumentAdapter@CDocument@@UEAAXAEBU_GUID@@K@Z 0000000140001bb0 f i MFCEditDoc.obj
 0001:00000bd0       ?FindChunk@CDocumentAdapter@CDocument@@UEAAPEAU__POSITION@@AEBU_GUID@@K@Z 0000000140001bd0 f i MFCEditDoc.obj
 0001:00000bf0       ?GetContainer@CDocumentAdapter@CDocument@@UEBAPEAXXZ 0000000140001bf0 f i MFCEditDoc.obj
 0001:00000c00       ?AddRef@IDocument@ATL@@UEAAJXZ 0000000140001c00 f i MFCEditDoc.obj
 0001:00000c10       ?GetAdapter@CDocument@@UEAAPEAUIDocument@ATL@@XZ 0000000140001c10 f i MFCEditDoc.obj
 0001:00000ca0       ?AddRef@IVARIANTAbstract@@UEAAKXZ 0000000140001ca0 f i MFCEditView.obj
 0001:00000cb0       ?Release@IVARIANTAbstract@@UEAAKXZ 0000000140001cb0 f i MFCEditView.obj
 0001:00000ce0       ??_ECVARIANTTool@@UEAAPEAXI@Z 0000000140001ce0 f i * CIL library *:* CIL module *
 0001:00000ce0       ??_EIVARIANTAbstract@@UEAAPEAXI@Z 0000000140001ce0 f i * CIL library *:* CIL module *
 0001:00000ce0       ??_GCVARIANTTool@@UEAAPEAXI@Z 0000000140001ce0 f i MFCEditView.obj
 0001:00000ce0       ??_GIVARIANTAbstract@@UEAAPEAXI@Z 0000000140001ce0 f i MFCEditView.obj
 0001:00000d10       ??_E_Node_base@std@@UEAAPEAXI@Z 0000000140001d10 f i * CIL library *:* CIL module *
 0001:00000d10       ??_E_Node_endif@std@@UEAAPEAXI@Z 0000000140001d10 f i * CIL library *:* CIL module *
 0001:00000d10       ??_G_Node_base@std@@UEAAPEAXI@Z 0000000140001d10 f i MFCEditView.obj
 0001:00000d10       ??_G_Node_endif@std@@UEAAPEAXI@Z 0000000140001d10 f i MFCEditView.obj
 0001:00000d40       ??_E_Root_node@std@@UEAAPEAXI@Z 0000000140001d40 f i * CIL library *:* CIL module *
 0001:00000d40       ??_G_Root_node@std@@UEAAPEAXI@Z 0000000140001d40 f i MFCEditView.obj
 0001:00000d70       ??_E_Node_back@std@@UEAAPEAXI@Z 0000000140001d70 f i * CIL library *:* CIL module *
 0001:00000d70       ??_E_Node_capture@std@@UEAAPEAXI@Z 0000000140001d70 f i * CIL library *:* CIL module *
 0001:00000d70       ??_E_Node_end_group@std@@UEAAPEAXI@Z 0000000140001d70 f i * CIL library *:* CIL module *
 0001:00000d70       ??_E_Node_end_rep@std@@UEAAPEAXI@Z 0000000140001d70 f i * CIL library *:* CIL module *
 0001:00000d70       ??_G_Node_back@std@@UEAAPEAXI@Z 0000000140001d70 f i MFCEditView.obj
 0001:00000d70       ??_G_Node_capture@std@@UEAAPEAXI@Z 0000000140001d70 f i MFCEditView.obj
 0001:00000d70       ??_G_Node_end_group@std@@UEAAPEAXI@Z 0000000140001d70 f i MFCEditView.obj
 0001:00000d70       ??_G_Node_end_rep@std@@UEAAPEAXI@Z 0000000140001d70 f i MFCEditView.obj
 0001:00000da0       ??_E_Node_assert@std@@UEAAPEAXI@Z 0000000140001da0 f i * CIL library *:* CIL module *
 0001:00000da0       ??_G_Node_assert@std@@UEAAPEAXI@Z 0000000140001da0 f i MFCEditView.obj
 0001:00000e30       ??_E_Node_if@std@@UEAAPEAXI@Z 0000000140001e30 f i * CIL library *:* CIL module *
 0001:00000e30       ??_G_Node_if@std@@UEAAPEAXI@Z 0000000140001e30 f i MFCEditView.obj
 0001:00000ef0       ??_E_Node_rep@std@@UEAAPEAXI@Z 0000000140001ef0 f i * CIL library *:* CIL module *
 0001:00000ef0       ??_G_Node_rep@std@@UEAAPEAXI@Z 0000000140001ef0 f i MFCEditView.obj
 0001:00000f20       ?_Calculate_loop_simplicity@std@@YAXPEAV_Node_base@1@0PEAV_Node_rep@1@@Z 0000000140001f20 f i MFCEditView.obj
 0001:00001000       ?GetMessageMap@CSimpleEdit@@MEBAPEBUAFX_MSGMAP@@XZ 0000000140002000 f   MFCEditView.obj
 0001:00001010       ?OnKeyDown@CSimpleEdit@@IEAAXIII@Z 0000000140002010 f   MFCEditView.obj
 0001:00001090       ?CreateObject@CMFCEditView@@SAPEAVCObject@@XZ 0000000140002090 f   MFCEditView.obj
 0001:000011b0       ?_GetBaseClass@CMFCEditView@@KAPEAUCRuntimeClass@@XZ 00000001400021b0 f   MFCEditView.obj
 0001:000011c0       ?GetRuntimeClass@CMFCEditView@@UEBAPEAUCRuntimeClass@@XZ 00000001400021c0 f   MFCEditView.obj
 0001:000011d0       ?GetMessageMap@CMFCEditView@@MEBAPEBUAFX_MSGMAP@@XZ 00000001400021d0 f   MFCEditView.obj
 0001:000011e0       ??_ECMFCEditView@@UEAAPEAXI@Z 00000001400021e0 f i * CIL library *:* CIL module *
 0001:000011e0       ??_GCMFCEditView@@UEAAPEAXI@Z 00000001400021e0 f i MFCEditView.obj
 0001:00001280       ??_ECSimpleEdit@@UEAAPEAXI@Z 0000000140002280 f i * CIL library *:* CIL module *
 0001:00001280       ??_GCSimpleEdit@@UEAAPEAXI@Z 0000000140002280 f i MFCEditView.obj
 0001:000012d0       ?DoDataExchange@CMFCEditView@@MEAAXPEAVCDataExchange@@@Z 00000001400022d0 f   MFCEditView.obj
 0001:00001330       ?PreCreateWindow@CMFCEditView@@UEAAHAEAUtagCREATESTRUCTW@@@Z 0000000140002330 f   MFCEditView.obj
 0001:00001340       ?PasteTemplate@@YAXAEAVCEdit@@@Z 0000000140002340 f   MFCEditView.obj
 0001:000015b0       ??_D?$basic_stringstream@_WU?$char_traits@_W@std@@V?$allocator@_W@2@@std@@QEAAXXZ 00000001400025b0 f i MFCEditView.obj
 0001:00001610       ?PreTranslateMessage@CMFCEditView@@MEAAHPEAUtagMSG@@@Z 0000000140002610 f   MFCEditView.obj
 0001:00001870       ?OnInitialUpdate@CMFCEditView@@MEAAXXZ 0000000140002870 f   MFCEditView.obj
 0001:00001b70       ?SetFont@CMFCEditView@@QEAAXH@Z 0000000140002b70 f   MFCEditView.obj
 0001:00001d10       ?TypeId@CVARIANTTool@@UEBAHXZ 0000000140002d10 f i MFCEditView.obj
 0001:00001d20       ?inetGet@CVARIANTTool@@IEAA?AUtagVARIANT@@U2@@Z 0000000140002d20 f i MFCEditView.obj
 0001:00002550       ?Value@CVARIANTTool@@IEAA?AUtagVARIANT@@U2@0@Z 0000000140003550 f i MFCEditView.obj
 0001:00002f10       ?OpenTextFile@CVARIANTTool@@IEAA?AUtagVARIANT@@U2@@Z 0000000140003f10 f i MFCEditView.obj
 0001:00003380       ?QueryInterface@CVARIANTTool@@UEAAJAEBU_GUID@@PEAPEAX@Z 0000000140004380 f i MFCEditView.obj
 0001:00003380       ?QueryInterface@IVARIANTApplication@@UEAAJAEBU_GUID@@PEAPEAX@Z 0000000140004380 f i MFCEditView.obj
 0001:000033c0       ?Invoke@CVARIANTTool@@UEAA?AUtagVARIANT@@PEB_WPEAU2@H@Z 00000001400043c0 f i MFCEditView.obj
 0001:00003670       ??1?$CComPtr@UIXMLHTTPRequest@@@ATL@@QEAA@XZ 0000000140004670 f i MFCEditView.obj
 0001:00003690       ??1?$queue@V?$shared_ptr@Ust@?1??Value@CVARIANTTool@@IEAA?AUtagVARIANT@@U4@0@Z@@std@@V?$deque@V?$shared_ptr@Ust@?1??Value@CVARIANTTool@@IEAA?AUtagVARIANT@@U4@0@Z@@std@@V?$allocator@V?$shared_ptr@Ust@?1??Value@CVARIANTTool@@IEAA?AUtagVARIANT@@U4@0@Z@@std@@@2@@2@@std@@QEAA@XZ 0000000140004690 f i MFCEditView.obj
 0001:000036a0       ??_D?$basic_stringstream@DU?$char_traits@D@std@@V?$allocator@D@2@@std@@QEAAXXZ 00000001400046a0 f i MFCEditView.obj
 0001:00003700       ?TypeId@IVARIANTApplication@@UEBAHXZ 0000000140004700 f i MFCEditView.obj
 0001:00003710       ?Test@IVARIANTApplication@@QEAA?AUtagVARIANT@@U2@@Z 0000000140004710 f i MFCEditView.obj
 0001:00003a90       ?Invoke@IVARIANTApplication@@UEAA?AUtagVARIANT@@PEB_WPEAU2@H@Z 0000000140004a90 f i MFCEditView.obj
 0001:00003cd0       ??_EIVARIANTApplication@@UEAAPEAXI@Z 0000000140004cd0 f i * CIL library *:* CIL module *
 0001:00003cd0       ??_GIVARIANTApplication@@UEAAPEAXI@Z 0000000140004cd0 f i MFCEditView.obj
 0001:00003d00       ?OnBnClickedBtnRun@CMFCEditView@@QEAAXXZ 0000000140004d00 f   MFCEditView.obj
 0001:000041c0       ?OnBnClickedBtnSave@CMFCEditView@@QEAAXXZ 00000001400051c0 f   MFCEditView.obj
 0001:000042a0       ?OnSelchangeCombo1@CMFCEditView@@QEAAXXZ 00000001400052a0 f   MFCEditView.obj
 0001:00004530       ?OnBnClickedButton2@CMFCEditView@@QEAAXXZ 0000000140005530 f   MFCEditView.obj
 0001:00004560       ?OnBnClickedBtnClear@CMFCEditView@@QEAAXXZ 0000000140005560 f   MFCEditView.obj
 0001:000045f0       ?OnDestroy@CMFCEditView@@QEAAXXZ 00000001400055f0 f   MFCEditView.obj
 0001:00004730       ?OnSelchangeCmbFont@CMFCEditView@@QEAAXXZ 0000000140005730 f   MFCEditView.obj
 0001:00004890       ?OnKillfocusEdInput@CMFCEditView@@QEAAXXZ 0000000140005890 f   MFCEditView.obj
 0001:000048c0       ?OnSetfocusEdInput@CMFCEditView@@QEAAXXZ 00000001400058c0 f   MFCEditView.obj
 0001:00004970       ?WriteUtf8File@@YA_NAEBV?$CStringT@_WV?$StrTraitMFC_DLL@_WV?$ChTraitsCRT@_W@ATL@@@@@ATL@@0@Z 0000000140005970 f   MFCEditView.obj
 0001:00004ba0       ?Split@@YA?AV?$vector@V?$basic_string@_WU?$char_traits@_W@std@@V?$allocator@_W@2@@std@@V?$allocator@V?$basic_string@_WU?$char_traits@_W@std@@V?$allocator@_W@2@@std@@@2@@std@@V?$basic_string@_WU?$char_traits@_W@std@@V?$allocator@_W@2@@2@0@Z 0000000140005ba0 f   MFCEditView.obj
 0001:00004ed0       ??1?$regex_token_iterator@V?$_String_const_iterator@V?$_String_val@U?$_Simple_types@_W@std@@@std@@@std@@_WV?$regex_traits@_W@2@@std@@QEAA@XZ 0000000140005ed0 f i MFCEditView.obj
 0001:00004f00       ??1?$match_results@V?$_String_const_iterator@V?$_String_val@U?$_Simple_types@_W@std@@@std@@@std@@V?$allocator@V?$sub_match@V?$_String_const_iterator@V?$_String_val@U?$_Simple_types@_W@std@@@std@@@std@@@std@@@2@@std@@QEAA@XZ 0000000140005f00 f i MFCEditView.obj
 0001:00004f10       ??1?$regex_iterator@V?$_String_const_iterator@V?$_String_val@U?$_Simple_types@_W@std@@@std@@@std@@_WV?$regex_traits@_W@2@@std@@QEAA@XZ 0000000140005f10 f i MFCEditView.obj
 0001:00004f20       ?getUnixTime@@YA_JH@Z      0000000140005f20 f   MFCEditView.obj
 0001:00004fb0       ?inetStockData_YahooFinanceUri@@YA?AV?$basic_string@_WU?$char_traits@_W@std@@V?$allocator@_W@2@@std@@V12@H@Z 0000000140005fb0 f   MFCEditView.obj
 0001:00005240       ??$?6_WU?$char_traits@_W@std@@@std@@YAAEAV?$basic_ostream@_WU?$char_traits@_W@std@@@0@AEAV10@PEB_W@Z 0000000140006240 f i MFCEditView.obj
 0001:00005430       ??$?6_WU?$char_traits@_W@std@@@std@@YAAEAV?$basic_ostream@_WU?$char_traits@_W@std@@@0@AEAV10@_W@Z 0000000140006430 f i MFCEditView.obj
 0001:00005610       ??$?6U?$char_traits@D@std@@@std@@YAAEAV?$basic_ostream@DU?$char_traits@D@std@@@0@AEAV10@PEBD@Z 0000000140006610 f i MFCEditView.obj
 0001:000057f0       ??$?0U?$char_traits@_W@std@@V?$allocator@_W@1@@?$basic_regex@_WV?$regex_traits@_W@std@@@std@@QEAA@AEBV?$basic_string@_WU?$char_traits@_W@std@@V?$allocator@_W@2@@1@W4syntax_option_type@regex_constants@1@@Z 00000001400067f0 f i MFCEditView.obj
 0001:00005a60       ??1?$vector@DV?$allocator@D@std@@@std@@QEAA@XZ 0000000140006a60 f i MFCEditView.obj
 0001:00005ad0       ??1?$vector@V_variant_t@@V?$allocator@V_variant_t@@@std@@@std@@QEAA@XZ 0000000140006ad0 f i MFCEditView.obj
 0001:00005ba0       ??1?$vector@_WV?$allocator@_W@std@@@std@@QEAA@XZ 0000000140006ba0 f i MFCEditView.obj
 0001:00005bb0       ??1?$deque@V?$shared_ptr@Ust@?1??Value@CVARIANTTool@@IEAA?AUtagVARIANT@@U4@0@Z@@std@@V?$allocator@V?$shared_ptr@Ust@?1??Value@CVARIANTTool@@IEAA?AUtagVARIANT@@U4@0@Z@@std@@@2@@std@@QEAA@XZ 0000000140006bb0 f i MFCEditView.obj
 0001:00005ce0       ??1?$shared_ptr@Ust@?1??Value@CVARIANTTool@@IEAA?AUtagVARIANT@@U4@0@Z@@std@@QEAA@XZ 0000000140006ce0 f i MFCEditView.obj
 0001:00005d30       ??1?$vector@V?$basic_string@_WU?$char_traits@_W@std@@V?$allocator@_W@2@@std@@V?$allocator@V?$basic_string@_WU?$char_traits@_W@std@@V?$allocator@_W@2@@std@@@2@@std@@QEAA@XZ 0000000140006d30 f i MFCEditView.obj
 0001:00005dd0       ??0?$regex_token_iterator@V?$_String_const_iterator@V?$_String_val@U?$_Simple_types@_W@std@@@std@@@std@@_WV?$regex_traits@_W@2@@std@@QEAA@V?$_String_const_iterator@V?$_String_val@U?$_Simple_types@_W@std@@@std@@@1@0AEBV?$basic_regex@_WV?$regex_traits@_W@std@@@1@HW4match_flag_type@regex_constants@1@@Z 0000000140006dd0 f i MFCEditView.obj
 0001:00005f90       ??1?$basic_regex@_WV?$regex_traits@_W@std@@@std@@QEAA@XZ 0000000140006f90 f i MFCEditView.obj
 0001:00006030       ?do_hash@?$collate@_W@std@@MEBAJPEB_W0@Z 0000000140007030 f i MFCEditView.obj
 0001:00006080       ?do_transform@?$collate@_W@std@@MEBA?AV?$basic_string@_WU?$char_traits@_W@std@@V?$allocator@_W@2@@2@PEB_W0@Z 0000000140007080 f i MFCEditView.obj
 0001:00006230       ?do_compare@?$collate@_W@std@@MEBAHPEB_W000@Z 0000000140007230 f i MFCEditView.obj
 0001:00006280       ??0?$basic_string@_WU?$char_traits@_W@std@@V?$allocator@_W@2@@std@@QEAA@AEBV01@@Z 0000000140007280 f i MFCEditView.obj
 0001:000063c0       ?seekpos@?$basic_stringbuf@_WU?$char_traits@_W@std@@V?$allocator@_W@2@@std@@MEAA?AV?$fpos@U_Mbstatet@@@2@V32@H@Z 00000001400073c0 f i MFCEditView.obj
 0001:000064f0       ?seekoff@?$basic_stringbuf@_WU?$char_traits@_W@std@@V?$allocator@_W@2@@std@@MEAA?AV?$fpos@U_Mbstatet@@@2@_JHH@Z 00000001400074f0 f i MFCEditView.obj
 0001:00006690       ?underflow@?$basic_stringbuf@_WU?$char_traits@_W@std@@V?$allocator@_W@2@@std@@MEAAGXZ 0000000140007690 f i MFCEditView.obj
 0001:00006700       ?pbackfail@?$basic_stringbuf@_WU?$char_traits@_W@std@@V?$allocator@_W@2@@std@@MEAAGG@Z 0000000140007700 f i MFCEditView.obj
 0001:00006760       ?overflow@?$basic_stringbuf@_WU?$char_traits@_W@std@@V?$allocator@_W@2@@std@@MEAAGG@Z 0000000140007760 f i MFCEditView.obj
 0001:000069a0       ??1?$basic_stringbuf@_WU?$char_traits@_W@std@@V?$allocator@_W@2@@std@@UEAA@XZ 00000001400079a0 f i MFCEditView.obj
 0001:00006a80       ?seekpos@?$basic_stringbuf@DU?$char_traits@D@std@@V?$allocator@D@2@@std@@MEAA?AV?$fpos@U_Mbstatet@@@2@V32@H@Z 0000000140007a80 f i MFCEditView.obj
 0001:00006ba0       ?seekoff@?$basic_stringbuf@DU?$char_traits@D@std@@V?$allocator@D@2@@std@@MEAA?AV?$fpos@U_Mbstatet@@@2@_JHH@Z 0000000140007ba0 f i MFCEditView.obj
 0001:00006d30       ?underflow@?$basic_stringbuf@DU?$char_traits@D@std@@V?$allocator@D@2@@std@@MEAAHXZ 0000000140007d30 f i MFCEditView.obj
 0001:00006d90       ?pbackfail@?$basic_stringbuf@DU?$char_traits@D@std@@V?$allocator@D@2@@std@@MEAAHH@Z 0000000140007d90 f i MFCEditView.obj
 0001:00006df0       ?overflow@?$basic_stringbuf@DU?$char_traits@D@std@@V?$allocator@D@2@@std@@MEAAHH@Z 0000000140007df0 f i MFCEditView.obj
 0001:00007000       ??1?$basic_stringbuf@DU?$char_traits@D@std@@V?$allocator@D@2@@std@@UEAA@XZ 0000000140008000 f i MFCEditView.obj
 0001:000070d0       ??1?$regex_traits@_W@std@@QEAA@XZ 00000001400080d0 f i MFCEditView.obj
 0001:00007110       ??_E?$collate@_W@std@@MEAAPEAXI@Z 0000000140008110 f i * CIL library *:* CIL module *
 0001:00007110       ??_G?$collate@_W@std@@MEAAPEAXI@Z 0000000140008110 f i MFCEditView.obj
 0001:00007160       ??_E?$basic_stringstream@_WU?$char_traits@_W@std@@V?$allocator@_W@2@@std@@UEAAPEAXI@Z 0000000140008160 f i * CIL library *:* CIL module *
 0001:00007160       ??_G?$basic_stringstream@_WU?$char_traits@_W@std@@V?$allocator@_W@2@@std@@UEAAPEAXI@Z 0000000140008160 f i MFCEditView.obj
 0001:000071f0       ??_E?$basic_stringbuf@_WU?$char_traits@_W@std@@V?$allocator@_W@2@@std@@UEAAPEAXI@Z 00000001400081f0 f i * CIL library *:* CIL module *
 0001:000071f0       ??_G?$basic_stringbuf@_WU?$char_traits@_W@std@@V?$allocator@_W@2@@std@@UEAAPEAXI@Z 00000001400081f0 f i MFCEditView.obj
 0001:00007230       ??_E?$basic_stringstream@DU?$char_traits@D@std@@V?$allocator@D@2@@std@@UEAAPEAXI@Z 0000000140008230 f i * CIL library *:* CIL module *
 0001:00007230       ??_G?$basic_stringstream@DU?$char_traits@D@std@@V?$allocator@D@2@@std@@UEAAPEAXI@Z 0000000140008230 f i MFCEditView.obj
 0001:000072c0       ??_E?$basic_stringbuf@DU?$char_traits@D@std@@V?$allocator@D@2@@std@@UEAAPEAXI@Z 00000001400082c0 f i * CIL library *:* CIL module *
 0001:000072c0       ??_G?$basic_stringbuf@DU?$char_traits@D@std@@V?$allocator@D@2@@std@@UEAAPEAXI@Z 00000001400082c0 f i MFCEditView.obj
 0001:00007300       ??$_Insert_string@_WU?$char_traits@_W@std@@_K@std@@YAAEAV?$basic_ostream@_WU?$char_traits@_W@std@@@0@AEAV10@QEB_W_K@Z 0000000140008300 f i MFCEditView.obj
 0001:000074f0       ?_Delete_this@?$_Ref_count_obj2@Ust@?1??Value@CVARIANTTool@@IEAA?AUtagVARIANT@@U4@0@Z@@std@@EEAAXXZ 00000001400084f0 f i MFCEditView.obj
 0001:00007510       ?_Destroy@?$_Ref_count_obj2@Ust@?1??Value@CVARIANTTool@@IEAA?AUtagVARIANT@@U4@0@Z@@std@@EEAAXXZ 0000000140008510 f i MFCEditView.obj
 0001:00007520       ?_Tidy@?$vector@V?$sub_match@V?$_String_const_iterator@V?$_String_val@U?$_Simple_types@_W@std@@@std@@@std@@@std@@V?$allocator@V?$sub_match@V?$_String_const_iterator@V?$_String_val@U?$_Simple_types@_W@std@@@std@@@std@@@std@@@2@@std@@AEAAXXZ 0000000140008520 f i MFCEditView.obj
 0001:000075b0       ?_Tidy@?$vector@_WV?$allocator@_W@std@@@std@@AEAAXXZ 00000001400085b0 f i MFCEditView.obj
 0001:00007620       ??E?$regex_token_iterator@V?$_String_const_iterator@V?$_String_val@U?$_Simple_types@_W@std@@@std@@@std@@_WV?$regex_traits@_W@2@@std@@QEAAAEAV01@XZ 0000000140008620 f i MFCEditView.obj
 0001:000078e0       ??8?$regex_token_iterator@V?$_String_const_iterator@V?$_String_val@U?$_Simple_types@_W@std@@@std@@@std@@_WV?$regex_traits@_W@2@@std@@QEBA_NAEBV01@@Z 00000001400088e0 f i MFCEditView.obj
 0001:00007aa0       ??0?$regex_token_iterator@V?$_String_const_iterator@V?$_String_val@U?$_Simple_types@_W@std@@@std@@@std@@_WV?$regex_traits@_W@2@@std@@QEAA@AEBV01@@Z 0000000140008aa0 f i MFCEditView.obj
 0001:00007bf0       ?_Tidy@?$vector@HV?$allocator@H@std@@@std@@AEAAXXZ 0000000140008bf0 f i MFCEditView.obj
 0001:00007bf0       ?_Tidy@?$vector@IV?$allocator@I@std@@@std@@AEAAXXZ 0000000140008bf0 f i MFCEditView.obj
 0001:00007c60       ?_Tidy@?$basic_regex@_WV?$regex_traits@_W@std@@@std@@AEAAXXZ 0000000140008c60 f i MFCEditView.obj
 0001:00007ce0       ??1sentry@?$basic_ostream@_WU?$char_traits@_W@std@@@std@@QEAA@XZ 0000000140008ce0 f i MFCEditView.obj
 0001:00007d20       ??1sentry@?$basic_ostream@DU?$char_traits@D@std@@@std@@QEAA@XZ 0000000140008d20 f i MFCEditView.obj
 0001:00007d60       ??_E?$_Ref_count_obj2@Ust@?1??Value@CVARIANTTool@@IEAA?AUtagVARIANT@@U4@0@Z@@std@@UEAAPEAXI@Z 0000000140008d60 f i * CIL library *:* CIL module *
 0001:00007d60       ??_G?$_Ref_count_obj2@Ust@?1??Value@CVARIANTTool@@IEAA?AUtagVARIANT@@U4@0@Z@@std@@UEAAPEAXI@Z 0000000140008d60 f i MFCEditView.obj
 0001:00007d90       ??1?$_Parser@PEB_W_WV?$regex_traits@_W@std@@@std@@QEAA@XZ 0000000140008d90 f i MFCEditView.obj
 0001:00007da0       ??0?$regex_iterator@V?$_String_const_iterator@V?$_String_val@U?$_Simple_types@_W@std@@@std@@@std@@_WV?$regex_traits@_W@2@@std@@QEAA@AEBV01@@Z 0000000140008da0 f i MFCEditView.obj
 0001:00007f50       ??$_Emplace_reallocate@AEBV_variant_t@@@?$vector@V_variant_t@@V?$allocator@V_variant_t@@@std@@@std@@AEAAPEAV_variant_t@@QEAV2@AEBV2@@Z 0000000140008f50 f i MFCEditView.obj
 0001:000082b0       ??$_Emplace_reallocate@V?$basic_string@_WU?$char_traits@_W@std@@V?$allocator@_W@2@@std@@@?$vector@V?$basic_string@_WU?$char_traits@_W@std@@V?$allocator@_W@2@@std@@V?$allocator@V?$basic_string@_WU?$char_traits@_W@std@@V?$allocator@_W@2@@std@@@2@@std@@AEAAPEAV?$basic_string@_WU?$char_traits@_W@std@@V?$allocator@_W@2@@1@QEAV21@$$QEAV21@@Z 00000001400092b0 f i MFCEditView.obj
 0001:00008590       ??$_Regex_search2@V?$_String_const_iterator@V?$_String_val@U?$_Simple_types@_W@std@@@std@@@std@@V?$allocator@V?$sub_match@V?$_String_const_iterator@V?$_String_val@U?$_Simple_types@_W@std@@@std@@@std@@@std@@@2@_WV?$regex_traits@_W@2@V12@@std@@YA_NV?$_String_const_iterator@V?$_String_val@U?$_Simple_types@_W@std@@@std@@@0@0PEAV?$match_results@V?$_String_const_iterator@V?$_String_val@U?$_Simple_types@_W@std@@@std@@@std@@V?$allocator@V?$sub_match@V?$_String_const_iterator@V?$_String_val@U?$_Simple_types@_W@std@@@std@@@std@@@std@@@2@@0@AEBV?$basic_regex@_WV?$regex_traits@_W@std@@@0@W4match_flag_type@regex_constants@0@0@Z 0000000140009590 f i MFCEditView.obj
 0001:00008790       ??$_Reallocate_grow_by@V<lambda_a3050a43f3157934f354774ab3dd2e02>@@_K_W@?$basic_string@_WU?$char_traits@_W@std@@V?$allocator@_W@2@@std@@AEAAAEAV01@_KV<lambda_a3050a43f3157934f354774ab3dd2e02>@@_K_W@Z 0000000140009790 f i MFCEditView.obj
 0001:00008950       ?_Compile@?$_Parser@PEB_W_WV?$regex_traits@_W@std@@@std@@QEAAPEAV_Root_node@2@XZ 0000000140009950 f i MFCEditView.obj
 0001:00008b60       ??1?$vector@_NV?$allocator@_N@std@@@std@@QEAA@XZ 0000000140009b60 f i MFCEditView.obj
 0001:00008b70       ??1_Sentry_base@?$basic_ostream@DU?$char_traits@D@std@@@std@@QEAA@XZ 0000000140009b70 f i MFCEditView.obj
 0001:00008b70       ??1_Sentry_base@?$basic_ostream@_WU?$char_traits@_W@std@@@std@@QEAA@XZ 0000000140009b70 f i MFCEditView.obj
 0001:00008ba0       ??1?$_Matcher@V?$_String_const_iterator@V?$_String_val@U?$_Simple_types@_W@std@@@std@@@std@@_WV?$regex_traits@_W@2@V12@@std@@QEAA@XZ 0000000140009ba0 f i MFCEditView.obj
 0001:00008be0       ??1?$_Tgt_state_t@V?$_String_const_iterator@V?$_String_val@U?$_Simple_types@_W@std@@@std@@@std@@@std@@QEAA@XZ 0000000140009be0 f i MFCEditView.obj
 0001:00008c00       ??1?$_Bt_state_t@V?$_String_const_iterator@V?$_String_val@U?$_Simple_types@_W@std@@@std@@@std@@@std@@QEAA@XZ 0000000140009c00 f i MFCEditView.obj
 0001:00008c10       ??$_Match@V?$allocator@V?$sub_match@V?$_String_const_iterator@V?$_String_val@U?$_Simple_types@_W@std@@@std@@@std@@@std@@@std@@@?$_Matcher@V?$_String_const_iterator@V?$_String_val@U?$_Simple_types@_W@std@@@std@@@std@@_WV?$regex_traits@_W@2@V12@@std@@QEAA_NPEAV?$match_results@V?$_String_const_iterator@V?$_String_val@U?$_Simple_types@_W@std@@@std@@@std@@V?$allocator@V?$sub_match@V?$_String_const_iterator@V?$_String_val@U?$_Simple_types@_W@std@@@std@@@std@@@std@@@2@@1@_N@Z 0000000140009c10 f i MFCEditView.obj
 0001:00008e40       ??$use_facet@V?$collate@_W@std@@@std@@YAAEBV?$collate@_W@0@AEBVlocale@0@@Z 0000000140009e40 f i MFCEditView.obj
 0001:00009040       ??$_Reallocate_for@V<lambda_3fa8b2c8193a0f3144fc4b1b8f243931>@@PEB_W@?$basic_string@_WU?$char_traits@_W@std@@V?$allocator@_W@2@@std@@AEAAAEAV01@_KV<lambda_3fa8b2c8193a0f3144fc4b1b8f243931>@@PEB_W@Z 000000014000a040 f i MFCEditView.obj
 0001:000091b0       ??$_Reallocate_for@V<lambda_66f57f934f28d61049862f64df852ff0>@@PEBD@?$basic_string@DU?$char_traits@D@std@@V?$allocator@D@2@@std@@AEAAAEAV01@_KV<lambda_66f57f934f28d61049862f64df852ff0>@@PEBD@Z 000000014000a1b0 f i MFCEditView.obj
 0001:00009300       ?_Error@?$_Parser@PEB_W_WV?$regex_traits@_W@std@@@std@@AEAAXW4error_type@regex_constants@2@@Z 000000014000a300 f i MFCEditView.obj
 0001:00009310       ?_Trans@?$_Parser@PEB_W_WV?$regex_traits@_W@std@@@std@@AEAAXXZ 000000014000a310 f i MFCEditView.obj
 0001:00009600       ?_Disjunction@?$_Parser@PEB_W_WV?$regex_traits@_W@std@@@std@@AEAAXXZ 000000014000a600 f i MFCEditView.obj
 0001:00009850       ?_End_group@?$_Builder@PEB_W_WV?$regex_traits@_W@std@@@std@@QEAAXPEAV_Node_base@2@@Z 000000014000a850 f i MFCEditView.obj
 0001:00009900       ?_Skip@?$_Matcher@V?$_String_const_iterator@V?$_String_val@U?$_Simple_types@_W@std@@@std@@@std@@_WV?$regex_traits@_W@2@V12@@std@@QEAA?AV?$_String_const_iterator@V?$_String_val@U?$_Simple_types@_W@std@@@std@@@2@V32@0PEAV_Node_base@2@@Z 000000014000a900 f i MFCEditView.obj
 0001:00009c80       ??1?$_Tidy_guard@V?$_Builder@PEB_W_WV?$regex_traits@_W@std@@@std@@@std@@QEAA@XZ 000000014000ac80 f i MFCEditView.obj
 0001:00009ce0       ??0?$_Matcher@V?$_String_const_iterator@V?$_String_val@U?$_Simple_types@_W@std@@@std@@@std@@_WV?$regex_traits@_W@2@V12@@std@@QEAA@V?$_String_const_iterator@V?$_String_val@U?$_Simple_types@_W@std@@@std@@@1@0AEBV?$regex_traits@_W@1@PEAV_Root_node@1@IW4syntax_option_type@regex_constants@1@W4match_flag_type@61@@Z 000000014000ace0 f i MFCEditView.obj
 0001:00009e30       ?_Xlength@?$vector@DV?$allocator@D@std@@@std@@CAXXZ 000000014000ae30 f i MFCEditView.obj
 0001:00009e30       ?_Xlength@?$vector@HV?$allocator@H@std@@@std@@CAXXZ 000000014000ae30 f i MFCEditView.obj
 0001:00009e30       ?_Xlength@?$vector@IV?$allocator@I@std@@@std@@CAXXZ 000000014000ae30 f i MFCEditView.obj
 0001:00009e30       ?_Xlength@?$vector@U_Grp_t@?$_Tgt_state_t@V?$_String_const_iterator@V?$_String_val@U?$_Simple_types@_W@std@@@std@@@std@@@std@@V?$allocator@U_Grp_t@?$_Tgt_state_t@V?$_String_const_iterator@V?$_String_val@U?$_Simple_types@_W@std@@@std@@@std@@@std@@@3@@std@@CAXXZ 000000014000ae30 f i MFCEditView.obj
 0001:00009e30       ?_Xlength@?$vector@U_Loop_vals_t@std@@V?$allocator@U_Loop_vals_t@std@@@2@@std@@CAXXZ 000000014000ae30 f i MFCEditView.obj
 0001:00009e30       ?_Xlength@?$vector@V?$basic_string@_WU?$char_traits@_W@std@@V?$allocator@_W@2@@std@@V?$allocator@V?$basic_string@_WU?$char_traits@_W@std@@V?$allocator@_W@2@@std@@@2@@std@@CAXXZ 000000014000ae30 f i MFCEditView.obj
 0001:00009e30       ?_Xlength@?$vector@V?$sub_match@V?$_String_const_iterator@V?$_String_val@U?$_Simple_types@_W@std@@@std@@@std@@@std@@V?$allocator@V?$sub_match@V?$_String_const_iterator@V?$_String_val@U?$_Simple_types@_W@std@@@std@@@std@@@std@@@2@@std@@CAXXZ 000000014000ae30 f i MFCEditView.obj
 0001:00009e30       ?_Xlength@?$vector@V_variant_t@@V?$allocator@V_variant_t@@@std@@@std@@CAXXZ 000000014000ae30 f i MFCEditView.obj
 0001:00009e30       ?_Xlength@?$vector@_WV?$allocator@_W@std@@@std@@CAXXZ 000000014000ae30 f i MFCEditView.obj
 0001:00009e50       ??1_Reallocation_guard@?$vector@V_variant_t@@V?$allocator@V_variant_t@@@std@@@std@@QEAA@XZ 000000014000ae50 f i MFCEditView.obj
 0001:00009ef0       ?_Growmap@?$deque@V?$shared_ptr@Ust@?1??Value@CVARIANTTool@@IEAA?AUtagVARIANT@@U4@0@Z@@std@@V?$allocator@V?$shared_ptr@Ust@?1??Value@CVARIANTTool@@IEAA?AUtagVARIANT@@U4@0@Z@@std@@@2@@std@@AEAAX_K@Z 000000014000aef0 f i MFCEditView.obj
 0001:0000a110       ?_Buy_nonzero@?$vector@HV?$allocator@H@std@@@std@@AEAAX_K@Z 000000014000b110 f i MFCEditView.obj
 0001:0000a1b0       ??1?$vector@U_Loop_vals_t@std@@V?$allocator@U_Loop_vals_t@std@@@2@@std@@QEAA@XZ 000000014000b1b0 f i MFCEditView.obj
 0001:0000a1b0       ?_Tidy@?$vector@U_Grp_t@?$_Tgt_state_t@V?$_String_const_iterator@V?$_String_val@U?$_Simple_types@_W@std@@@std@@@std@@@std@@V?$allocator@U_Grp_t@?$_Tgt_state_t@V?$_String_const_iterator@V?$_String_val@U?$_Simple_types@_W@std@@@std@@@std@@@std@@@3@@std@@AEAAXXZ 000000014000b1b0 f i MFCEditView.obj
 0001:0000a220       ??$_Compare@V?$_String_const_iterator@V?$_String_val@U?$_Simple_types@_W@std@@@std@@@std@@PEB_WV?$regex_traits@_W@2@@std@@YA?AV?$_String_const_iterator@V?$_String_val@U?$_Simple_types@_W@std@@@std@@@0@V10@0PEB_W1AEBV?$regex_traits@_W@0@W4syntax_option_type@regex_constants@0@@Z 000000014000b220 f i MFCEditView.obj
 0001:0000a360       ??$_Lookup_equiv@_WV?$regex_traits@_W@std@@@std@@YA_NGPEBU?$_Sequence@_W@0@AEBV?$regex_traits@_W@0@@Z 000000014000b360 f i MFCEditView.obj
 0001:0000a650       ?_Alternative@?$_Parser@PEB_W_WV?$regex_traits@_W@std@@@std@@AEAA_NXZ 000000014000b650 f i MFCEditView.obj
 0001:0000ab30       ?_New_node@?$_Builder@PEB_W_WV?$regex_traits@_W@std@@@std@@AEAAPEAV_Node_base@2@W4_Node_type@2@@Z 000000014000bb30 f i MFCEditView.obj
 0001:0000abc0       ?_Match_pat@?$_Matcher@V?$_String_const_iterator@V?$_String_val@U?$_Simple_types@_W@std@@@std@@@std@@_WV?$regex_traits@_W@2@V12@@std@@AEAA_NPEAV_Node_base@2@@Z 000000014000bbc0 f i MFCEditView.obj
 0001:0000b4b0       ??1?$_Uninitialized_backout_al@V?$allocator@V_variant_t@@@std@@@std@@QEAA@XZ 000000014000c4b0 f i MFCEditView.obj
 0001:0000b4f0       ?_Xlen@?$deque@V?$shared_ptr@Ust@?1??Value@CVARIANTTool@@IEAA?AUtagVARIANT@@U4@0@Z@@std@@V?$allocator@V?$shared_ptr@Ust@?1??Value@CVARIANTTool@@IEAA?AUtagVARIANT@@U4@0@Z@@std@@@2@@std@@CAXXZ 000000014000c4f0 f i MFCEditView.obj
 0001:0000b510       ?_Resize@?$match_results@V?$_String_const_iterator@V?$_String_val@U?$_Simple_types@_W@std@@@std@@@std@@V?$allocator@V?$sub_match@V?$_String_const_iterator@V?$_String_val@U?$_Simple_types@_W@std@@@std@@@std@@@std@@@2@@std@@QEAAXI@Z 000000014000c510 f i MFCEditView.obj
 0001:0000b5d0       ?resize@?$vector@_NV?$allocator@_N@std@@@std@@QEAAX_K_N@Z 000000014000c5d0 f i MFCEditView.obj
 0001:0000b760       ??0?$_Bt_state_t@V?$_String_const_iterator@V?$_String_val@U?$_Simple_types@_W@std@@@std@@@std@@@std@@QEAA@AEBV01@@Z 000000014000c760 f i MFCEditView.obj
 0001:0000b810       ??_E?$_Node_class@_WV?$regex_traits@_W@std@@@std@@UEAAPEAXI@Z 000000014000c810 f i * CIL library *:* CIL module *
 0001:0000b810       ??_G?$_Node_class@_WV?$regex_traits@_W@std@@@std@@UEAAPEAXI@Z 000000014000c810 f i MFCEditView.obj
 0001:0000b920       ??$transform_primary@V?$_String_iterator@V?$_String_val@U?$_Simple_types@_W@std@@@std@@@std@@@?$_Regex_traits@_W@std@@QEBA?AV?$basic_string@_WU?$char_traits@_W@std@@V?$allocator@_W@2@@1@V?$_String_iterator@V?$_String_val@U?$_Simple_types@_W@std@@@std@@@1@0@Z 000000014000c920 f i MFCEditView.obj
 0001:0000baa0       ?_CharacterClass@?$_Parser@PEB_W_WV?$regex_traits@_W@std@@@std@@AEAAXXZ 000000014000caa0 f i MFCEditView.obj
 0001:0000bbc0       ?_AtomEscape@?$_Parser@PEB_W_WV?$regex_traits@_W@std@@@std@@AEAAXXZ 000000014000cbc0 f i MFCEditView.obj
 0001:0000bd40       ?_Wrapped_disjunction@?$_Parser@PEB_W_WV?$regex_traits@_W@std@@@std@@AEAA_NXZ 000000014000cd40 f i MFCEditView.obj
 0001:0000bf00       ?_Quantifier@?$_Parser@PEB_W_WV?$regex_traits@_W@std@@@std@@AEAAXXZ 000000014000cf00 f i MFCEditView.obj
 0001:0000c1a0       ?_Add_char@?$_Builder@PEB_W_WV?$regex_traits@_W@std@@@std@@QEAAX_W@Z 000000014000d1a0 f i MFCEditView.obj
 0001:0000c270       ?_Do_if@?$_Matcher@V?$_String_const_iterator@V?$_String_val@U?$_Simple_types@_W@std@@@std@@@std@@_WV?$regex_traits@_W@2@V12@@std@@AEAA_NPEAV_Node_if@2@@Z 000000014000d270 f i MFCEditView.obj
 0001:0000c500       ?_Do_rep@?$_Matcher@V?$_String_const_iterator@V?$_String_val@U?$_Simple_types@_W@std@@@std@@@std@@_WV?$regex_traits@_W@2@V12@@std@@AEAA_NPEAV_Node_rep@2@_NH@Z 000000014000d500 f i MFCEditView.obj
 0001:0000c7d0       ?_Do_class@?$_Matcher@V?$_String_const_iterator@V?$_String_val@U?$_Simple_types@_W@std@@@std@@@std@@_WV?$regex_traits@_W@2@V12@@std@@AEAA_NPEAV_Node_base@2@@Z 000000014000d7d0 f i MFCEditView.obj
 0001:0000ca20       ?erase@?$vector@_NV?$allocator@_N@std@@@std@@QEAA?AV?$_Vb_iterator@U?$_Wrap_alloc@V?$allocator@I@std@@@std@@@2@V?$_Vb_const_iterator@U?$_Wrap_alloc@V?$allocator@I@std@@@std@@@2@0@Z 000000014000da20 f i MFCEditView.obj
 0001:0000cc90       ??0?$_Tgt_state_t@V?$_String_const_iterator@V?$_String_val@U?$_Simple_types@_W@std@@@std@@@std@@@std@@QEAA@AEBV01@@Z 000000014000dc90 f i MFCEditView.obj
 0001:0000cd90       ??$_Resize_reallocate@U_Value_init_tag@std@@@?$vector@U_Grp_t@?$_Tgt_state_t@V?$_String_const_iterator@V?$_String_val@U?$_Simple_types@_W@std@@@std@@@std@@@std@@V?$allocator@U_Grp_t@?$_Tgt_state_t@V?$_String_const_iterator@V?$_String_val@U?$_Simple_types@_W@std@@@std@@@std@@@std@@@3@@std@@AEAAX_KAEBU_Value_init_tag@1@@Z 000000014000dd90 f i MFCEditView.obj
 0001:0000cf20       ??$_Resize_reallocate@U_Value_init_tag@std@@@?$vector@U_Loop_vals_t@std@@V?$allocator@U_Loop_vals_t@std@@@2@@std@@AEAAX_KAEBU_Value_init_tag@1@@Z 000000014000df20 f i MFCEditView.obj
 0001:0000d0a0       ??$_Assign_counted_range@PEAU_Grp_t@?$_Tgt_state_t@V?$_String_const_iterator@V?$_String_val@U?$_Simple_types@_W@std@@@std@@@std@@@std@@@?$vector@U_Grp_t@?$_Tgt_state_t@V?$_String_const_iterator@V?$_String_val@U?$_Simple_types@_W@std@@@std@@@std@@@std@@V?$allocator@U_Grp_t@?$_Tgt_state_t@V?$_String_const_iterator@V?$_String_val@U?$_Simple_types@_W@std@@@std@@@std@@@std@@@3@@std@@AEAAXPEAU_Grp_t@?$_Tgt_state_t@V?$_String_const_iterator@V?$_String_val@U?$_Simple_types@_W@std@@@std@@@std@@@1@_K@Z 000000014000e0a0 f i MFCEditView.obj
 0001:0000d1e0       ??$fill_n@V?$_Vb_iterator@U?$_Wrap_alloc@V?$allocator@I@std@@@std@@@std@@_K_N@std@@YA?AV?$_Vb_iterator@U?$_Wrap_alloc@V?$allocator@I@std@@@std@@@0@V10@_KAEB_N@Z 000000014000e1e0 f i MFCEditView.obj
 0001:0000d330       ?_DecimalDigits2@?$_Parser@PEB_W_WV?$regex_traits@_W@std@@@std@@AEAA_NW4error_type@regex_constants@2@H@Z 000000014000e330 f i MFCEditView.obj
 0001:0000d440       ?_CharacterClassEscape@?$_Parser@PEB_W_WV?$regex_traits@_W@std@@@std@@AEAA_N_N@Z 000000014000e440 f i MFCEditView.obj
 0001:0000d570       ?_ClassRanges@?$_Parser@PEB_W_WV?$regex_traits@_W@std@@@std@@AEAAXXZ 000000014000e570 f i MFCEditView.obj
 0001:0000d710       ?_CharacterEscape@?$_Parser@PEB_W_WV?$regex_traits@_W@std@@@std@@AEAA_NXZ 000000014000e710 f i MFCEditView.obj
 0001:0000dd10       ?_Do_capture_group@?$_Parser@PEB_W_WV?$regex_traits@_W@std@@@std@@AEAAXXZ 000000014000ed10 f i MFCEditView.obj
 0001:0000de90       ?_Do_assert_group@?$_Parser@PEB_W_WV?$regex_traits@_W@std@@@std@@AEAAX_N@Z 000000014000ee90 f i MFCEditView.obj
 0001:0000df80       ?_Add_class@?$_Builder@PEB_W_WV?$regex_traits@_W@std@@@std@@QEAAXXZ 000000014000ef80 f i MFCEditView.obj
 0001:0000e020       ?_Add_char_to_class@?$_Builder@PEB_W_WV?$regex_traits@_W@std@@@std@@QEAAX_W@Z 000000014000f020 f i MFCEditView.obj
 0001:0000e110       ?_Add_rep@?$_Builder@PEB_W_WV?$regex_traits@_W@std@@@std@@QEAAXHH_N@Z 000000014000f110 f i MFCEditView.obj
 0001:0000e440       ?_Do_rep0@?$_Matcher@V?$_String_const_iterator@V?$_String_val@U?$_Simple_types@_W@std@@@std@@@std@@_WV?$regex_traits@_W@2@V12@@std@@AEAA_NPEAV_Node_rep@2@_N@Z 000000014000f440 f i MFCEditView.obj
 0001:0000e770       ?_Insert2@?$_Buf@_W@std@@QEAAX_W@Z 000000014000f770 f i MFCEditView.obj
 0001:0000e820       ?_Insert_x@?$vector@_NV?$allocator@_N@std@@@std@@QEAA_KV?$_Vb_const_iterator@U?$_Wrap_alloc@V?$allocator@I@std@@@std@@@2@_K@Z 000000014000f820 f i MFCEditView.obj
 0001:0000ea80       ??$_Resize_reallocate@U_Value_init_tag@std@@@?$vector@V?$sub_match@V?$_String_const_iterator@V?$_String_val@U?$_Simple_types@_W@std@@@std@@@std@@@std@@V?$allocator@V?$sub_match@V?$_String_const_iterator@V?$_String_val@U?$_Simple_types@_W@std@@@std@@@std@@@std@@@2@@std@@AEAAX_KAEBU_Value_init_tag@1@@Z 000000014000fa80 f i MFCEditView.obj
 0001:0000ec70       ??$lookup_classname@PEB_W@?$_Regex_traits@_W@std@@QEBAFPEB_W0_N@Z 000000014000fc70 f i MFCEditView.obj
 0001:0000ede0       ??$_Assign_counted_range@PEAI@?$vector@IV?$allocator@I@std@@@std@@AEAAXPEAI_K@Z 000000014000fde0 f i MFCEditView.obj
 0001:0000ef30       ?_HexDigits@?$_Parser@PEB_W_WV?$regex_traits@_W@std@@@std@@AEAAXH@Z 000000014000ff30 f i MFCEditView.obj
 0001:0000f060       ?_ClassAtom@?$_Parser@PEB_W_WV?$regex_traits@_W@std@@@std@@AEAA?AW4_Prs_ret@2@XZ 0000000140010060 f i MFCEditView.obj
 0001:0000f450       ?_Add_range2@?$_Builder@PEB_W_WV?$regex_traits@_W@std@@@std@@QEAAX_W0@Z 0000000140010450 f i MFCEditView.obj
 0001:0000f5b0       ?_Add_named_class@?$_Builder@PEB_W_WV?$regex_traits@_W@std@@@std@@QEAAXF_N@Z 00000001400105b0 f i MFCEditView.obj
 0001:0000f6a0       ?_Xlen@?$vector@_NV?$allocator@_N@std@@@std@@SAXXZ 00000001400106a0 f i MFCEditView.obj
 0001:0000f6c0       ??_E?$_Node_str@_W@std@@UEAAPEAXI@Z 00000001400106c0 f i * CIL library *:* CIL module *
 0001:0000f6c0       ??_G?$_Node_str@_W@std@@UEAAPEAXI@Z 00000001400106c0 f i MFCEditView.obj
 0001:0000f710       ??$_Copy_vbool@V?$_Vb_iterator@U?$_Wrap_alloc@V?$allocator@I@std@@@std@@@std@@V12@@std@@YA?AV?$_Vb_iterator@U?$_Wrap_alloc@V?$allocator@I@std@@@std@@@0@V10@00@Z 0000000140010710 f i MFCEditView.obj
 0001:0000fbb0       ?_Do_ex_class@?$_Parser@PEB_W_WV?$regex_traits@_W@std@@@std@@AEAAXW4_Meta_type@2@@Z 0000000140010bb0 f i MFCEditView.obj
 0001:0000ff60       ??1?$unique_ptr@V_Facet_base@std@@U?$default_delete@V_Facet_base@std@@@2@@std@@QEAA@XZ 0000000140010f60 f i MFCEditView.obj
 0001:0000ff60       ??1?$unique_ptr@V_Node_assert@std@@U?$default_delete@V_Node_assert@std@@@2@@std@@QEAA@XZ 0000000140010f60 f i MFCEditView.obj
 0001:0000ff80       ?_Buy_raw@?$vector@U_Grp_t@?$_Tgt_state_t@V?$_String_const_iterator@V?$_String_val@U?$_Simple_types@_W@std@@@std@@@std@@@std@@V?$allocator@U_Grp_t@?$_Tgt_state_t@V?$_String_const_iterator@V?$_String_val@U?$_Simple_types@_W@std@@@std@@@std@@@std@@@3@@std@@AEAAX_K@Z 0000000140010f80 f i MFCEditView.obj
 0001:00010020       ??$_Resize_reallocate@I@?$vector@IV?$allocator@I@std@@@std@@AEAAX_KAEBI@Z 0000000140011020 f i MFCEditView.obj
 0001:000101c0       ?_Buy_raw@?$vector@IV?$allocator@I@std@@@std@@AEAAX_K@Z 00000001400111c0 f i MFCEditView.obj
 0001:00010260       ??$transform_primary@PEA_W@?$_Regex_traits@_W@std@@QEBA?AV?$basic_string@_WU?$char_traits@_W@std@@V?$allocator@_W@2@@1@PEA_W0@Z 0000000140011260 f i MFCEditView.obj
 0001:00010260       ??$transform_primary@PEB_W@?$_Regex_traits@_W@std@@QEBA?AV?$basic_string@_WU?$char_traits@_W@std@@V?$allocator@_W@2@@1@PEB_W0@Z 0000000140011260 f i MFCEditView.obj
 0001:000103e0       ?_Char_to_elts@?$_Builder@PEB_W_WV?$regex_traits@_W@std@@@std@@AEAAXPEB_W0_JPEAPEAU?$_Sequence@_W@2@@Z 00000001400113e0 f i MFCEditView.obj
 0001:00010490       ??_E?$basic_stringstream@_WU?$char_traits@_W@std@@V?$allocator@_W@2@@std@@$4PPPPPPPM@A@EAAPEAXI@Z 0000000140011490 f i MFCEditView.obj
 0001:0001049c       ??_E?$basic_stringstream@DU?$char_traits@D@std@@V?$allocator@D@2@@std@@$4PPPPPPPM@A@EAAPEAXI@Z 000000014001149c f i MFCEditView.obj
 0001:000104b0       ?accHitTest@CFormView@@UEAAJJJPEAUtagVARIANT@@@Z 00000001400114b0 f i MFCEditView.obj
 0001:000104c0       ?accLocation@CFormView@@UEAAJPEAJ000UtagVARIANT@@@Z 00000001400114c0 f i MFCEditView.obj
 0001:00010510       ?get_accName@CFormView@@UEAAJUtagVARIANT@@PEAPEA_W@Z 0000000140011510 f i MFCEditView.obj
 0001:00010540       ?get_accChild@CFormView@@UEAAJUtagVARIANT@@PEAPEAUIDispatch@@@Z 0000000140011540 f i MFCEditView.obj
 0001:00010570       ?get_accChildCount@CFormView@@UEAAJPEAJ@Z 0000000140011570 f i MFCEditView.obj
 0001:00010590       ?name@locale@std@@QEBA?AV?$basic_string@DU?$char_traits@D@std@@V?$allocator@D@2@@2@XZ 0000000140011590 f i MFCEditView.obj
 0001:000107e0       wmemcmp                    00000001400117e0 f i MFCEditView.obj
 0001:00010990       ??1locale@std@@QEAA@XZ     0000000140011990 f i MFCEditView.obj
 0001:000109d0       ??$_Get_index@$0A@@id@locale@std@@QEAA_KXZ 00000001400119d0 f i MFCEditView.obj
 0001:00010a50       ??0bad_cast@std@@QEAA@XZ   0000000140011a50 f i MFCEditView.obj
 0001:00010a80       ??1bad_array_new_length@std@@UEAA@XZ 0000000140011a80 f i MFCEditView.obj
 0001:00010a80       ??1bad_cast@std@@UEAA@XZ   0000000140011a80 f i MFCEditView.obj
 0001:00010aa0       ??_Ebad_alloc@std@@UEAAPEAXI@Z 0000000140011aa0 f i * CIL library *:* CIL module *
 0001:00010aa0       ??_Ebad_array_new_length@std@@UEAAPEAXI@Z 0000000140011aa0 f i * CIL library *:* CIL module *
 0001:00010aa0       ??_Ebad_cast@std@@UEAAPEAXI@Z 0000000140011aa0 f i * CIL library *:* CIL module *
 0001:00010aa0       ??_Eexception@std@@UEAAPEAXI@Z 0000000140011aa0 f i * CIL library *:* CIL module *
 0001:00010aa0       ??_Gbad_alloc@std@@UEAAPEAXI@Z 0000000140011aa0 f i MFCEditView.obj
 0001:00010aa0       ??_Gbad_array_new_length@std@@UEAAPEAXI@Z 0000000140011aa0 f i MFCEditView.obj
 0001:00010aa0       ??_Gbad_cast@std@@UEAAPEAXI@Z 0000000140011aa0 f i MFCEditView.obj
 0001:00010aa0       ??_Gexception@std@@UEAAPEAXI@Z 0000000140011aa0 f i MFCEditView.obj
 0001:00010af0       ??0bad_cast@std@@QEAA@AEBV01@@Z 0000000140011af0 f i MFCEditView.obj
 0001:00010b30       ?_Throw_bad_cast@std@@YAXXZ 0000000140011b30 f i MFCEditView.obj
 0001:00010b50       ??HATL@@YA?AV?$CStringT@_WV?$StrTraitMFC_DLL@_WV?$ChTraitsCRT@_W@ATL@@@@@0@PEB_WAEBV10@@Z 0000000140011b50 f i MFCEditView.obj
 0001:00010bc0       ??1CWaitCursor@@QEAA@XZ    0000000140011bc0 f i MFCEditView.obj
 0001:00010c10       ??1?$basic_string@DU?$char_traits@D@std@@V?$allocator@D@2@@std@@QEAA@XZ 0000000140011c10 f i MFCEditView.obj
 0001:00010c90       ??4?$basic_string@_WU?$char_traits@_W@std@@V?$allocator@_W@2@@std@@QEAAAEAV01@$$QEAV01@@Z 0000000140011c90 f i MFCEditView.obj
 0001:00010d40       ??1_variant_t@@QEAA@XZ     0000000140011d40 f i MFCEditView.obj
 0001:00010d50       ?_Free@_bstr_t@@AEAAXXZ    0000000140011d50 f i MFCEditView.obj
 0001:00010dc0       ??1_bstr_t@@QEAA@XZ        0000000140011dc0 f i MFCEditView.obj
 0001:00010dd0       ??1CFont@@UEAA@XZ          0000000140011dd0 f i MFCEditView.obj
 0001:00010de0       ??_ECFont@@UEAAPEAXI@Z     0000000140011de0 f i * CIL library *:* CIL module *
 0001:00010de0       ??_GCFont@@UEAAPEAXI@Z     0000000140011de0 f i MFCEditView.obj
 0001:00010e40       ??HATL@@YA?AV?$CStringT@_WV?$StrTraitMFC_DLL@_WV?$ChTraitsCRT@_W@ATL@@@@@0@AEBV10@PEB_W@Z 0000000140011e40 f i MFCEditView.obj
 0001:00010eb0       ?_Tidy_deallocate@?$basic_string@_WU?$char_traits@_W@std@@V?$allocator@_W@2@@std@@AEAAXXZ 0000000140011eb0 f i MFCEditView.obj
 0001:00010f30       ??1?$basic_string@_WU?$char_traits@_W@std@@V?$allocator@_W@2@@std@@QEAA@XZ 0000000140011f30 f i MFCEditView.obj
 0001:00010f40       ?_Xlen_string@std@@YAXXZ   0000000140011f40 f i MFCEditView.obj
 0001:00010f60       ??0bad_array_new_length@std@@QEAA@XZ 0000000140011f60 f i MFCEditView.obj
 0001:00010f90       ??0bad_array_new_length@std@@QEAA@AEBV01@@Z 0000000140011f90 f i MFCEditView.obj
 0001:00010fd0       ??0bad_alloc@std@@QEAA@AEBV01@@Z 0000000140011fd0 f i MFCEditView.obj
 0001:00011010       ??0exception@std@@QEAA@AEBV01@@Z 0000000140012010 f i MFCEditView.obj
 0001:00011050       ?_Throw_bad_array_new_length@std@@YAXXZ 0000000140012050 f i MFCEditView.obj
 0001:00011070       ??$_Construct@$00PEB_W@?$basic_string@_WU?$char_traits@_W@std@@V?$allocator@_W@2@@std@@AEAAXQEB_W_K@Z 0000000140012070 f i MFCEditView.obj
 0001:000111b0       ??0?$basic_string@_WU?$char_traits@_W@std@@V?$allocator@_W@2@@std@@QEAA@QEB_W@Z 00000001400121b0 f i MFCEditView.obj
 0001:000111f0       ??_ECComboBox@@UEAAPEAXI@Z 00000001400121f0 f i * CIL library *:* CIL module *
 0001:000111f0       ??_GCComboBox@@UEAAPEAXI@Z 00000001400121f0 f i MFCEditView.obj
 0001:00011240       ?what@exception@std@@UEBAPEBDXZ 0000000140012240 f i MFCEditView.obj
 0001:00011260       ?_AtlInitializeCriticalSectionEx@ATL@@YAHPEAU_RTL_CRITICAL_SECTION@@KK@Z 0000000140012260 f i pch.obj
 0001:00011267       ??3@YAXPEAX@Z              0000000140012267 f   mfc140u:mfc140u.dll
 0001:0001126d       ?GetThisMessageMap@CFrameWnd@@KAPEBUAFX_MSGMAP@@XZ 000000014001226d f   mfc140u:mfc140u.dll
 0001:00011273       ?OnCmdMsg@CFrameWnd@@UEAAHIHPEAXPEAUAFX_CMDHANDLERINFO@@@Z 0000000140012273 f   mfc140u:mfc140u.dll
 0001:00011279       ?OnFinalRelease@CWnd@@UEAAXXZ 0000000140012279 f   mfc140u:mfc140u.dll
 0001:0001127f       ?IsInvokeAllowed@CCmdTarget@@UEAAHJ@Z 000000014001227f f   mfc140u:mfc140u.dll
 0001:00011285       ?GetDispatchIID@CCmdTarget@@UEAAHPEAU_GUID@@@Z 0000000140012285 f   mfc140u:mfc140u.dll
 0001:0001128b       ?GetTypeInfoCount@CCmdTarget@@UEAAIXZ 000000014001228b f   mfc140u:mfc140u.dll
 0001:00011291       ?GetTypeLibCache@CCmdTarget@@UEAAPEAVCTypeLibCache@@XZ 0000000140012291 f   mfc140u:mfc140u.dll
 0001:00011297       ?GetTypeLib@CCmdTarget@@UEAAJKPEAPEAUITypeLib@@@Z 0000000140012297 f   mfc140u:mfc140u.dll
 0001:0001129d       ?GetCommandMap@CCmdTarget@@MEBAPEBUAFX_OLECMDMAP@@XZ 000000014001229d f   mfc140u:mfc140u.dll
 0001:000112a3       ?GetDispatchMap@CCmdTarget@@MEBAPEBUAFX_DISPMAP@@XZ 00000001400122a3 f   mfc140u:mfc140u.dll
 0001:000112a9       ?GetConnectionMap@CCmdTarget@@MEBAPEBUAFX_CONNECTIONMAP@@XZ 00000001400122a9 f   mfc140u:mfc140u.dll
 0001:000112af       ?GetInterfaceMap@CWnd@@MEBAPEBUAFX_INTERFACEMAP@@XZ 00000001400122af f   mfc140u:mfc140u.dll
 0001:000112b5       ?GetEventSinkMap@CCmdTarget@@MEBAPEBUAFX_EVENTSINKMAP@@XZ 00000001400122b5 f   mfc140u:mfc140u.dll
 0001:000112bb       ?OnCreateAggregates@CCmdTarget@@UEAAHXZ 00000001400122bb f   mfc140u:mfc140u.dll
 0001:000112c1       ?GetInterfaceHook@CCmdTarget@@UEAAPEAUIUnknown@@PEBX@Z 00000001400122c1 f   mfc140u:mfc140u.dll
 0001:000112c7       ?GetExtraConnectionPoints@CCmdTarget@@MEAAHPEAVCPtrArray@@@Z 00000001400122c7 f   mfc140u:mfc140u.dll
 0001:000112cd       ?GetConnectionHook@CCmdTarget@@MEAAPEAUIConnectionPoint@@AEBU_GUID@@@Z 00000001400122cd f   mfc140u:mfc140u.dll
 0001:000112d3       ?PreSubclassWindow@CWnd@@UEAAXXZ 00000001400122d3 f   mfc140u:mfc140u.dll
 0001:000112d9       ?Create@CWnd@@UEAAHPEB_W0KAEBUtagRECT@@PEAV1@IPEAUCCreateContext@@@Z 00000001400122d9 f   mfc140u:mfc140u.dll
 0001:000112df       ?CreateEx@CWnd@@UEAAHKPEB_W0KAEBUtagRECT@@PEAV1@IPEAX@Z 00000001400122df f   mfc140u:mfc140u.dll
 0001:000112e5       ?CreateEx@CWnd@@UEAAHKPEB_W0KHHHHPEAUHWND__@@PEAUHMENU__@@PEAX@Z 00000001400122e5 f   mfc140u:mfc140u.dll
 0001:000112eb       ?DestroyWindow@CWnd@@UEAAHXZ 00000001400122eb f   mfc140u:mfc140u.dll
 0001:000112f1       ?CalcWindowRect@CWnd@@UEAAXPEAUtagRECT@@I@Z 00000001400122f1 f   mfc140u:mfc140u.dll
 0001:000112f7       ?GetMenu@CFrameWnd@@UEBAPEAVCMenu@@XZ 00000001400122f7 f   mfc140u:mfc140u.dll
 0001:000112fd       ?SetMenu@CFrameWnd@@UEAAHPEAVCMenu@@@Z 00000001400122fd f   mfc140u:mfc140u.dll
 0001:00011303       ?OnToolHitTest@CWnd@@UEBA_JVCPoint@@PEAUtagTOOLINFOW@@@Z 0000000140012303 f   mfc140u:mfc140u.dll
 0001:00011309       ?GetScrollBarCtrl@CWnd@@UEBAPEAVCScrollBar@@H@Z 0000000140012309 f   mfc140u:mfc140u.dll
 0001:0001130f       ?WinHelpW@CWnd@@UEAAX_KI@Z 000000014001230f f   mfc140u:mfc140u.dll
 0001:00011315       ?HtmlHelpW@CWnd@@UEAAX_KI@Z 0000000140012315 f   mfc140u:mfc140u.dll
 0001:0001131b       ?WinHelpInternal@CWnd@@UEAAX_KI@Z 000000014001231b f   mfc140u:mfc140u.dll
 0001:00011321       ?ContinueModal@CWnd@@UEAAHXZ 0000000140012321 f   mfc140u:mfc140u.dll
 0001:00011327       ?EndModalLoop@CWnd@@UEAAXH@Z 0000000140012327 f   mfc140u:mfc140u.dll
 0001:0001132d       ?OnDrawIconicThumbnailOrLivePreview@CWnd@@UEAAXAEAVCDC@@VCRect@@VCSize@@HAEAH@Z 000000014001232d f   mfc140u:mfc140u.dll
 0001:00011333       ?EnsureStdObj@CWnd@@UEAAJXZ 0000000140012333 f   mfc140u:mfc140u.dll
 0001:00011339       ?get_accParent@CWnd@@UEAAJPEAPEAUIDispatch@@@Z 0000000140012339 f   mfc140u:mfc140u.dll
 0001:0001133f       ?get_accChildCount@CWnd@@UEAAJPEAJ@Z 000000014001233f f   mfc140u:mfc140u.dll
 0001:00011345       ?get_accChild@CWnd@@UEAAJUtagVARIANT@@PEAPEAUIDispatch@@@Z 0000000140012345 f   mfc140u:mfc140u.dll
 0001:0001134b       ?get_accName@CWnd@@UEAAJUtagVARIANT@@PEAPEA_W@Z 000000014001234b f   mfc140u:mfc140u.dll
 0001:00011351       ?get_accValue@CWnd@@UEAAJUtagVARIANT@@PEAPEA_W@Z 0000000140012351 f   mfc140u:mfc140u.dll
 0001:00011357       ?get_accDescription@CWnd@@UEAAJUtagVARIANT@@PEAPEA_W@Z 0000000140012357 f   mfc140u:mfc140u.dll
 0001:0001135d       ?get_accRole@CWnd@@UEAAJUtagVARIANT@@PEAU2@@Z 000000014001235d f   mfc140u:mfc140u.dll
 0001:00011363       ?get_accState@CWnd@@UEAAJUtagVARIANT@@PEAU2@@Z 0000000140012363 f   mfc140u:mfc140u.dll
 0001:00011369       ?get_accHelp@CWnd@@UEAAJUtagVARIANT@@PEAPEA_W@Z 0000000140012369 f   mfc140u:mfc140u.dll
 0001:0001136f       ?get_accHelpTopic@CWnd@@UEAAJPEAPEA_WUtagVARIANT@@PEAJ@Z 000000014001236f f   mfc140u:mfc140u.dll
 0001:00011375       ?get_accKeyboardShortcut@CWnd@@UEAAJUtagVARIANT@@PEAPEA_W@Z 0000000140012375 f   mfc140u:mfc140u.dll
 0001:0001137b       ?get_accFocus@CWnd@@UEAAJPEAUtagVARIANT@@@Z 000000014001237b f   mfc140u:mfc140u.dll
 0001:00011381       ?get_accSelection@CWnd@@UEAAJPEAUtagVARIANT@@@Z 0000000140012381 f   mfc140u:mfc140u.dll
 0001:00011387       ?get_accDefaultAction@CWnd@@UEAAJUtagVARIANT@@PEAPEA_W@Z 0000000140012387 f   mfc140u:mfc140u.dll
 0001:0001138d       ?accSelect@CWnd@@UEAAJJUtagVARIANT@@@Z 000000014001238d f   mfc140u:mfc140u.dll
 0001:00011393       ?accLocation@CWnd@@UEAAJPEAJ000UtagVARIANT@@@Z 0000000140012393 f   mfc140u:mfc140u.dll
 0001:00011399       ?accNavigate@CWnd@@UEAAJJUtagVARIANT@@PEAU2@@Z 0000000140012399 f   mfc140u:mfc140u.dll
 0001:0001139f       ?accHitTest@CWnd@@UEAAJJJPEAUtagVARIANT@@@Z 000000014001239f f   mfc140u:mfc140u.dll
 0001:000113a5       ?accDoDefaultAction@CWnd@@UEAAJUtagVARIANT@@@Z 00000001400123a5 f   mfc140u:mfc140u.dll
 0001:000113ab       ?put_accName@CWnd@@UEAAJUtagVARIANT@@PEA_W@Z 00000001400123ab f   mfc140u:mfc140u.dll
 0001:000113b1       ?put_accValue@CWnd@@UEAAJUtagVARIANT@@PEA_W@Z 00000001400123b1 f   mfc140u:mfc140u.dll
 0001:000113b7       ?SetProxy@CWnd@@UEAAJPEAUIAccessibleProxy@@@Z 00000001400123b7 f   mfc140u:mfc140u.dll
 0001:000113bd       ?CreateAccessibleProxy@CWnd@@UEAAJ_K_JPEA_J@Z 00000001400123bd f   mfc140u:mfc140u.dll
 0001:000113c3       ?OnCommand@CFrameWnd@@MEAAH_K_J@Z 00000001400123c3 f   mfc140u:mfc140u.dll
 0001:000113c9       ?OnNotify@CWnd@@MEAAH_K_JPEA_J@Z 00000001400123c9 f   mfc140u:mfc140u.dll
 0001:000113cf       ?GetSuperWndProcAddr@CWnd@@MEAAPEAP6A_JPEAUHWND__@@I_K_J@ZXZ 00000001400123cf f   mfc140u:mfc140u.dll
 0001:000113d5       ?BeginModalState@CFrameWnd@@UEAAXXZ 00000001400123d5 f   mfc140u:mfc140u.dll
 0001:000113db       ?EndModalState@CFrameWnd@@UEAAXXZ 00000001400123db f   mfc140u:mfc140u.dll
 0001:000113e1       ?PreTranslateMessage@CFrameWnd@@UEAAHPEAUtagMSG@@@Z 00000001400123e1 f   mfc140u:mfc140u.dll
 0001:000113e7       ?OnAmbientProperty@CWnd@@UEAAHPEAVCOleControlSite@@JPEAUtagVARIANT@@@Z 00000001400123e7 f   mfc140u:mfc140u.dll
 0001:000113ed       ?WindowProc@CWnd@@MEAA_JI_K_J@Z 00000001400123ed f   mfc140u:mfc140u.dll
 0001:000113f3       ?OnWndMsg@CWnd@@MEAAHI_K_JPEA_J@Z 00000001400123f3 f   mfc140u:mfc140u.dll
 0001:000113f9       ?DefWindowProcW@CWnd@@MEAA_JI_K_J@Z 00000001400123f9 f   mfc140u:mfc140u.dll
 0001:000113ff       ?PostNcDestroy@CFrameWnd@@MEAAXXZ 00000001400123ff f   mfc140u:mfc140u.dll
 0001:00011405       ?OnChildNotify@CWnd@@MEAAHI_K_JPEA_J@Z 0000000140012405 f   mfc140u:mfc140u.dll
 0001:0001140b       ?OnTouchInputs@CWnd@@MEAAHIPEAUtagTOUCHINPUT@@@Z 000000014001240b f   mfc140u:mfc140u.dll
 0001:00011411       ?OnTouchInput@CWnd@@MEAAHVCPoint@@HHPEAUtagTOUCHINPUT@@@Z 0000000140012411 f   mfc140u:mfc140u.dll
 0001:00011417       ?GetGestureStatus@CWnd@@MEAAKVCPoint@@@Z 0000000140012417 f   mfc140u:mfc140u.dll
 0001:0001141d       ?OnGestureZoom@CWnd@@MEAAHVCPoint@@J@Z 000000014001241d f   mfc140u:mfc140u.dll
 0001:00011423       ?OnGesturePan@CWnd@@MEAAHVCPoint@@0@Z 0000000140012423 f   mfc140u:mfc140u.dll
 0001:00011429       ?OnGestureRotate@CWnd@@MEAAHVCPoint@@N@Z 0000000140012429 f   mfc140u:mfc140u.dll
 0001:0001142f       ?OnGestureTwoFingerTap@CWnd@@MEAAHVCPoint@@@Z 000000014001242f f   mfc140u:mfc140u.dll
 0001:00011435       ?OnGesturePressAndTap@CWnd@@MEAAHVCPoint@@J@Z 0000000140012435 f   mfc140u:mfc140u.dll
 0001:0001143b       ?ResizeDynamicLayout@CWnd@@MEAAXXZ 000000014001243b f   mfc140u:mfc140u.dll
 0001:00011441       ?CheckAutoCenter@CWnd@@UEAAHXZ 0000000140012441 f   mfc140u:mfc140u.dll
 0001:00011447       ?IsFrameWnd@CFrameWnd@@UEBAHXZ 0000000140012447 f   mfc140u:mfc140u.dll
 0001:0001144d       ?CreateControlContainer@CWnd@@MEAAHPEAPEAVCOleControlContainer@@@Z 000000014001244d f   mfc140u:mfc140u.dll
 0001:00011453       ?CreateControlSite@CWnd@@MEAAHPEAVCOleControlContainer@@PEAPEAVCOleControlSite@@IAEBU_GUID@@@Z 0000000140012453 f   mfc140u:mfc140u.dll
 0001:00011459       ?SetOccDialogInfo@CWnd@@MEAAHPEAU_AFX_OCC_DIALOG_INFO@@@Z 0000000140012459 f   mfc140u:mfc140u.dll
 0001:0001145f       ?GetOccDialogInfo@CWnd@@MEAAPEAU_AFX_OCC_DIALOG_INFO@@XZ 000000014001245f f   mfc140u:mfc140u.dll
 0001:00011465       ?Create@CFrameWnd@@UEAAHPEB_W0KAEBUtagRECT@@PEAVCWnd@@0KPEAUCCreateContext@@@Z 0000000140012465 f   mfc140u:mfc140u.dll
 0001:0001146b       ?LoadFrame@CFrameWnd@@UEAAHIKPEAVCWnd@@PEAUCCreateContext@@@Z 000000014001246b f   mfc140u:mfc140u.dll
 0001:00011471       ?GetActiveDocument@CFrameWnd@@UEAAPEAVCDocument@@XZ 0000000140012471 f   mfc140u:mfc140u.dll
 0001:00011477       ?GetActiveFrame@CFrameWnd@@UEAAPEAV1@XZ 0000000140012477 f   mfc140u:mfc140u.dll
 0001:0001147d       ?GetMessageString@CFrameWnd@@UEBAXIAEAV?$CStringT@_WV?$StrTraitMFC_DLL@_WV?$ChTraitsCRT@_W@ATL@@@@@ATL@@@Z 000000014001247d f   mfc140u:mfc140u.dll
 0001:00011483       ?RecalcLayout@CFrameWnd@@UEAAXH@Z 0000000140012483 f   mfc140u:mfc140u.dll
 0001:00011489       ?ActivateFrame@CFrameWnd@@UEAAXH@Z 0000000140012489 f   mfc140u:mfc140u.dll
 0001:0001148f       ?SetMenuBarVisibility@CFrameWnd@@UEAAXK@Z 000000014001248f f   mfc140u:mfc140u.dll
 0001:00011495       ?GetMenuBarVisibility@CFrameWnd@@UEBAKXZ 0000000140012495 f   mfc140u:mfc140u.dll
 0001:0001149b       ?SetMenuBarState@CFrameWnd@@UEAAHK@Z 000000014001249b f   mfc140u:mfc140u.dll
 0001:000114a1       ?GetMenuBarState@CFrameWnd@@UEBAKXZ 00000001400124a1 f   mfc140u:mfc140u.dll
 0001:000114a7       ?OnSetPreviewMode@CFrameWnd@@UEAAXHPEAUCPrintPreviewState@@@Z 00000001400124a7 f   mfc140u:mfc140u.dll
 0001:000114ad       ?GetMessageBar@CFrameWnd@@UEAAPEAVCWnd@@XZ 00000001400124ad f   mfc140u:mfc140u.dll
 0001:000114b3       ?NegotiateBorderSpace@CFrameWnd@@UEAAHIPEAUtagRECT@@@Z 00000001400124b3 f   mfc140u:mfc140u.dll
 0001:000114b9       ?OnCreateClient@CFrameWnd@@MEAAHPEAUtagCREATESTRUCTW@@PEAUCCreateContext@@@Z 00000001400124b9 f   mfc140u:mfc140u.dll
 0001:000114bf       ?OnUpdateFrameTitle@CFrameWnd@@UEAAXH@Z 00000001400124bf f   mfc140u:mfc140u.dll
 0001:000114c5       ?OnUpdateFrameMenu@CFrameWnd@@UEAAXPEAUHMENU__@@@Z 00000001400124c5 f   mfc140u:mfc140u.dll
 0001:000114cb       ?GetDefaultAccelerator@CFrameWnd@@UEAAPEAUHACCEL__@@XZ 00000001400124cb f   mfc140u:mfc140u.dll
 0001:000114d1       ?DelayUpdateFrameMenu@CFrameWnd@@UEAAXPEAUHMENU__@@@Z 00000001400124d1 f   mfc140u:mfc140u.dll
 0001:000114d7       ?ExitHelpMode@CFrameWnd@@UEAAXXZ 00000001400124d7 f   mfc140u:mfc140u.dll
 0001:000114dd       ?OnShowMenuBar@CFrameWnd@@MEAAXXZ 00000001400124dd f   mfc140u:mfc140u.dll
 0001:000114e3       ?OnHideMenuBar@CFrameWnd@@MEAAXXZ 00000001400124e3 f   mfc140u:mfc140u.dll
 0001:000114e9       ?OnFileNew@CWinApp@@IEAAXXZ 00000001400124e9 f   mfc140u:mfc140u.dll
 0001:000114ef       ?OnFileOpen@CWinApp@@IEAAXXZ 00000001400124ef f   mfc140u:mfc140u.dll
 0001:000114f5       ?OnFilePrintSetup@CWinApp@@IEAAXXZ 00000001400124f5 f   mfc140u:mfc140u.dll
 0001:000114fb       ?GetThisMessageMap@CWinApp@@KAPEBUAFX_MSGMAP@@XZ 00000001400124fb f   mfc140u:mfc140u.dll
 0001:00011501       ??1CCommandLineInfo@@UEAA@XZ 0000000140012501 f   mfc140u:mfc140u.dll
 0001:00011507       ??1?$CStringT@_WV?$StrTraitMFC_DLL@_WV?$ChTraitsCRT@_W@ATL@@@@@ATL@@QEAA@XZ 0000000140012507 f   mfc140u:mfc140u.dll
 0001:0001150d       ?GetRuntimeClass@CGdiObject@@UEBAPEAUCRuntimeClass@@XZ 000000014001250d f   mfc140u:mfc140u.dll
 0001:00011513       ?GetRuntimeClass@CBrush@@UEBAPEAUCRuntimeClass@@XZ 0000000140012513 f   mfc140u:mfc140u.dll
 0001:00011519       ?GetThisMessageMap@CDialogEx@@KAPEBUAFX_MSGMAP@@XZ 0000000140012519 f   mfc140u:mfc140u.dll
 0001:0001151f       ?DoModal@CDialog@@UEAA_JXZ 000000014001251f f   mfc140u:mfc140u.dll
 0001:00011525       ?GetRuntimeClass@CWinApp@@UEBAPEAUCRuntimeClass@@XZ 0000000140012525 f   mfc140u:mfc140u.dll
 0001:0001152b       ?OnCmdMsg@CCmdTarget@@UEAAHIHPEAXPEAUAFX_CMDHANDLERINFO@@@Z 000000014001252b f   mfc140u:mfc140u.dll
 0001:00011531       ?OnFinalRelease@CCmdTarget@@UEAAXXZ 0000000140012531 f   mfc140u:mfc140u.dll
 0001:00011537       ?GetInterfaceMap@CCmdTarget@@MEBAPEBUAFX_INTERFACEMAP@@XZ 0000000140012537 f   mfc140u:mfc140u.dll
 0001:0001153d       ?Run@CWinApp@@UEAAHXZ      000000014001253d f   mfc140u:mfc140u.dll
 0001:00011543       ?PreTranslateMessage@CWinThread@@UEAAHPEAUtagMSG@@@Z 0000000140012543 f   mfc140u:mfc140u.dll
 0001:00011549       ?PumpMessage@CWinThread@@UEAAHXZ 0000000140012549 f   mfc140u:mfc140u.dll
 0001:0001154f       ?OnIdle@CWinApp@@UEAAHJ@Z  000000014001254f f   mfc140u:mfc140u.dll
 0001:00011555       ?IsIdleMessage@CWinThread@@UEAAHPEAUtagMSG@@@Z 0000000140012555 f   mfc140u:mfc140u.dll
 0001:0001155b       ?ProcessWndProcException@CWinApp@@UEAA_JPEAVCException@@PEBUtagMSG@@@Z 000000014001255b f   mfc140u:mfc140u.dll
 0001:00011561       ?ProcessMessageFilter@CWinThread@@UEAAHHPEAUtagMSG@@@Z 0000000140012561 f   mfc140u:mfc140u.dll
 0001:00011567       ?GetMainWnd@CWinThread@@UEAAPEAVCWnd@@XZ 0000000140012567 f   mfc140u:mfc140u.dll
 0001:0001156d       ?Delete@CWinThread@@UEAAXXZ 000000014001256d f   mfc140u:mfc140u.dll
 0001:00011573       ?GetProfileIntW@CWinApp@@UEAAIPEB_W0H@Z 0000000140012573 f   mfc140u:mfc140u.dll
 0001:00011579       ?WriteProfileInt@CWinApp@@UEAAHPEB_W0H@Z 0000000140012579 f   mfc140u:mfc140u.dll
 0001:0001157f       ?GetProfileStringW@CWinApp@@UEAA?AV?$CStringT@_WV?$StrTraitMFC_DLL@_WV?$ChTraitsCRT@_W@ATL@@@@@ATL@@PEB_W00@Z 000000014001257f f   mfc140u:mfc140u.dll
 0001:00011585       ?WriteProfileStringW@CWinApp@@UEAAHPEB_W00@Z 0000000140012585 f   mfc140u:mfc140u.dll
 0001:0001158b       ?GetProfileBinary@CWinApp@@UEAAHPEB_W0PEAPEAEPEAI@Z 000000014001258b f   mfc140u:mfc140u.dll
 0001:00011591       ?WriteProfileBinary@CWinApp@@UEAAHPEB_W0PEAEI@Z 0000000140012591 f   mfc140u:mfc140u.dll
 0001:00011597       ?InitLibId@CWinApp@@UEAAXXZ 0000000140012597 f   mfc140u:mfc140u.dll
 0001:0001159d       ?Register@CWinApp@@UEAAHXZ 000000014001259d f   mfc140u:mfc140u.dll
 0001:000115a3       ?Unregister@CWinApp@@UEAAHXZ 00000001400125a3 f   mfc140u:mfc140u.dll
 0001:000115a9       ?OpenDocumentFile@CWinApp@@UEAAPEAVCDocument@@PEB_WH@Z 00000001400125a9 f   mfc140u:mfc140u.dll
 0001:000115af       ?OpenDocumentFile@CWinApp@@UEAAPEAVCDocument@@PEB_W@Z 00000001400125af f   mfc140u:mfc140u.dll
 0001:000115b5       ?AddToRecentFileList@CWinApp@@UEAAXPEB_W@Z 00000001400125b5 f   mfc140u:mfc140u.dll
 0001:000115bb       ?InitApplication@CWinApp@@UEAAHXZ 00000001400125bb f   mfc140u:mfc140u.dll
 0001:000115c1       ?SaveAllModified@CWinApp@@UEAAHXZ 00000001400125c1 f   mfc140u:mfc140u.dll
 0001:000115c7       ?DoMessageBox@CWinApp@@UEAAHPEB_WII@Z 00000001400125c7 f   mfc140u:mfc140u.dll
 0001:000115cd       ?DoWaitCursor@CWinApp@@UEAAXH@Z 00000001400125cd f   mfc140u:mfc140u.dll
 0001:000115d3       ?OnDDECommand@CWinApp@@UEAAHPEA_W@Z 00000001400125d3 f   mfc140u:mfc140u.dll
 0001:000115d9       ?WinHelpW@CWinApp@@UEAAX_KI@Z 00000001400125d9 f   mfc140u:mfc140u.dll
 0001:000115df       ?HtmlHelpW@CWinApp@@UEAAX_KI@Z 00000001400125df f   mfc140u:mfc140u.dll
 0001:000115e5       ?WinHelpInternal@CWinApp@@UEAAX_KI@Z 00000001400125e5 f   mfc140u:mfc140u.dll
 0001:000115eb       ?RegisterWithRestartManager@CWinApp@@UEAAJPEB_WKP6AKPEAX@Z1KK@Z 00000001400125eb f   mfc140u:mfc140u.dll
 0001:000115f1       ?RegisterWithRestartManager@CWinApp@@UEAAJHAEBV?$CStringT@_WV?$StrTraitMFC_DLL@_WV?$ChTraitsCRT@_W@ATL@@@@@ATL@@@Z 00000001400125f1 f   mfc140u:mfc140u.dll
 0001:000115f7       ?ApplicationRecoveryCallback@CWinApp@@UEAAKPEAX@Z 00000001400125f7 f   mfc140u:mfc140u.dll
 0001:000115fd       ?GetDataRecoveryHandler@CWinApp@@UEAAPEAVCDataRecoveryHandler@@XZ 00000001400125fd f   mfc140u:mfc140u.dll
 0001:00011603       ?IsTaskbarInteractionEnabled@CWinApp@@UEAAHXZ 0000000140012603 f   mfc140u:mfc140u.dll
 0001:00011609       ?RestartInstance@CWinApp@@UEAAHXZ 0000000140012609 f   mfc140u:mfc140u.dll
 0001:0001160f       ?LoadAppLangResourceDLL@CWinApp@@UEAAPEAUHINSTANCE__@@XZ 000000014001260f f   mfc140u:mfc140u.dll
 0001:00011615       ?LoadSysPolicies@CWinApp@@UEAAHXZ 0000000140012615 f   mfc140u:mfc140u.dll
 0001:0001161b       ?GetRuntimeClass@CDialogEx@@UEBAPEAUCRuntimeClass@@XZ 000000014001261b f   mfc140u:mfc140u.dll
 0001:00011621       ?OnCmdMsg@CDialog@@UEAAHIHPEAXPEAUAFX_CMDHANDLERINFO@@@Z 0000000140012621 f   mfc140u:mfc140u.dll
 0001:00011627       ?PreCreateWindow@CWnd@@UEAAHAEAUtagCREATESTRUCTW@@@Z 0000000140012627 f   mfc140u:mfc140u.dll
 0001:0001162d       ?GetMenu@CWnd@@UEBAPEAVCMenu@@XZ 000000014001262d f   mfc140u:mfc140u.dll
 0001:00011633       ?SetMenu@CWnd@@UEAAHPEAVCMenu@@@Z 0000000140012633 f   mfc140u:mfc140u.dll
 0001:00011639       ?OnCommand@CDialogEx@@MEAAH_K_J@Z 0000000140012639 f   mfc140u:mfc140u.dll
 0001:0001163f       ?PreTranslateMessage@CDialogEx@@UEAAHPEAUtagMSG@@@Z 000000014001263f f   mfc140u:mfc140u.dll
 0001:00011645       ?PostNcDestroy@CWnd@@MEAAXXZ 0000000140012645 f   mfc140u:mfc140u.dll
 0001:0001164b       ?CheckAutoCenter@CDialog@@UEAAHXZ 000000014001264b f   mfc140u:mfc140u.dll
 0001:00011651       ?IsFrameWnd@CWnd@@UEBAHXZ  0000000140012651 f   mfc140u:mfc140u.dll
 0001:00011657       ?SetOccDialogInfo@CDialog@@MEAAHPEAU_AFX_OCC_DIALOG_INFO@@@Z 0000000140012657 f   mfc140u:mfc140u.dll
 0001:0001165d       ?GetOccDialogInfo@CDialog@@MEAAPEAU_AFX_OCC_DIALOG_INFO@@XZ 000000014001265d f   mfc140u:mfc140u.dll
 0001:00011663       ?Create@CDialog@@UEAAHPEB_WPEAVCWnd@@@Z 0000000140012663 f   mfc140u:mfc140u.dll
 0001:00011669       ?CreateIndirect@CDialog@@UEAAHPEAXPEAVCWnd@@@Z 0000000140012669 f   mfc140u:mfc140u.dll
 0001:0001166f       ?CreateIndirect@CDialog@@UEAAHPEBUDLGTEMPLATE@@PEAVCWnd@@PEAX@Z 000000014001266f f   mfc140u:mfc140u.dll
 0001:00011675       ?OnInitDialog@CDialog@@UEAAHXZ 0000000140012675 f   mfc140u:mfc140u.dll
 0001:0001167b       ?OnSetFont@CDialog@@UEAAXPEAVCFont@@@Z 000000014001267b f   mfc140u:mfc140u.dll
 0001:00011681       ?OnOK@CDialog@@MEAAXXZ     0000000140012681 f   mfc140u:mfc140u.dll
 0001:00011687       ?OnCancel@CDialog@@MEAAXXZ 0000000140012687 f   mfc140u:mfc140u.dll
 0001:0001168d       ?PreInitDialog@CDialog@@MEAAXXZ 000000014001268d f   mfc140u:mfc140u.dll
 0001:00011693       ?GetThisMessageMap@CDocument@@KAPEBUAFX_MSGMAP@@XZ 0000000140012693 f   mfc140u:mfc140u.dll
 0001:00011699       ?OnCmdMsg@CDocument@@UEAAHIHPEAXPEAUAFX_CMDHANDLERINFO@@@Z 0000000140012699 f   mfc140u:mfc140u.dll
 0001:0001169f       ?OnFinalRelease@CDocument@@UEAAXXZ 000000014001269f f   mfc140u:mfc140u.dll
 0001:000116a5       ?GetInterfaceMap@CDocument@@MEBAPEBUAFX_INTERFACEMAP@@XZ 00000001400126a5 f   mfc140u:mfc140u.dll
 0001:000116ab       ?FindChunk@CDocument@@UEAAPEAU__POSITION@@AEBU_GUID@@K@Z 00000001400126ab f   mfc140u:mfc140u.dll
 0001:000116b1       ?RemoveChunk@CDocument@@UEAAXAEBU_GUID@@K@Z 00000001400126b1 f   mfc140u:mfc140u.dll
 0001:000116b7       ?ReadNextChunkValue@CDocument@@UEAAHPEAPEAUIFilterChunkValue@ATL@@@Z 00000001400126b7 f   mfc140u:mfc140u.dll
 0001:000116bd       ?SetChunkValue@CDocument@@UEAAHPEAUIFilterChunkValue@ATL@@@Z 00000001400126bd f   mfc140u:mfc140u.dll
 0001:000116c3       ?ClearChunkList@CDocument@@UEAAXXZ 00000001400126c3 f   mfc140u:mfc140u.dll
 0001:000116c9       ?GetThumbnail@CDocument@@UEAAHIPEAPEAUHBITMAP__@@PEAW4WTS_ALPHATYPE@@@Z 00000001400126c9 f   mfc140u:mfc140u.dll
 0001:000116cf       ?BeginReadChunks@CDocument@@UEAAXXZ 00000001400126cf f   mfc140u:mfc140u.dll
 0001:000116d5       ?LoadDocumentFromStream@CDocument@@UEAAJPEAUIStream@@K@Z 00000001400126d5 f   mfc140u:mfc140u.dll
 0001:000116db       ?SetTitle@CDocument@@UEAAXPEB_W@Z 00000001400126db f   mfc140u:mfc140u.dll
 0001:000116e1       ?SetPathName@CDocument@@UEAAXPEB_WH@Z 00000001400126e1 f   mfc140u:mfc140u.dll
 0001:000116e7       ?ClearPathName@CDocument@@UEAAXXZ 00000001400126e7 f   mfc140u:mfc140u.dll
 0001:000116ed       ?GetFirstViewPosition@CDocument@@UEBAPEAU__POSITION@@XZ 00000001400126ed f   mfc140u:mfc140u.dll
 0001:000116f3       ?GetNextView@CDocument@@UEBAPEAVCView@@AEAPEAU__POSITION@@@Z 00000001400126f3 f   mfc140u:mfc140u.dll
 0001:000116f9       ?OnChangedViewList@CDocument@@UEAAXXZ 00000001400126f9 f   mfc140u:mfc140u.dll
 0001:000116ff       ?DeleteContents@CDocument@@UEAAXXZ 00000001400126ff f   mfc140u:mfc140u.dll
 0001:00011705       ?OnOpenDocument@CDocument@@UEAAHPEB_W@Z 0000000140012705 f   mfc140u:mfc140u.dll
 0001:0001170b       ?OnSaveDocument@CDocument@@UEAAHPEB_W@Z 000000014001270b f   mfc140u:mfc140u.dll
 0001:00011711       ?OnCloseDocument@CDocument@@UEAAXXZ 0000000140012711 f   mfc140u:mfc140u.dll
 0001:00011717       ?ReportSaveLoadException@CDocument@@UEAAXPEB_WPEAVCException@@HI@Z 0000000140012717 f   mfc140u:mfc140u.dll
 0001:0001171d       ?GetFile@CDocument@@UEAAPEAVCFile@@PEB_WIPEAVCFileException@@@Z 000000014001271d f   mfc140u:mfc140u.dll
 0001:00011723       ?ReleaseFile@CDocument@@UEAAXPEAVCFile@@H@Z 0000000140012723 f   mfc140u:mfc140u.dll
 0001:00011729       ?OnRichPreviewUnload@CDocument@@UEAAXXZ 0000000140012729 f   mfc140u:mfc140u.dll
 0001:0001172f       ?OnDocumentEvent@CDocument@@UEAAXW4DocumentEvent@1@@Z 000000014001272f f   mfc140u:mfc140u.dll
 0001:00011735       ?CanCloseFrame@CDocument@@UEAAHPEAVCFrameWnd@@@Z 0000000140012735 f   mfc140u:mfc140u.dll
 0001:0001173b       ?SaveModified@CDocument@@UEAAHXZ 000000014001273b f   mfc140u:mfc140u.dll
 0001:00011741       ?PreCloseFrame@CDocument@@UEAAXPEAVCFrameWnd@@@Z 0000000140012741 f   mfc140u:mfc140u.dll
 0001:00011747       ?DoSave@CDocument@@UEAAHPEB_WH@Z 0000000140012747 f   mfc140u:mfc140u.dll
 0001:0001174d       ?DoFileSave@CDocument@@UEAAHXZ 000000014001274d f   mfc140u:mfc140u.dll
 0001:00011753       ?UpdateFrameCounts@CDocument@@UEAAXXZ 0000000140012753 f   mfc140u:mfc140u.dll
 0001:00011759       ?GetDefaultMenu@CDocument@@UEAAPEAUHMENU__@@XZ 0000000140012759 f   mfc140u:mfc140u.dll
 0001:0001175f       ?GetDefaultAccelerator@CDocument@@UEAAPEAUHACCEL__@@XZ 000000014001275f f   mfc140u:mfc140u.dll
 0001:00011765       ?OnIdle@CDocument@@UEAAXXZ 0000000140012765 f   mfc140u:mfc140u.dll
 0001:0001176b       ?OnLoadDocumentFromStream@CDocument@@UEAAJPEAUIStream@@K@Z 000000014001276b f   mfc140u:mfc140u.dll
 0001:00011771       ?OnPreviewHandlerQueryFocus@CDocument@@UEAAJPEAPEAUHWND__@@@Z 0000000140012771 f   mfc140u:mfc140u.dll
 0001:00011777       ?OnPreviewHandlerTranslateAccelerator@CDocument@@UEAAJPEAUtagMSG@@@Z 0000000140012777 f   mfc140u:mfc140u.dll
 0001:0001177d       ?OnCreatePreviewFrame@CDocument@@UEAAHXZ 000000014001277d f   mfc140u:mfc140u.dll
 0001:00011783       ?OnUnloadHandler@CDocument@@UEAAXXZ 0000000140012783 f   mfc140u:mfc140u.dll
 0001:00011789       ?OnDrawThumbnail@CDocument@@UEAAXAEAVCDC@@PEAUtagRECT@@@Z 0000000140012789 f   mfc140u:mfc140u.dll
 0001:0001178f       ?GetThisMessageMap@CWnd@@KAPEBUAFX_MSGMAP@@XZ 000000014001278f f   mfc140u:mfc140u.dll
 0001:00011795       ?OnFilePrint@CView@@IEAAXXZ 0000000140012795 f   mfc140u:mfc140u.dll
 0001:0001179b       ?OnFilePrintPreview@CView@@IEAAXXZ 000000014001279b f   mfc140u:mfc140u.dll
 0001:000117a1       ?GetThisMessageMap@CFormView@@KAPEBUAFX_MSGMAP@@XZ 00000001400127a1 f   mfc140u:mfc140u.dll
 0001:000117a7       ?DeleteItem@CComboBox@@UEAAXPEAUtagDELETEITEMSTRUCT@@@Z 00000001400127a7 f   mfc140u:mfc140u.dll
 0001:000117ad       ?CompareItem@CComboBox@@UEAAHPEAUtagCOMPAREITEMSTRUCT@@@Z 00000001400127ad f   mfc140u:mfc140u.dll
 0001:000117b3       ?MeasureItem@CComboBox@@UEAAXPEAUtagMEASUREITEMSTRUCT@@@Z 00000001400127b3 f   mfc140u:mfc140u.dll
[...]
 0002:0000a38c       $chain$4$?_Insert_x@?$vector@_NV?$allocator@_N@std@@@std@@QEAA_KV?$_Vb_const_iterator@U?$_Wrap_alloc@V?$allocator@I@std@@@std@@@2@_K@Z 000000014001f38c     MFCEditView.obj
 0002:0000a3a0       $chain$3$??$_Resize_reallocate@U_Value_init_tag@std@@@?$vector@V?$sub_match@V?$_String_const_iterator@V?$_String_val@U?$_Simple_types@_W@std@@@std@@@std@@@std@@V?$allocator@V?$sub_match@V?$_String_const_iterator@V?$_String_val@U?$_Simple_types@_W@std@@@std@@@std@@@std@@@2@@std@@AEAAX_KAEBU_Value_init_tag@1@@Z 000000014001f3a0     MFCEditView.obj
 0002:0000a3c0       $chain$5$??$_Resize_reallocate@U_Value_init_tag@std@@@?$vector@V?$sub_match@V?$_String_const_iterator@V?$_String_val@U?$_Simple_types@_W@std@@@std@@@std@@@std@@V?$allocator@V?$sub_match@V?$_String_const_iterator@V?$_String_val@U?$_Simple_types@_W@std@@@std@@@std@@@std@@@2@@std@@AEAAX_KAEBU_Value_init_tag@1@@Z 000000014001f3c0     MFCEditView.obj
 0002:0000a3c0       $chain$7$??$_Resize_reallocate@U_Value_init_tag@std@@@?$vector@V?$sub_match@V?$_String_const_iterator@V?$_String_val@U?$_Simple_types@_W@std@@@std@@@std@@@std@@V?$allocator@V?$sub_match@V?$_String_const_iterator@V?$_String_val@U?$_Simple_types@_W@std@@@std@@@std@@@std@@@2@@std@@AEAAX_KAEBU_Value_init_tag@1@@Z 000000014001f3c0     MFCEditView.obj
 0002:0000a3e0       $chain$6$??$_Resize_reallocate@U_Value_init_tag@std@@@?$vector@V?$sub_match@V?$_String_const_iterator@V?$_String_val@U?$_Simple_types@_W@std@@@std@@@std@@@std@@V?$allocator@V?$sub_match@V?$_String_const_iterator@V?$_String_val@U?$_Simple_types@_W@std@@@std@@@std@@@std@@@2@@std@@AEAAX_KAEBU_Value_init_tag@1@@Z 000000014001f3e0     MFCEditView.obj
 0002:0000a3f0       $unwind$??$lookup_classname@PEB_W@?$_Regex_traits@_W@std@@QEBAFPEB_W0_N@Z 000000014001f3f0     MFCEditView.obj
 0002:0000a400       $chain$2$??$lookup_classname@PEB_W@?$_Regex_traits@_W@std@@QEBAFPEB_W0_N@Z 000000014001f400     MFCEditView.obj
 0002:0000a41c       $chain$6$??$lookup_classname@PEB_W@?$_Regex_traits@_W@std@@QEBAFPEB_W0_N@Z 000000014001f41c     MFCEditView.obj
 0002:0000a43c       $chain$7$??$lookup_classname@PEB_W@?$_Regex_traits@_W@std@@QEBAFPEB_W0_N@Z 000000014001f43c     MFCEditView.obj
 0002:0000a44c       $chain$8$??$lookup_classname@PEB_W@?$_Regex_traits@_W@std@@QEBAFPEB_W0_N@Z 000000014001f44c     MFCEditView.obj
 0002:0000a45c       $chain$9$??$lookup_classname@PEB_W@?$_Regex_traits@_W@std@@QEBAFPEB_W0_N@Z 000000014001f45c     MFCEditView.obj
 0002:0000a488       $unwind$??$_Assign_counted_range@PEAI@?$vector@IV?$allocator@I@std@@@std@@AEAAXPEAI_K@Z 000000014001f488     MFCEditView.obj
 0002:0000a498       $chain$0$??$_Assign_counted_range@PEAI@?$vector@IV?$allocator@I@std@@@std@@AEAAXPEAI_K@Z 000000014001f498     MFCEditView.obj
 0002:0000a4ac       $chain$1$??$_Assign_counted_range@PEAI@?$vector@IV?$allocator@I@std@@@std@@AEAAXPEAI_K@Z 000000014001f4ac     MFCEditView.obj
 0002:0000a4bc       $chain$0$?_HexDigits@?$_Parser@PEB_W_WV?$regex_traits@_W@std@@@std@@AEAAXH@Z 000000014001f4bc     MFCEditView.obj
 0002:0000a4d0       $chain$1$?_HexDigits@?$_Parser@PEB_W_WV?$regex_traits@_W@std@@@std@@AEAAXH@Z 000000014001f4d0     MFCEditView.obj
 0002:0000a4e0       $chain$2$?_HexDigits@?$_Parser@PEB_W_WV?$regex_traits@_W@std@@@std@@AEAAXH@Z 000000014001f4e0     MFCEditView.obj
 0002:0000a4f4       $unwind$?_Add_range2@?$_Builder@PEB_W_WV?$regex_traits@_W@std@@@std@@QEAAX_W0@Z 000000014001f4f4     MFCEditView.obj
 0002:0000a508       $chain$0$?_Add_range2@?$_Builder@PEB_W_WV?$regex_traits@_W@std@@@std@@QEAAX_W0@Z 000000014001f508     MFCEditView.obj
 0002:0000a51c       $chain$1$?_Add_range2@?$_Builder@PEB_W_WV?$regex_traits@_W@std@@@std@@QEAAX_W0@Z 000000014001f51c     MFCEditView.obj
 0002:0000a52c       $unwind$?_Add_named_class@?$_Builder@PEB_W_WV?$regex_traits@_W@std@@@std@@QEAAXF_N@Z 000000014001f52c     MFCEditView.obj
 0002:0000a544       $unwind$??$_Copy_vbool@V?$_Vb_iterator@U?$_Wrap_alloc@V?$allocator@I@std@@@std@@@std@@V12@@std@@YA?AV?$_Vb_iterator@U?$_Wrap_alloc@V?$allocator@I@std@@@std@@@0@V10@00@Z 000000014001f544     MFCEditView.obj
 0002:0000a560       $unwind$?_Do_ex_class@?$_Parser@PEB_W_WV?$regex_traits@_W@std@@@std@@AEAAXW4_Meta_type@2@@Z 000000014001f560     MFCEditView.obj
 0002:0000a588       $cppxdata$?_Do_ex_class@?$_Parser@PEB_W_WV?$regex_traits@_W@std@@@std@@AEAAXW4_Meta_type@2@@Z 000000014001f588     MFCEditView.obj
 0002:0000a591       $ip2state$?_Do_ex_class@?$_Parser@PEB_W_WV?$regex_traits@_W@std@@@std@@AEAAXW4_Meta_type@2@@Z 000000014001f591     MFCEditView.obj
 0002:0000a59c       $unwind$?_Buy_raw@?$vector@IV?$allocator@I@std@@@std@@AEAAX_K@Z 000000014001f59c     MFCEditView.obj
 0002:0000a59c       $unwind$?_Buy_raw@?$vector@U_Grp_t@?$_Tgt_state_t@V?$_String_const_iterator@V?$_String_val@U?$_Simple_types@_W@std@@@std@@@std@@@std@@V?$allocator@U_Grp_t@?$_Tgt_state_t@V?$_String_const_iterator@V?$_String_val@U?$_Simple_types@_W@std@@@std@@@std@@@std@@@3@@std@@AEAAX_K@Z 000000014001f59c     MFCEditView.obj
 0002:0000a5a8       $unwind$??$_Resize_reallocate@I@?$vector@IV?$allocator@I@std@@@std@@AEAAX_KAEBI@Z 000000014001f5a8     MFCEditView.obj
 0002:0000a5b4       $chain$2$??$_Resize_reallocate@I@?$vector@IV?$allocator@I@std@@@std@@AEAAX_KAEBI@Z 000000014001f5b4     MFCEditView.obj
 0002:0000a5d0       $chain$4$??$_Resize_reallocate@I@?$vector@IV?$allocator@I@std@@@std@@AEAAX_KAEBI@Z 000000014001f5d0     MFCEditView.obj
 0002:0000a5d0       $chain$6$??$_Resize_reallocate@I@?$vector@IV?$allocator@I@std@@@std@@AEAAX_KAEBI@Z 000000014001f5d0     MFCEditView.obj
 0002:0000a5ec       $chain$5$??$_Resize_reallocate@I@?$vector@IV?$allocator@I@std@@@std@@AEAAX_KAEBI@Z 000000014001f5ec     MFCEditView.obj
 0002:0000a5fc       $unwind$??$transform_primary@PEA_W@?$_Regex_traits@_W@std@@QEBA?AV?$basic_string@_WU?$char_traits@_W@std@@V?$allocator@_W@2@@1@PEA_W0@Z 000000014001f5fc     MFCEditView.obj
 0002:0000a5fc       $unwind$??$transform_primary@PEB_W@?$_Regex_traits@_W@std@@QEBA?AV?$basic_string@_WU?$char_traits@_W@std@@V?$allocator@_W@2@@1@PEB_W0@Z 000000014001f5fc     MFCEditView.obj
 0002:0000a618       $cppxdata$??$transform_primary@PEA_W@?$_Regex_traits@_W@std@@QEBA?AV?$basic_string@_WU?$char_traits@_W@std@@V?$allocator@_W@2@@1@PEA_W0@Z 000000014001f618     MFCEditView.obj
 0002:0000a618       $cppxdata$??$transform_primary@PEB_W@?$_Regex_traits@_W@std@@QEBA?AV?$basic_string@_WU?$char_traits@_W@std@@V?$allocator@_W@2@@1@PEB_W0@Z 000000014001f618     MFCEditView.obj
 0002:0000a621       $ip2state$??$transform_primary@PEA_W@?$_Regex_traits@_W@std@@QEBA?AV?$basic_string@_WU?$char_traits@_W@std@@V?$allocator@_W@2@@1@PEA_W0@Z 000000014001f621     MFCEditView.obj
 0002:0000a621       $ip2state$??$transform_primary@PEB_W@?$_Regex_traits@_W@std@@QEBA?AV?$basic_string@_WU?$char_traits@_W@std@@V?$allocator@_W@2@@1@PEB_W0@Z 000000014001f621     MFCEditView.obj
 0002:0000a62c       $unwind$?_Char_to_elts@?$_Builder@PEB_W_WV?$regex_traits@_W@std@@@std@@AEAAXPEB_W0_JPEAPEAU?$_Sequence@_W@2@@Z 000000014001f62c     MFCEditView.obj
 0002:0000a644       $unwind$?accLocation@CFormView@@UEAAJPEAJ000UtagVARIANT@@@Z 000000014001f644     MFCEditView.obj
 0002:0000a64c       $unwind$?_Throw_bad_array_new_length@std@@YAXXZ 000000014001f64c     MFCEditView.obj
 0002:0000a64c       $unwind$?_Throw_bad_cast@std@@YAXXZ 000000014001f64c     MFCEditView.obj
 0002:0000a64c       $unwind$?get_accChild@CFormView@@UEAAJUtagVARIANT@@PEAPEAUIDispatch@@@Z 000000014001f64c     MFCEditView.obj
 0002:0000a64c       $unwind$?get_accName@CFormView@@UEAAJUtagVARIANT@@PEAPEA_W@Z 000000014001f64c     MFCEditView.obj
 0002:0000a64c       $unwind$?_com_raise_error@@YAXJPEAUIErrorInfo@@@Z 000000014001f64c     comsuppw:comraise.obj
 0002:0000a654       $unwind$?name@locale@std@@QEBA?AV?$basic_string@DU?$char_traits@D@std@@V?$allocator@D@2@@2@XZ 000000014001f654     MFCEditView.obj
 0002:0000a668       $unwind$wmemcmp            000000014001f668     MFCEditView.obj
 0002:0000a67c       $unwind$??HATL@@YA?AV?$CStringT@_WV?$StrTraitMFC_DLL@_WV?$ChTraitsCRT@_W@ATL@@@@@0@PEB_WAEBV10@@Z 000000014001f67c     MFCEditView.obj
 0002:0000a690       $cppxdata$??HATL@@YA?AV?$CStringT@_WV?$StrTraitMFC_DLL@_WV?$ChTraitsCRT@_W@ATL@@@@@0@PEB_WAEBV10@@Z 000000014001f690     MFCEditView.obj
 0002:0000a699       $stateUnwindMap$??HATL@@YA?AV?$CStringT@_WV?$StrTraitMFC_DLL@_WV?$ChTraitsCRT@_W@ATL@@@@@0@AEBV10@PEB_W@Z 000000014001f699     MFCEditView.obj
 0002:0000a699       $stateUnwindMap$??HATL@@YA?AV?$CStringT@_WV?$StrTraitMFC_DLL@_WV?$ChTraitsCRT@_W@ATL@@@@@0@PEB_WAEBV10@@Z 000000014001f699     MFCEditView.obj
 0002:0000a69f       $ip2state$??HATL@@YA?AV?$CStringT@_WV?$StrTraitMFC_DLL@_WV?$ChTraitsCRT@_W@ATL@@@@@0@PEB_WAEBV10@@Z 000000014001f69f     MFCEditView.obj
 0002:0000a6a4       $unwind$??1CWaitCursor@@QEAA@XZ 000000014001f6a4     MFCEditView.obj
 0002:0000a6b8       $cppxdata$??1CWaitCursor@@QEAA@XZ 000000014001f6b8     MFCEditView.obj
 0002:0000a6c5       $tryMap$??1CWaitCursor@@QEAA@XZ 000000014001f6c5     MFCEditView.obj
 0002:0000a6cd       $handlerMap$??1CWaitCursor@@QEAA@XZ 000000014001f6cd     MFCEditView.obj
 0002:0000a6d9       $ip2state$??1CWaitCursor@@QEAA@XZ 000000014001f6d9     MFCEditView.obj
 0002:0000a6e0       $unwind$??4?$basic_string@_WU?$char_traits@_W@std@@V?$allocator@_W@2@@std@@QEAAAEAV01@$$QEAV01@@Z 000000014001f6e0     MFCEditView.obj
 0002:0000a6ec       $unwind$??HATL@@YA?AV?$CStringT@_WV?$StrTraitMFC_DLL@_WV?$ChTraitsCRT@_W@ATL@@@@@0@AEBV10@PEB_W@Z 000000014001f6ec     MFCEditView.obj
 0002:0000a700       $cppxdata$??HATL@@YA?AV?$CStringT@_WV?$StrTraitMFC_DLL@_WV?$ChTraitsCRT@_W@ATL@@@@@0@AEBV10@PEB_W@Z 000000014001f700     MFCEditView.obj
 0002:0000a709       $ip2state$??HATL@@YA?AV?$CStringT@_WV?$StrTraitMFC_DLL@_WV?$ChTraitsCRT@_W@ATL@@@@@0@AEBV10@PEB_W@Z 000000014001f709     MFCEditView.obj
 0002:0000a70c       $unwind$??$_Construct@$00PEB_W@?$basic_string@_WU?$char_traits@_W@std@@V?$allocator@_W@2@@std@@AEAAXQEB_W_K@Z 000000014001f70c     MFCEditView.obj
 0002:0000a71c       $chain$0$??$_Construct@$00PEB_W@?$basic_string@_WU?$char_traits@_W@std@@V?$allocator@_W@2@@std@@AEAAXQEB_W_K@Z 000000014001f71c     MFCEditView.obj
 0002:0000a730       $chain$3$??$_Construct@$00PEB_W@?$basic_string@_WU?$char_traits@_W@std@@V?$allocator@_W@2@@std@@AEAAXQEB_W_K@Z 000000014001f730     MFCEditView.obj
 0002:0000a748       $chain$4$??$_Construct@$00PEB_W@?$basic_string@_WU?$char_traits@_W@std@@V?$allocator@_W@2@@std@@AEAAXQEB_W_K@Z 000000014001f748     MFCEditView.obj
 0002:0000a758       $chain$5$??$_Construct@$00PEB_W@?$basic_string@_WU?$char_traits@_W@std@@V?$allocator@_W@2@@std@@AEAAXQEB_W_K@Z 000000014001f758     MFCEditView.obj
 0002:0000a770       $unwind$?__scrt_common_main_seh@@YAHXZ 000000014001f770     msvcrt:exe_wwinmain.obj
 0002:0000a7a8       $xdatasym                  000000014001f7a8     msvcrt:amdsecgs.obj
 0002:0000a7ac       $unwind$__scrt_is_nonwritable_in_current_image 000000014001f7ac     msvcrt:utility.obj
 0002:0000a7cc       $unwind$__scrt_is_nonwritable_in_current_image$filt$0 000000014001f7cc     msvcrt:utility.obj
 0002:0000a7d4       $unwind$__GSHandlerCheck_EH4 000000014001f7d4     msvcrt:gshandlereh4.obj
 0002:0000a7d4       $unwind$__GSHandlerCheck_SEH 000000014001f7d4     msvcrt:gshandlerseh.obj
 0002:0000a7ec       $unwind$__security_init_cookie 000000014001f7ec     msvcrt:gs_support.obj
 0002:0000a7f8       $unwind$__scrt_get_show_window_mode 000000014001f7f8     msvcrt:utility_desktop.obj
 0002:0000a800       $unwind$__scrt_fastfail    000000014001f800     msvcrt:utility_desktop.obj
 0002:0000a810       $unwind$__report_gsfailure 000000014001f810     msvcrt:gs_report.obj
 0002:0000a818       $unwind$capture_previous_context 000000014001f818     msvcrt:gs_report.obj
 0002:0000a824       $unwind$__isa_available_init 000000014001f824     msvcrt:cpu_disp.obj
 0002:0000a838       $unwind$__GSHandlerCheckCommon 000000014001f838     msvcrt:gshandler.obj
 0002:0000a840       $xdatasym                  000000014001f840     msvcrt:guard_dispatch.obj
 0002:0000a848       $xdatasym                  000000014001f848     msvcrt:guard_xfg_dispatch.obj
 0002:0000a84c       $unwind$?ConvertStringToBSTR@_com_util@@YAPEA_WPEBD@Z 000000014001f84c     comsuppw:comutil.obj
 0002:0000a880       $unwind$??0_com_error@@QEAA@JPEAUIErrorInfo@@_N@Z 000000014001f880     comsuppw:comraise.obj
 0002:0000a890       $cppxdata$??0_com_error@@QEAA@JPEAUIErrorInfo@@_N@Z 000000014001f890     comsuppw:comraise.obj
 0002:0000a895       $ip2state$??0_com_error@@QEAA@JPEAUIErrorInfo@@_N@Z 000000014001f895     comsuppw:comraise.obj
 0002:0000a898       $unwind$??0_com_error@@QEAA@AEBV0@@Z 000000014001f898     comsuppw:comraise.obj
 0002:0000a8a8       $cppxdata$??0_com_error@@QEAA@AEBV0@@Z 000000014001f8a8     comsuppw:comraise.obj
 0002:0000a8ad       $ip2state$??0_com_error@@QEAA@AEBV0@@Z 000000014001f8ad     comsuppw:comraise.obj
 0002:0000a8b0       $unwind$??1_com_error@@UEAA@XZ 000000014001f8b0     comsuppw:comraise.obj
 0002:0000a8c0       $cppxdata$??1_com_error@@UEAA@XZ 000000014001f8c0     comsuppw:comraise.obj
 0002:0000a8c5       $ip2state$??1_com_error@@UEAA@XZ 000000014001f8c5     comsuppw:comraise.obj
 0002:0000a8c8       $unwind$??_G_com_error@@UEAAPEAXI@Z 000000014001f8c8     comsuppw:comraise.obj
 0002:0000a8dc       $cppxdata$??_G_com_error@@UEAAPEAXI@Z 000000014001f8dc     comsuppw:comraise.obj
 0002:0000a8e5       $ip2state$??_G_com_error@@UEAAPEAXI@Z 000000014001f8e5     comsuppw:comraise.obj
 0002:0000a8e8       $xdatasym                  000000014001f8e8     msvcrt:chkstk.obj
 0002:0000bdd0       .idata$6                   0000000140020dd0     mfc140u:mfc140u.dll
 0002:0000c014       .idata$6                   0000000140021014     kernel32:KERNEL32.dll
 0002:0000c080       .idata$6                   0000000140021080     user32:USER32.dll
 0002:0000c0b0       .idata$6                   00000001400210b0     gdi32:GDI32.dll
 0002:0000c0d2       .idata$6                   00000001400210d2     comctl32:COMCTL32.dll
 0002:0000c104       .idata$6                   0000000140021104     ole32:ole32.dll
 0002:0000c10e       .idata$6                   000000014002110e     oleaut32:OLEAUT32.dll
 0002:0000d06a       .idata$6                   000000014002206a     msvcprt:MSVCP140.dll
 0002:0000d0bc       .idata$6                   00000001400220bc     MNSC:MNSC.dll
 0002:0000d1c0       .idata$6                   00000001400221c0     vcruntime:VCRUNTIME140_1.dll
 0002:0000d1d4       .idata$6                   00000001400221d4     vcruntime:VCRUNTIME140.dll
 0002:0000d3e2       .idata$6                   00000001400223e2     ucrt:api-ms-win-crt-runtime-l1-1-0.dll
 0002:0000d404       .idata$6                   0000000140022404     ucrt:api-ms-win-crt-convert-l1-1-0.dll
 0002:0000d426       .idata$6                   0000000140022426     ucrt:api-ms-win-crt-string-l1-1-0.dll
 0002:0000d448       .idata$6                   0000000140022448     ucrt:api-ms-win-crt-stdio-l1-1-0.dll
 0002:0000d468       .idata$6                   0000000140022468     ucrt:api-ms-win-crt-heap-l1-1-0.dll
 0002:0000d488       .idata$6                   0000000140022488     ucrt:api-ms-win-crt-math-l1-1-0.dll
 0002:0000d4a8       .idata$6                   00000001400224a8     ucrt:api-ms-win-crt-locale-l1-1-0.dll
 0003:000000c8       ?indicators@@3PAIA         00000001400230c8     MainFrm.obj
 0003:00000f48       ?is_initialized_as_dll@@3_NA 0000000140023f48     msvcrt:utility.obj
 0003:00000f49       ?module_local_atexit_table_initialized@@3_NA 0000000140023f49     msvcrt:utility.obj
 0003:00000f50       ?module_local_atexit_table@@3U_onexit_table_t@@A 0000000140023f50     msvcrt:utility.obj
 0003:00000f68       ?module_local_at_quick_exit_table@@3U_onexit_table_t@@A 0000000140023f68     msvcrt:utility.obj
 0003:00000f80       ?g_tss_cv@@3U_RTL_CONDITION_VARIABLE@@A 0000000140023f80     msvcrt:thread_safe_statics.obj
 0003:00000f88       ?g_tss_srw@@3U_RTL_SRWLOCK@@A 0000000140023f88     msvcrt:thread_safe_statics.obj
 0003:00000fc0       GS_ExceptionRecord         0000000140023fc0     msvcrt:gs_report.obj
 0003:00001060       GS_ContextRecord           0000000140024060     msvcrt:gs_report.obj
 0003:000015a8       ?_Fac_head@std@@3PEAU_Fac_node@1@EA 00000001400245a8     msvcprt:locale0_implib.obj
 0003:000015b0       ?_Fac_tidy_reg@std@@3U_Fac_tidy_reg_t@1@B 00000001400245b0     msvcprt:locale0_implib.obj
 0005:00000920       $R000000                   0000000140027920     MFCEdit.res
 0005:00000f88       $R000668                   0000000140027f88     MFCEdit.res
 0005:00001270       $R000950                   0000000140028270     MFCEdit.res
 0005:00001458       $R000B38                   0000000140028458     MFCEdit.res
 0005:00001580       $R000C60                   0000000140028580     MFCEdit.res
 0005:00002428       $R001B08                   0000000140029428     MFCEdit.res
 0005:00002cd0       $R0023B0                   0000000140029cd0     MFCEdit.res
 0005:00003398       $R002A78                   000000014002a398     MFCEdit.res
 0005:00003900       $R002FE0                   000000014002a900     MFCEdit.res
 0005:0000ccd0       $R00C3B0                   0000000140033cd0     MFCEdit.res
 0005:0000f278       $R00E958                   0000000140036278     MFCEdit.res
 0005:00010320       $R00FA00                   0000000140037320     MFCEdit.res
 0005:00010ca8       $R010388                   0000000140037ca8     MFCEdit.res
 0005:00011110       $R0107F0                   0000000140038110     MFCEdit.res
 0005:000111d0       $R0108B0                   00000001400381d0     MFCEdit.res
 0005:000114b8       $R010B98                   00000001400384b8     MFCEdit.res
 0005:000115e0       $R010CC0                   00000001400385e0     MFCEdit.res
 0005:00011e88       $R011568                   0000000140038e88     MFCEdit.res
 0005:000123f0       $R011AD0                   00000001400393f0     MFCEdit.res
 0005:00012430       $R011B10                   0000000140039430     MFCEdit.res
 0005:00012858       $R011F38                   0000000140039858     MFCEdit.res
 0005:00012878       $R011F58                   0000000140039878     MFCEdit.res
 0005:00012b00       $R0121E0                   0000000140039b00     MFCEdit.res
 0005:00012b70       $R012250                   0000000140039b70     MFCEdit.res
 0005:00012c98       $R012378                   0000000140039c98     MFCEdit.res
 0005:00012ec8       $R0125A8                   0000000140039ec8     MFCEdit.res
 0005:00013190       $R012870                   000000014003a190     MFCEdit.res
 0005:00013198       $R012878                   000000014003a198     MFCEdit.res
 0005:00013218       $R0128F8                   000000014003a218     MFCEdit.res
 0005:000132a0       $R012980                   000000014003a2a0     MFCEdit.res
 0005:000132d8       $R0129B8                   000000014003a2d8     MFCEdit.res
 0005:00013320       $R012A00                   000000014003a320     MFCEdit.res
 0005:000134e0       $R012BC0                   000000014003a4e0     MFCEdit.res
 0005:00013578       $R012C58                   000000014003a578     MFCEdit.res
 0005:00013718       $R012DF8                   000000014003a718     MFCEdit.res
 0005:00013788       $R012E68                   000000014003a788     MFCEdit.res
 0005:000137c8       $R012EA8                   000000014003a7c8     MFCEdit.res
 0005:00013970       $R013050                   000000014003a970     MFCEdit.res
 0005:00013a08       $R0130E8                   000000014003aa08     MFCEdit.res
 0005:00013b10       $R0131F0                   000000014003ab10     MFCEdit.res
 0005:00013b70       $R013250                   000000014003ab70     MFCEdit.res
 0005:00013bc8       $R0132A8                   000000014003abc8     MFCEdit.res
