 MFCEdit

 Timestamp is 675449a1 (Sat Dec  7 22:12:01 2024)

 Preferred load address is 0000000140000000

 Start         Length     Name                   Class
 0001:00000000 000000b0H .text$di                CODE
 0001:000000b0 00013e30H .text$mn                CODE
 0001:00013ee0 00000040H .text$mn$00             CODE
 0001:00013f20 00000df0H .text$x                 CODE
 0001:00014d10 0000008bH .text$yd                CODE
 0002:00000000 000010f8H .idata$5                DATA
 0002:000010f8 00000038H .00cfg                  DATA
 0002:00001130 00000008H .CRT$XCA                DATA
 0002:00001138 00000008H .CRT$XCAA               DATA
 0002:00001140 00000018H .CRT$XCL                DATA
 0002:00001158 00000010H .CRT$XCU                DATA
 0002:00001168 00000008H .CRT$XCZ                DATA
 0002:00001170 00000008H .CRT$XIA                DATA
 0002:00001178 00000008H .CRT$XIAA               DATA
 0002:00001180 00000008H .CRT$XIAC               DATA
 0002:00001188 00000008H .CRT$XIZ                DATA
 0002:00001190 00000008H .CRT$XLA                DATA
 0002:00001198 00000008H .CRT$XLZ                DATA
 0002:000011a0 00000008H .CRT$XPA                DATA
 0002:000011a8 00000008H .CRT$XPZ                DATA
 0002:000011b0 00000008H .CRT$XTA                DATA
 0002:000011b8 00000008H .CRT$XTZ                DATA
 0002:000011c0 00000000H .gehcont$y              DATA
 0002:000011c0 00000000H .gfids$y                DATA
 0002:000011c0 00002bc0H .rdata                  DATA
 0002:00003d80 00000000H .rdata$CastGuardVftablesA DATA
 0002:00003d80 00000000H .rdata$CastGuardVftablesC DATA
 0002:00003d80 00000030H .rdata$T                DATA
 0002:00003db0 00002134H .rdata$r                DATA
 0002:00005ee4 00000094H .rdata$voltmd           DATA
 0002:00005f78 000003e8H .rdata$zzzdbg           DATA
 0002:00006360 00000008H .rtc$IAA                DATA
 0002:00006368 00000008H .rtc$IZZ                DATA
 0002:00006370 00000008H .rtc$TAA                DATA
 0002:00006378 00000008H .rtc$TZZ                DATA
 0002:00006380 00000004H .tls                    DATA
 0002:00006384 00000004H .tls$                   DATA
 0002:00006388 00000008H .tls$ZZZ                DATA
 0002:00006390 00002068H .xdata                  DATA
 0002:000083f8 00000250H .xdata$x                DATA
 0002:00008648 00000000H ATL$__a                 DATA
 0002:00008648 00000000H ATL$__z                 DATA
 0002:00008648 00000000H .edata                  DATA
 0002:00008648 00000154H .idata$2                DATA
 0002:0000879c 00000014H .idata$3                DATA
 0002:000087b0 000010f8H .idata$4                DATA
 0002:000098a8 0000170aH .idata$6                DATA
 0003:00000000 000000f0H .data                   DATA
 0003:000000f0 00000200H .data$r                 DATA
 0003:000002f0 00000c50H .data$rs                DATA
 0003:00000f40 00000828H .bss                    DATA
 0004:00000000 0000144cH .pdata                  DATA
 0005:00000000 00000920H .rsrc$01                DATA
 0005:00000920 000135e8H .rsrc$02                DATA

  Address         Publics by Value              Rva+Base               Lib:Object

 0000:00000000       __AbsoluteZero             0000000000000000     <absolute>
 0000:00000000       ___safe_se_handler_count   0000000000000000     <absolute>
 0000:00000000       ___safe_se_handler_table   0000000000000000     <absolute>
 0000:00000000       __arm64x_extra_rfe_table   0000000000000000     <absolute>
 0000:00000000       __arm64x_extra_rfe_table_size 0000000000000000     <absolute>
 0000:00000000       __arm64x_native_entrypoint 0000000000000000     <absolute>
 0000:00000000       __arm64x_redirection_metadata 0000000000000000     <absolute>
 0000:00000000       __arm64x_redirection_metadata_count 0000000000000000     <absolute>
 0000:00000000       __dynamic_value_reloc_table 0000000000000000     <absolute>
 0000:00000000       __enclave_config           0000000000000000     <absolute>
 0000:00000000       __guard_check_icall_a64n_fptr 0000000000000000     <absolute>
 0000:00000000       __guard_eh_cont_count      0000000000000000     <absolute>
 0000:00000000       __guard_eh_cont_table      0000000000000000     <absolute>
 0000:00000000       __guard_fids_count         0000000000000000     <absolute>
 0000:00000000       __guard_fids_table         0000000000000000     <absolute>
 0000:00000000       __guard_iat_count          0000000000000000     <absolute>
 0000:00000000       __guard_iat_table          0000000000000000     <absolute>
 0000:00000000       __guard_longjmp_count      0000000000000000     <absolute>
 0000:00000000       __guard_longjmp_table      0000000000000000     <absolute>
 0000:00000000       __hybrid_auxiliary_delayload_iat 0000000000000000     <absolute>
 0000:00000000       __hybrid_auxiliary_delayload_iat_copy 0000000000000000     <absolute>
 0000:00000000       __hybrid_auxiliary_iat     0000000000000000     <absolute>
 0000:00000000       __hybrid_auxiliary_iat_copy 0000000000000000     <absolute>
 0000:00000000       __hybrid_code_map          0000000000000000     <absolute>
 0000:00000000       __hybrid_code_map_count    0000000000000000     <absolute>
 0000:00000000       __hybrid_image_info_bitfield 0000000000000000     <absolute>
 0000:00000000       __x64_code_ranges_to_entry_points 0000000000000000     <absolute>
 0000:00000000       __x64_code_ranges_to_entry_points_count 0000000000000000     <absolute>
 0000:00000100       __guard_flags              0000000000000100     <absolute>
 0000:00000000       __ImageBase                0000000140000000     <linker-defined>
 0001:000000b0       ?CreateObject@CMainFrame@@SAPEAVCObject@@XZ 00000001400010b0 f   MainFrm.obj
 0001:00000120       ?_GetBaseClass@CMainFrame@@KAPEAUCRuntimeClass@@XZ 0000000140001120 f   MainFrm.obj
 0001:00000130       ?GetRuntimeClass@CMainFrame@@UEBAPEAUCRuntimeClass@@XZ 0000000140001130 f   MainFrm.obj
 0001:00000140       ?GetMessageMap@CMainFrame@@MEBAPEBUAFX_MSGMAP@@XZ 0000000140001140 f   MainFrm.obj
 0001:00000150       ??_ECMainFrame@@UEAAPEAXI@Z 0000000140001150 f i * CIL library *:* CIL module *
 0001:00000150       ??_GCMainFrame@@UEAAPEAXI@Z 0000000140001150 f i MainFrm.obj
 0001:000001d0       ?OnCreate@CMainFrame@@IEAAHPEAUtagCREATESTRUCTW@@@Z 00000001400011d0 f   MainFrm.obj
 0001:000002f0       ?PreCreateWindow@CMainFrame@@UEAAHAEAUtagCREATESTRUCTW@@@Z 00000001400012f0 f   MainFrm.obj
 0001:00000310       ?AssertValid@CObject@@UEBAXXZ 0000000140001310 f i MainFrm.obj
 0001:00000310       ?Clear@CVARIANTTool@@UEAAXXZ 0000000140001310 f i MFCEditView.obj
 0001:00000310       ?Clear@IVARIANTApplication@@UEAAXXZ 0000000140001310 f i MFCEditView.obj
 0001:00000310       ?DoDataExchange@CAboutDlg@@MEAAXPEAVCDataExchange@@@Z 0000000140001310 f i MFCEdit.obj
 0001:00000310       ?DoDataExchange@CWnd@@MEAAXPEAVCDataExchange@@@Z 0000000140001310 f i MainFrm.obj
 0001:00000310       ?Dump@CObject@@UEBAXAEAVCDumpContext@@@Z 0000000140001310 f i MainFrm.obj
 0001:00000310       ?InitializeSearchContent@CDocument@@UEAAXXZ 0000000140001310 f i MFCEditDoc.obj
 0001:00000310       ?OnBeforeRichPreviewFontChanged@CDocument@@UEAAXXZ 0000000140001310 f i MFCEditDoc.obj
 0001:00000310       ?OnRichPreviewBackColorChanged@CDocument@@UEAAXXZ 0000000140001310 f i MFCEditDoc.obj
 0001:00000310       ?OnRichPreviewFontChanged@CDocument@@UEAAXXZ 0000000140001310 f i MFCEditDoc.obj
 0001:00000310       ?OnRichPreviewSiteChanged@CDocument@@UEAAXXZ 0000000140001310 f i MFCEditDoc.obj
 0001:00000310       ?OnRichPreviewTextColorChanged@CDocument@@UEAAXXZ 0000000140001310 f i MFCEditDoc.obj
 0001:00000310       ?Serialize@CMFCEditDoc@@UEAAXAEAVCArchive@@@Z 0000000140001310 f i MFCEditDoc.obj
 0001:00000310       ?Serialize@CObject@@UEAAXAEAVCArchive@@@Z 0000000140001310 f i MainFrm.obj
 0001:00000310       ?__empty_global_delete@@YAXPEAX_K@Z 0000000140001310 f i MainFrm.obj
 0001:00000310       ?__global_delete@@YAXPEAX_K@Z 0000000140001310 f i * CIL library *:* CIL module *
 0001:00000310       _guard_check_icall_nop     0000000140001310 f i msvcrt:guard_support.obj
 0001:00000310       _initialize_denormal_control 0000000140001310 f i msvcrt:denormal_control.obj
 0001:00000310       _initialize_invalid_parameter_handler 0000000140001310 f i msvcrt:invalid_parameter_handler.obj
 0001:00000320       ?GetTrackingID@CFrameWnd@@UEAAIXZ 0000000140001320 f i MainFrm.obj
 0001:00000330       ??3CObject@@SAXPEAX@Z      0000000140001330 f i MainFrm.obj
 0001:00000340       ?GetMessageMap@CMFCEditApp@@MEBAPEBUAFX_MSGMAP@@XZ 0000000140001340 f   MFCEdit.obj
 0001:00000350       ??_ECMFCEditApp@@UEAAPEAXI@Z 0000000140001350 f i * CIL library *:* CIL module *
 0001:00000350       ??_GCMFCEditApp@@UEAAPEAXI@Z 0000000140001350 f i MFCEdit.obj
 0001:000003a0       ?InitInstance@CMFCEditApp@@UEAAHXZ 00000001400013a0 f   MFCEdit.obj
 0001:00000540       ?ExitInstance@CMFCEditApp@@UEAAHXZ 0000000140001540 f   MFCEdit.obj
 0001:00000560       ??_ECAboutDlg@@UEAAPEAXI@Z 0000000140001560 f i * CIL library *:* CIL module *
 0001:00000560       ??_GCAboutDlg@@UEAAPEAXI@Z 0000000140001560 f i MFCEdit.obj
 0001:000005e0       ??1CAboutDlg@@UEAA@XZ      00000001400015e0 f i MFCEdit.obj
 0001:00000620       ?GetMessageMap@CAboutDlg@@MEBAPEBUAFX_MSGMAP@@XZ 0000000140001620 f   MFCEdit.obj
 0001:00000630       ?OnAppAbout@CMFCEditApp@@QEAAXXZ 0000000140001630 f   MFCEdit.obj
 0001:000006e0       ?Create@CDialog@@UEAAHIPEAVCWnd@@@Z 00000001400016e0 f i MFCEdit.obj
 0001:000006f0       ?EndModalState@CWnd@@UEAAXXZ 00000001400016f0 f i MFCEdit.obj
 0001:00000700       ?BeginModalState@CWnd@@UEAAXXZ 0000000140001700 f i MFCEdit.obj
 0001:00000710       ?GetApplicationRecoveryPingInterval@CWinApp@@UEAAKXZ 0000000140001710 f i MFCEdit.obj
 0001:00000720       ?GetApplicationRecoveryParameter@CWinApp@@UEAAPEAXXZ 0000000140001720 f i MFCEdit.obj
 0001:00000720       ?GetApplicationRestartFlags@CWinApp@@UEAAKXZ 0000000140001720 f i MFCEdit.obj
 0001:00000720       ?_Get_deleter@_Ref_count_base@std@@UEBAPEAXAEBVtype_info@@@Z 0000000140001720 f i MFCEditView.obj
 0001:00000720       __scrt_exe_initialize_mta  0000000140001720 f i msvcrt:utility_desktop.obj
 0001:00000720       __scrt_initialize_winrt    0000000140001720 f i msvcrt:utility_desktop.obj
 0001:00000720       __scrt_stub_for_initialize_mta 0000000140001720 f i msvcrt:utility_desktop.obj
 0001:00000720       _get_startup_commit_mode   0000000140001720 f i msvcrt:commit_mode.obj
 0001:00000720       _get_startup_new_mode      0000000140001720 f i msvcrt:new_mode.obj
 0001:00000720       _get_startup_thread_locale_mode 0000000140001720 f i msvcrt:thread_locale.obj
 0001:00000720       _matherr                   0000000140001720 f i msvcrt:matherr.obj
 0001:00000730       ?RestoreAutosavedFilesAtRestart@CWinApp@@UEBAHXZ 0000000140001730 f i MFCEdit.obj
 0001:00000740       ?ReopenPreviousFilesAtRestart@CWinApp@@UEBAHXZ 0000000140001740 f i MFCEdit.obj
 0001:00000750       ?SupportsAutosaveAtInterval@CWinApp@@UEBAHXZ 0000000140001750 f i MFCEdit.obj
 0001:00000760       ?SupportsAutosaveAtRestart@CWinApp@@UEBAHXZ 0000000140001760 f i MFCEdit.obj
 0001:00000770       ?SupportsApplicationRecovery@CWinApp@@UEBAHXZ 0000000140001770 f i MFCEdit.obj
 0001:00000780       ?SupportsRestartManager@CWinApp@@UEBAHXZ 0000000140001780 f i MFCEdit.obj
 0001:00000790       ??_ECBrush@@UEAAPEAXI@Z    0000000140001790 f i * CIL library *:* CIL module *
 0001:00000790       ??_GCBrush@@UEAAPEAXI@Z    0000000140001790 f i MFCEdit.obj
 0001:000007f0       ??_ECGdiObject@@UEAAPEAXI@Z 00000001400017f0 f i * CIL library *:* CIL module *
 0001:000007f0       ??_GCGdiObject@@UEAAPEAXI@Z 00000001400017f0 f i MFCEdit.obj
 0001:00000840       ??1CGdiObject@@UEAA@XZ     0000000140001840 f i MFCEdit.obj
 0001:00000890       ?CreateObject@CMFCEditDoc@@SAPEAVCObject@@XZ 0000000140001890 f   MFCEditDoc.obj
 0001:000008e0       ?_GetBaseClass@CMFCEditDoc@@KAPEAUCRuntimeClass@@XZ 00000001400018e0 f   MFCEditDoc.obj
 0001:000008f0       ?GetRuntimeClass@CMFCEditDoc@@UEBAPEAUCRuntimeClass@@XZ 00000001400018f0 f   MFCEditDoc.obj
 0001:00000900       ?GetMessageMap@CMFCEditDoc@@MEBAPEBUAFX_MSGMAP@@XZ 0000000140001900 f   MFCEditDoc.obj
 0001:00000910       ??_ECMFCEditDoc@@UEAAPEAXI@Z 0000000140001910 f i * CIL library *:* CIL module *
 0001:00000910       ??_GCMFCEditDoc@@UEAAPEAXI@Z 0000000140001910 f i MFCEditDoc.obj
 0001:00000970       ?OnNewDocument@CMFCEditDoc@@UEAAHXZ 0000000140001970 f   MFCEditDoc.obj
 0001:00000990       ?SetModifiedFlag@CDocument@@UEAAXH@Z 0000000140001990 f i MFCEditDoc.obj
 0001:000009a0       ?IsModified@CDocument@@UEAAHXZ 00000001400019a0 f i MFCEditDoc.obj
 0001:000009b0       ??_ECDocumentAdapter@CDocument@@UEAAPEAXI@Z 00000001400019b0 f i * CIL library *:* CIL module *
 0001:000009b0       ??_GCDocumentAdapter@CDocument@@UEAAPEAXI@Z 00000001400019b0 f i MFCEditDoc.obj
 0001:00000a10       ??_EIDocument@ATL@@UEAAPEAXI@Z 0000000140001a10 f i * CIL library *:* CIL module *
 0001:00000a10       ??_GIDocument@ATL@@UEAAPEAXI@Z 0000000140001a10 f i MFCEditDoc.obj
 0001:00000a40       ?Release@IDocument@ATL@@UEAAJXZ 0000000140001a40 f i MFCEditDoc.obj
 0001:00000a80       ?LoadFromStream@CDocumentAdapter@CDocument@@UEAAJPEAUIStream@@K@Z 0000000140001a80 f i MFCEditDoc.obj
 0001:00000b00       ?InitializeSearchContent@CDocumentAdapter@CDocument@@UEAAXXZ 0000000140001b00 f i MFCEditDoc.obj
 0001:00000b20       ?BeginReadChunks@CDocumentAdapter@CDocument@@UEAAXXZ 0000000140001b20 f i MFCEditDoc.obj
 0001:00000b40       ?GetThumbnail@CDocumentAdapter@CDocument@@UEAAHIPEAPEAUHBITMAP__@@PEAW4WTS_ALPHATYPE@@@Z 0000000140001b40 f i MFCEditDoc.obj
 0001:00000b60       ?ClearChunkList@CDocumentAdapter@CDocument@@UEAAXXZ 0000000140001b60 f i MFCEditDoc.obj
 0001:00000b80       ?SetChunkValue@CDocumentAdapter@CDocument@@UEAAHPEAUIFilterChunkValue@ATL@@@Z 0000000140001b80 f i MFCEditDoc.obj
 0001:00000ba0       ?ReadNextChunkValue@CDocumentAdapter@CDocument@@UEAAHPEAPEAUIFilterChunkValue@ATL@@@Z 0000000140001ba0 f i MFCEditDoc.obj
 0001:00000bc0       ?RemoveChunk@CDocumentAdapter@CDocument@@UEAAXAEBU_GUID@@K@Z 0000000140001bc0 f i MFCEditDoc.obj
 0001:00000be0       ?FindChunk@CDocumentAdapter@CDocument@@UEAAPEAU__POSITION@@AEBU_GUID@@K@Z 0000000140001be0 f i MFCEditDoc.obj
 0001:00000c00       ?GetContainer@CDocumentAdapter@CDocument@@UEBAPEAXXZ 0000000140001c00 f i MFCEditDoc.obj
 0001:00000c10       ?AddRef@IDocument@ATL@@UEAAJXZ 0000000140001c10 f i MFCEditDoc.obj
 0001:00000c20       ?GetAdapter@CDocument@@UEAAPEAUIDocument@ATL@@XZ 0000000140001c20 f i MFCEditDoc.obj
 0001:00000cb0       ?AddRef@IVARIANTAbstract@@UEAAKXZ 0000000140001cb0 f i MFCEditView.obj
 0001:00000cc0       ?Release@IVARIANTAbstract@@UEAAKXZ 0000000140001cc0 f i MFCEditView.obj
 0001:00000cf0       ??_ECVARIANTTool@@UEAAPEAXI@Z 0000000140001cf0 f i * CIL library *:* CIL module *
 0001:00000cf0       ??_EIVARIANTAbstract@@UEAAPEAXI@Z 0000000140001cf0 f i * CIL library *:* CIL module *
 0001:00000cf0       ??_GCVARIANTTool@@UEAAPEAXI@Z 0000000140001cf0 f i MFCEditView.obj
 0001:00000cf0       ??_GIVARIANTAbstract@@UEAAPEAXI@Z 0000000140001cf0 f i MFCEditView.obj
 0001:00000d20       ??_E_Node_base@std@@UEAAPEAXI@Z 0000000140001d20 f i * CIL library *:* CIL module *
 0001:00000d20       ??_E_Node_endif@std@@UEAAPEAXI@Z 0000000140001d20 f i * CIL library *:* CIL module *
 0001:00000d20       ??_G_Node_base@std@@UEAAPEAXI@Z 0000000140001d20 f i MFCEditView.obj
 0001:00000d20       ??_G_Node_endif@std@@UEAAPEAXI@Z 0000000140001d20 f i MFCEditView.obj
 0001:00000d50       ??_E_Root_node@std@@UEAAPEAXI@Z 0000000140001d50 f i * CIL library *:* CIL module *
 0001:00000d50       ??_G_Root_node@std@@UEAAPEAXI@Z 0000000140001d50 f i MFCEditView.obj
 0001:00000d80       ??_E_Node_back@std@@UEAAPEAXI@Z 0000000140001d80 f i * CIL library *:* CIL module *
 0001:00000d80       ??_E_Node_capture@std@@UEAAPEAXI@Z 0000000140001d80 f i * CIL library *:* CIL module *
 0001:00000d80       ??_E_Node_end_group@std@@UEAAPEAXI@Z 0000000140001d80 f i * CIL library *:* CIL module *
 0001:00000d80       ??_E_Node_end_rep@std@@UEAAPEAXI@Z 0000000140001d80 f i * CIL library *:* CIL module *
 0001:00000d80       ??_G_Node_back@std@@UEAAPEAXI@Z 0000000140001d80 f i MFCEditView.obj
 0001:00000d80       ??_G_Node_capture@std@@UEAAPEAXI@Z 0000000140001d80 f i MFCEditView.obj
 0001:00000d80       ??_G_Node_end_group@std@@UEAAPEAXI@Z 0000000140001d80 f i MFCEditView.obj
 0001:00000d80       ??_G_Node_end_rep@std@@UEAAPEAXI@Z 0000000140001d80 f i MFCEditView.obj
 0001:00000db0       ??_E_Node_assert@std@@UEAAPEAXI@Z 0000000140001db0 f i * CIL library *:* CIL module *
 0001:00000db0       ??_G_Node_assert@std@@UEAAPEAXI@Z 0000000140001db0 f i MFCEditView.obj
 0001:00000e40       ??_E_Node_if@std@@UEAAPEAXI@Z 0000000140001e40 f i * CIL library *:* CIL module *
 0001:00000e40       ??_G_Node_if@std@@UEAAPEAXI@Z 0000000140001e40 f i MFCEditView.obj
 0001:00000f00       ??_E_Node_rep@std@@UEAAPEAXI@Z 0000000140001f00 f i * CIL library *:* CIL module *
 0001:00000f00       ??_G_Node_rep@std@@UEAAPEAXI@Z 0000000140001f00 f i MFCEditView.obj
 0001:00000f30       ?_Calculate_loop_simplicity@std@@YAXPEAV_Node_base@1@0PEAV_Node_rep@1@@Z 0000000140001f30 f i MFCEditView.obj
 0001:00001010       ?GetMessageMap@CSimpleEdit@@MEBAPEBUAFX_MSGMAP@@XZ 0000000140002010 f   MFCEditView.obj
 0001:00001020       ?OnKeyDown@CSimpleEdit@@IEAAXIII@Z 0000000140002020 f   MFCEditView.obj
 0001:000010a0       ?CreateObject@CMFCEditView@@SAPEAVCObject@@XZ 00000001400020a0 f   MFCEditView.obj
 0001:00001210       ?_GetBaseClass@CMFCEditView@@KAPEAUCRuntimeClass@@XZ 0000000140002210 f   MFCEditView.obj
 0001:00001220       ?GetRuntimeClass@CMFCEditView@@UEBAPEAUCRuntimeClass@@XZ 0000000140002220 f   MFCEditView.obj
 0001:00001230       ?GetMessageMap@CMFCEditView@@MEBAPEBUAFX_MSGMAP@@XZ 0000000140002230 f   MFCEditView.obj
 0001:00001240       ??_ECMFCEditView@@UEAAPEAXI@Z 0000000140002240 f i * CIL library *:* CIL module *
 0001:00001240       ??_GCMFCEditView@@UEAAPEAXI@Z 0000000140002240 f i MFCEditView.obj
 0001:000012e0       ??_ECSimpleEdit@@UEAAPEAXI@Z 00000001400022e0 f i * CIL library *:* CIL module *
 0001:000012e0       ??_GCSimpleEdit@@UEAAPEAXI@Z 00000001400022e0 f i MFCEditView.obj
 0001:00001330       ?DoDataExchange@CMFCEditView@@MEAAXPEAVCDataExchange@@@Z 0000000140002330 f   MFCEditView.obj
 0001:00001390       ?PreCreateWindow@CMFCEditView@@UEAAHAEAUtagCREATESTRUCTW@@@Z 0000000140002390 f   MFCEditView.obj
 0001:000013a0       ?PasteTemplate@@YAXAEAVCEdit@@@Z 00000001400023a0 f   MFCEditView.obj
 0001:00001640       ??_D?$basic_stringstream@_WU?$char_traits@_W@std@@V?$allocator@_W@2@@std@@QEAAXXZ 0000000140002640 f i MFCEditView.obj
 0001:000016a0       ?PreTranslateMessage@CMFCEditView@@MEAAHPEAUtagMSG@@@Z 00000001400026a0 f   MFCEditView.obj
 0001:00001900       ?OnInitialUpdate@CMFCEditView@@MEAAXXZ 0000000140002900 f   MFCEditView.obj
 0001:00001bf0       ?SetFont@CMFCEditView@@QEAAXH@Z 0000000140002bf0 f   MFCEditView.obj
 0001:00001d90       ?TypeId@CVARIANTTool@@UEAAHXZ 0000000140002d90 f i MFCEditView.obj
 0001:00001da0       ?inetGet@CVARIANTTool@@IEAA?AUtagVARIANT@@U2@@Z 0000000140002da0 f i MFCEditView.obj
 0001:00002710       ?Value@CVARIANTTool@@IEAA?AUtagVARIANT@@U2@0@Z 0000000140003710 f i MFCEditView.obj
 0001:000031e0       ?OpenTextFile@CVARIANTTool@@IEAA?AUtagVARIANT@@U2@@Z 00000001400041e0 f i MFCEditView.obj
 0001:00003630       ?QueryInterface@CVARIANTTool@@UEAAJAEBU_GUID@@PEAPEAX@Z 0000000140004630 f i MFCEditView.obj
 0001:00003630       ?QueryInterface@IVARIANTApplication@@UEAAJAEBU_GUID@@PEAPEAX@Z 0000000140004630 f i MFCEditView.obj
 0001:00003670       ?Invoke@CVARIANTTool@@UEAA?AUtagVARIANT@@V?$basic_string@_WU?$char_traits@_W@std@@V?$allocator@_W@2@@std@@PEAU2@H@Z 0000000140004670 f i MFCEditView.obj
 0001:00003890       ??1?$CComPtr@UIXMLHTTPRequest@@@ATL@@QEAA@XZ 0000000140004890 f i MFCEditView.obj
 0001:000038b0       ??1?$queue@V?$shared_ptr@Ust@?1??Value@CVARIANTTool@@IEAA?AUtagVARIANT@@U4@0@Z@@std@@V?$deque@V?$shared_ptr@Ust@?1??Value@CVARIANTTool@@IEAA?AUtagVARIANT@@U4@0@Z@@std@@V?$allocator@V?$shared_ptr@Ust@?1??Value@CVARIANTTool@@IEAA?AUtagVARIANT@@U4@0@Z@@std@@@2@@2@@std@@QEAA@XZ 00000001400048b0 f i MFCEditView.obj
 0001:000038c0       ??_D?$basic_stringstream@DU?$char_traits@D@std@@V?$allocator@D@2@@std@@QEAAXXZ 00000001400048c0 f i MFCEditView.obj
 0001:00003920       ?TypeId@IVARIANTApplication@@UEAAHXZ 0000000140004920 f i MFCEditView.obj
 0001:00003930       ?Test@IVARIANTApplication@@QEAA?AUtagVARIANT@@U2@@Z 0000000140004930 f i MFCEditView.obj
 0001:00003d30       ?Invoke@IVARIANTApplication@@UEAA?AUtagVARIANT@@V?$basic_string@_WU?$char_traits@_W@std@@V?$allocator@_W@2@@std@@PEAU2@H@Z 0000000140004d30 f i MFCEditView.obj
 0001:00003ff0       ??_EIVARIANTApplication@@UEAAPEAXI@Z 0000000140004ff0 f i * CIL library *:* CIL module *
 0001:00003ff0       ??_GIVARIANTApplication@@UEAAPEAXI@Z 0000000140004ff0 f i MFCEditView.obj
 0001:00004020       ?OnBnClickedBtnRun@CMFCEditView@@QEAAXXZ 0000000140005020 f   MFCEditView.obj
 0001:00004530       ?OnBnClickedBtnSave@CMFCEditView@@QEAAXXZ 0000000140005530 f   MFCEditView.obj
 0001:00004610       ?OnSelchangeCombo1@CMFCEditView@@QEAAXXZ 0000000140005610 f   MFCEditView.obj
 0001:000048a0       ?OnBnClickedButton2@CMFCEditView@@QEAAXXZ 00000001400058a0 f   MFCEditView.obj
 0001:000048d0       ?OnBnClickedBtnClear@CMFCEditView@@QEAAXXZ 00000001400058d0 f   MFCEditView.obj
 0001:00004960       ?OnDestroy@CMFCEditView@@QEAAXXZ 0000000140005960 f   MFCEditView.obj
 0001:00004aa0       ?OnSelchangeCmbFont@CMFCEditView@@QEAAXXZ 0000000140005aa0 f   MFCEditView.obj
 0001:00004c00       ?OnKillfocusEdInput@CMFCEditView@@QEAAXXZ 0000000140005c00 f   MFCEditView.obj
 0001:00004c30       ?OnSetfocusEdInput@CMFCEditView@@QEAAXXZ 0000000140005c30 f   MFCEditView.obj
 0001:00004ce0       ?WriteUtf8File@@YA_NAEBV?$CStringT@_WV?$StrTraitMFC_DLL@_WV?$ChTraitsCRT@_W@ATL@@@@@ATL@@0@Z 0000000140005ce0 f   MFCEditView.obj
 0001:00004f00       ?Split@@YA?AV?$vector@V?$basic_string@_WU?$char_traits@_W@std@@V?$allocator@_W@2@@std@@V?$allocator@V?$basic_string@_WU?$char_traits@_W@std@@V?$allocator@_W@2@@std@@@2@@std@@V?$basic_string@_WU?$char_traits@_W@std@@V?$allocator@_W@2@@2@0@Z 0000000140005f00 f   MFCEditView.obj
 0001:00005400       ??1?$regex_token_iterator@V?$_String_const_iterator@V?$_String_val@U?$_Simple_types@_W@std@@@std@@@std@@_WV?$regex_traits@_W@2@@std@@QEAA@XZ 0000000140006400 f i MFCEditView.obj
 0001:00005480       ??1?$regex_iterator@V?$_String_const_iterator@V?$_String_val@U?$_Simple_types@_W@std@@@std@@@std@@_WV?$regex_traits@_W@2@@std@@QEAA@XZ 0000000140006480 f i MFCEditView.obj
 0001:00005490       ??1?$match_results@V?$_String_const_iterator@V?$_String_val@U?$_Simple_types@_W@std@@@std@@@std@@V?$allocator@V?$sub_match@V?$_String_const_iterator@V?$_String_val@U?$_Simple_types@_W@std@@@std@@@std@@@std@@@2@@std@@QEAA@XZ 0000000140006490 f i MFCEditView.obj
 0001:000054a0       ?getUnixTime@@YA_JH@Z      00000001400064a0 f   MFCEditView.obj
 0001:00005530       ?inetStockData_YahooFinanceUri@@YA?AV?$basic_string@_WU?$char_traits@_W@std@@V?$allocator@_W@2@@std@@V12@H@Z 0000000140006530 f   MFCEditView.obj
 0001:00005820       ??0?$regex_token_iterator@V?$_String_const_iterator@V?$_String_val@U?$_Simple_types@_W@std@@@std@@@std@@_WV?$regex_traits@_W@2@@std@@QEAA@V?$_String_const_iterator@V?$_String_val@U?$_Simple_types@_W@std@@@std@@@1@0AEBV?$basic_regex@_WV?$regex_traits@_W@std@@@1@HW4match_flag_type@regex_constants@1@@Z 0000000140006820 f i MFCEditView.obj
 0001:000059e0       ??1?$basic_regex@_WV?$regex_traits@_W@std@@@std@@QEAA@XZ 00000001400069e0 f i MFCEditView.obj
 0001:00005a80       ??1?$vector@DV?$allocator@D@std@@@std@@QEAA@XZ 0000000140006a80 f i MFCEditView.obj
 0001:00005ae0       ??1?$vector@V_variant_t@@V?$allocator@V_variant_t@@@std@@@std@@QEAA@XZ 0000000140006ae0 f i MFCEditView.obj
 0001:00005ba0       ??1?$vector@_WV?$allocator@_W@std@@@std@@QEAA@XZ 0000000140006ba0 f i MFCEditView.obj
 0001:00005c00       ?seekpos@?$basic_stringbuf@DU?$char_traits@D@std@@V?$allocator@D@2@@std@@MEAA?AV?$fpos@U_Mbstatet@@@2@V32@H@Z 0000000140006c00 f i MFCEditView.obj
 0001:00005d30       ?seekoff@?$basic_stringbuf@DU?$char_traits@D@std@@V?$allocator@D@2@@std@@MEAA?AV?$fpos@U_Mbstatet@@@2@_JHH@Z 0000000140006d30 f i MFCEditView.obj
 0001:00005ec0       ?underflow@?$basic_stringbuf@DU?$char_traits@D@std@@V?$allocator@D@2@@std@@MEAAHXZ 0000000140006ec0 f i MFCEditView.obj
 0001:00005f40       ?pbackfail@?$basic_stringbuf@DU?$char_traits@D@std@@V?$allocator@D@2@@std@@MEAAHH@Z 0000000140006f40 f i MFCEditView.obj
 0001:00005fa0       ?overflow@?$basic_stringbuf@DU?$char_traits@D@std@@V?$allocator@D@2@@std@@MEAAHH@Z 0000000140006fa0 f i MFCEditView.obj
 0001:000061a0       ??1?$basic_stringbuf@DU?$char_traits@D@std@@V?$allocator@D@2@@std@@UEAA@XZ 00000001400071a0 f i MFCEditView.obj
 0001:00006260       ??1?$deque@V?$shared_ptr@Ust@?1??Value@CVARIANTTool@@IEAA?AUtagVARIANT@@U4@0@Z@@std@@V?$allocator@V?$shared_ptr@Ust@?1??Value@CVARIANTTool@@IEAA?AUtagVARIANT@@U4@0@Z@@std@@@2@@std@@QEAA@XZ 0000000140007260 f i MFCEditView.obj
 0001:00006380       ??1?$shared_ptr@Ust@?1??Value@CVARIANTTool@@IEAA?AUtagVARIANT@@U4@0@Z@@std@@QEAA@XZ 0000000140007380 f i MFCEditView.obj
 0001:000063d0       ??1?$vector@V?$basic_string@_WU?$char_traits@_W@std@@V?$allocator@_W@2@@std@@V?$allocator@V?$basic_string@_WU?$char_traits@_W@std@@V?$allocator@_W@2@@std@@@2@@std@@QEAA@XZ 00000001400073d0 f i MFCEditView.obj
 0001:00006440       ?seekpos@?$basic_stringbuf@_WU?$char_traits@_W@std@@V?$allocator@_W@2@@std@@MEAA?AV?$fpos@U_Mbstatet@@@2@V32@H@Z 0000000140007440 f i MFCEditView.obj
 0001:00006580       ?seekoff@?$basic_stringbuf@_WU?$char_traits@_W@std@@V?$allocator@_W@2@@std@@MEAA?AV?$fpos@U_Mbstatet@@@2@_JHH@Z 0000000140007580 f i MFCEditView.obj
 0001:00006740       ?underflow@?$basic_stringbuf@_WU?$char_traits@_W@std@@V?$allocator@_W@2@@std@@MEAAGXZ 0000000140007740 f i MFCEditView.obj
 0001:000067c0       ?pbackfail@?$basic_stringbuf@_WU?$char_traits@_W@std@@V?$allocator@_W@2@@std@@MEAAGG@Z 00000001400077c0 f i MFCEditView.obj
 0001:00006820       ?overflow@?$basic_stringbuf@_WU?$char_traits@_W@std@@V?$allocator@_W@2@@std@@MEAAGG@Z 0000000140007820 f i MFCEditView.obj
 0001:00006a60       ??1?$basic_stringbuf@_WU?$char_traits@_W@std@@V?$allocator@_W@2@@std@@UEAA@XZ 0000000140007a60 f i MFCEditView.obj
 0001:00006b30       ?do_hash@?$collate@_W@std@@MEBAJPEB_W0@Z 0000000140007b30 f i MFCEditView.obj
 0001:00006b80       ?do_transform@?$collate@_W@std@@MEBA?AV?$basic_string@_WU?$char_traits@_W@std@@V?$allocator@_W@2@@2@PEB_W0@Z 0000000140007b80 f i MFCEditView.obj
 0001:00006d30       ?do_compare@?$collate@_W@std@@MEBAHPEB_W000@Z 0000000140007d30 f i MFCEditView.obj
 0001:00006d80       ??0?$basic_string@_WU?$char_traits@_W@std@@V?$allocator@_W@2@@std@@QEAA@AEBV01@@Z 0000000140007d80 f i MFCEditView.obj
 0001:00006eb0       ??1?$regex_traits@_W@std@@QEAA@XZ 0000000140007eb0 f i MFCEditView.obj
 0001:00006ee0       ??_E?$basic_stringbuf@DU?$char_traits@D@std@@V?$allocator@D@2@@std@@UEAAPEAXI@Z 0000000140007ee0 f i * CIL library *:* CIL module *
 0001:00006ee0       ??_G?$basic_stringbuf@DU?$char_traits@D@std@@V?$allocator@D@2@@std@@UEAAPEAXI@Z 0000000140007ee0 f i MFCEditView.obj
 0001:00006f20       ??_E?$basic_stringstream@DU?$char_traits@D@std@@V?$allocator@D@2@@std@@UEAAPEAXI@Z 0000000140007f20 f i * CIL library *:* CIL module *
 0001:00006f20       ??_G?$basic_stringstream@DU?$char_traits@D@std@@V?$allocator@D@2@@std@@UEAAPEAXI@Z 0000000140007f20 f i MFCEditView.obj
 0001:00006fc0       ??_E?$basic_stringbuf@_WU?$char_traits@_W@std@@V?$allocator@_W@2@@std@@UEAAPEAXI@Z 0000000140007fc0 f i * CIL library *:* CIL module *
 0001:00006fc0       ??_G?$basic_stringbuf@_WU?$char_traits@_W@std@@V?$allocator@_W@2@@std@@UEAAPEAXI@Z 0000000140007fc0 f i MFCEditView.obj
 0001:00007000       ??_E?$basic_stringstream@_WU?$char_traits@_W@std@@V?$allocator@_W@2@@std@@UEAAPEAXI@Z 0000000140008000 f i * CIL library *:* CIL module *
 0001:00007000       ??_G?$basic_stringstream@_WU?$char_traits@_W@std@@V?$allocator@_W@2@@std@@UEAAPEAXI@Z 0000000140008000 f i MFCEditView.obj
 0001:000070a0       ??_E?$collate@_W@std@@MEAAPEAXI@Z 00000001400080a0 f i * CIL library *:* CIL module *
 0001:000070a0       ??_G?$collate@_W@std@@MEAAPEAXI@Z 00000001400080a0 f i MFCEditView.obj
 0001:000070f0       ??1sentry@?$basic_ostream@_WU?$char_traits@_W@std@@@std@@QEAA@XZ 00000001400080f0 f i MFCEditView.obj
 0001:00007130       ?_Tidy@?$vector@V?$sub_match@V?$_String_const_iterator@V?$_String_val@U?$_Simple_types@_W@std@@@std@@@std@@@std@@V?$allocator@V?$sub_match@V?$_String_const_iterator@V?$_String_val@U?$_Simple_types@_W@std@@@std@@@std@@@std@@@2@@std@@AEAAXXZ 0000000140008130 f i MFCEditView.obj
 0001:000071b0       ??E?$regex_token_iterator@V?$_String_const_iterator@V?$_String_val@U?$_Simple_types@_W@std@@@std@@@std@@_WV?$regex_traits@_W@2@@std@@QEAAAEAV01@XZ 00000001400081b0 f i MFCEditView.obj
 0001:000074a0       ??8?$regex_token_iterator@V?$_String_const_iterator@V?$_String_val@U?$_Simple_types@_W@std@@@std@@@std@@_WV?$regex_traits@_W@2@@std@@QEBA_NAEBV01@@Z 00000001400084a0 f i MFCEditView.obj
 0001:00007660       ??0?$regex_token_iterator@V?$_String_const_iterator@V?$_String_val@U?$_Simple_types@_W@std@@@std@@@std@@_WV?$regex_traits@_W@2@@std@@QEAA@AEBV01@@Z 0000000140008660 f i MFCEditView.obj
 0001:000077b0       ?_Tidy@?$basic_regex@_WV?$regex_traits@_W@std@@@std@@AEAAXXZ 00000001400087b0 f i MFCEditView.obj
 0001:00007830       ??0?$regex_iterator@V?$_String_const_iterator@V?$_String_val@U?$_Simple_types@_W@std@@@std@@@std@@_WV?$regex_traits@_W@2@@std@@QEAA@AEBV01@@Z 0000000140008830 f i MFCEditView.obj
 0001:000079d0       ??1_Sentry_base@?$basic_ostream@DU?$char_traits@D@std@@@std@@QEAA@XZ 00000001400089d0 f i MFCEditView.obj
 0001:000079d0       ??1_Sentry_base@?$basic_ostream@_WU?$char_traits@_W@std@@@std@@QEAA@XZ 00000001400089d0 f i MFCEditView.obj
 0001:00007a00       ?deallocate@?$allocator@V_variant_t@@@std@@QEAAXQEAV_variant_t@@_K@Z 0000000140008a00 f i MFCEditView.obj
 0001:00007a50       ?assign@?$basic_string@DU?$char_traits@D@std@@V?$allocator@D@2@@std@@QEAAAEAV12@QEBD_K@Z 0000000140008a50 f i MFCEditView.obj
 0001:00007bb0       ??$?6_WU?$char_traits@_W@std@@@std@@YAAEAV?$basic_ostream@_WU?$char_traits@_W@std@@@0@AEAV10@PEB_W@Z 0000000140008bb0 f i MFCEditView.obj
 0001:00007d90       ??$?6_WU?$char_traits@_W@std@@@std@@YAAEAV?$basic_ostream@_WU?$char_traits@_W@std@@@0@AEAV10@_W@Z 0000000140008d90 f i MFCEditView.obj
 0001:00007f70       ??$?6U?$char_traits@D@std@@@std@@YAAEAV?$basic_ostream@DU?$char_traits@D@std@@@0@AEAV10@PEBD@Z 0000000140008f70 f i MFCEditView.obj
 0001:00008150       ??$?0U?$char_traits@_W@std@@V?$allocator@_W@1@@?$basic_regex@_WV?$regex_traits@_W@std@@@std@@QEAA@AEBV?$basic_string@_WU?$char_traits@_W@std@@V?$allocator@_W@2@@1@W4syntax_option_type@regex_constants@1@@Z 0000000140009150 f i MFCEditView.obj
 0001:00008420       ??$_Regex_search2@V?$_String_const_iterator@V?$_String_val@U?$_Simple_types@_W@std@@@std@@@std@@V?$allocator@V?$sub_match@V?$_String_const_iterator@V?$_String_val@U?$_Simple_types@_W@std@@@std@@@std@@@std@@@2@_WV?$regex_traits@_W@2@V12@@std@@YA_NV?$_String_const_iterator@V?$_String_val@U?$_Simple_types@_W@std@@@std@@@0@0PEAV?$match_results@V?$_String_const_iterator@V?$_String_val@U?$_Simple_types@_W@std@@@std@@@std@@V?$allocator@V?$sub_match@V?$_String_const_iterator@V?$_String_val@U?$_Simple_types@_W@std@@@std@@@std@@@std@@@2@@0@AEBV?$basic_regex@_WV?$regex_traits@_W@std@@@0@W4match_flag_type@regex_constants@0@0@Z 0000000140009420 f i MFCEditView.obj
 0001:00008660       ??$_Destroy_range@V?$allocator@V_variant_t@@@std@@@std@@YAXPEAV_variant_t@@QEAV1@AEAV?$allocator@V_variant_t@@@0@@Z 0000000140009660 f i MFCEditView.obj
 0001:000086a0       ??$_Destroy_range@V?$allocator@V?$basic_string@_WU?$char_traits@_W@std@@V?$allocator@_W@2@@std@@@std@@@std@@YAXPEAV?$basic_string@_WU?$char_traits@_W@std@@V?$allocator@_W@2@@0@QEAV10@AEAV?$allocator@V?$basic_string@_WU?$char_traits@_W@std@@V?$allocator@_W@2@@std@@@0@@Z 00000001400096a0 f i MFCEditView.obj
 0001:00008730       ??$_Reallocate_grow_by@V<lambda_a3050a43f3157934f354774ab3dd2e02>@@_K_W@?$basic_string@_WU?$char_traits@_W@std@@V?$allocator@_W@2@@std@@AEAAAEAV01@_KV<lambda_a3050a43f3157934f354774ab3dd2e02>@@_K_W@Z 0000000140009730 f i MFCEditView.obj
 0001:000088e0       ??$_Reallocate_for@V<lambda_3fa8b2c8193a0f3144fc4b1b8f243931>@@PEB_W@?$basic_string@_WU?$char_traits@_W@std@@V?$allocator@_W@2@@std@@AEAAAEAV01@_KV<lambda_3fa8b2c8193a0f3144fc4b1b8f243931>@@PEB_W@Z 00000001400098e0 f i MFCEditView.obj
 0001:00008a40       ??1?$_Matcher@V?$_String_const_iterator@V?$_String_val@U?$_Simple_types@_W@std@@@std@@@std@@_WV?$regex_traits@_W@2@V12@@std@@QEAA@XZ 0000000140009a40 f i MFCEditView.obj
 0001:00008ac0       ??1?$_Tgt_state_t@V?$_String_const_iterator@V?$_String_val@U?$_Simple_types@_W@std@@@std@@@std@@@std@@QEAA@XZ 0000000140009ac0 f i MFCEditView.obj
 0001:00008b70       ??1?$_Bt_state_t@V?$_String_const_iterator@V?$_String_val@U?$_Simple_types@_W@std@@@std@@@std@@@std@@QEAA@XZ 0000000140009b70 f i MFCEditView.obj
 0001:00008bd0       ??0?$_Matcher@V?$_String_const_iterator@V?$_String_val@U?$_Simple_types@_W@std@@@std@@@std@@_WV?$regex_traits@_W@2@V12@@std@@QEAA@V?$_String_const_iterator@V?$_String_val@U?$_Simple_types@_W@std@@@std@@@1@0AEBV?$regex_traits@_W@1@PEAV_Root_node@1@IW4syntax_option_type@regex_constants@1@W4match_flag_type@61@@Z 0000000140009bd0 f i MFCEditView.obj
 0001:00008d20       ??1sentry@?$basic_ostream@DU?$char_traits@D@std@@@std@@QEAA@XZ 0000000140009d20 f i MFCEditView.obj
 0001:00008d60       ?_Delete_this@?$_Ref_count_obj2@Ust@?1??Value@CVARIANTTool@@IEAA?AUtagVARIANT@@U4@0@Z@@std@@EEAAXXZ 0000000140009d60 f i MFCEditView.obj
 0001:00008d80       ?_Destroy@?$_Ref_count_obj2@Ust@?1??Value@CVARIANTTool@@IEAA?AUtagVARIANT@@U4@0@Z@@std@@EEAAXXZ 0000000140009d80 f i MFCEditView.obj
 0001:00008df0       ?_Growmap@?$deque@V?$shared_ptr@Ust@?1??Value@CVARIANTTool@@IEAA?AUtagVARIANT@@U4@0@Z@@std@@V?$allocator@V?$shared_ptr@Ust@?1??Value@CVARIANTTool@@IEAA?AUtagVARIANT@@U4@0@Z@@std@@@2@@std@@AEAAX_K@Z 0000000140009df0 f i MFCEditView.obj
 0001:00008fe0       ?_Buy_nonzero@?$vector@HV?$allocator@H@std@@@std@@AEAAX_K@Z 0000000140009fe0 f i MFCEditView.obj
 0001:00009080       ??1?$vector@U_Loop_vals_t@std@@V?$allocator@U_Loop_vals_t@std@@@2@@std@@QEAA@XZ 000000014000a080 f i MFCEditView.obj
 0001:000090e0       ??1?$_Vb_val@V?$allocator@_N@std@@@std@@QEAA@XZ 000000014000a0e0 f i MFCEditView.obj
 0001:000090e0       ??1?$vector@_NV?$allocator@_N@std@@@std@@QEAA@XZ 000000014000a0e0 f i MFCEditView.obj
 0001:00009140       ??_E?$_Ref_count_obj2@Ust@?1??Value@CVARIANTTool@@IEAA?AUtagVARIANT@@U4@0@Z@@std@@UEAAPEAXI@Z 000000014000a140 f i * CIL library *:* CIL module *
 0001:00009140       ??_G?$_Ref_count_obj2@Ust@?1??Value@CVARIANTTool@@IEAA?AUtagVARIANT@@U4@0@Z@@std@@UEAAPEAXI@Z 000000014000a140 f i MFCEditView.obj
 0001:00009170       ?_Xlength@?$vector@DV?$allocator@D@std@@@std@@CAXXZ 000000014000a170 f i MFCEditView.obj
 0001:00009170       ?_Xlength@?$vector@HV?$allocator@H@std@@@std@@CAXXZ 000000014000a170 f i MFCEditView.obj
 0001:00009170       ?_Xlength@?$vector@IV?$allocator@I@std@@@std@@CAXXZ 000000014000a170 f i MFCEditView.obj
 0001:00009170       ?_Xlength@?$vector@U_Grp_t@?$_Tgt_state_t@V?$_String_const_iterator@V?$_String_val@U?$_Simple_types@_W@std@@@std@@@std@@@std@@V?$allocator@U_Grp_t@?$_Tgt_state_t@V?$_String_const_iterator@V?$_String_val@U?$_Simple_types@_W@std@@@std@@@std@@@std@@@3@@std@@CAXXZ 000000014000a170 f i MFCEditView.obj
 0001:00009170       ?_Xlength@?$vector@U_Loop_vals_t@std@@V?$allocator@U_Loop_vals_t@std@@@2@@std@@CAXXZ 000000014000a170 f i MFCEditView.obj
 0001:00009170       ?_Xlength@?$vector@V?$basic_string@_WU?$char_traits@_W@std@@V?$allocator@_W@2@@std@@V?$allocator@V?$basic_string@_WU?$char_traits@_W@std@@V?$allocator@_W@2@@std@@@2@@std@@CAXXZ 000000014000a170 f i MFCEditView.obj
 0001:00009170       ?_Xlength@?$vector@V?$sub_match@V?$_String_const_iterator@V?$_String_val@U?$_Simple_types@_W@std@@@std@@@std@@@std@@V?$allocator@V?$sub_match@V?$_String_const_iterator@V?$_String_val@U?$_Simple_types@_W@std@@@std@@@std@@@std@@@2@@std@@CAXXZ 000000014000a170 f i MFCEditView.obj
 0001:00009170       ?_Xlength@?$vector@V_variant_t@@V?$allocator@V_variant_t@@@std@@@std@@CAXXZ 000000014000a170 f i MFCEditView.obj
 0001:00009170       ?_Xlength@?$vector@_WV?$allocator@_W@std@@@std@@CAXXZ 000000014000a170 f i MFCEditView.obj
 0001:00009190       ?_Xlen@?$deque@V?$shared_ptr@Ust@?1??Value@CVARIANTTool@@IEAA?AUtagVARIANT@@U4@0@Z@@std@@V?$allocator@V?$shared_ptr@Ust@?1??Value@CVARIANTTool@@IEAA?AUtagVARIANT@@U4@0@Z@@std@@@2@@std@@CAXXZ 000000014000a190 f i MFCEditView.obj
 0001:000091b0       ??$_Insert_string@_WU?$char_traits@_W@std@@_K@std@@YAAEAV?$basic_ostream@_WU?$char_traits@_W@std@@@0@AEAV10@QEB_W_K@Z 000000014000a1b0 f i MFCEditView.obj
 0001:00009380       ??$_Emplace_reallocate@AEBV_variant_t@@@?$vector@V_variant_t@@V?$allocator@V_variant_t@@@std@@@std@@AEAAPEAV_variant_t@@QEAV2@AEBV2@@Z 000000014000a380 f i MFCEditView.obj
 0001:000096d0       ??$_Emplace_reallocate@V?$basic_string@_WU?$char_traits@_W@std@@V?$allocator@_W@2@@std@@@?$vector@V?$basic_string@_WU?$char_traits@_W@std@@V?$allocator@_W@2@@std@@V?$allocator@V?$basic_string@_WU?$char_traits@_W@std@@V?$allocator@_W@2@@std@@@2@@std@@AEAAPEAV?$basic_string@_WU?$char_traits@_W@std@@V?$allocator@_W@2@@1@QEAV21@$$QEAV21@@Z 000000014000a6d0 f i MFCEditView.obj
 0001:00009980       ?_Skip@?$_Matcher@V?$_String_const_iterator@V?$_String_val@U?$_Simple_types@_W@std@@@std@@@std@@_WV?$regex_traits@_W@2@V12@@std@@QEAA?AV?$_String_const_iterator@V?$_String_val@U?$_Simple_types@_W@std@@@std@@@2@V32@0PEAV_Node_base@2@@Z 000000014000a980 f i MFCEditView.obj
 0001:00009d30       ??$_Match@V?$allocator@V?$sub_match@V?$_String_const_iterator@V?$_String_val@U?$_Simple_types@_W@std@@@std@@@std@@@std@@@std@@@?$_Matcher@V?$_String_const_iterator@V?$_String_val@U?$_Simple_types@_W@std@@@std@@@std@@_WV?$regex_traits@_W@2@V12@@std@@QEAA_NPEAV?$match_results@V?$_String_const_iterator@V?$_String_val@U?$_Simple_types@_W@std@@@std@@@std@@V?$allocator@V?$sub_match@V?$_String_const_iterator@V?$_String_val@U?$_Simple_types@_W@std@@@std@@@std@@@std@@@2@@1@_N@Z 000000014000ad30 f i MFCEditView.obj
 0001:00009f50       ??$use_facet@V?$collate@_W@std@@@std@@YAAEBV?$collate@_W@0@AEBVlocale@0@@Z 000000014000af50 f i MFCEditView.obj
 0001:0000a140       ??1?$_Parser@PEB_W_WV?$regex_traits@_W@std@@@std@@QEAA@XZ 000000014000b140 f i MFCEditView.obj
 0001:0000a1a0       ?_Resize@?$match_results@V?$_String_const_iterator@V?$_String_val@U?$_Simple_types@_W@std@@@std@@@std@@V?$allocator@V?$sub_match@V?$_String_const_iterator@V?$_String_val@U?$_Simple_types@_W@std@@@std@@@std@@@std@@@2@@std@@QEAAXI@Z 000000014000b1a0 f i MFCEditView.obj
 0001:0000a250       ?resize@?$vector@_NV?$allocator@_N@std@@@std@@QEAAX_K_N@Z 000000014000b250 f i MFCEditView.obj
 0001:0000a410       ?translate@?$_Regex_traits@_W@std@@QEBA_W_W@Z 000000014000b410 f i MFCEditView.obj
 0001:0000a4c0       ??_E?$_Node_class@_WV?$regex_traits@_W@std@@@std@@UEAAPEAXI@Z 000000014000b4c0 f i * CIL library *:* CIL module *
 0001:0000a4c0       ??_G?$_Node_class@_WV?$regex_traits@_W@std@@@std@@UEAAPEAXI@Z 000000014000b4c0 f i MFCEditView.obj
 0001:0000a5d0       ?erase@?$vector@_NV?$allocator@_N@std@@@std@@QEAA?AV?$_Vb_iterator@U?$_Wrap_alloc@V?$allocator@I@std@@@std@@@2@V?$_Vb_const_iterator@U?$_Wrap_alloc@V?$allocator@I@std@@@std@@@2@0@Z 000000014000b5d0 f i MFCEditView.obj
 0001:0000a870       ?_Insert_x@?$vector@_NV?$allocator@_N@std@@@std@@QEAA_KV?$_Vb_const_iterator@U?$_Wrap_alloc@V?$allocator@I@std@@@std@@@2@_K@Z 000000014000b870 f i MFCEditView.obj
 0001:0000aaa0       ?_Xlen@?$vector@_NV?$allocator@_N@std@@@std@@SAXXZ 000000014000baa0 f i MFCEditView.obj
 0001:0000aac0       ?_Match_pat@?$_Matcher@V?$_String_const_iterator@V?$_String_val@U?$_Simple_types@_W@std@@@std@@@std@@_WV?$regex_traits@_W@2@V12@@std@@AEAA_NPEAV_Node_base@2@@Z 000000014000bac0 f i MFCEditView.obj
 0001:0000b280       ?_Compile@?$_Parser@PEB_W_WV?$regex_traits@_W@std@@@std@@QEAAPEAV_Root_node@2@XZ 000000014000c280 f i MFCEditView.obj
 0001:0000b4b0       ??$_Compare@V?$_String_const_iterator@V?$_String_val@U?$_Simple_types@_W@std@@@std@@@std@@PEB_WV?$regex_traits@_W@2@@std@@YA?AV?$_String_const_iterator@V?$_String_val@U?$_Simple_types@_W@std@@@std@@@0@V10@0PEB_W1AEBV?$regex_traits@_W@0@W4syntax_option_type@regex_constants@0@@Z 000000014000c4b0 f i MFCEditView.obj
 0001:0000b640       ??$_Lookup_equiv@_WV?$regex_traits@_W@std@@@std@@YA_NGPEBU?$_Sequence@_W@0@AEBV?$regex_traits@_W@0@@Z 000000014000c640 f i MFCEditView.obj
 0001:0000ba00       ??$_Resize_reallocate@U_Value_init_tag@std@@@?$vector@U_Loop_vals_t@std@@V?$allocator@U_Loop_vals_t@std@@@2@@std@@AEAAX_KAEBU_Value_init_tag@1@@Z 000000014000ca00 f i MFCEditView.obj
 0001:0000bb70       ??$fill_n@V?$_Vb_iterator@U?$_Wrap_alloc@V?$allocator@I@std@@@std@@@std@@_K_N@std@@YA?AV?$_Vb_iterator@U?$_Wrap_alloc@V?$allocator@I@std@@@std@@@0@V10@_KAEB_N@Z 000000014000cb70 f i MFCEditView.obj
 0001:0000bcc0       ??0?$_Bt_state_t@V?$_String_const_iterator@V?$_String_val@U?$_Simple_types@_W@std@@@std@@@std@@@std@@QEAA@AEBV01@@Z 000000014000ccc0 f i MFCEditView.obj
 0001:0000bd70       ??1?$_Uninitialized_backout_al@V?$allocator@V_variant_t@@@std@@@std@@QEAA@XZ 000000014000cd70 f i MFCEditView.obj
 0001:0000bdb0       ??1?$_Tidy_guard@V?$_Builder@PEB_W_WV?$regex_traits@_W@std@@@std@@@std@@QEAA@XZ 000000014000cdb0 f i MFCEditView.obj
 0001:0000be10       ?_Do_if@?$_Matcher@V?$_String_const_iterator@V?$_String_val@U?$_Simple_types@_W@std@@@std@@@std@@_WV?$regex_traits@_W@2@V12@@std@@AEAA_NPEAV_Node_if@2@@Z 000000014000ce10 f i MFCEditView.obj
 0001:0000c1c0       ?_Do_rep@?$_Matcher@V?$_String_const_iterator@V?$_String_val@U?$_Simple_types@_W@std@@@std@@@std@@_WV?$regex_traits@_W@2@V12@@std@@AEAA_NPEAV_Node_rep@2@_NH@Z 000000014000d1c0 f i MFCEditView.obj
 0001:0000c480       ?_Do_class@?$_Matcher@V?$_String_const_iterator@V?$_String_val@U?$_Simple_types@_W@std@@@std@@@std@@_WV?$regex_traits@_W@2@V12@@std@@AEAA_NPEAV_Node_base@2@@Z 000000014000d480 f i MFCEditView.obj
 0001:0000c6e0       ?_Error@?$_Parser@PEB_W_WV?$regex_traits@_W@std@@@std@@AEAAXW4error_type@regex_constants@2@@Z 000000014000d6e0 f i MFCEditView.obj
 0001:0000c6f0       ?_Trans@?$_Parser@PEB_W_WV?$regex_traits@_W@std@@@std@@AEAAXXZ 000000014000d6f0 f i MFCEditView.obj
 0001:0000c9d0       ?_Disjunction@?$_Parser@PEB_W_WV?$regex_traits@_W@std@@@std@@AEAAXXZ 000000014000d9d0 f i MFCEditView.obj
 0001:0000cc50       ?_End_group@?$_Builder@PEB_W_WV?$regex_traits@_W@std@@@std@@QEAAXPEAV_Node_base@2@@Z 000000014000dc50 f i MFCEditView.obj
 0001:0000cd10       ??$_Compare@V?$_String_const_iterator@V?$_String_val@U?$_Simple_types@_W@std@@@std@@@std@@V12@V?$regex_traits@_W@2@@std@@YA?AV?$_String_const_iterator@V?$_String_val@U?$_Simple_types@_W@std@@@std@@@0@V10@000AEBV?$regex_traits@_W@0@W4syntax_option_type@regex_constants@0@@Z 000000014000dd10 f i MFCEditView.obj
 0001:0000ced0       ??$transform_primary@V?$_String_iterator@V?$_String_val@U?$_Simple_types@_W@std@@@std@@@std@@@?$_Regex_traits@_W@std@@QEBA?AV?$basic_string@_WU?$char_traits@_W@std@@V?$allocator@_W@2@@1@V?$_String_iterator@V?$_String_val@U?$_Simple_types@_W@std@@@std@@@1@0@Z 000000014000ded0 f i MFCEditView.obj
 0001:0000d0f0       ??$_Resize_reallocate@U_Value_init_tag@std@@@?$vector@U_Grp_t@?$_Tgt_state_t@V?$_String_const_iterator@V?$_String_val@U?$_Simple_types@_W@std@@@std@@@std@@@std@@V?$allocator@U_Grp_t@?$_Tgt_state_t@V?$_String_const_iterator@V?$_String_val@U?$_Simple_types@_W@std@@@std@@@std@@@std@@@3@@std@@AEAAX_KAEBU_Value_init_tag@1@@Z 000000014000e0f0 f i MFCEditView.obj
 0001:0000d280       ??$_Resize_reallocate@U_Value_init_tag@std@@@?$vector@V?$sub_match@V?$_String_const_iterator@V?$_String_val@U?$_Simple_types@_W@std@@@std@@@std@@@std@@V?$allocator@V?$sub_match@V?$_String_const_iterator@V?$_String_val@U?$_Simple_types@_W@std@@@std@@@std@@@std@@@2@@std@@AEAAX_KAEBU_Value_init_tag@1@@Z 000000014000e280 f i MFCEditView.obj
 0001:0000d460       ??$_Resize_reallocate@I@?$vector@IV?$allocator@I@std@@@std@@AEAAX_KAEBI@Z 000000014000e460 f i MFCEditView.obj
 0001:0000d5f0       ??$_Assign_counted_range@PEAU_Grp_t@?$_Tgt_state_t@V?$_String_const_iterator@V?$_String_val@U?$_Simple_types@_W@std@@@std@@@std@@@std@@@?$vector@U_Grp_t@?$_Tgt_state_t@V?$_String_const_iterator@V?$_String_val@U?$_Simple_types@_W@std@@@std@@@std@@@std@@V?$allocator@U_Grp_t@?$_Tgt_state_t@V?$_String_const_iterator@V?$_String_val@U?$_Simple_types@_W@std@@@std@@@std@@@std@@@3@@std@@AEAAXPEAU_Grp_t@?$_Tgt_state_t@V?$_String_const_iterator@V?$_String_val@U?$_Simple_types@_W@std@@@std@@@std@@@1@_K@Z 000000014000e5f0 f i MFCEditView.obj
 0001:0000d740       ??$_Assign_counted_range@PEAI@?$vector@IV?$allocator@I@std@@@std@@AEAAXPEAI_K@Z 000000014000e740 f i MFCEditView.obj
 0001:0000d880       ??0?$_Tgt_state_t@V?$_String_const_iterator@V?$_String_val@U?$_Simple_types@_W@std@@@std@@@std@@@std@@QEAA@AEBV01@@Z 000000014000e880 f i MFCEditView.obj
 0001:0000d970       ?_Buy_raw@?$vector@U_Grp_t@?$_Tgt_state_t@V?$_String_const_iterator@V?$_String_val@U?$_Simple_types@_W@std@@@std@@@std@@@std@@V?$allocator@U_Grp_t@?$_Tgt_state_t@V?$_String_const_iterator@V?$_String_val@U?$_Simple_types@_W@std@@@std@@@std@@@std@@@3@@std@@AEAAX_K@Z 000000014000e970 f i MFCEditView.obj
 0001:0000da00       ?_Buy_raw@?$vector@IV?$allocator@I@std@@@std@@AEAAX_K@Z 000000014000ea00 f i MFCEditView.obj
 0001:0000da90       ?_Do_rep0@?$_Matcher@V?$_String_const_iterator@V?$_String_val@U?$_Simple_types@_W@std@@@std@@@std@@_WV?$regex_traits@_W@2@V12@@std@@AEAA_NPEAV_Node_rep@2@_N@Z 000000014000ea90 f i MFCEditView.obj
 0001:0000dec0       ?_Alternative@?$_Parser@PEB_W_WV?$regex_traits@_W@std@@@std@@AEAA_NXZ 000000014000eec0 f i MFCEditView.obj
 0001:0000e540       ?_New_node@?$_Builder@PEB_W_WV?$regex_traits@_W@std@@@std@@AEAAPEAV_Node_base@2@W4_Node_type@2@@Z 000000014000f540 f i MFCEditView.obj
 0001:0000e5e0       ??$_Copy_vbool@V?$_Vb_iterator@U?$_Wrap_alloc@V?$allocator@I@std@@@std@@@std@@V12@@std@@YA?AV?$_Vb_iterator@U?$_Wrap_alloc@V?$allocator@I@std@@@std@@@0@V10@00@Z 000000014000f5e0 f i MFCEditView.obj
 0001:0000ea50       ?_CharacterClass@?$_Parser@PEB_W_WV?$regex_traits@_W@std@@@std@@AEAAXXZ 000000014000fa50 f i MFCEditView.obj
 0001:0000ebf0       ?_AtomEscape@?$_Parser@PEB_W_WV?$regex_traits@_W@std@@@std@@AEAAXXZ 000000014000fbf0 f i MFCEditView.obj
 0001:0000ed80       ?_Wrapped_disjunction@?$_Parser@PEB_W_WV?$regex_traits@_W@std@@@std@@AEAA_NXZ 000000014000fd80 f i MFCEditView.obj
 0001:0000f080       ?_Quantifier@?$_Parser@PEB_W_WV?$regex_traits@_W@std@@@std@@AEAAXXZ 0000000140010080 f i MFCEditView.obj
 0001:0000f310       ?_Add_char@?$_Builder@PEB_W_WV?$regex_traits@_W@std@@@std@@QEAAX_W@Z 0000000140010310 f i MFCEditView.obj
 0001:0000f450       ?_DecimalDigits@?$_Parser@PEB_W_WV?$regex_traits@_W@std@@@std@@AEAA_NW4error_type@regex_constants@2@@Z 0000000140010450 f i MFCEditView.obj
 0001:0000f560       ?_CharacterClassEscape@?$_Parser@PEB_W_WV?$regex_traits@_W@std@@@std@@AEAA_N_N@Z 0000000140010560 f i MFCEditView.obj
 0001:0000f670       ?_ClassRanges@?$_Parser@PEB_W_WV?$regex_traits@_W@std@@@std@@AEAAXXZ 0000000140010670 f i MFCEditView.obj
 0001:0000f950       ?_CharacterEscape@?$_Parser@PEB_W_WV?$regex_traits@_W@std@@@std@@AEAA_NXZ 0000000140010950 f i MFCEditView.obj
 0001:0000ff70       ?_Do_assert_group@?$_Parser@PEB_W_WV?$regex_traits@_W@std@@@std@@AEAAX_N@Z 0000000140010f70 f i MFCEditView.obj
 0001:000100a0       ?_Add_class@?$_Builder@PEB_W_WV?$regex_traits@_W@std@@@std@@QEAAXXZ 00000001400110a0 f i MFCEditView.obj
 0001:00010150       ?_Add_rep@?$_Builder@PEB_W_WV?$regex_traits@_W@std@@@std@@QEAAXHH_N@Z 0000000140011150 f i MFCEditView.obj
 0001:000104e0       ??_E?$_Node_str@_W@std@@UEAAPEAXI@Z 00000001400114e0 f i * CIL library *:* CIL module *
 0001:000104e0       ??_G?$_Node_str@_W@std@@UEAAPEAXI@Z 00000001400114e0 f i MFCEditView.obj
 0001:00010530       ?_HexDigits@?$_Parser@PEB_W_WV?$regex_traits@_W@std@@@std@@AEAAXH@Z 0000000140011530 f i MFCEditView.obj
 0001:00010650       ?_ClassAtom@?$_Parser@PEB_W_WV?$regex_traits@_W@std@@@std@@AEAA?AW4_Prs_ret@2@XZ 0000000140011650 f i MFCEditView.obj
 0001:00010a40       ?_Add_range@?$_Builder@PEB_W_WV?$regex_traits@_W@std@@@std@@QEAAX_W0@Z 0000000140011a40 f i MFCEditView.obj
 0001:00010bf0       ?_Add_named_class@?$_Builder@PEB_W_WV?$regex_traits@_W@std@@@std@@QEAAXF_N@Z 0000000140011bf0 f i MFCEditView.obj
 0001:00010ce0       ?_Add_char_to_array@?$_Builder@PEB_W_WV?$regex_traits@_W@std@@@std@@AEAAX_W@Z 0000000140011ce0 f i MFCEditView.obj
 0001:00010da0       ??$lookup_classname@PEB_W@?$_Regex_traits@_W@std@@QEBAFPEB_W0_N@Z 0000000140011da0 f i MFCEditView.obj
 0001:00010f10       ??1?$unique_ptr@V_Facet_base@std@@U?$default_delete@V_Facet_base@std@@@2@@std@@QEAA@XZ 0000000140011f10 f i MFCEditView.obj
 0001:00010f10       ??1?$unique_ptr@V_Node_assert@std@@U?$default_delete@V_Node_assert@std@@@2@@std@@QEAA@XZ 0000000140011f10 f i MFCEditView.obj
 0001:00010f30       ?_Do_ex_class@?$_Parser@PEB_W_WV?$regex_traits@_W@std@@@std@@AEAAXW4_Meta_type@2@@Z 0000000140011f30 f i MFCEditView.obj
 0001:00011190       ?_Add_equiv@?$_Builder@PEB_W_WV?$regex_traits@_W@std@@@std@@QEAAXPEB_W0_J@Z 0000000140012190 f i MFCEditView.obj
 0001:00011370       ?_Char_to_elts@?$_Builder@PEB_W_WV?$regex_traits@_W@std@@@std@@AEAAXPEB_W0_JPEAPEAU?$_Sequence@_W@2@@Z 0000000140012370 f i MFCEditView.obj
 0001:00011460       ??$transform_primary@PEA_W@?$_Regex_traits@_W@std@@QEBA?AV?$basic_string@_WU?$char_traits@_W@std@@V?$allocator@_W@2@@1@PEA_W0@Z 0000000140012460 f i MFCEditView.obj
 0001:00011460       ??$transform_primary@PEB_W@?$_Regex_traits@_W@std@@QEBA?AV?$basic_string@_WU?$char_traits@_W@std@@V?$allocator@_W@2@@1@PEB_W0@Z 0000000140012460 f i MFCEditView.obj
 0001:00011668       ??_E?$basic_stringstream@_WU?$char_traits@_W@std@@V?$allocator@_W@2@@std@@$4PPPPPPPM@A@EAAPEAXI@Z 0000000140012668 f i MFCEditView.obj
 0001:00011674       ??_E?$basic_stringstream@DU?$char_traits@D@std@@V?$allocator@D@2@@std@@$4PPPPPPPM@A@EAAPEAXI@Z 0000000140012674 f i MFCEditView.obj
 0001:00011680       ?accHitTest@CFormView@@UEAAJJJPEAUtagVARIANT@@@Z 0000000140012680 f i MFCEditView.obj
 0001:00011690       ?accLocation@CFormView@@UEAAJPEAJ000UtagVARIANT@@@Z 0000000140012690 f i MFCEditView.obj
 0001:000116e0       ?get_accName@CFormView@@UEAAJUtagVARIANT@@PEAPEA_W@Z 00000001400126e0 f i MFCEditView.obj
 0001:00011710       ?get_accChild@CFormView@@UEAAJUtagVARIANT@@PEAPEAUIDispatch@@@Z 0000000140012710 f i MFCEditView.obj
 0001:00011740       ?get_accChildCount@CFormView@@UEAAJPEAJ@Z 0000000140012740 f i MFCEditView.obj
 0001:00011760       ?name@locale@std@@QEBA?AV?$basic_string@DU?$char_traits@D@std@@V?$allocator@D@2@@2@XZ 0000000140012760 f i MFCEditView.obj
 0001:00011990       ??0bad_cast@std@@QEAA@XZ   0000000140012990 f i MFCEditView.obj
 0001:000119c0       ??1bad_array_new_length@std@@UEAA@XZ 00000001400129c0 f i MFCEditView.obj
 0001:000119c0       ??1bad_cast@std@@UEAA@XZ   00000001400129c0 f i MFCEditView.obj
 0001:000119e0       ??_Ebad_alloc@std@@UEAAPEAXI@Z 00000001400129e0 f i * CIL library *:* CIL module *
 0001:000119e0       ??_Ebad_array_new_length@std@@UEAAPEAXI@Z 00000001400129e0 f i * CIL library *:* CIL module *
 0001:000119e0       ??_Ebad_cast@std@@UEAAPEAXI@Z 00000001400129e0 f i * CIL library *:* CIL module *
 0001:000119e0       ??_Eexception@std@@UEAAPEAXI@Z 00000001400129e0 f i * CIL library *:* CIL module *
 0001:000119e0       ??_Gbad_alloc@std@@UEAAPEAXI@Z 00000001400129e0 f i MFCEditView.obj
 0001:000119e0       ??_Gbad_array_new_length@std@@UEAAPEAXI@Z 00000001400129e0 f i MFCEditView.obj
 0001:000119e0       ??_Gbad_cast@std@@UEAAPEAXI@Z 00000001400129e0 f i MFCEditView.obj
 0001:000119e0       ??_Gexception@std@@UEAAPEAXI@Z 00000001400129e0 f i MFCEditView.obj
 0001:00011a30       ??0bad_cast@std@@QEAA@AEBV01@@Z 0000000140012a30 f i MFCEditView.obj
 0001:00011a70       ?_Throw_bad_cast@std@@YAXXZ 0000000140012a70 f i MFCEditView.obj
 0001:00011a90       ??1locale@std@@QEAA@XZ     0000000140012a90 f i MFCEditView.obj
 0001:00011ac0       ??HATL@@YA?AV?$CStringT@_WV?$StrTraitMFC_DLL@_WV?$ChTraitsCRT@_W@ATL@@@@@0@PEB_WAEBV10@@Z 0000000140012ac0 f i MFCEditView.obj
 0001:00011b30       ??1CWaitCursor@@QEAA@XZ    0000000140012b30 f i MFCEditView.obj
 0001:00011b80       ??1?$basic_string@DU?$char_traits@D@std@@V?$allocator@D@2@@std@@QEAA@XZ 0000000140012b80 f i MFCEditView.obj
 0001:00011be0       ??4?$basic_string@_WU?$char_traits@_W@std@@V?$allocator@_W@2@@std@@QEAAAEAV01@$$QEAV01@@Z 0000000140012be0 f i MFCEditView.obj
 0001:00011c80       ??1_variant_t@@QEAA@XZ     0000000140012c80 f i MFCEditView.obj
 0001:00011c90       ?_Free@_bstr_t@@AEAAXXZ    0000000140012c90 f i MFCEditView.obj
 0001:00011d00       ??1_bstr_t@@QEAA@XZ        0000000140012d00 f i MFCEditView.obj
 0001:00011d10       ??1CFont@@UEAA@XZ          0000000140012d10 f i MFCEditView.obj
 0001:00011d20       ??_ECFont@@UEAAPEAXI@Z     0000000140012d20 f i * CIL library *:* CIL module *
 0001:00011d20       ??_GCFont@@UEAAPEAXI@Z     0000000140012d20 f i MFCEditView.obj
 0001:00011d80       ??HATL@@YA?AV?$CStringT@_WV?$StrTraitMFC_DLL@_WV?$ChTraitsCRT@_W@ATL@@@@@0@AEBV10@PEB_W@Z 0000000140012d80 f i MFCEditView.obj
 0001:00011df0       ??1?$basic_string@_WU?$char_traits@_W@std@@V?$allocator@_W@2@@std@@QEAA@XZ 0000000140012df0 f i MFCEditView.obj
 0001:00011df0       ?_Tidy_deallocate@?$basic_string@_WU?$char_traits@_W@std@@V?$allocator@_W@2@@std@@AEAAXXZ 0000000140012df0 f i MFCEditView.obj
 0001:00011e60       ?_Xlen_string@std@@YAXXZ   0000000140012e60 f i MFCEditView.obj
 0001:00011e80       ??0bad_array_new_length@std@@QEAA@XZ 0000000140012e80 f i MFCEditView.obj
 0001:00011eb0       ??0bad_array_new_length@std@@QEAA@AEBV01@@Z 0000000140012eb0 f i MFCEditView.obj
 0001:00011ef0       ??0bad_alloc@std@@QEAA@AEBV01@@Z 0000000140012ef0 f i MFCEditView.obj
 0001:00011f30       ??0exception@std@@QEAA@AEBV01@@Z 0000000140012f30 f i MFCEditView.obj
 0001:00011f70       ?_Throw_bad_array_new_length@std@@YAXXZ 0000000140012f70 f i MFCEditView.obj
 0001:00011f90       ??$_Construct@$00PEB_W@?$basic_string@_WU?$char_traits@_W@std@@V?$allocator@_W@2@@std@@AEAAXQEB_W_K@Z 0000000140012f90 f i MFCEditView.obj
 0001:000120c0       ??0?$basic_string@_WU?$char_traits@_W@std@@V?$allocator@_W@2@@std@@QEAA@QEB_W@Z 00000001400130c0 f i MFCEditView.obj
 0001:00012100       ??_ECComboBox@@UEAAPEAXI@Z 0000000140013100 f i * CIL library *:* CIL module *
 0001:00012100       ??_GCComboBox@@UEAAPEAXI@Z 0000000140013100 f i MFCEditView.obj
 0001:00012150       ?what@exception@std@@UEBAPEBDXZ 0000000140013150 f i MFCEditView.obj
 0001:00012170       ?_AtlInitializeCriticalSectionEx@ATL@@YAHPEAU_RTL_CRITICAL_SECTION@@KK@Z 0000000140013170 f i pch.obj
 0001:00012177       ??3@YAXPEAX@Z              0000000140013177 f   mfc140u:mfc140u.dll
 0001:0001217d       ??2@YAPEAX_K@Z             000000014001317d f   mfc140u:mfc140u.dll
 0001:00012183       ?GetThisMessageMap@CFrameWnd@@KAPEBUAFX_MSGMAP@@XZ 0000000140013183 f   mfc140u:mfc140u.dll
 0001:00012189       ?OnCmdMsg@CFrameWnd@@UEAAHIHPEAXPEAUAFX_CMDHANDLERINFO@@@Z 0000000140013189 f   mfc140u:mfc140u.dll
 0001:0001218f       ?OnFinalRelease@CWnd@@UEAAXXZ 000000014001318f f   mfc140u:mfc140u.dll
 0001:00012195       ?IsInvokeAllowed@CCmdTarget@@UEAAHJ@Z 0000000140013195 f   mfc140u:mfc140u.dll
 0001:0001219b       ?GetDispatchIID@CCmdTarget@@UEAAHPEAU_GUID@@@Z 000000014001319b f   mfc140u:mfc140u.dll
 0001:000121a1       ?GetTypeInfoCount@CCmdTarget@@UEAAIXZ 00000001400131a1 f   mfc140u:mfc140u.dll
 0001:000121a7       ?GetTypeLibCache@CCmdTarget@@UEAAPEAVCTypeLibCache@@XZ 00000001400131a7 f   mfc140u:mfc140u.dll
 0001:000121ad       ?GetTypeLib@CCmdTarget@@UEAAJKPEAPEAUITypeLib@@@Z 00000001400131ad f   mfc140u:mfc140u.dll
 0001:000121b3       ?GetCommandMap@CCmdTarget@@MEBAPEBUAFX_OLECMDMAP@@XZ 00000001400131b3 f   mfc140u:mfc140u.dll
 0001:000121b9       ?GetDispatchMap@CCmdTarget@@MEBAPEBUAFX_DISPMAP@@XZ 00000001400131b9 f   mfc140u:mfc140u.dll
 0001:000121bf       ?GetConnectionMap@CCmdTarget@@MEBAPEBUAFX_CONNECTIONMAP@@XZ 00000001400131bf f   mfc140u:mfc140u.dll
 0001:000121c5       ?GetInterfaceMap@CWnd@@MEBAPEBUAFX_INTERFACEMAP@@XZ 00000001400131c5 f   mfc140u:mfc140u.dll
 0001:000121cb       ?GetEventSinkMap@CCmdTarget@@MEBAPEBUAFX_EVENTSINKMAP@@XZ 00000001400131cb f   mfc140u:mfc140u.dll
 0001:000121d1       ?OnCreateAggregates@CCmdTarget@@UEAAHXZ 00000001400131d1 f   mfc140u:mfc140u.dll
 0001:000121d7       ?GetInterfaceHook@CCmdTarget@@UEAAPEAUIUnknown@@PEBX@Z 00000001400131d7 f   mfc140u:mfc140u.dll
 0001:000121dd       ?GetExtraConnectionPoints@CCmdTarget@@MEAAHPEAVCPtrArray@@@Z 00000001400131dd f   mfc140u:mfc140u.dll
 0001:000121e3       ?GetConnectionHook@CCmdTarget@@MEAAPEAUIConnectionPoint@@AEBU_GUID@@@Z 00000001400131e3 f   mfc140u:mfc140u.dll
 0001:000121e9       ?PreSubclassWindow@CWnd@@UEAAXXZ 00000001400131e9 f   mfc140u:mfc140u.dll
 0001:000121ef       ?Create@CWnd@@UEAAHPEB_W0KAEBUtagRECT@@PEAV1@IPEAUCCreateContext@@@Z 00000001400131ef f   mfc140u:mfc140u.dll
 0001:000121f5       ?CreateEx@CWnd@@UEAAHKPEB_W0KAEBUtagRECT@@PEAV1@IPEAX@Z 00000001400131f5 f   mfc140u:mfc140u.dll
 0001:000121fb       ?CreateEx@CWnd@@UEAAHKPEB_W0KHHHHPEAUHWND__@@PEAUHMENU__@@PEAX@Z 00000001400131fb f   mfc140u:mfc140u.dll
 0001:00012201       ?DestroyWindow@CWnd@@UEAAHXZ 0000000140013201 f   mfc140u:mfc140u.dll
 0001:00012207       ?CalcWindowRect@CWnd@@UEAAXPEAUtagRECT@@I@Z 0000000140013207 f   mfc140u:mfc140u.dll
 0001:0001220d       ?GetMenu@CFrameWnd@@UEBAPEAVCMenu@@XZ 000000014001320d f   mfc140u:mfc140u.dll
 0001:00012213       ?SetMenu@CFrameWnd@@UEAAHPEAVCMenu@@@Z 0000000140013213 f   mfc140u:mfc140u.dll
 0001:00012219       ?OnToolHitTest@CWnd@@UEBA_JVCPoint@@PEAUtagTOOLINFOW@@@Z 0000000140013219 f   mfc140u:mfc140u.dll
 0001:0001221f       ?GetScrollBarCtrl@CWnd@@UEBAPEAVCScrollBar@@H@Z 000000014001321f f   mfc140u:mfc140u.dll
 0001:00012225       ?WinHelpW@CWnd@@UEAAX_KI@Z 0000000140013225 f   mfc140u:mfc140u.dll
 0001:0001222b       ?HtmlHelpW@CWnd@@UEAAX_KI@Z 000000014001322b f   mfc140u:mfc140u.dll
 0001:00012231       ?WinHelpInternal@CWnd@@UEAAX_KI@Z 0000000140013231 f   mfc140u:mfc140u.dll
 0001:00012237       ?ContinueModal@CWnd@@UEAAHXZ 0000000140013237 f   mfc140u:mfc140u.dll
 0001:0001223d       ?EndModalLoop@CWnd@@UEAAXH@Z 000000014001323d f   mfc140u:mfc140u.dll
 0001:00012243       ?OnDrawIconicThumbnailOrLivePreview@CWnd@@UEAAXAEAVCDC@@VCRect@@VCSize@@HAEAH@Z 0000000140013243 f   mfc140u:mfc140u.dll
 0001:00012249       ?EnsureStdObj@CWnd@@UEAAJXZ 0000000140013249 f   mfc140u:mfc140u.dll
 0001:0001224f       ?get_accParent@CWnd@@UEAAJPEAPEAUIDispatch@@@Z 000000014001324f f   mfc140u:mfc140u.dll
 0001:00012255       ?get_accChildCount@CWnd@@UEAAJPEAJ@Z 0000000140013255 f   mfc140u:mfc140u.dll
 0001:0001225b       ?get_accChild@CWnd@@UEAAJUtagVARIANT@@PEAPEAUIDispatch@@@Z 000000014001325b f   mfc140u:mfc140u.dll
 0001:00012261       ?get_accName@CWnd@@UEAAJUtagVARIANT@@PEAPEA_W@Z 0000000140013261 f   mfc140u:mfc140u.dll
 0001:00012267       ?get_accValue@CWnd@@UEAAJUtagVARIANT@@PEAPEA_W@Z 0000000140013267 f   mfc140u:mfc140u.dll
 0001:0001226d       ?get_accDescription@CWnd@@UEAAJUtagVARIANT@@PEAPEA_W@Z 000000014001326d f   mfc140u:mfc140u.dll
 0001:00012273       ?get_accRole@CWnd@@UEAAJUtagVARIANT@@PEAU2@@Z 0000000140013273 f   mfc140u:mfc140u.dll
 0001:00012279       ?get_accState@CWnd@@UEAAJUtagVARIANT@@PEAU2@@Z 0000000140013279 f   mfc140u:mfc140u.dll
 0001:0001227f       ?get_accHelp@CWnd@@UEAAJUtagVARIANT@@PEAPEA_W@Z 000000014001327f f   mfc140u:mfc140u.dll
 0001:00012285       ?get_accHelpTopic@CWnd@@UEAAJPEAPEA_WUtagVARIANT@@PEAJ@Z 0000000140013285 f   mfc140u:mfc140u.dll
 0001:0001228b       ?get_accKeyboardShortcut@CWnd@@UEAAJUtagVARIANT@@PEAPEA_W@Z 000000014001328b f   mfc140u:mfc140u.dll
 0001:00012291       ?get_accFocus@CWnd@@UEAAJPEAUtagVARIANT@@@Z 0000000140013291 f   mfc140u:mfc140u.dll
 0001:00012297       ?get_accSelection@CWnd@@UEAAJPEAUtagVARIANT@@@Z 0000000140013297 f   mfc140u:mfc140u.dll
 0001:0001229d       ?get_accDefaultAction@CWnd@@UEAAJUtagVARIANT@@PEAPEA_W@Z 000000014001329d f   mfc140u:mfc140u.dll
 0001:000122a3       ?accSelect@CWnd@@UEAAJJUtagVARIANT@@@Z 00000001400132a3 f   mfc140u:mfc140u.dll
 0001:000122a9       ?accLocation@CWnd@@UEAAJPEAJ000UtagVARIANT@@@Z 00000001400132a9 f   mfc140u:mfc140u.dll
 0001:000122af       ?accNavigate@CWnd@@UEAAJJUtagVARIANT@@PEAU2@@Z 00000001400132af f   mfc140u:mfc140u.dll
 0001:000122b5       ?accHitTest@CWnd@@UEAAJJJPEAUtagVARIANT@@@Z 00000001400132b5 f   mfc140u:mfc140u.dll
 0001:000122bb       ?accDoDefaultAction@CWnd@@UEAAJUtagVARIANT@@@Z 00000001400132bb f   mfc140u:mfc140u.dll
 0001:000122c1       ?put_accName@CWnd@@UEAAJUtagVARIANT@@PEA_W@Z 00000001400132c1 f   mfc140u:mfc140u.dll
 0001:000122c7       ?put_accValue@CWnd@@UEAAJUtagVARIANT@@PEA_W@Z 00000001400132c7 f   mfc140u:mfc140u.dll
 0001:000122cd       ?SetProxy@CWnd@@UEAAJPEAUIAccessibleProxy@@@Z 00000001400132cd f   mfc140u:mfc140u.dll
 0001:000122d3       ?CreateAccessibleProxy@CWnd@@UEAAJ_K_JPEA_J@Z 00000001400132d3 f   mfc140u:mfc140u.dll
 0001:000122d9       ?OnCommand@CFrameWnd@@MEAAH_K_J@Z 00000001400132d9 f   mfc140u:mfc140u.dll
 0001:000122df       ?OnNotify@CWnd@@MEAAH_K_JPEA_J@Z 00000001400132df f   mfc140u:mfc140u.dll
 0001:000122e5       ?GetSuperWndProcAddr@CWnd@@MEAAPEAP6A_JPEAUHWND__@@I_K_J@ZXZ 00000001400132e5 f   mfc140u:mfc140u.dll
 0001:000122eb       ?BeginModalState@CFrameWnd@@UEAAXXZ 00000001400132eb f   mfc140u:mfc140u.dll
 0001:000122f1       ?EndModalState@CFrameWnd@@UEAAXXZ 00000001400132f1 f   mfc140u:mfc140u.dll
 0001:000122f7       ?PreTranslateMessage@CFrameWnd@@UEAAHPEAUtagMSG@@@Z 00000001400132f7 f   mfc140u:mfc140u.dll
 0001:000122fd       ?OnAmbientProperty@CWnd@@UEAAHPEAVCOleControlSite@@JPEAUtagVARIANT@@@Z 00000001400132fd f   mfc140u:mfc140u.dll
 0001:00012303       ?WindowProc@CWnd@@MEAA_JI_K_J@Z 0000000140013303 f   mfc140u:mfc140u.dll
 0001:00012309       ?OnWndMsg@CWnd@@MEAAHI_K_JPEA_J@Z 0000000140013309 f   mfc140u:mfc140u.dll
 0001:0001230f       ?DefWindowProcW@CWnd@@MEAA_JI_K_J@Z 000000014001330f f   mfc140u:mfc140u.dll
 0001:00012315       ?PostNcDestroy@CFrameWnd@@MEAAXXZ 0000000140013315 f   mfc140u:mfc140u.dll
 0001:0001231b       ?OnChildNotify@CWnd@@MEAAHI_K_JPEA_J@Z 000000014001331b f   mfc140u:mfc140u.dll
 0001:00012321       ?OnTouchInputs@CWnd@@MEAAHIPEAUtagTOUCHINPUT@@@Z 0000000140013321 f   mfc140u:mfc140u.dll
 0001:00012327       ?OnTouchInput@CWnd@@MEAAHVCPoint@@HHPEAUtagTOUCHINPUT@@@Z 0000000140013327 f   mfc140u:mfc140u.dll
 0001:0001232d       ?GetGestureStatus@CWnd@@MEAAKVCPoint@@@Z 000000014001332d f   mfc140u:mfc140u.dll
 0001:00012333       ?OnGestureZoom@CWnd@@MEAAHVCPoint@@J@Z 0000000140013333 f   mfc140u:mfc140u.dll
 0001:00012339       ?OnGesturePan@CWnd@@MEAAHVCPoint@@0@Z 0000000140013339 f   mfc140u:mfc140u.dll
 0001:0001233f       ?OnGestureRotate@CWnd@@MEAAHVCPoint@@N@Z 000000014001333f f   mfc140u:mfc140u.dll
 0001:00012345       ?OnGestureTwoFingerTap@CWnd@@MEAAHVCPoint@@@Z 0000000140013345 f   mfc140u:mfc140u.dll
 0001:0001234b       ?OnGesturePressAndTap@CWnd@@MEAAHVCPoint@@J@Z 000000014001334b f   mfc140u:mfc140u.dll
 0001:00012351       ?ResizeDynamicLayout@CWnd@@MEAAXXZ 0000000140013351 f   mfc140u:mfc140u.dll
 0001:00012357       ?CheckAutoCenter@CWnd@@UEAAHXZ 0000000140013357 f   mfc140u:mfc140u.dll
 0001:0001235d       ?IsFrameWnd@CFrameWnd@@UEBAHXZ 000000014001335d f   mfc140u:mfc140u.dll
 0001:00012363       ?CreateControlContainer@CWnd@@MEAAHPEAPEAVCOleControlContainer@@@Z 0000000140013363 f   mfc140u:mfc140u.dll
 0001:00012369       ?CreateControlSite@CWnd@@MEAAHPEAVCOleControlContainer@@PEAPEAVCOleControlSite@@IAEBU_GUID@@@Z 0000000140013369 f   mfc140u:mfc140u.dll
 0001:0001236f       ?SetOccDialogInfo@CWnd@@MEAAHPEAU_AFX_OCC_DIALOG_INFO@@@Z 000000014001336f f   mfc140u:mfc140u.dll
 0001:00012375       ?GetOccDialogInfo@CWnd@@MEAAPEAU_AFX_OCC_DIALOG_INFO@@XZ 0000000140013375 f   mfc140u:mfc140u.dll
 0001:0001237b       ?Create@CFrameWnd@@UEAAHPEB_W0KAEBUtagRECT@@PEAVCWnd@@0KPEAUCCreateContext@@@Z 000000014001337b f   mfc140u:mfc140u.dll
 0001:00012381       ?LoadFrame@CFrameWnd@@UEAAHIKPEAVCWnd@@PEAUCCreateContext@@@Z 0000000140013381 f   mfc140u:mfc140u.dll
 0001:00012387       ?GetActiveDocument@CFrameWnd@@UEAAPEAVCDocument@@XZ 0000000140013387 f   mfc140u:mfc140u.dll
 0001:0001238d       ?GetActiveFrame@CFrameWnd@@UEAAPEAV1@XZ 000000014001338d f   mfc140u:mfc140u.dll
 0001:00012393       ?GetMessageString@CFrameWnd@@UEBAXIAEAV?$CStringT@_WV?$StrTraitMFC_DLL@_WV?$ChTraitsCRT@_W@ATL@@@@@ATL@@@Z 0000000140013393 f   mfc140u:mfc140u.dll
 0001:00012399       ?RecalcLayout@CFrameWnd@@UEAAXH@Z 0000000140013399 f   mfc140u:mfc140u.dll
 0001:0001239f       ?ActivateFrame@CFrameWnd@@UEAAXH@Z 000000014001339f f   mfc140u:mfc140u.dll
 0001:000123a5       ?SetMenuBarVisibility@CFrameWnd@@UEAAXK@Z 00000001400133a5 f   mfc140u:mfc140u.dll
 0001:000123ab       ?GetMenuBarVisibility@CFrameWnd@@UEBAKXZ 00000001400133ab f   mfc140u:mfc140u.dll
 0001:000123b1       ?SetMenuBarState@CFrameWnd@@UEAAHK@Z 00000001400133b1 f   mfc140u:mfc140u.dll
 0001:000123b7       ?GetMenuBarState@CFrameWnd@@UEBAKXZ 00000001400133b7 f   mfc140u:mfc140u.dll
 0001:000123bd       ?OnSetPreviewMode@CFrameWnd@@UEAAXHPEAUCPrintPreviewState@@@Z 00000001400133bd f   mfc140u:mfc140u.dll
 0001:000123c3       ?GetMessageBar@CFrameWnd@@UEAAPEAVCWnd@@XZ 00000001400133c3 f   mfc140u:mfc140u.dll
 0001:000123c9       ?NegotiateBorderSpace@CFrameWnd@@UEAAHIPEAUtagRECT@@@Z 00000001400133c9 f   mfc140u:mfc140u.dll
 0001:000123cf       ?OnCreateClient@CFrameWnd@@MEAAHPEAUtagCREATESTRUCTW@@PEAUCCreateContext@@@Z 00000001400133cf f   mfc140u:mfc140u.dll
 0001:000123d5       ?OnUpdateFrameTitle@CFrameWnd@@UEAAXH@Z 00000001400133d5 f   mfc140u:mfc140u.dll
 0001:000123db       ?OnUpdateFrameMenu@CFrameWnd@@UEAAXPEAUHMENU__@@@Z 00000001400133db f   mfc140u:mfc140u.dll
 0001:000123e1       ?GetDefaultAccelerator@CFrameWnd@@UEAAPEAUHACCEL__@@XZ 00000001400133e1 f   mfc140u:mfc140u.dll
 0001:000123e7       ?DelayUpdateFrameMenu@CFrameWnd@@UEAAXPEAUHMENU__@@@Z 00000001400133e7 f   mfc140u:mfc140u.dll
 0001:000123ed       ?ExitHelpMode@CFrameWnd@@UEAAXXZ 00000001400133ed f   mfc140u:mfc140u.dll
 0001:000123f3       ?OnShowMenuBar@CFrameWnd@@MEAAXXZ 00000001400133f3 f   mfc140u:mfc140u.dll
 0001:000123f9       ?OnHideMenuBar@CFrameWnd@@MEAAXXZ 00000001400133f9 f   mfc140u:mfc140u.dll
 0001:000123ff       ?OnFileNew@CWinApp@@IEAAXXZ 00000001400133ff f   mfc140u:mfc140u.dll
 0001:00012405       ?OnFileOpen@CWinApp@@IEAAXXZ 0000000140013405 f   mfc140u:mfc140u.dll
 0001:0001240b       ?OnFilePrintSetup@CWinApp@@IEAAXXZ 000000014001340b f   mfc140u:mfc140u.dll
 0001:00012411       ?GetThisMessageMap@CWinApp@@KAPEBUAFX_MSGMAP@@XZ 0000000140013411 f   mfc140u:mfc140u.dll
 0001:00012417       ??1CCommandLineInfo@@UEAA@XZ 0000000140013417 f   mfc140u:mfc140u.dll
 0001:0001241d       ??1?$CStringT@_WV?$StrTraitMFC_DLL@_WV?$ChTraitsCRT@_W@ATL@@@@@ATL@@QEAA@XZ 000000014001341d f   mfc140u:mfc140u.dll
 0001:00012423       ?GetRuntimeClass@CGdiObject@@UEBAPEAUCRuntimeClass@@XZ 0000000140013423 f   mfc140u:mfc140u.dll
 0001:00012429       ?GetRuntimeClass@CBrush@@UEBAPEAUCRuntimeClass@@XZ 0000000140013429 f   mfc140u:mfc140u.dll
 0001:0001242f       ?GetThisMessageMap@CDialogEx@@KAPEBUAFX_MSGMAP@@XZ 000000014001342f f   mfc140u:mfc140u.dll
 0001:00012435       ?DoModal@CDialog@@UEAA_JXZ 0000000140013435 f   mfc140u:mfc140u.dll
 0001:0001243b       ?GetRuntimeClass@CWinApp@@UEBAPEAUCRuntimeClass@@XZ 000000014001343b f   mfc140u:mfc140u.dll
 0001:00012441       ?OnCmdMsg@CCmdTarget@@UEAAHIHPEAXPEAUAFX_CMDHANDLERINFO@@@Z 0000000140013441 f   mfc140u:mfc140u.dll
 0001:00012447       ?OnFinalRelease@CCmdTarget@@UEAAXXZ 0000000140013447 f   mfc140u:mfc140u.dll
 0001:0001244d       ?GetInterfaceMap@CCmdTarget@@MEBAPEBUAFX_INTERFACEMAP@@XZ 000000014001344d f   mfc140u:mfc140u.dll
 0001:00012453       ?Run@CWinApp@@UEAAHXZ      0000000140013453 f   mfc140u:mfc140u.dll
 0001:00012459       ?PreTranslateMessage@CWinThread@@UEAAHPEAUtagMSG@@@Z 0000000140013459 f   mfc140u:mfc140u.dll
 0001:0001245f       ?PumpMessage@CWinThread@@UEAAHXZ 000000014001345f f   mfc140u:mfc140u.dll
 0001:00012465       ?OnIdle@CWinApp@@UEAAHJ@Z  0000000140013465 f   mfc140u:mfc140u.dll
 0001:0001246b       ?IsIdleMessage@CWinThread@@UEAAHPEAUtagMSG@@@Z 000000014001346b f   mfc140u:mfc140u.dll
 0001:00012471       ?ProcessWndProcException@CWinApp@@UEAA_JPEAVCException@@PEBUtagMSG@@@Z 0000000140013471 f   mfc140u:mfc140u.dll
 0001:00012477       ?ProcessMessageFilter@CWinThread@@UEAAHHPEAUtagMSG@@@Z 0000000140013477 f   mfc140u:mfc140u.dll
 0001:0001247d       ?GetMainWnd@CWinThread@@UEAAPEAVCWnd@@XZ 000000014001347d f   mfc140u:mfc140u.dll
 0001:00012483       ?Delete@CWinThread@@UEAAXXZ 0000000140013483 f   mfc140u:mfc140u.dll
 0001:00012489       ?GetProfileIntW@CWinApp@@UEAAIPEB_W0H@Z 0000000140013489 f   mfc140u:mfc140u.dll
 0001:0001248f       ?WriteProfileInt@CWinApp@@UEAAHPEB_W0H@Z 000000014001348f f   mfc140u:mfc140u.dll
 0001:00012495       ?GetProfileStringW@CWinApp@@UEAA?AV?$CStringT@_WV?$StrTraitMFC_DLL@_WV?$ChTraitsCRT@_W@ATL@@@@@ATL@@PEB_W00@Z 0000000140013495 f   mfc140u:mfc140u.dll
 0001:0001249b       ?WriteProfileStringW@CWinApp@@UEAAHPEB_W00@Z 000000014001349b f   mfc140u:mfc140u.dll
 0001:000124a1       ?GetProfileBinary@CWinApp@@UEAAHPEB_W0PEAPEAEPEAI@Z 00000001400134a1 f   mfc140u:mfc140u.dll
 0001:000124a7       ?WriteProfileBinary@CWinApp@@UEAAHPEB_W0PEAEI@Z 00000001400134a7 f   mfc140u:mfc140u.dll
 0001:000124ad       ?InitLibId@CWinApp@@UEAAXXZ 00000001400134ad f   mfc140u:mfc140u.dll
 0001:000124b3       ?Register@CWinApp@@UEAAHXZ 00000001400134b3 f   mfc140u:mfc140u.dll
 0001:000124b9       ?Unregister@CWinApp@@UEAAHXZ 00000001400134b9 f   mfc140u:mfc140u.dll
 0001:000124bf       ?OpenDocumentFile@CWinApp@@UEAAPEAVCDocument@@PEB_WH@Z 00000001400134bf f   mfc140u:mfc140u.dll
 0001:000124c5       ?OpenDocumentFile@CWinApp@@UEAAPEAVCDocument@@PEB_W@Z 00000001400134c5 f   mfc140u:mfc140u.dll
 0001:000124cb       ?AddToRecentFileList@CWinApp@@UEAAXPEB_W@Z 00000001400134cb f   mfc140u:mfc140u.dll
 0001:000124d1       ?InitApplication@CWinApp@@UEAAHXZ 00000001400134d1 f   mfc140u:mfc140u.dll
 0001:000124d7       ?SaveAllModified@CWinApp@@UEAAHXZ 00000001400134d7 f   mfc140u:mfc140u.dll
 0001:000124dd       ?DoMessageBox@CWinApp@@UEAAHPEB_WII@Z 00000001400134dd f   mfc140u:mfc140u.dll
 0001:000124e3       ?DoWaitCursor@CWinApp@@UEAAXH@Z 00000001400134e3 f   mfc140u:mfc140u.dll
 0001:000124e9       ?OnDDECommand@CWinApp@@UEAAHPEA_W@Z 00000001400134e9 f   mfc140u:mfc140u.dll
 0001:000124ef       ?WinHelpW@CWinApp@@UEAAX_KI@Z 00000001400134ef f   mfc140u:mfc140u.dll
 0001:000124f5       ?HtmlHelpW@CWinApp@@UEAAX_KI@Z 00000001400134f5 f   mfc140u:mfc140u.dll
 0001:000124fb       ?WinHelpInternal@CWinApp@@UEAAX_KI@Z 00000001400134fb f   mfc140u:mfc140u.dll
 0001:00012501       ?RegisterWithRestartManager@CWinApp@@UEAAJPEB_WKP6AKPEAX@Z1KK@Z 0000000140013501 f   mfc140u:mfc140u.dll
 0001:00012507       ?RegisterWithRestartManager@CWinApp@@UEAAJHAEBV?$CStringT@_WV?$StrTraitMFC_DLL@_WV?$ChTraitsCRT@_W@ATL@@@@@ATL@@@Z 0000000140013507 f   mfc140u:mfc140u.dll
 0001:0001250d       ?ApplicationRecoveryCallback@CWinApp@@UEAAKPEAX@Z 000000014001350d f   mfc140u:mfc140u.dll
 0001:00012513       ?GetDataRecoveryHandler@CWinApp@@UEAAPEAVCDataRecoveryHandler@@XZ 0000000140013513 f   mfc140u:mfc140u.dll
 0001:00012519       ?IsTaskbarInteractionEnabled@CWinApp@@UEAAHXZ 0000000140013519 f   mfc140u:mfc140u.dll
 0001:0001251f       ?RestartInstance@CWinApp@@UEAAHXZ 000000014001351f f   mfc140u:mfc140u.dll
 0001:00012525       ?LoadAppLangResourceDLL@CWinApp@@UEAAPEAUHINSTANCE__@@XZ 0000000140013525 f   mfc140u:mfc140u.dll
 0001:0001252b       ?LoadSysPolicies@CWinApp@@UEAAHXZ 000000014001352b f   mfc140u:mfc140u.dll
 0001:00012531       ?GetRuntimeClass@CDialogEx@@UEBAPEAUCRuntimeClass@@XZ 0000000140013531 f   mfc140u:mfc140u.dll
 0001:00012537       ?OnCmdMsg@CDialog@@UEAAHIHPEAXPEAUAFX_CMDHANDLERINFO@@@Z 0000000140013537 f   mfc140u:mfc140u.dll
 0001:0001253d       ?PreCreateWindow@CWnd@@UEAAHAEAUtagCREATESTRUCTW@@@Z 000000014001353d f   mfc140u:mfc140u.dll
 0001:00012543       ?GetMenu@CWnd@@UEBAPEAVCMenu@@XZ 0000000140013543 f   mfc140u:mfc140u.dll
 0001:00012549       ?SetMenu@CWnd@@UEAAHPEAVCMenu@@@Z 0000000140013549 f   mfc140u:mfc140u.dll
 0001:0001254f       ?OnCommand@CDialogEx@@MEAAH_K_J@Z 000000014001354f f   mfc140u:mfc140u.dll
 0001:00012555       ?PreTranslateMessage@CDialogEx@@UEAAHPEAUtagMSG@@@Z 0000000140013555 f   mfc140u:mfc140u.dll
 0001:0001255b       ?PostNcDestroy@CWnd@@MEAAXXZ 000000014001355b f   mfc140u:mfc140u.dll
 0001:00012561       ?CheckAutoCenter@CDialog@@UEAAHXZ 0000000140013561 f   mfc140u:mfc140u.dll
 0001:00012567       ?IsFrameWnd@CWnd@@UEBAHXZ  0000000140013567 f   mfc140u:mfc140u.dll
 0001:0001256d       ?SetOccDialogInfo@CDialog@@MEAAHPEAU_AFX_OCC_DIALOG_INFO@@@Z 000000014001356d f   mfc140u:mfc140u.dll
 0001:00012573       ?GetOccDialogInfo@CDialog@@MEAAPEAU_AFX_OCC_DIALOG_INFO@@XZ 0000000140013573 f   mfc140u:mfc140u.dll
 0001:00012579       ?Create@CDialog@@UEAAHPEB_WPEAVCWnd@@@Z 0000000140013579 f   mfc140u:mfc140u.dll
 0001:0001257f       ?CreateIndirect@CDialog@@UEAAHPEAXPEAVCWnd@@@Z 000000014001357f f   mfc140u:mfc140u.dll
 0001:00012585       ?CreateIndirect@CDialog@@UEAAHPEBUDLGTEMPLATE@@PEAVCWnd@@PEAX@Z 0000000140013585 f   mfc140u:mfc140u.dll
 0001:0001258b       ?OnInitDialog@CDialog@@UEAAHXZ 000000014001358b f   mfc140u:mfc140u.dll
 0001:00012591       ?OnSetFont@CDialog@@UEAAXPEAVCFont@@@Z 0000000140013591 f   mfc140u:mfc140u.dll
 0001:00012597       ?OnOK@CDialog@@MEAAXXZ     0000000140013597 f   mfc140u:mfc140u.dll
 0001:0001259d       ?OnCancel@CDialog@@MEAAXXZ 000000014001359d f   mfc140u:mfc140u.dll
 0001:000125a3       ?PreInitDialog@CDialog@@MEAAXXZ 00000001400135a3 f   mfc140u:mfc140u.dll
 0001:000125a9       ?GetThisMessageMap@CDocument@@KAPEBUAFX_MSGMAP@@XZ 00000001400135a9 f   mfc140u:mfc140u.dll
 0001:000125af       ?OnCmdMsg@CDocument@@UEAAHIHPEAXPEAUAFX_CMDHANDLERINFO@@@Z 00000001400135af f   mfc140u:mfc140u.dll
 0001:000125b5       ?OnFinalRelease@CDocument@@UEAAXXZ 00000001400135b5 f   mfc140u:mfc140u.dll
 0001:000125bb       ?GetInterfaceMap@CDocument@@MEBAPEBUAFX_INTERFACEMAP@@XZ 00000001400135bb f   mfc140u:mfc140u.dll
 0001:000125c1       ?FindChunk@CDocument@@UEAAPEAU__POSITION@@AEBU_GUID@@K@Z 00000001400135c1 f   mfc140u:mfc140u.dll
 0001:000125c7       ?RemoveChunk@CDocument@@UEAAXAEBU_GUID@@K@Z 00000001400135c7 f   mfc140u:mfc140u.dll
 0001:000125cd       ?ReadNextChunkValue@CDocument@@UEAAHPEAPEAUIFilterChunkValue@ATL@@@Z 00000001400135cd f   mfc140u:mfc140u.dll
 0001:000125d3       ?SetChunkValue@CDocument@@UEAAHPEAUIFilterChunkValue@ATL@@@Z 00000001400135d3 f   mfc140u:mfc140u.dll
 0001:000125d9       ?ClearChunkList@CDocument@@UEAAXXZ 00000001400135d9 f   mfc140u:mfc140u.dll
 0001:000125df       ?GetThumbnail@CDocument@@UEAAHIPEAPEAUHBITMAP__@@PEAW4WTS_ALPHATYPE@@@Z 00000001400135df f   mfc140u:mfc140u.dll
 0001:000125e5       ?BeginReadChunks@CDocument@@UEAAXXZ 00000001400135e5 f   mfc140u:mfc140u.dll
 0001:000125eb       ?LoadDocumentFromStream@CDocument@@UEAAJPEAUIStream@@K@Z 00000001400135eb f   mfc140u:mfc140u.dll
 0001:000125f1       ?SetTitle@CDocument@@UEAAXPEB_W@Z 00000001400135f1 f   mfc140u:mfc140u.dll
 0001:000125f7       ?SetPathName@CDocument@@UEAAXPEB_WH@Z 00000001400135f7 f   mfc140u:mfc140u.dll
 0001:000125fd       ?ClearPathName@CDocument@@UEAAXXZ 00000001400135fd f   mfc140u:mfc140u.dll
 0001:00012603       ?GetFirstViewPosition@CDocument@@UEBAPEAU__POSITION@@XZ 0000000140013603 f   mfc140u:mfc140u.dll
 0001:00012609       ?GetNextView@CDocument@@UEBAPEAVCView@@AEAPEAU__POSITION@@@Z 0000000140013609 f   mfc140u:mfc140u.dll
 0001:0001260f       ?OnChangedViewList@CDocument@@UEAAXXZ 000000014001360f f   mfc140u:mfc140u.dll
 0001:00012615       ?DeleteContents@CDocument@@UEAAXXZ 0000000140013615 f   mfc140u:mfc140u.dll
 0001:0001261b       ?OnOpenDocument@CDocument@@UEAAHPEB_W@Z 000000014001361b f   mfc140u:mfc140u.dll
 0001:00012621       ?OnSaveDocument@CDocument@@UEAAHPEB_W@Z 0000000140013621 f   mfc140u:mfc140u.dll
 0001:00012627       ?OnCloseDocument@CDocument@@UEAAXXZ 0000000140013627 f   mfc140u:mfc140u.dll
 0001:0001262d       ?ReportSaveLoadException@CDocument@@UEAAXPEB_WPEAVCException@@HI@Z 000000014001362d f   mfc140u:mfc140u.dll
 0001:00012633       ?GetFile@CDocument@@UEAAPEAVCFile@@PEB_WIPEAVCFileException@@@Z 0000000140013633 f   mfc140u:mfc140u.dll
 0001:00012639       ?ReleaseFile@CDocument@@UEAAXPEAVCFile@@H@Z 0000000140013639 f   mfc140u:mfc140u.dll
 0001:0001263f       ?OnRichPreviewUnload@CDocument@@UEAAXXZ 000000014001363f f   mfc140u:mfc140u.dll
 0001:00012645       ?OnDocumentEvent@CDocument@@UEAAXW4DocumentEvent@1@@Z 0000000140013645 f   mfc140u:mfc140u.dll
 0001:0001264b       ?CanCloseFrame@CDocument@@UEAAHPEAVCFrameWnd@@@Z 000000014001364b f   mfc140u:mfc140u.dll
 0001:00012651       ?SaveModified@CDocument@@UEAAHXZ 0000000140013651 f   mfc140u:mfc140u.dll
 0001:00012657       ?PreCloseFrame@CDocument@@UEAAXPEAVCFrameWnd@@@Z 0000000140013657 f   mfc140u:mfc140u.dll
 0001:0001265d       ?DoSave@CDocument@@UEAAHPEB_WH@Z 000000014001365d f   mfc140u:mfc140u.dll
 0001:00012663       ?DoFileSave@CDocument@@UEAAHXZ 0000000140013663 f   mfc140u:mfc140u.dll
 0001:00012669       ?UpdateFrameCounts@CDocument@@UEAAXXZ 0000000140013669 f   mfc140u:mfc140u.dll
 0001:0001266f       ?GetDefaultMenu@CDocument@@UEAAPEAUHMENU__@@XZ 000000014001366f f   mfc140u:mfc140u.dll
 0001:00012675       ?GetDefaultAccelerator@CDocument@@UEAAPEAUHACCEL__@@XZ 0000000140013675 f   mfc140u:mfc140u.dll
 0001:0001267b       ?OnIdle@CDocument@@UEAAXXZ 000000014001367b f   mfc140u:mfc140u.dll
 0001:00012681       ?OnLoadDocumentFromStream@CDocument@@UEAAJPEAUIStream@@K@Z 0000000140013681 f   mfc140u:mfc140u.dll
 0001:00012687       ?OnPreviewHandlerQueryFocus@CDocument@@UEAAJPEAPEAUHWND__@@@Z 0000000140013687 f   mfc140u:mfc140u.dll
 0001:0001268d       ?OnPreviewHandlerTranslateAccelerator@CDocument@@UEAAJPEAUtagMSG@@@Z 000000014001368d f   mfc140u:mfc140u.dll
 0001:00012693       ?OnCreatePreviewFrame@CDocument@@UEAAHXZ 0000000140013693 f   mfc140u:mfc140u.dll
 0001:00012699       ?OnUnloadHandler@CDocument@@UEAAXXZ 0000000140013699 f   mfc140u:mfc140u.dll
 0001:0001269f       ?OnDrawThumbnail@CDocument@@UEAAXAEAVCDC@@PEAUtagRECT@@@Z 000000014001369f f   mfc140u:mfc140u.dll
 0001:000126a5       ?GetThisMessageMap@CWnd@@KAPEBUAFX_MSGMAP@@XZ 00000001400136a5 f   mfc140u:mfc140u.dll
 0001:000126ab       ?OnFilePrint@CView@@IEAAXXZ 00000001400136ab f   mfc140u:mfc140u.dll
 0001:000126b1       ?OnFilePrintPreview@CView@@IEAAXXZ 00000001400136b1 f   mfc140u:mfc140u.dll
 0001:000126b7       ?GetThisMessageMap@CFormView@@KAPEBUAFX_MSGMAP@@XZ 00000001400136b7 f   mfc140u:mfc140u.dll
 0001:000126bd       ?DeleteItem@CComboBox@@UEAAXPEAUtagDELETEITEMSTRUCT@@@Z 00000001400136bd f   mfc140u:mfc140u.dll
[...]
 0002:00007db4       $chain$6$?_AtomEscape@?$_Parser@PEB_W_WV?$regex_traits@_W@std@@@std@@AEAAXXZ 000000014001ddb4     MFCEditView.obj
 0002:00007dc8       $unwind$?_Wrapped_disjunction@?$_Parser@PEB_W_WV?$regex_traits@_W@std@@@std@@AEAA_NXZ 000000014001ddc8     MFCEditView.obj
 0002:00007dd0       $chain$2$?_Wrapped_disjunction@?$_Parser@PEB_W_WV?$regex_traits@_W@std@@@std@@AEAA_NXZ 000000014001ddd0     MFCEditView.obj
 0002:00007dec       $chain$4$?_Wrapped_disjunction@?$_Parser@PEB_W_WV?$regex_traits@_W@std@@@std@@AEAA_NXZ 000000014001ddec     MFCEditView.obj
 0002:00007e08       $chain$5$?_Wrapped_disjunction@?$_Parser@PEB_W_WV?$regex_traits@_W@std@@@std@@AEAA_NXZ 000000014001de08     MFCEditView.obj
 0002:00007e18       $unwind$?_Quantifier@?$_Parser@PEB_W_WV?$regex_traits@_W@std@@@std@@AEAAXXZ 000000014001de18     MFCEditView.obj
 0002:00007e2c       $chain$0$?_Quantifier@?$_Parser@PEB_W_WV?$regex_traits@_W@std@@@std@@AEAAXXZ 000000014001de2c     MFCEditView.obj
 0002:00007e40       $chain$1$?_Quantifier@?$_Parser@PEB_W_WV?$regex_traits@_W@std@@@std@@AEAAXXZ 000000014001de40     MFCEditView.obj
 0002:00007e40       $chain$3$?_Quantifier@?$_Parser@PEB_W_WV?$regex_traits@_W@std@@@std@@AEAAXXZ 000000014001de40     MFCEditView.obj
 0002:00007e50       $chain$2$?_Quantifier@?$_Parser@PEB_W_WV?$regex_traits@_W@std@@@std@@AEAAXXZ 000000014001de50     MFCEditView.obj
 0002:00007e64       $unwind$?_Add_char@?$_Builder@PEB_W_WV?$regex_traits@_W@std@@@std@@QEAAX_W@Z 000000014001de64     MFCEditView.obj
 0002:00007e78       $unwind$?_CharacterClassEscape@?$_Parser@PEB_W_WV?$regex_traits@_W@std@@@std@@AEAA_N_N@Z 000000014001de78     MFCEditView.obj
 0002:00007e88       $chain$0$?_CharacterClassEscape@?$_Parser@PEB_W_WV?$regex_traits@_W@std@@@std@@AEAA_N_N@Z 000000014001de88     MFCEditView.obj
 0002:00007e9c       $chain$1$?_CharacterClassEscape@?$_Parser@PEB_W_WV?$regex_traits@_W@std@@@std@@AEAA_N_N@Z 000000014001de9c     MFCEditView.obj
 0002:00007eac       $chain$3$?_ClassRanges@?$_Parser@PEB_W_WV?$regex_traits@_W@std@@@std@@AEAAXXZ 000000014001deac     MFCEditView.obj
 0002:00007ecc       $chain$4$?_ClassRanges@?$_Parser@PEB_W_WV?$regex_traits@_W@std@@@std@@AEAAXXZ 000000014001decc     MFCEditView.obj
 0002:00007edc       $chain$5$?_ClassRanges@?$_Parser@PEB_W_WV?$regex_traits@_W@std@@@std@@AEAAXXZ 000000014001dedc     MFCEditView.obj
 0002:00007efc       $chain$3$?_CharacterEscape@?$_Parser@PEB_W_WV?$regex_traits@_W@std@@@std@@AEAA_NXZ 000000014001defc     MFCEditView.obj
 0002:00007f1c       $chain$4$?_CharacterEscape@?$_Parser@PEB_W_WV?$regex_traits@_W@std@@@std@@AEAA_NXZ 000000014001df1c     MFCEditView.obj
 0002:00007f2c       $chain$5$?_CharacterEscape@?$_Parser@PEB_W_WV?$regex_traits@_W@std@@@std@@AEAA_NXZ 000000014001df2c     MFCEditView.obj
 0002:00007f4c       $unwind$?_Do_assert_group@?$_Parser@PEB_W_WV?$regex_traits@_W@std@@@std@@AEAAX_N@Z 000000014001df4c     MFCEditView.obj
 0002:00007f6c       $cppxdata$?_Do_assert_group@?$_Parser@PEB_W_WV?$regex_traits@_W@std@@@std@@AEAAX_N@Z 000000014001df6c     MFCEditView.obj
 0002:00007f75       $stateUnwindMap$?_Do_assert_group@?$_Parser@PEB_W_WV?$regex_traits@_W@std@@@std@@AEAAX_N@Z 000000014001df75     MFCEditView.obj
 0002:00007f7c       $ip2state$?_Do_assert_group@?$_Parser@PEB_W_WV?$regex_traits@_W@std@@@std@@AEAAX_N@Z 000000014001df7c     MFCEditView.obj
 0002:00007f84       $unwind$?_Add_rep@?$_Builder@PEB_W_WV?$regex_traits@_W@std@@@std@@QEAAXHH_N@Z 000000014001df84     MFCEditView.obj
 0002:00007f9c       $chain$2$?_Add_rep@?$_Builder@PEB_W_WV?$regex_traits@_W@std@@@std@@QEAAXHH_N@Z 000000014001df9c     MFCEditView.obj
 0002:00007fb0       $chain$3$?_Add_rep@?$_Builder@PEB_W_WV?$regex_traits@_W@std@@@std@@QEAAXHH_N@Z 000000014001dfb0     MFCEditView.obj
 0002:00007fc0       $chain$0$?_HexDigits@?$_Parser@PEB_W_WV?$regex_traits@_W@std@@@std@@AEAAXH@Z 000000014001dfc0     MFCEditView.obj
 0002:00007fd4       $chain$1$?_HexDigits@?$_Parser@PEB_W_WV?$regex_traits@_W@std@@@std@@AEAAXH@Z 000000014001dfd4     MFCEditView.obj
 0002:00007fe4       $chain$2$?_HexDigits@?$_Parser@PEB_W_WV?$regex_traits@_W@std@@@std@@AEAAXH@Z 000000014001dfe4     MFCEditView.obj
 0002:00007ff8       $unwind$?_Add_named_class@?$_Builder@PEB_W_WV?$regex_traits@_W@std@@@std@@QEAAXF_N@Z 000000014001dff8     MFCEditView.obj
 0002:00007ff8       $unwind$?_Add_range@?$_Builder@PEB_W_WV?$regex_traits@_W@std@@@std@@QEAAX_W0@Z 000000014001dff8     MFCEditView.obj
 0002:00008010       $unwind$?_Add_char_to_array@?$_Builder@PEB_W_WV?$regex_traits@_W@std@@@std@@AEAAX_W@Z 000000014001e010     MFCEditView.obj
 0002:00008024       $unwind$??$lookup_classname@PEB_W@?$_Regex_traits@_W@std@@QEBAFPEB_W0_N@Z 000000014001e024     MFCEditView.obj
 0002:00008034       $chain$2$??$lookup_classname@PEB_W@?$_Regex_traits@_W@std@@QEBAFPEB_W0_N@Z 000000014001e034     MFCEditView.obj
 0002:00008050       $chain$6$??$lookup_classname@PEB_W@?$_Regex_traits@_W@std@@QEBAFPEB_W0_N@Z 000000014001e050     MFCEditView.obj
 0002:00008070       $chain$7$??$lookup_classname@PEB_W@?$_Regex_traits@_W@std@@QEBAFPEB_W0_N@Z 000000014001e070     MFCEditView.obj
 0002:00008080       $chain$8$??$lookup_classname@PEB_W@?$_Regex_traits@_W@std@@QEBAFPEB_W0_N@Z 000000014001e080     MFCEditView.obj
 0002:00008090       $chain$9$??$lookup_classname@PEB_W@?$_Regex_traits@_W@std@@QEBAFPEB_W0_N@Z 000000014001e090     MFCEditView.obj
 0002:000080bc       $unwind$?_Do_ex_class@?$_Parser@PEB_W_WV?$regex_traits@_W@std@@@std@@AEAAXW4_Meta_type@2@@Z 000000014001e0bc     MFCEditView.obj
 0002:000080d4       $unwind$?_Add_equiv@?$_Builder@PEB_W_WV?$regex_traits@_W@std@@@std@@QEAAXPEB_W0_J@Z 000000014001e0d4     MFCEditView.obj
 0002:000080f8       $cppxdata$?_Add_equiv@?$_Builder@PEB_W_WV?$regex_traits@_W@std@@@std@@QEAAXPEB_W0_J@Z 000000014001e0f8     MFCEditView.obj
 0002:00008101       $stateUnwindMap$?_Add_equiv@?$_Builder@PEB_W_WV?$regex_traits@_W@std@@@std@@QEAAXPEB_W0_J@Z 000000014001e101     MFCEditView.obj
 0002:00008108       $ip2state$?_Add_equiv@?$_Builder@PEB_W_WV?$regex_traits@_W@std@@@std@@QEAAXPEB_W0_J@Z 000000014001e108     MFCEditView.obj
 0002:00008110       $unwind$?_Char_to_elts@?$_Builder@PEB_W_WV?$regex_traits@_W@std@@@std@@AEAAXPEB_W0_JPEAPEAU?$_Sequence@_W@2@@Z 000000014001e110     MFCEditView.obj
 0002:00008124       $chain$0$?_Char_to_elts@?$_Builder@PEB_W_WV?$regex_traits@_W@std@@@std@@AEAAXPEB_W0_JPEAPEAU?$_Sequence@_W@2@@Z 000000014001e124     MFCEditView.obj
 0002:00008138       $chain$1$?_Char_to_elts@?$_Builder@PEB_W_WV?$regex_traits@_W@std@@@std@@AEAAXPEB_W0_JPEAPEAU?$_Sequence@_W@2@@Z 000000014001e138     MFCEditView.obj
 0002:00008148       $chain$2$?_Char_to_elts@?$_Builder@PEB_W_WV?$regex_traits@_W@std@@@std@@AEAAXPEB_W0_JPEAPEAU?$_Sequence@_W@2@@Z 000000014001e148     MFCEditView.obj
 0002:0000815c       $unwind$??$transform_primary@PEA_W@?$_Regex_traits@_W@std@@QEBA?AV?$basic_string@_WU?$char_traits@_W@std@@V?$allocator@_W@2@@1@PEA_W0@Z 000000014001e15c     MFCEditView.obj
 0002:0000815c       $unwind$??$transform_primary@PEB_W@?$_Regex_traits@_W@std@@QEBA?AV?$basic_string@_WU?$char_traits@_W@std@@V?$allocator@_W@2@@1@PEB_W0@Z 000000014001e15c     MFCEditView.obj
 0002:00008180       $cppxdata$??$transform_primary@PEA_W@?$_Regex_traits@_W@std@@QEBA?AV?$basic_string@_WU?$char_traits@_W@std@@V?$allocator@_W@2@@1@PEA_W0@Z 000000014001e180     MFCEditView.obj
 0002:00008180       $cppxdata$??$transform_primary@PEB_W@?$_Regex_traits@_W@std@@QEBA?AV?$basic_string@_WU?$char_traits@_W@std@@V?$allocator@_W@2@@1@PEB_W0@Z 000000014001e180     MFCEditView.obj
 0002:00008189       $ip2state$??$transform_primary@PEA_W@?$_Regex_traits@_W@std@@QEBA?AV?$basic_string@_WU?$char_traits@_W@std@@V?$allocator@_W@2@@1@PEA_W0@Z 000000014001e189     MFCEditView.obj
 0002:00008189       $ip2state$??$transform_primary@PEB_W@?$_Regex_traits@_W@std@@QEBA?AV?$basic_string@_WU?$char_traits@_W@std@@V?$allocator@_W@2@@1@PEB_W0@Z 000000014001e189     MFCEditView.obj
 0002:00008194       $unwind$?accLocation@CFormView@@UEAAJPEAJ000UtagVARIANT@@@Z 000000014001e194     MFCEditView.obj
 0002:0000819c       $unwind$?_Throw_bad_array_new_length@std@@YAXXZ 000000014001e19c     MFCEditView.obj
 0002:0000819c       $unwind$?_Throw_bad_cast@std@@YAXXZ 000000014001e19c     MFCEditView.obj
 0002:0000819c       $unwind$?get_accChild@CFormView@@UEAAJUtagVARIANT@@PEAPEAUIDispatch@@@Z 000000014001e19c     MFCEditView.obj
 0002:0000819c       $unwind$?get_accName@CFormView@@UEAAJUtagVARIANT@@PEAPEA_W@Z 000000014001e19c     MFCEditView.obj
 0002:0000819c       $unwind$?_com_raise_error@@YAXJPEAUIErrorInfo@@@Z 000000014001e19c     comsuppw:comraise.obj
 0002:000081a4       $unwind$?name@locale@std@@QEBA?AV?$basic_string@DU?$char_traits@D@std@@V?$allocator@D@2@@2@XZ 000000014001e1a4     MFCEditView.obj
 0002:000081b8       $unwind$??HATL@@YA?AV?$CStringT@_WV?$StrTraitMFC_DLL@_WV?$ChTraitsCRT@_W@ATL@@@@@0@PEB_WAEBV10@@Z 000000014001e1b8     MFCEditView.obj
 0002:000081cc       $cppxdata$??HATL@@YA?AV?$CStringT@_WV?$StrTraitMFC_DLL@_WV?$ChTraitsCRT@_W@ATL@@@@@0@PEB_WAEBV10@@Z 000000014001e1cc     MFCEditView.obj
 0002:000081d5       $stateUnwindMap$??HATL@@YA?AV?$CStringT@_WV?$StrTraitMFC_DLL@_WV?$ChTraitsCRT@_W@ATL@@@@@0@AEBV10@PEB_W@Z 000000014001e1d5     MFCEditView.obj
 0002:000081d5       $stateUnwindMap$??HATL@@YA?AV?$CStringT@_WV?$StrTraitMFC_DLL@_WV?$ChTraitsCRT@_W@ATL@@@@@0@PEB_WAEBV10@@Z 000000014001e1d5     MFCEditView.obj
 0002:000081db       $ip2state$??HATL@@YA?AV?$CStringT@_WV?$StrTraitMFC_DLL@_WV?$ChTraitsCRT@_W@ATL@@@@@0@PEB_WAEBV10@@Z 000000014001e1db     MFCEditView.obj
 0002:000081e0       $unwind$??1CWaitCursor@@QEAA@XZ 000000014001e1e0     MFCEditView.obj
 0002:000081f4       $cppxdata$??1CWaitCursor@@QEAA@XZ 000000014001e1f4     MFCEditView.obj
 0002:00008201       $tryMap$??1CWaitCursor@@QEAA@XZ 000000014001e201     MFCEditView.obj
 0002:00008209       $handlerMap$??1CWaitCursor@@QEAA@XZ 000000014001e209     MFCEditView.obj
 0002:00008215       $ip2state$??1CWaitCursor@@QEAA@XZ 000000014001e215     MFCEditView.obj
 0002:0000821c       $unwind$??4?$basic_string@_WU?$char_traits@_W@std@@V?$allocator@_W@2@@std@@QEAAAEAV01@$$QEAV01@@Z 000000014001e21c     MFCEditView.obj
 0002:00008228       $unwind$??HATL@@YA?AV?$CStringT@_WV?$StrTraitMFC_DLL@_WV?$ChTraitsCRT@_W@ATL@@@@@0@AEBV10@PEB_W@Z 000000014001e228     MFCEditView.obj
 0002:0000823c       $cppxdata$??HATL@@YA?AV?$CStringT@_WV?$StrTraitMFC_DLL@_WV?$ChTraitsCRT@_W@ATL@@@@@0@AEBV10@PEB_W@Z 000000014001e23c     MFCEditView.obj
 0002:00008245       $ip2state$??HATL@@YA?AV?$CStringT@_WV?$StrTraitMFC_DLL@_WV?$ChTraitsCRT@_W@ATL@@@@@0@AEBV10@PEB_W@Z 000000014001e245     MFCEditView.obj
 0002:00008248       $unwind$??$_Construct@$00PEB_W@?$basic_string@_WU?$char_traits@_W@std@@V?$allocator@_W@2@@std@@AEAAXQEB_W_K@Z 000000014001e248     MFCEditView.obj
 0002:00008258       $chain$0$??$_Construct@$00PEB_W@?$basic_string@_WU?$char_traits@_W@std@@V?$allocator@_W@2@@std@@AEAAXQEB_W_K@Z 000000014001e258     MFCEditView.obj
 0002:0000826c       $chain$3$??$_Construct@$00PEB_W@?$basic_string@_WU?$char_traits@_W@std@@V?$allocator@_W@2@@std@@AEAAXQEB_W_K@Z 000000014001e26c     MFCEditView.obj
 0002:00008284       $chain$4$??$_Construct@$00PEB_W@?$basic_string@_WU?$char_traits@_W@std@@V?$allocator@_W@2@@std@@AEAAXQEB_W_K@Z 000000014001e284     MFCEditView.obj
 0002:00008294       $chain$5$??$_Construct@$00PEB_W@?$basic_string@_WU?$char_traits@_W@std@@V?$allocator@_W@2@@std@@AEAAXQEB_W_K@Z 000000014001e294     MFCEditView.obj
 0002:000082ac       $unwind$?__scrt_common_main_seh@@YAHXZ 000000014001e2ac     msvcrt:exe_wwinmain.obj
 0002:000082e0       $xdatasym                  000000014001e2e0     msvcrt:amdsecgs.obj
 0002:000082e4       $unwind$__scrt_is_nonwritable_in_current_image 000000014001e2e4     msvcrt:utility.obj
 0002:00008304       $unwind$__scrt_is_nonwritable_in_current_image$filt$0 000000014001e304     msvcrt:utility.obj
 0002:0000830c       $unwind$__GSHandlerCheck_EH4 000000014001e30c     msvcrt:gshandlereh4.obj
 0002:0000830c       $unwind$__GSHandlerCheck_SEH 000000014001e30c     msvcrt:gshandlerseh.obj
 0002:00008324       $unwind$__security_init_cookie 000000014001e324     msvcrt:gs_support.obj
 0002:00008330       $unwind$__scrt_get_show_window_mode 000000014001e330     msvcrt:utility_desktop.obj
 0002:00008338       $unwind$__scrt_fastfail    000000014001e338     msvcrt:utility_desktop.obj
 0002:00008348       $unwind$__report_gsfailure 000000014001e348     msvcrt:gs_report.obj
 0002:00008350       $unwind$capture_previous_context 000000014001e350     msvcrt:gs_report.obj
 0002:0000835c       $unwind$__isa_available_init 000000014001e35c     msvcrt:cpu_disp.obj
 0002:00008370       $unwind$__GSHandlerCheckCommon 000000014001e370     msvcrt:gshandler.obj
 0002:00008378       $xdatasym                  000000014001e378     msvcrt:guard_dispatch.obj
 0002:00008380       $xdatasym                  000000014001e380     msvcrt:guard_xfg_dispatch.obj
 0002:00008384       $unwind$?ConvertStringToBSTR@_com_util@@YAPEA_WPEBD@Z 000000014001e384     comsuppw:comutil.obj
 0002:000083b8       $unwind$??1_com_error@@UEAA@XZ 000000014001e3b8     comsuppw:comraise.obj
 0002:000083c8       $cppxdata$??1_com_error@@UEAA@XZ 000000014001e3c8     comsuppw:comraise.obj
 0002:000083cd       $ip2state$??1_com_error@@UEAA@XZ 000000014001e3cd     comsuppw:comraise.obj
 0002:000083d0       $unwind$??_G_com_error@@UEAAPEAXI@Z 000000014001e3d0     comsuppw:comraise.obj
 0002:000083e4       $cppxdata$??_G_com_error@@UEAAPEAXI@Z 000000014001e3e4     comsuppw:comraise.obj
 0002:000083ed       $ip2state$??_G_com_error@@UEAAPEAXI@Z 000000014001e3ed     comsuppw:comraise.obj
 0002:000083f0       $xdatasym                  000000014001e3f0     msvcrt:chkstk.obj
 0002:000098a8       .idata$6                   000000014001f8a8     mfc140u:mfc140u.dll
 0002:00009aec       .idata$6                   000000014001faec     kernel32:KERNEL32.dll
 0002:00009b58       .idata$6                   000000014001fb58     user32:USER32.dll
 0002:00009b88       .idata$6                   000000014001fb88     gdi32:GDI32.dll
 0002:00009baa       .idata$6                   000000014001fbaa     comctl32:COMCTL32.dll
 0002:00009bdc       .idata$6                   000000014001fbdc     ole32:ole32.dll
 0002:00009be6       .idata$6                   000000014001fbe6     oleaut32:OLEAUT32.dll
 0002:0000ab42       .idata$6                   0000000140020b42     msvcprt:MSVCP140.dll
 0002:0000ab94       .idata$6                   0000000140020b94     MNSC:MNSC.dll
 0002:0000ac8e       .idata$6                   0000000140020c8e     vcruntime:VCRUNTIME140_1.dll
 0002:0000aca2       .idata$6                   0000000140020ca2     vcruntime:VCRUNTIME140.dll
 0002:0000aeae       .idata$6                   0000000140020eae     ucrt:api-ms-win-crt-runtime-l1-1-0.dll
 0002:0000aed0       .idata$6                   0000000140020ed0     ucrt:api-ms-win-crt-convert-l1-1-0.dll
 0002:0000aef2       .idata$6                   0000000140020ef2     ucrt:api-ms-win-crt-stdio-l1-1-0.dll
 0002:0000af12       .idata$6                   0000000140020f12     ucrt:api-ms-win-crt-heap-l1-1-0.dll
 0002:0000af32       .idata$6                   0000000140020f32     ucrt:api-ms-win-crt-math-l1-1-0.dll
 0002:0000af52       .idata$6                   0000000140020f52     ucrt:api-ms-win-crt-locale-l1-1-0.dll
 0003:000000d8       ?indicators@@3PAIA         00000001400210d8     MainFrm.obj
 0003:00000f58       ?is_initialized_as_dll@@3_NA 0000000140021f58     msvcrt:utility.obj
 0003:00000f59       ?module_local_atexit_table_initialized@@3_NA 0000000140021f59     msvcrt:utility.obj
 0003:00000f60       ?module_local_atexit_table@@3U_onexit_table_t@@A 0000000140021f60     msvcrt:utility.obj
 0003:00000f78       ?module_local_at_quick_exit_table@@3U_onexit_table_t@@A 0000000140021f78     msvcrt:utility.obj
 0003:00000f90       ?g_tss_cv@@3U_RTL_CONDITION_VARIABLE@@A 0000000140021f90     msvcrt:thread_safe_statics.obj
 0003:00000f98       ?g_tss_srw@@3U_RTL_SRWLOCK@@A 0000000140021f98     msvcrt:thread_safe_statics.obj
 0003:00000fd0       GS_ExceptionRecord         0000000140021fd0     msvcrt:gs_report.obj
 0003:00001070       GS_ContextRecord           0000000140022070     msvcrt:gs_report.obj
 0003:000015b8       ?_Fac_head@std@@3PEAU_Fac_node@1@EA 00000001400225b8     msvcprt:locale0_implib.obj
 0003:000015c0       ?_Fac_tidy_reg@std@@3U_Fac_tidy_reg_t@1@B 00000001400225c0     msvcprt:locale0_implib.obj
 0005:00000920       $R000000                   0000000140025920     MFCEdit.res
 0005:00000f88       $R000668                   0000000140025f88     MFCEdit.res
 0005:00001270       $R000950                   0000000140026270     MFCEdit.res
 0005:00001458       $R000B38                   0000000140026458     MFCEdit.res
 0005:00001580       $R000C60                   0000000140026580     MFCEdit.res
 0005:00002428       $R001B08                   0000000140027428     MFCEdit.res
 0005:00002cd0       $R0023B0                   0000000140027cd0     MFCEdit.res
 0005:00003398       $R002A78                   0000000140028398     MFCEdit.res
 0005:00003900       $R002FE0                   0000000140028900     MFCEdit.res
 0005:0000ccd0       $R00C3B0                   0000000140031cd0     MFCEdit.res
 0005:0000f278       $R00E958                   0000000140034278     MFCEdit.res
 0005:00010320       $R00FA00                   0000000140035320     MFCEdit.res
 0005:00010ca8       $R010388                   0000000140035ca8     MFCEdit.res
 0005:00011110       $R0107F0                   0000000140036110     MFCEdit.res
 0005:000111d0       $R0108B0                   00000001400361d0     MFCEdit.res
 0005:000114b8       $R010B98                   00000001400364b8     MFCEdit.res
 0005:000115e0       $R010CC0                   00000001400365e0     MFCEdit.res
 0005:00011e88       $R011568                   0000000140036e88     MFCEdit.res
 0005:000123f0       $R011AD0                   00000001400373f0     MFCEdit.res
 0005:00012430       $R011B10                   0000000140037430     MFCEdit.res
 0005:00012858       $R011F38                   0000000140037858     MFCEdit.res
 0005:00012878       $R011F58                   0000000140037878     MFCEdit.res
 0005:00012b00       $R0121E0                   0000000140037b00     MFCEdit.res
 0005:00012b70       $R012250                   0000000140037b70     MFCEdit.res
 0005:00012c98       $R012378                   0000000140037c98     MFCEdit.res
 0005:00012ec8       $R0125A8                   0000000140037ec8     MFCEdit.res
 0005:000131b0       $R012890                   00000001400381b0     MFCEdit.res
 0005:000131b8       $R012898                   00000001400381b8     MFCEdit.res
 0005:00013238       $R012918                   0000000140038238     MFCEdit.res
 0005:000132c0       $R0129A0                   00000001400382c0     MFCEdit.res
 0005:000132f8       $R0129D8                   00000001400382f8     MFCEdit.res
 0005:00013340       $R012A20                   0000000140038340     MFCEdit.res
 0005:00013500       $R012BE0                   0000000140038500     MFCEdit.res
 0005:00013598       $R012C78                   0000000140038598     MFCEdit.res
 0005:00013738       $R012E18                   0000000140038738     MFCEdit.res
 0005:000137a8       $R012E88                   00000001400387a8     MFCEdit.res
 0005:000137e8       $R012EC8                   00000001400387e8     MFCEdit.res
 0005:00013990       $R013070                   0000000140038990     MFCEdit.res
 0005:00013a28       $R013108                   0000000140038a28     MFCEdit.res
 0005:00013b30       $R013210                   0000000140038b30     MFCEdit.res
 0005:00013b90       $R013270                   0000000140038b90     MFCEdit.res
 0005:00013be8       $R0132C8                   0000000140038be8     MFCEdit.res
